******************************************************************************
                  TI ARM Linker PC v20.2.1                     
******************************************************************************
>> Linked Thu Oct  8 18:34:33 2020

OUTPUT FILE NAME:   <HW01.out>
ENTRY POINT SYMBOL: "_c_int00_noargs"  address: 00000d5d


MEMORY CONFIGURATION

         name            origin    length      used     unused   attr    fill
----------------------  --------  ---------  --------  --------  ----  --------
  MAIN                  00000000   00040000  00000e34  0003f1cc  R  X
  INFO                  00200000   00004000  00000000  00004000  R  X
  SRAM_CODE             01000000   00010000  000002e4  0000fd1c  RW X
  SRAM_DATA             20000000   00010000  000002e4  0000fd1c  RW  


SEGMENT ALLOCATION MAP

run origin  load origin   length   init length attrs members
----------  ----------- ---------- ----------- ----- -------
00000000    00000000    00000e38   00000e38    r-x
  00000000    00000000    000000e4   000000e4    r-- .intvecs
  000000e4    000000e4    00000cf0   00000cf0    r-x .text
  00000dd8    00000dd8    00000060   00000060    r-- .cinit
20000000    20000000    000000e4   00000000    rw-
  20000000    20000000    000000e4   00000000    rw- .data
2000fe00    2000fe00    00000200   00000000    rw-
  2000fe00    2000fe00    00000200   00000000    rw- .stack


SECTION ALLOCATION MAP

 output                                  attributes/
section   page    origin      length       input sections
--------  ----  ----------  ----------   ----------------
.intvecs   0    00000000    000000e4     
                  00000000    000000e4     startup_msp432p401r_ccs.obj (.intvecs:retain)

.text      0    000000e4    00000cf0     
                  000000e4    00000700     ece353.obj (.text)
                  000007e4    00000354     system_msp432p401r.obj (.text)
                  00000b38    000000dc     music.obj (.text)
                  00000c14    0000009c     rtsv7M4_T_le_v4SPD16_eabi.lib : memcpy_t2.asm.obj (.text)
                  00000cb0    00000068                                   : copy_decompress_lzss.c.obj (.text:decompress:lzss:__TI_decompress_lzss)
                  00000d18    00000044                                   : autoinit.c.obj (.text:__TI_auto_init_nobinit_nopinit:__TI_auto_init_nobinit_nopinit)
                  00000d5c    00000034                                   : boot_cortex_m.c.obj (.text:_c_int00_noargs:_c_int00_noargs)
                  00000d90    00000020     main.obj (.text)
                  00000db0    0000000e     rtsv7M4_T_le_v4SPD16_eabi.lib : copy_decompress_none.c.obj (.text:decompress:none:__TI_decompress_none)
                  00000dbe    0000000e     startup_msp432p401r_ccs.obj (.text)
                  00000dcc    00000004     rtsv7M4_T_le_v4SPD16_eabi.lib : pre_init.c.obj (.text:_system_pre_init)
                  00000dd0    00000004                                   : exit.c.obj (.text:abort:abort)

.cinit     0    00000dd8    00000060     
                  00000dd8    0000004e     (.cinit..data.load) [load image, compression = lzss]
                  00000e26    00000002     --HOLE-- [fill = 0]
                  00000e28    00000008     (__TI_handler_table)
                  00000e30    00000008     (__TI_cinit_table)

.init_array 
*          0    00000000    00000000     UNINITIALIZED

.binit     0    00000000    00000000     

.data      0    20000000    000000e4     UNINITIALIZED
                  20000000    000000e0     music.obj (.data:Song)
                  200000e0    00000004     system_msp432p401r.obj (.data)

.stack     0    2000fe00    00000200     UNINITIALIZED
                  2000fe00    00000004     rtsv7M4_T_le_v4SPD16_eabi.lib : boot_cortex_m.c.obj (.stack)
                  2000fe04    000001fc     --HOLE--

__llvm_prf_cnts 
*          0    20000000    00000000     UNINITIALIZED

MODULE SUMMARY

       Module                        code   ro data   rw data
       ------                        ----   -------   -------
    .\
       ece353.obj                    1792   0         0      
       system_msp432p401r.obj        852    0         8      
       music.obj                     220    0         448    
       startup_msp432p401r_ccs.obj   14     228       0      
       main.obj                      32     0         0      
    +--+-----------------------------+------+---------+---------+
       Total:                        2910   228       456    
                                                             
    C:\ti\ccs1010\ccs\tools\compiler\ti-cgt-arm_20.2.1.LTS\lib\rtsv7M4_T_le_v4SPD16_eabi.lib
       memcpy_t2.asm.obj             156    0         0      
       copy_decompress_lzss.c.obj    104    0         0      
       autoinit.c.obj                68     0         0      
       boot_cortex_m.c.obj           52     0         0      
       copy_decompress_none.c.obj    14     0         0      
       exit.c.obj                    4      0         0      
       pre_init.c.obj                4      0         0      
    +--+-----------------------------+------+---------+---------+
       Total:                        402    0         0      
                                                             
       Stack:                        0      0         1024   
       Linker Generated:             0      94        0      
    +--+-----------------------------+------+---------+---------+
       Grand Total:                  3312   322       1480   


LINKER GENERATED COPY TABLES

__TI_cinit_table @ 00000e30 records: 1, size/record: 8, table size: 8
	.data: load addr=00000dd8, load size=0000004e bytes, run addr=20000000, run size=000000e4 bytes, compression=lzss


LINKER GENERATED HANDLER TABLE

__TI_handler_table @ 00000e28 records: 2, size/record: 4, table size: 8
	index: 0, handler: __TI_decompress_lzss
	index: 1, handler: __TI_decompress_none


GLOBAL SYMBOLS: SORTED ALPHABETICALLY BY Name 

address   name                          
-------   ----                          
00000dcb  ADC14_IRQHandler              
00000dcb  AES256_IRQHandler             
00000dcb  BusFault_Handler              
00000dd1  C$$EXIT                       
00000dcb  COMP_E0_IRQHandler            
00000dcb  COMP_E1_IRQHandler            
00000dcb  CS_IRQHandler                 
00000dcb  DMA_ERR_IRQHandler            
00000dcb  DMA_INT0_IRQHandler           
00000dcb  DMA_INT1_IRQHandler           
00000dcb  DMA_INT2_IRQHandler           
00000dcb  DMA_INT3_IRQHandler           
00000dcb  DebugMon_Handler              
00000dcb  Default_Handler               
00000dcb  EUSCIA0_IRQHandler            
00000dcb  EUSCIA1_IRQHandler            
00000dcb  EUSCIA2_IRQHandler            
00000dcb  EUSCIA3_IRQHandler            
00000dcb  EUSCIB0_IRQHandler            
00000dcb  EUSCIB1_IRQHandler            
00000dcb  EUSCIB2_IRQHandler            
00000dcb  EUSCIB3_IRQHandler            
00000dcb  FLCTL_IRQHandler              
00000dcb  FPU_IRQHandler                
00000dcb  HardFault_Handler             
00000dcb  MemManage_Handler             
00000dcb  NMI_Handler                   
00000dcb  PCM_IRQHandler                
00000dcb  PORT1_IRQHandler              
00000dcb  PORT2_IRQHandler              
00000dcb  PORT3_IRQHandler              
00000dcb  PORT4_IRQHandler              
00000dcb  PORT5_IRQHandler              
00000dcb  PORT6_IRQHandler              
00000dcb  PSS_IRQHandler                
00000dcb  PendSV_Handler                
00000dcb  RTC_C_IRQHandler              
00000dbf  Reset_Handler                 
00000dcb  SVC_Handler                   
20000000  Song                          
00000dcb  SysTick_Handler               
200000e0  SystemCoreClock               
000007e5  SystemCoreClockUpdate         
00000a5d  SystemInit                    
00000dcb  T32_INT1_IRQHandler           
00000dcb  T32_INT2_IRQHandler           
00000dcb  T32_INTC_IRQHandler           
00000dcb  TA0_0_IRQHandler              
00000dcb  TA0_N_IRQHandler              
00000dcb  TA1_0_IRQHandler              
00000dcb  TA1_N_IRQHandler              
00000dcb  TA2_0_IRQHandler              
00000dcb  TA2_N_IRQHandler              
00000dcb  TA3_0_IRQHandler              
00000dcb  TA3_N_IRQHandler              
00000dcb  UsageFault_Handler            
4000480c  WDTCTL_SYM                    
00000dcb  WDT_A_IRQHandler              
20010000  __STACK_END                   
00000200  __STACK_SIZE                  
00000e30  __TI_CINIT_Base               
00000e38  __TI_CINIT_Limit              
00000e28  __TI_Handler_Table_Base       
00000e30  __TI_Handler_Table_Limit      
00000d19  __TI_auto_init_nobinit_nopinit
00000cb1  __TI_decompress_lzss          
00000db1  __TI_decompress_none          
ffffffff  __TI_pprof_out_hndl           
ffffffff  __TI_prof_data_size           
ffffffff  __TI_prof_data_start          
00000000  __TI_static_base__            
00000c15  __aeabi_memcpy                
00000c15  __aeabi_memcpy4               
00000c15  __aeabi_memcpy8               
ffffffff  __binit__                     
ffffffff  __c_args__                    
UNDEFED   __mpu_init                    
2000fe00  __stack                       
20000000  __start___llvm_prf_cnts       
20000000  __stop___llvm_prf_cnts        
00000d5d  _c_int00_noargs               
UNDEFED   _system_post_cinit            
00000dcd  _system_pre_init              
00000dd1  abort                         
ffffffff  binit                         
000005a9  ece353_ADC14_PS2_X            
000005f9  ece353_ADC14_PS2_XY           
000006f9  ece353_ADC14_PS2_XY_COMP      
00000351  ece353_MKII_Buzzer_Init       
000003c7  ece353_MKII_Buzzer_Off        
000003ad  ece353_MKII_Buzzer_On         
000003d5  ece353_MKII_Buzzer_Run_Status 
000003e9  ece353_MKII_RGB_IO_Init       
00000671  ece353_MKII_RGB_LED           
00000499  ece353_MKII_RGB_PWM           
00000331  ece353_MKII_S1                
00000319  ece353_MKII_S1_Init           
00000341  ece353_MKII_S2                
00000325  ece353_MKII_S2_Init           
000001bd  ece353_RBG_LED_Init           
000001fb  ece353_RGB_LED                
00000569  ece353_T32_1_Interrupt_Ms     
00000293  ece353_T32_1_wait             
000002c1  ece353_T32_1_wait_100mS       
000001ad  ece353_button1                
00000165  ece353_button1_init           
000002f1  ece353_button1_wait_for_press 
00000283  ece353_button2                
00000263  ece353_button2_init           
00000185  ece353_led1                   
0000014f  ece353_led1_init              
00000000  interruptVectors              
00000d91  main                          
00000c15  memcpy                        
00000b39  music_get_time_delay          
00000bd3  music_play_song               


GLOBAL SYMBOLS: SORTED BY Symbol Address 

address   name                          
-------   ----                          
00000000  __TI_static_base__            
00000000  interruptVectors              
0000014f  ece353_led1_init              
00000165  ece353_button1_init           
00000185  ece353_led1                   
000001ad  ece353_button1                
000001bd  ece353_RBG_LED_Init           
000001fb  ece353_RGB_LED                
00000200  __STACK_SIZE                  
00000263  ece353_button2_init           
00000283  ece353_button2                
00000293  ece353_T32_1_wait             
000002c1  ece353_T32_1_wait_100mS       
000002f1  ece353_button1_wait_for_press 
00000319  ece353_MKII_S1_Init           
00000325  ece353_MKII_S2_Init           
00000331  ece353_MKII_S1                
00000341  ece353_MKII_S2                
00000351  ece353_MKII_Buzzer_Init       
000003ad  ece353_MKII_Buzzer_On         
000003c7  ece353_MKII_Buzzer_Off        
000003d5  ece353_MKII_Buzzer_Run_Status 
000003e9  ece353_MKII_RGB_IO_Init       
00000499  ece353_MKII_RGB_PWM           
00000569  ece353_T32_1_Interrupt_Ms     
000005a9  ece353_ADC14_PS2_X            
000005f9  ece353_ADC14_PS2_XY           
00000671  ece353_MKII_RGB_LED           
000006f9  ece353_ADC14_PS2_XY_COMP      
000007e5  SystemCoreClockUpdate         
00000a5d  SystemInit                    
00000b39  music_get_time_delay          
00000bd3  music_play_song               
00000c15  __aeabi_memcpy                
00000c15  __aeabi_memcpy4               
00000c15  __aeabi_memcpy8               
00000c15  memcpy                        
00000cb1  __TI_decompress_lzss          
00000d19  __TI_auto_init_nobinit_nopinit
00000d5d  _c_int00_noargs               
00000d91  main                          
00000db1  __TI_decompress_none          
00000dbf  Reset_Handler                 
00000dcb  ADC14_IRQHandler              
00000dcb  AES256_IRQHandler             
00000dcb  BusFault_Handler              
00000dcb  COMP_E0_IRQHandler            
00000dcb  COMP_E1_IRQHandler            
00000dcb  CS_IRQHandler                 
00000dcb  DMA_ERR_IRQHandler            
00000dcb  DMA_INT0_IRQHandler           
00000dcb  DMA_INT1_IRQHandler           
00000dcb  DMA_INT2_IRQHandler           
00000dcb  DMA_INT3_IRQHandler           
00000dcb  DebugMon_Handler              
00000dcb  Default_Handler               
00000dcb  EUSCIA0_IRQHandler            
00000dcb  EUSCIA1_IRQHandler            
00000dcb  EUSCIA2_IRQHandler            
00000dcb  EUSCIA3_IRQHandler            
00000dcb  EUSCIB0_IRQHandler            
00000dcb  EUSCIB1_IRQHandler            
00000dcb  EUSCIB2_IRQHandler            
00000dcb  EUSCIB3_IRQHandler            
00000dcb  FLCTL_IRQHandler              
00000dcb  FPU_IRQHandler                
00000dcb  HardFault_Handler             
00000dcb  MemManage_Handler             
00000dcb  NMI_Handler                   
00000dcb  PCM_IRQHandler                
00000dcb  PORT1_IRQHandler              
00000dcb  PORT2_IRQHandler              
00000dcb  PORT3_IRQHandler              
00000dcb  PORT4_IRQHandler              
00000dcb  PORT5_IRQHandler              
00000dcb  PORT6_IRQHandler              
00000dcb  PSS_IRQHandler                
00000dcb  PendSV_Handler                
00000dcb  RTC_C_IRQHandler              
00000dcb  SVC_Handler                   
00000dcb  SysTick_Handler               
00000dcb  T32_INT1_IRQHandler           
00000dcb  T32_INT2_IRQHandler           
00000dcb  T32_INTC_IRQHandler           
00000dcb  TA0_0_IRQHandler              
00000dcb  TA0_N_IRQHandler              
00000dcb  TA1_0_IRQHandler              
00000dcb  TA1_N_IRQHandler              
00000dcb  TA2_0_IRQHandler              
00000dcb  TA2_N_IRQHandler              
00000dcb  TA3_0_IRQHandler              
00000dcb  TA3_N_IRQHandler              
00000dcb  UsageFault_Handler            
00000dcb  WDT_A_IRQHandler              
00000dcd  _system_pre_init              
00000dd1  C$$EXIT                       
00000dd1  abort                         
00000e28  __TI_Handler_Table_Base       
00000e30  __TI_CINIT_Base               
00000e30  __TI_Handler_Table_Limit      
00000e38  __TI_CINIT_Limit              
20000000  Song                          
20000000  __start___llvm_prf_cnts       
20000000  __stop___llvm_prf_cnts        
200000e0  SystemCoreClock               
2000fe00  __stack                       
20010000  __STACK_END                   
4000480c  WDTCTL_SYM                    
ffffffff  __TI_pprof_out_hndl           
ffffffff  __TI_prof_data_size           
ffffffff  __TI_prof_data_start          
ffffffff  __binit__                     
ffffffff  __c_args__                    
ffffffff  binit                         
UNDEFED   __mpu_init                    
UNDEFED   _system_post_cinit            

[116 symbols]
