******************************************************************************
                  TI ARM Linker PC v20.2.1                     
******************************************************************************
>> Linked Wed Dec  2 21:52:13 2020

OUTPUT FILE NAME:   <Music testing.out>
ENTRY POINT SYMBOL: "_c_int00_noargs"  address: 00000ec9


MEMORY CONFIGURATION

         name            origin    length      used     unused   attr    fill
----------------------  --------  ---------  --------  --------  ----  --------
  MAIN                  00000000   00040000  00000fac  0003f054  R  X
  INFO                  00200000   00004000  00000000  00004000  R  X
  SRAM_CODE             01000000   00010000  000002bc  0000fd44  RW X
  SRAM_DATA             20000000   00010000  000002bc  0000fd44  RW  


SEGMENT ALLOCATION MAP

run origin  load origin   length   init length attrs members
----------  ----------- ---------- ----------- ----- -------
00000000    00000000    00000fac   00000fac    r-x
  00000000    00000000    000000e4   000000e4    r-- .intvecs
  000000e4    000000e4    00000e6c   00000e6c    r-x .text
  00000f50    00000f50    0000005c   0000005c    r-- .cinit
20000000    20000000    000000bc   00000000    rw-
  20000000    20000000    000000bc   00000000    rw- .data
2000fe00    2000fe00    00000200   00000000    rw-
  2000fe00    2000fe00    00000200   00000000    rw- .stack


SECTION ALLOCATION MAP

 output                                  attributes/
section   page    origin      length       input sections
--------  ----  ----------  ----------   ----------------
.intvecs   0    00000000    000000e4     
                  00000000    000000e4     startup_msp432p401r_ccs.obj (.intvecs:retain)

.text      0    000000e4    00000e6c     
                  000000e4    00000700     ece353.obj (.text)
                  000007e4    00000354     system_msp432p401r.obj (.text)
                  00000b38    00000248     music.obj (.text)
                  00000d80    0000009c     rtsv7M4_T_le_v4SPD16_eabi.lib : memcpy_t2.asm.obj (.text)
                  00000e1c    00000068                                   : copy_decompress_lzss.c.obj (.text:decompress:lzss:__TI_decompress_lzss)
                  00000e84    00000044                                   : autoinit.c.obj (.text:__TI_auto_init_nobinit_nopinit:__TI_auto_init_nobinit_nopinit)
                  00000ec8    00000034                                   : boot_cortex_m.c.obj (.text:_c_int00_noargs:_c_int00_noargs)
                  00000efc    00000030     main.obj (.text)
                  00000f2c    0000000e     rtsv7M4_T_le_v4SPD16_eabi.lib : copy_decompress_none.c.obj (.text:decompress:none:__TI_decompress_none)
                  00000f3a    0000000e     startup_msp432p401r_ccs.obj (.text)
                  00000f48    00000004     rtsv7M4_T_le_v4SPD16_eabi.lib : pre_init.c.obj (.text:_system_pre_init)
                  00000f4c    00000004                                   : exit.c.obj (.text:abort:abort)

.cinit     0    00000f50    0000005c     
                  00000f50    0000004a     (.cinit..data.load) [load image, compression = lzss]
                  00000f9a    00000002     --HOLE-- [fill = 0]
                  00000f9c    00000008     (__TI_handler_table)
                  00000fa4    00000008     (__TI_cinit_table)

.init_array 
*          0    00000000    00000000     UNINITIALIZED

.binit     0    00000000    00000000     

.data      0    20000000    000000bc     UNINITIALIZED
                  20000000    00000050     music.obj (.data:Open)
                  20000050    00000048     music.obj (.data:Win)
                  20000098    00000010     music.obj (.data:Hit)
                  200000a8    00000010     music.obj (.data:Miss)
                  200000b8    00000004     system_msp432p401r.obj (.data)

.stack     0    2000fe00    00000200     UNINITIALIZED
                  2000fe00    00000004     rtsv7M4_T_le_v4SPD16_eabi.lib : boot_cortex_m.c.obj (.stack)
                  2000fe04    000001fc     --HOLE--

__llvm_prf_cnts 
*          0    20000000    00000000     UNINITIALIZED

MODULE SUMMARY

       Module                        code   ro data   rw data
       ------                        ----   -------   -------
    .\
       ece353.obj                    1792   0         0      
       music.obj                     584    0         368    
       system_msp432p401r.obj        852    0         8      
       startup_msp432p401r_ccs.obj   14     228       0      
       main.obj                      48     0         0      
    +--+-----------------------------+------+---------+---------+
       Total:                        3290   228       376    
                                                             
    C:\ti\ccs1010\ccs\tools\compiler\ti-cgt-arm_20.2.1.LTS\lib\rtsv7M4_T_le_v4SPD16_eabi.lib
       memcpy_t2.asm.obj             156    0         0      
       copy_decompress_lzss.c.obj    104    0         0      
       autoinit.c.obj                68     0         0      
       boot_cortex_m.c.obj           52     0         0      
       copy_decompress_none.c.obj    14     0         0      
       exit.c.obj                    4      0         0      
       pre_init.c.obj                4      0         0      
    +--+-----------------------------+------+---------+---------+
       Total:                        402    0         0      
                                                             
       Stack:                        0      0         1024   
       Linker Generated:             0      90        0      
    +--+-----------------------------+------+---------+---------+
       Grand Total:                  3692   318       1400   


LINKER GENERATED COPY TABLES

__TI_cinit_table @ 00000fa4 records: 1, size/record: 8, table size: 8
	.data: load addr=00000f50, load size=0000004a bytes, run addr=20000000, run size=000000bc bytes, compression=lzss


LINKER GENERATED HANDLER TABLE

__TI_handler_table @ 00000f9c records: 2, size/record: 4, table size: 8
	index: 0, handler: __TI_decompress_lzss
	index: 1, handler: __TI_decompress_none


GLOBAL SYMBOLS: SORTED ALPHABETICALLY BY Name 

address   name                          
-------   ----                          
00000f47  ADC14_IRQHandler              
00000f47  AES256_IRQHandler             
00000f47  BusFault_Handler              
00000f4d  C$$EXIT                       
00000f47  COMP_E0_IRQHandler            
00000f47  COMP_E1_IRQHandler            
00000f47  CS_IRQHandler                 
00000f47  DMA_ERR_IRQHandler            
00000f47  DMA_INT0_IRQHandler           
00000f47  DMA_INT1_IRQHandler           
00000f47  DMA_INT2_IRQHandler           
00000f47  DMA_INT3_IRQHandler           
00000f47  DebugMon_Handler              
00000f47  Default_Handler               
00000f47  EUSCIA0_IRQHandler            
00000f47  EUSCIA1_IRQHandler            
00000f47  EUSCIA2_IRQHandler            
00000f47  EUSCIA3_IRQHandler            
00000f47  EUSCIB0_IRQHandler            
00000f47  EUSCIB1_IRQHandler            
00000f47  EUSCIB2_IRQHandler            
00000f47  EUSCIB3_IRQHandler            
00000f47  FLCTL_IRQHandler              
00000f47  FPU_IRQHandler                
00000f47  HardFault_Handler             
20000098  Hit                           
00000f47  MemManage_Handler             
200000a8  Miss                          
00000f47  NMI_Handler                   
20000000  Open                          
00000f47  PCM_IRQHandler                
00000f47  PORT1_IRQHandler              
00000f47  PORT2_IRQHandler              
00000f47  PORT3_IRQHandler              
00000f47  PORT4_IRQHandler              
00000f47  PORT5_IRQHandler              
00000f47  PORT6_IRQHandler              
00000f47  PSS_IRQHandler                
00000f47  PendSV_Handler                
00000f47  RTC_C_IRQHandler              
00000f3b  Reset_Handler                 
00000f47  SVC_Handler                   
00000f47  SysTick_Handler               
200000b8  SystemCoreClock               
000007e5  SystemCoreClockUpdate         
00000a5d  SystemInit                    
00000f47  T32_INT1_IRQHandler           
00000f47  T32_INT2_IRQHandler           
00000f47  T32_INTC_IRQHandler           
00000f47  TA0_0_IRQHandler              
00000f47  TA0_N_IRQHandler              
00000f47  TA1_0_IRQHandler              
00000f47  TA1_N_IRQHandler              
00000f47  TA2_0_IRQHandler              
00000f47  TA2_N_IRQHandler              
00000f47  TA3_0_IRQHandler              
00000f47  TA3_N_IRQHandler              
00000f47  UsageFault_Handler            
4000480c  WDTCTL_SYM                    
00000f47  WDT_A_IRQHandler              
20000050  Win                           
20010000  __STACK_END                   
00000200  __STACK_SIZE                  
00000fa4  __TI_CINIT_Base               
00000fac  __TI_CINIT_Limit              
00000f9c  __TI_Handler_Table_Base       
00000fa4  __TI_Handler_Table_Limit      
00000e85  __TI_auto_init_nobinit_nopinit
00000e1d  __TI_decompress_lzss          
00000f2d  __TI_decompress_none          
ffffffff  __TI_pprof_out_hndl           
ffffffff  __TI_prof_data_size           
ffffffff  __TI_prof_data_start          
00000000  __TI_static_base__            
00000d81  __aeabi_memcpy                
00000d81  __aeabi_memcpy4               
00000d81  __aeabi_memcpy8               
ffffffff  __binit__                     
ffffffff  __c_args__                    
UNDEFED   __mpu_init                    
2000fe00  __stack                       
20000000  __start___llvm_prf_cnts       
20000000  __stop___llvm_prf_cnts        
00000ec9  _c_int00_noargs               
UNDEFED   _system_post_cinit            
00000f49  _system_pre_init              
00000f4d  abort                         
ffffffff  binit                         
000005a9  ece353_ADC14_PS2_X            
000005f9  ece353_ADC14_PS2_XY           
000006f9  ece353_ADC14_PS2_XY_COMP      
00000351  ece353_MKII_Buzzer_Init       
000003c7  ece353_MKII_Buzzer_Off        
000003ad  ece353_MKII_Buzzer_On         
000003d5  ece353_MKII_Buzzer_Run_Status 
000003e9  ece353_MKII_RGB_IO_Init       
00000671  ece353_MKII_RGB_LED           
00000499  ece353_MKII_RGB_PWM           
00000331  ece353_MKII_S1                
00000319  ece353_MKII_S1_Init           
00000341  ece353_MKII_S2                
00000325  ece353_MKII_S2_Init           
000001bd  ece353_RBG_LED_Init           
000001fb  ece353_RGB_LED                
00000569  ece353_T32_1_Interrupt_Ms     
00000293  ece353_T32_1_wait             
000002c1  ece353_T32_1_wait_100mS       
000001ad  ece353_button1                
00000165  ece353_button1_init           
000002f1  ece353_button1_wait_for_press 
00000283  ece353_button2                
00000263  ece353_button2_init           
00000185  ece353_led1                   
0000014f  ece353_led1_init              
00000000  interruptVectors              
00000efd  main                          
00000d81  memcpy                        
00000b39  music_get_time_delay          
00000c99  music_play_song               


GLOBAL SYMBOLS: SORTED BY Symbol Address 

address   name                          
-------   ----                          
00000000  __TI_static_base__            
00000000  interruptVectors              
0000014f  ece353_led1_init              
00000165  ece353_button1_init           
00000185  ece353_led1                   
000001ad  ece353_button1                
000001bd  ece353_RBG_LED_Init           
000001fb  ece353_RGB_LED                
00000200  __STACK_SIZE                  
00000263  ece353_button2_init           
00000283  ece353_button2                
00000293  ece353_T32_1_wait             
000002c1  ece353_T32_1_wait_100mS       
000002f1  ece353_button1_wait_for_press 
00000319  ece353_MKII_S1_Init           
00000325  ece353_MKII_S2_Init           
00000331  ece353_MKII_S1                
00000341  ece353_MKII_S2                
00000351  ece353_MKII_Buzzer_Init       
000003ad  ece353_MKII_Buzzer_On         
000003c7  ece353_MKII_Buzzer_Off        
000003d5  ece353_MKII_Buzzer_Run_Status 
000003e9  ece353_MKII_RGB_IO_Init       
00000499  ece353_MKII_RGB_PWM           
00000569  ece353_T32_1_Interrupt_Ms     
000005a9  ece353_ADC14_PS2_X            
000005f9  ece353_ADC14_PS2_XY           
00000671  ece353_MKII_RGB_LED           
000006f9  ece353_ADC14_PS2_XY_COMP      
000007e5  SystemCoreClockUpdate         
00000a5d  SystemInit                    
00000b39  music_get_time_delay          
00000c99  music_play_song               
00000d81  __aeabi_memcpy                
00000d81  __aeabi_memcpy4               
00000d81  __aeabi_memcpy8               
00000d81  memcpy                        
00000e1d  __TI_decompress_lzss          
00000e85  __TI_auto_init_nobinit_nopinit
00000ec9  _c_int00_noargs               
00000efd  main                          
00000f2d  __TI_decompress_none          
00000f3b  Reset_Handler                 
00000f47  ADC14_IRQHandler              
00000f47  AES256_IRQHandler             
00000f47  BusFault_Handler              
00000f47  COMP_E0_IRQHandler            
00000f47  COMP_E1_IRQHandler            
00000f47  CS_IRQHandler                 
00000f47  DMA_ERR_IRQHandler            
00000f47  DMA_INT0_IRQHandler           
00000f47  DMA_INT1_IRQHandler           
00000f47  DMA_INT2_IRQHandler           
00000f47  DMA_INT3_IRQHandler           
00000f47  DebugMon_Handler              
00000f47  Default_Handler               
00000f47  EUSCIA0_IRQHandler            
00000f47  EUSCIA1_IRQHandler            
00000f47  EUSCIA2_IRQHandler            
00000f47  EUSCIA3_IRQHandler            
00000f47  EUSCIB0_IRQHandler            
00000f47  EUSCIB1_IRQHandler            
00000f47  EUSCIB2_IRQHandler            
00000f47  EUSCIB3_IRQHandler            
00000f47  FLCTL_IRQHandler              
00000f47  FPU_IRQHandler                
00000f47  HardFault_Handler             
00000f47  MemManage_Handler             
00000f47  NMI_Handler                   
00000f47  PCM_IRQHandler                
00000f47  PORT1_IRQHandler              
00000f47  PORT2_IRQHandler              
00000f47  PORT3_IRQHandler              
00000f47  PORT4_IRQHandler              
00000f47  PORT5_IRQHandler              
00000f47  PORT6_IRQHandler              
00000f47  PSS_IRQHandler                
00000f47  PendSV_Handler                
00000f47  RTC_C_IRQHandler              
00000f47  SVC_Handler                   
00000f47  SysTick_Handler               
00000f47  T32_INT1_IRQHandler           
00000f47  T32_INT2_IRQHandler           
00000f47  T32_INTC_IRQHandler           
00000f47  TA0_0_IRQHandler              
00000f47  TA0_N_IRQHandler              
00000f47  TA1_0_IRQHandler              
00000f47  TA1_N_IRQHandler              
00000f47  TA2_0_IRQHandler              
00000f47  TA2_N_IRQHandler              
00000f47  TA3_0_IRQHandler              
00000f47  TA3_N_IRQHandler              
00000f47  UsageFault_Handler            
00000f47  WDT_A_IRQHandler              
00000f49  _system_pre_init              
00000f4d  C$$EXIT                       
00000f4d  abort                         
00000f9c  __TI_Handler_Table_Base       
00000fa4  __TI_CINIT_Base               
00000fa4  __TI_Handler_Table_Limit      
00000fac  __TI_CINIT_Limit              
20000000  Open                          
20000000  __start___llvm_prf_cnts       
20000000  __stop___llvm_prf_cnts        
20000050  Win                           
20000098  Hit                           
200000a8  Miss                          
200000b8  SystemCoreClock               
2000fe00  __stack                       
20010000  __STACK_END                   
4000480c  WDTCTL_SYM                    
ffffffff  __TI_pprof_out_hndl           
ffffffff  __TI_prof_data_size           
ffffffff  __TI_prof_data_start          
ffffffff  __binit__                     
ffffffff  __c_args__                    
ffffffff  binit                         
UNDEFED   __mpu_init                    
UNDEFED   _system_post_cinit            

[119 symbols]
