******************************************************************************
                  TI ARM Linker PC v20.2.1                     
******************************************************************************
>> Linked Wed Nov 18 11:27:45 2020

OUTPUT FILE NAME:   <16-ICE-FreeRTOS-Task-Notification.out>
ENTRY POINT SYMBOL: "_c_int00_noargs"  address: 00007621


MEMORY CONFIGURATION

         name            origin    length      used     unused   attr    fill
----------------------  --------  ---------  --------  --------  ----  --------
  MAIN                  00000000   00040000  00007a28  000385d8  R  X
  INFO                  00200000   00004000  00000000  00004000  R  X
  SRAM_CODE             01000000   00010000  00008ba8  00007458  RW X
  SRAM_DATA             20000000   00010000  00008ba8  00007458  RW  


SEGMENT ALLOCATION MAP

run origin  load origin   length   init length attrs members
----------  ----------- ---------- ----------- ----- -------
00000000    00000000    00007a28   00007a28    r-x
  00000000    00000000    000000e4   000000e4    r-- .intvecs
  000000e4    000000e4    00007798   00007798    r-x .text
  0000787c    0000787c    0000010c   0000010c    r-- .const
  00007988    00007988    000000a0   000000a0    r-- .cinit
20000000    20000000    000089ac   00000000    rw-
  20000000    20000000    00008344   00000000    rw- .bss
  20008348    20008348    00000400   00000000    rw- .sysmem
  20008748    20008748    00000264   00000000    rw- .data
2000fe00    2000fe00    00000200   00000000    rw-
  2000fe00    2000fe00    00000200   00000000    rw- .stack


SECTION ALLOCATION MAP

 output                                  attributes/
section   page    origin      length       input sections
--------  ----  ----------  ----------   ----------------
.intvecs   0    00000000    000000e4     
                  00000000    000000e4     startup_msp432p401r_ccs.obj (.intvecs:retain)

.text      0    000000e4    00007798     
                  000000e4    000020c4     tasks.obj (.text)
                  000021a8    000010f0     queue.obj (.text)
                  00003298    00000a4e     rtsv7M4_T_le_v4SPD16_eabi.lib : _printfi.c.obj (.text:__TI_printfi)
                  00003ce6    00000002                                   : _lock.c.obj (.text:_nop)
                  00003ce8    000007a4     timers.obj (.text)
                  0000448c    00000438     port.obj (.text)
                  000048c4    0000042c     heap_4.obj (.text)
                  00004cf0    000003a0     ece353_staff.lib : ece353_staff.obj (.text)
                  00005090    00000354     system_msp432p401r.obj (.text)
                  000053e4    00000270     rtsv7M4_T_le_v4SPD16_eabi.lib : _printfi.c.obj (.text:_pconv_a)
                  00005654    000001d0                                   : _printfi.c.obj (.text:_pconv_g)
                  00005824    000001b6                                   : fd_add_t2.asm.obj (.text)
                  000059da    00000002                                   : div0.asm.obj (.text)
                  000059dc    00000140     task_console.obj (.text)
                  00005b1c    0000013c     rtsv7M4_T_le_v4SPD16_eabi.lib : _printfi.c.obj (.text:_pconv_e)
                  00005c58    00000136                                   : fd_div_t2.asm.obj (.text)
                  00005d8e    00000002     --HOLE-- [fill = 0]
                  00005d90    00000134     main.obj (.text)
                  00005ec4    0000012a     list.obj (.text)
                  00005fee    00000002     --HOLE-- [fill = 0]
                  00005ff0    00000124     rtsv7M4_T_le_v4SPD16_eabi.lib : _printfi.c.obj (.text:fcvt)
                  00006114    00000114                                   : fputs.c.obj (.text:fputs)
                  00006228    00000110                                   : s_scalbn.c.obj (.text:scalbn)
                  00006338    00000108                                   : memory.c.obj (.text:aligned_alloc)
                  00006440    00000100     task_joystick.obj (.text)
                  00006540    000000fc     rtsv7M4_T_le_v4SPD16_eabi.lib : fd_mul_t2.asm.obj (.text)
                  0000663c    000000e4                                   : memory.c.obj (.text:free)
                  00006720    000000dc                                   : setvbuf.c.obj (.text:setvbuf)
                  000067fc    000000da     portasm.obj (.text)
                  000068d6    00000002     --HOLE-- [fill = 0]
                  000068d8    000000b1     rtsv7M4_T_le_v4SPD16_eabi.lib : _printfi.c.obj (.text:_ltostr)
                  00006989    00000001     --HOLE-- [fill = 0]
                  0000698a    0000009c                                   : memcpy_t2.asm.obj (.text)
                  00006a26    00000096                                   : ull_div_t2.asm.obj (.text)
                  00006abc    00000086                                   : fd_cmp_t2.asm.obj (.text:__aeabi_cdcmple)
                  00006b42    00000086                                   : fd_cmp_t2.asm.obj (.text:__aeabi_cdrcmple)
                  00006bc8    0000007a                                   : memset_t2.asm.obj (.text)
                  00006c42    00000002     --HOLE-- [fill = 0]
                  00006c44    00000074                                   : fclose.c.obj (.text:__TI_closefile)
                  00006cb8    00000070                                   : memory.c.obj (.text:split)
                  00006d28    0000006e                                   : _printfi.c.obj (.text:_mcpy)
                  00006d96    00000002     --HOLE-- [fill = 0]
                  00006d98    0000006c                                   : hostrename.c.obj (.text:HOSTrename)
                  00006e04    00000068                                   : hostlseek.c.obj (.text:HOSTlseek)
                  00006e6c    00000068                                   : copy_decompress_lzss.c.obj (.text:decompress:lzss:__TI_decompress_lzss)
                  00006ed4    00000068                                   : printf.c.obj (.text:printf)
                  00006f3c    00000064                                   : s_frexp.c.obj (.text:frexp)
                  00006fa0    00000064                                   : fseek.c.obj (.text:fseek)
                  00007004    00000062                                   : _io_perm.c.obj (.text:__TI_wrt_ok)
                  00007066    00000002     --HOLE-- [fill = 0]
                  00007068    00000060                                   : hostopen.c.obj (.text:HOSTopen)
                  000070c8    0000005c                                   : close.c.obj (.text:close)
                  00007124    00000058                                   : hostread.c.obj (.text:HOSTread)
                  0000717c    00000058                                   : hostwrite.c.obj (.text:HOSTwrite)
                  000071d4    00000056                                   : _printfi.c.obj (.text:_pconv_f)
                  0000722a    00000054                                   : _ltoa.c.obj (.text:__TI_ltoa)
                  0000727e    00000052                                   : _printfi.c.obj (.text:_ecpy)
                  000072d0    0000004c                                   : fflush.c.obj (.text:__TI_doflush)
                  0000731c    0000004c                                   : atoi.c.obj (.text:atoi)
                  00007368    00000048                                   : exit.c.obj (.text:exit)
                  000073b0    00000048                                   : fd_toi_t2.asm.obj (.text)
                  000073f8    00000044                                   : hostclose.c.obj (.text:HOSTclose)
                  0000743c    00000044                                   : hostunlink.c.obj (.text:HOSTunlink)
                  00007480    00000044                                   : autoinit.c.obj (.text:__TI_auto_init_nobinit_nopinit:__TI_auto_init_nobinit_nopinit)
                  000074c4    00000044                                   : getdevice.c.obj (.text:getdevice)
                  00007508    0000003e                                   : _printfi.c.obj (.text:_fcpy)
                  00007546    00000002     --HOLE-- [fill = 0]
                  00007548    00000038                                   : trgmsg.c.obj (.text:__TI_writemsg)
                  00007580    00000036                                   : strncpy.c.obj (.text:strncpy)
                  000075b6    00000002     --HOLE-- [fill = 0]
                  000075b8    00000034                                   : fopen.c.obj (.text:__TI_cleanup)
                  000075ec    00000034                                   : trgmsg.c.obj (.text:__TI_readmsg)
                  00007620    00000034                                   : boot_cortex_m.c.obj (.text:_c_int00_noargs:_c_int00_noargs)
                  00007654    00000030                                   : getdevice.c.obj (.text:finddevice)
                  00007684    0000002e                                   : i_tofd_t2.asm.obj (.text)
                  000076b2    00000002     --HOLE-- [fill = 0]
                  000076b4    0000002c                                   : unlink.c.obj (.text:unlink)
                  000076e0    00000028                                   : memory.c.obj (.text:free_list_insert)
                  00007708    00000028                                   : lseek.c.obj (.text:lseek)
                  00007730    00000028                                   : write.c.obj (.text:write)
                  00007758    00000020                                   : memchr.c.obj (.text:memchr)
                  00007778    0000001c                                   : memory.c.obj (.text:free_list_remove)
                  00007794    0000001c                                   : memccpy.c.obj (.text:memccpy)
                  000077b0    0000001a                                   : s_copysign.c.obj (.text:copysign)
                  000077ca    00000018                                   : strcmp.c.obj (.text:strcmp)
                  000077e2    00000016                                   : strchr.c.obj (.text:strchr)
                  000077f8    00000014                                   : strcpy.c.obj (.text:strcpy)
                  0000780c    00000014                                   : strlen.c.obj (.text:strlen)
                  00007820    00000012                                   : wcslen.c.obj (.text:wcslen)
                  00007832    0000000e                                   : copy_decompress_none.c.obj (.text:decompress:none:__TI_decompress_none)
                  00007840    0000000e     startup_msp432p401r_ccs.obj (.text)
                  0000784e    0000000c     rtsv7M4_T_le_v4SPD16_eabi.lib : copy_zero_init.c.obj (.text:decompress:ZI:__TI_zero_init)
                  0000785a    00000002     --HOLE-- [fill = 0]
                  0000785c    00000008                                   : errno.c.obj (.text:__aeabi_errno_addr)
                  00007864    00000008                                   : memory.c.obj (.text:malloc)
                  0000786c    00000004                                   : printf.c.obj (.text:_outc)
                  00007870    00000004                                   : printf.c.obj (.text:_outs)
                  00007874    00000004                                   : pre_init.c.obj (.text:_system_pre_init)
                  00007878    00000004                                   : exit.c.obj (.text:abort:abort)

.const     0    0000787c    0000010c     
                  0000787c    00000101     rtsv7M4_T_le_v4SPD16_eabi.lib : ctype.c.obj (.const:.string:_ctypes_)
                  0000797d    00000003     --HOLE-- [fill = 0]
                  00007980    00000008     port.obj (.const)

.cinit     0    00007988    000000a0     
                  00007988    0000007a     (.cinit..data.load) [load image, compression = lzss]
                  00007a02    00000002     --HOLE-- [fill = 0]
                  00007a04    0000000c     (__TI_handler_table)
                  00007a10    00000008     (.cinit..bss.load) [load image, compression = zero_init]
                  00007a18    00000010     (__TI_cinit_table)

.init_array 
*          0    00000000    00000000     UNINITIALIZED

.binit     0    00000000    00000000     

.bss       0    20000000    00008344     UNINITIALIZED
                  20000000    00008000     heap_4.obj (.bss:ucHeap)
                  20008000    00000120     rtsv7M4_T_le_v4SPD16_eabi.lib : trgmsg.c.obj (.bss:_CIOBUF_)
                  20008120    000000c8     tasks.obj (.bss:pxReadyTasksLists)
                  200081e8    000000a0     (.common:__TI_tmpnams)
                  20008288    00000014     timers.obj (.bss:xActiveTimerList1)
                  2000829c    00000014     timers.obj (.bss:xActiveTimerList2)
                  200082b0    00000014     tasks.obj (.bss:xDelayedTaskList1)
                  200082c4    00000014     tasks.obj (.bss:xDelayedTaskList2)
                  200082d8    00000014     tasks.obj (.bss:xPendingReadyList)
                  200082ec    00000014     tasks.obj (.bss:xSuspendedTaskList)
                  20008300    00000014     tasks.obj (.bss:xTasksWaitingTermination)
                  20008314    00000008     tasks.obj (.bss)
                  2000831c    00000008     timers.obj (.bss)
                  20008324    00000008     heap_4.obj (.bss:xStart)
                  2000832c    00000008     (.common:parmbuf)
                  20008334    00000004     (.common:Queue_Console)
                  20008338    00000004     (.common:Task_Console_Handle)
                  2000833c    00000004     (.common:Task_Joystick_Handle)
                  20008340    00000004     (.common:Task_Joystick_Timer_Handle)

.sysmem    0    20008348    00000400     UNINITIALIZED
                  20008348    00000010     rtsv7M4_T_le_v4SPD16_eabi.lib : memory.c.obj (.sysmem)
                  20008358    000003f0     --HOLE--

.data      0    20008748    00000264     UNINITIALIZED
                  20008748    000000f0     rtsv7M4_T_le_v4SPD16_eabi.lib : defs.c.obj (.data:_ftable)
                  20008838    00000078                                   : host_device.c.obj (.data:_device)
                  200088b0    00000050                                   : host_device.c.obj (.data:_stream)
                  20008900    00000034     tasks.obj (.data)
                  20008934    00000018     heap_4.obj (.data)
                  2000894c    00000018     port.obj (.data)
                  20008964    00000010     rtsv7M4_T_le_v4SPD16_eabi.lib : defs.c.obj (.data)
                  20008974    0000000c                                   : exit.c.obj (.data:$O1$$)
                  20008980    0000000c     timers.obj (.data)
                  2000898c    00000008     rtsv7M4_T_le_v4SPD16_eabi.lib : _lock.c.obj (.data:$O1$$)
                  20008994    00000008                                   : memory.c.obj (.data:$O1$$)
                  2000899c    00000008     task_joystick.obj (.data)
                  200089a4    00000004     rtsv7M4_T_le_v4SPD16_eabi.lib : errno.c.obj (.data)
                  200089a8    00000004     system_msp432p401r.obj (.data)

.stack     0    2000fe00    00000200     UNINITIALIZED
                  2000fe00    00000004     rtsv7M4_T_le_v4SPD16_eabi.lib : boot_cortex_m.c.obj (.stack)
                  2000fe04    000001fc     --HOLE--

__llvm_prf_cnts 
*          0    20000000    00000000     UNINITIALIZED

MODULE SUMMARY

       Module                        code    ro data   rw data
       ------                        ----    -------   -------
    .\
       system_msp432p401r.obj        852     0         8      
       task_console.obj              320     0         16     
       main.obj                      308     0         0      
       task_joystick.obj             256     0         32     
       startup_msp432p401r_ccs.obj   14      228       0      
    +--+-----------------------------+-------+---------+---------+
       Total:                        1750    228       56     
                                                              
    .\FreeRTOS\
       heap_4.obj                    1068    0         65600  
       tasks.obj                     8388    0         720    
       queue.obj                     4336    0         0      
       timers.obj                    1956    0         120    
       list.obj                      298     0         0      
    +--+-----------------------------+-------+---------+---------+
       Total:                        16046   0         66440  
                                                              
    .\FreeRTOS\portable\
       port.obj                      1080    8         48     
       portasm.obj                   218     0         0      
    +--+-----------------------------+-------+---------+---------+
       Total:                        1298    8         48     
                                                              
    ../ece353_staff.lib
       ece353_staff.obj              928     0         0      
    +--+-----------------------------+-------+---------+---------+
       Total:                        928     0         0      
                                                              
    C:\ti\ccs1010\ccs\tools\compiler\ti-cgt-arm_20.2.1.LTS\lib\rtsv7M4_T_le_v4SPD16_eabi.lib
       _printfi.c.obj                4851    0         0      
       defs.c.obj                    0       0         832    
       memory.c.obj                  680     0         16     
       trgmsg.c.obj                  108     0         576    
       fd_add_t2.asm.obj             438     0         0      
       host_device.c.obj             0       0         400    
       fd_div_t2.asm.obj             310     0         0      
       fputs.c.obj                   276     0         0      
       s_scalbn.c.obj                272     0         0      
       fd_cmp_t2.asm.obj             268     0         0      
       ctype.c.obj                   0       257       0      
       fd_mul_t2.asm.obj             252     0         0      
       setvbuf.c.obj                 220     0         0      
       memcpy_t2.asm.obj             156     0         0      
       ull_div_t2.asm.obj            150     0         0      
       memset_t2.asm.obj             122     0         0      
       fclose.c.obj                  116     0         0      
       getdevice.c.obj               116     0         0      
       hostopen.c.obj                96      0         16     
       printf.c.obj                  112     0         0      
       hostrename.c.obj              108     0         0      
       copy_decompress_lzss.c.obj    104     0         0      
       hostlseek.c.obj               104     0         0      
       exit.c.obj                    76      0         24     
       fseek.c.obj                   100     0         0      
       s_frexp.c.obj                 100     0         0      
       _io_perm.c.obj                98      0         0      
       close.c.obj                   92      0         0      
       hostread.c.obj                88      0         0      
       hostwrite.c.obj               88      0         0      
       _ltoa.c.obj                   84      0         0      
       atoi.c.obj                    76      0         0      
       fflush.c.obj                  76      0         0      
       fd_toi_t2.asm.obj             72      0         0      
       autoinit.c.obj                68      0         0      
       hostclose.c.obj               68      0         0      
       hostunlink.c.obj              68      0         0      
       strncpy.c.obj                 54      0         0      
       boot_cortex_m.c.obj           52      0         0      
       fopen.c.obj                   52      0         0      
       i_tofd_t2.asm.obj             46      0         0      
       unlink.c.obj                  44      0         0      
       lseek.c.obj                   40      0         0      
       write.c.obj                   40      0         0      
       memchr.c.obj                  32      0         0      
       memccpy.c.obj                 28      0         0      
       s_copysign.c.obj              26      0         0      
       strcmp.c.obj                  24      0         0      
       strchr.c.obj                  22      0         0      
       strcpy.c.obj                  20      0         0      
       strlen.c.obj                  20      0         0      
       _lock.c.obj                   2       0         16     
       wcslen.c.obj                  18      0         0      
       errno.c.obj                   8       0         8      
       copy_decompress_none.c.obj    14      0         0      
       copy_zero_init.c.obj          12      0         0      
       pre_init.c.obj                4       0         0      
       div0.asm.obj                  2       0         0      
    +--+-----------------------------+-------+---------+---------+
       Total:                        10573   257       1888   
                                                              
       Heap:                         0       0         2048   
       Stack:                        0       0         1024   
       Linker Generated:             0       158       0      
    +--+-----------------------------+-------+---------+---------+
       Grand Total:                  30595   651       71504  


LINKER GENERATED COPY TABLES

__TI_cinit_table @ 00007a18 records: 2, size/record: 8, table size: 16
	.data: load addr=00007988, load size=0000007a bytes, run addr=20008748, run size=00000264 bytes, compression=lzss
	.bss: load addr=00007a10, load size=00000008 bytes, run addr=20000000, run size=00008344 bytes, compression=zero_init


LINKER GENERATED HANDLER TABLE

__TI_handler_table @ 00007a04 records: 3, size/record: 4, table size: 12
	index: 0, handler: __TI_decompress_lzss
	index: 1, handler: __TI_decompress_none
	index: 2, handler: __TI_zero_init


GLOBAL SYMBOLS: SORTED ALPHABETICALLY BY Name 

address   name                               
-------   ----                               
000064e7  ADC14_IRQHandler                   
000064e7  ADC14_IRQHandler                   
0000784d  AES256_IRQHandler                  
0000784d  BusFault_Handler                   
00007879  C$$EXIT                            
00007577  C$$IO$$                            
0000784d  COMP_E0_IRQHandler                 
0000784d  COMP_E1_IRQHandler                 
0000784d  CS_IRQHandler                      
0000784d  DMA_ERR_IRQHandler                 
0000784d  DMA_INT0_IRQHandler                
0000784d  DMA_INT1_IRQHandler                
0000784d  DMA_INT2_IRQHandler                
0000784d  DMA_INT3_IRQHandler                
0000784d  DebugMon_Handler                   
0000784d  Default_Handler                    
0000784d  EUSCIA0_IRQHandler                 
0000784d  EUSCIA1_IRQHandler                 
0000784d  EUSCIA2_IRQHandler                 
0000784d  EUSCIA3_IRQHandler                 
0000784d  EUSCIB0_IRQHandler                 
0000784d  EUSCIB1_IRQHandler                 
0000784d  EUSCIB2_IRQHandler                 
0000784d  EUSCIB3_IRQHandler                 
0000784d  FLCTL_IRQHandler                   
0000784d  FPU_IRQHandler                     
000073f9  HOSTclose                          
00006e05  HOSTlseek                          
00007069  HOSTopen                           
00007125  HOSTread                           
00006d99  HOSTrename                         
0000743d  HOSTunlink                         
0000717d  HOSTwrite                          
0000784d  HardFault_Handler                  
2000899c  JOYSTICK_X_DIR                     
200089a0  JOYSTICK_Y_DIR                     
0000784d  MemManage_Handler                  
0000784d  NMI_Handler                        
0000784d  PCM_IRQHandler                     
0000784d  PORT1_IRQHandler                   
0000784d  PORT2_IRQHandler                   
0000784d  PORT3_IRQHandler                   
0000784d  PORT4_IRQHandler                   
0000784d  PORT5_IRQHandler                   
0000784d  PORT6_IRQHandler                   
0000784d  PSS_IRQHandler                     
0000784d  PendSV_Handler                     
20008334  Queue_Console                      
0000784d  RTC_C_IRQHandler                   
00007841  Reset_Handler                      
0000784d  SVC_Handler                        
0000784d  SysTick_Handler                    
200089a8  SystemCoreClock                    
00005091  SystemCoreClockUpdate              
00005309  SystemInit                         
0000784d  T32_INT1_IRQHandler                
0000784d  T32_INT2_IRQHandler                
0000784d  T32_INTC_IRQHandler                
0000784d  TA0_0_IRQHandler                   
0000784d  TA0_N_IRQHandler                   
0000784d  TA1_0_IRQHandler                   
0000784d  TA1_N_IRQHandler                   
0000784d  TA2_0_IRQHandler                   
0000784d  TA2_N_IRQHandler                   
0000784d  TA3_0_IRQHandler                   
0000784d  TA3_N_IRQHandler                   
000059dd  Task_Console                       
20008338  Task_Console_Handle                
00006457  Task_Joystick_Bottom_Half          
2000833c  Task_Joystick_Handle               
00006441  Task_Joystick_Timer                
20008340  Task_Joystick_Timer_Handle         
0000784d  UsageFault_Handler                 
4000480c  WDTCTL_SYM                         
0000784d  WDT_A_IRQHandler                   
20008000  __CIOBUF_                          
20010000  __STACK_END                        
00000200  __STACK_SIZE                       
00000400  __SYSMEM_SIZE                      
00007a18  __TI_CINIT_Base                    
00007a28  __TI_CINIT_Limit                   
00007a04  __TI_Handler_Table_Base            
00007a10  __TI_Handler_Table_Limit           
00007481  __TI_auto_init_nobinit_nopinit     
000075b9  __TI_cleanup                       
20008974  __TI_cleanup_ptr                   
00006c45  __TI_closefile                     
00006e6d  __TI_decompress_lzss               
00007833  __TI_decompress_none               
000072d1  __TI_doflush                       
20008978  __TI_dtors_ptr                     
2000897c  __TI_enable_exit_profile_output    
20008964  __TI_ft_end                        
0000722b  __TI_ltoa                          
ffffffff  __TI_pprof_out_hndl                
00003299  __TI_printfi                       
ffffffff  __TI_prof_data_size                
ffffffff  __TI_prof_data_start               
000075ed  __TI_readmsg                       
00000000  __TI_static_base__                 
200081e8  __TI_tmpnams                       
00007549  __TI_writemsg                      
00007005  __TI_wrt_ok                        
0000784f  __TI_zero_init                     
00006abd  __aeabi_cdcmpeq                    
00006abd  __aeabi_cdcmple                    
00006b43  __aeabi_cdrcmple                   
000073b1  __aeabi_d2iz                       
0000582f  __aeabi_dadd                       
00005c59  __aeabi_ddiv                       
00006541  __aeabi_dmul                       
00005825  __aeabi_dsub                       
0000785d  __aeabi_errno_addr                 
00007685  __aeabi_i2d                        
000059db  __aeabi_idiv0                      
000059db  __aeabi_ldiv0                      
00006bc9  __aeabi_memclr                     
00006bc9  __aeabi_memclr4                    
00006bc9  __aeabi_memclr8                    
0000698b  __aeabi_memcpy                     
0000698b  __aeabi_memcpy4                    
0000698b  __aeabi_memcpy8                    
00006bcb  __aeabi_memset                     
00006bcb  __aeabi_memset4                    
00006bcb  __aeabi_memset8                    
20008970  __aeabi_stderr                     
20008968  __aeabi_stdin                      
2000896c  __aeabi_stdout                     
00006a27  __aeabi_uldivmod                   
ffffffff  __binit__                          
ffffffff  __c_args__                         
UNDEFED   __mpu_init                         
2000fe00  __stack                            
20000000  __start___llvm_prf_cnts            
20000000  __stop___llvm_prf_cnts             
00007621  _c_int00_noargs                    
0000787c  _ctypes_                           
20008838  _device                            
20008748  _ftable                            
2000898c  _lock                              
00003ce7  _nop                               
200088b0  _stream                            
20008348  _sys_memory                        
UNDEFED   _system_post_cinit                 
00007875  _system_pre_init                   
20008990  _unlock                            
00007879  abort                              
00006339  aligned_alloc                      
0000731d  atoi                               
ffffffff  binit                              
000070c9  close                              
000077b1  copysign                           
000077b1  copysignl                          
000013fd  eTaskConfirmSleepModeStatus        
00000539  eTaskGetState                      
00004f63  ece353_staff_MKII_RGB_LED          
00004edb  ece353_staff_MKII_S1               
00004eeb  ece353_staff_MKII_S2               
00004efb  ece353_staff_RGB_LED               
00004fcb  ece353_staff_init                  
00004eb3  ece353_staff_led1                  
200089a4  errno                              
00007369  exit                               
00007655  finddevice                         
00004e95  fputc                              
00006115  fputs                              
0000663d  free                               
00006f3d  frexp                              
00006f3d  frexpl                             
00006fa1  fseek                              
000074c5  getdevice                          
00000000  interruptVectors                   
00006229  ldexp                              
00006229  ldexpl                             
00007709  lseek                              
00005d91  main                               
00007865  malloc                             
00006339  memalign                           
00007795  memccpy                            
00007759  memchr                             
0000698b  memcpy                             
00006bd1  memset                             
2000832c  parmbuf                            
00000bd5  pcTaskGetName                      
00003f43  pcTimerGetName                     
00006ed5  printf                             
000048c5  pvPortMalloc                       
000014a1  pvTaskGetThreadLocalStoragePointer 
00001a55  pvTaskIncrementMutexHeldCount      
000043fd  pvTimerGetTimerID                  
20008900  pxCurrentTCB                       
0000448d  pxPortInitialiseStack              
000076b5  remove                             
00006229  scalbn                             
00006229  scalbnl                            
00006721  setvbuf                            
000077e3  strchr                             
000077cb  strcmp                             
000077f9  strcpy                             
0000780d  strlen                             
00007581  strncpy                            
00002faf  ucQueueGetQueueType                
00007980  ulMaxSyscallInterruptPriority      
0000680d  ulPortGetIPSR                      
00001a75  ulTaskGenericNotifyTake            
000020a3  ulTaskGenericNotifyValueClear      
000076b5  unlink                             
00005fa7  uxListRemove                       
00002f8f  uxQueueGetQueueNumber              
00002edd  uxQueueMessagesWaiting             
00002f41  uxQueueMessagesWaitingFromISR      
00002f0d  uxQueueSpacesAvailable             
00000bcf  uxTaskGetNumberOfTasks             
00000c1d  uxTaskGetSystemState               
00001361  uxTaskGetTaskNumber                
00000611  uxTaskPriorityGet                  
00000639  uxTaskPriorityGetFromISR           
00001a33  uxTaskResetEventItemValue          
00003edd  uxTimerGetReloadMode               
00004459  uxTimerGetTimerNumber              
00005e17  vApplicationMallocFailedHook       
00005e19  vApplicationStackOverflowHook      
00005ec5  vListInitialise                    
00005ef5  vListInitialiseItem                
00005f41  vListInsert                        
00005f05  vListInsertEnd                     
000068c9  vPortEnableVFP                     
000045d1  vPortEndScheduler                  
000045f5  vPortEnterCritical                 
00004637  vPortExitCritical                  
00004a2f  vPortFree                          
00004c31  vPortGetHeapStats                  
00004ad5  vPortInitialiseBlocks              
00006885  vPortSVCHandler                    
000047e9  vPortSetupTimerInterrupt           
000068a5  vPortStartFirstTask                
00004691  vPortSuppressTicksAndSleep         
00004831  vPortValidateInterruptPriority     
00002f6b  vQueueDelete                       
00002f9d  vQueueSetQueueNumber               
0000323d  vQueueWaitForMessageRestricted     
000004d1  vTaskDelay                         
000003ed  vTaskDelayUntil                    
00000323  vTaskDelete                        
00000a25  vTaskEndScheduler                  
00001f35  vTaskGenericNotifyGiveFromISR      
00001575  vTaskGetInfo                       
0000128d  vTaskInternalSetTimeOutState       
00001359  vTaskMissedYield                   
00001059  vTaskPlaceOnEventList              
000010f5  vTaskPlaceOnEventListRestricted    
0000108d  vTaskPlaceOnUnorderedEventList     
00001939  vTaskPriorityDisinheritAfterTimeout
0000067d  vTaskPrioritySet                   
000011c5  vTaskRemoveFromUnorderedEventList  
00000915  vTaskResume                        
00000eb1  vTaskSetApplicationTaskTag         
00001381  vTaskSetTaskNumber                 
00001459  vTaskSetThreadLocalStoragePointer  
0000125b  vTaskSetTimeOutState               
000009a9  vTaskStartScheduler                
00000cf9  vTaskStepTick                      
000007b1  vTaskSuspend                       
00000a41  vTaskSuspendAll                    
00000f89  vTaskSwitchContext                 
00003e93  vTimerSetReloadMode                
0000442b  vTimerSetTimerID                   
00004467  vTimerSetTimerNumber               
00007821  wcslen                             
00007731  write                              
00004ac9  xPortGetFreeHeapSize               
00004acf  xPortGetMinimumEverFreeHeapSize    
00006825  xPortPendSVHandler                 
00004519  xPortStartScheduler                
00004663  xPortSysTickHandler                
00002427  xQueueCreateCountingSemaphore      
00002353  xQueueCreateMutex                  
0000225d  xQueueGenericCreate                
000021a9  xQueueGenericReset                 
00002485  xQueueGenericSend                  
00002639  xQueueGenericSendFromISR           
00002765  xQueueGiveFromISR                  
0000237f  xQueueGiveMutexRecursive           
000031a9  xQueueIsQueueEmptyFromISR          
00003203  xQueueIsQueueFullFromISR           
00002bbd  xQueuePeek                         
00002e31  xQueuePeekFromISR                  
00002873  xQueueReceive                      
00002d3b  xQueueReceiveFromISR               
000029eb  xQueueSemaphoreTake                
000023cf  xQueueTakeMutexRecursive           
00000f49  xTaskCallApplicationTaskHook       
00000d33  xTaskCatchUpTicks                  
000012a7  xTaskCheckForTimeOut               
000000e5  xTaskCreate                        
00001c11  xTaskGenericNotify                 
00001d87  xTaskGenericNotifyFromISR          
0000203f  xTaskGenericNotifyStateClear       
00001b2d  xTaskGenericNotifyWait             
00000ed7  xTaskGetApplicationTaskTag         
00000f05  xTaskGetApplicationTaskTagFromISR  
0000174b  xTaskGetCurrentTaskHandle          
0000175b  xTaskGetSchedulerState             
00000bab  xTaskGetTickCount                  
00000bbb  xTaskGetTickCountFromISR           
00000d85  xTaskIncrementTick                 
0000186d  xTaskPriorityDisinherit            
000017a5  xTaskPriorityInherit               
00001135  xTaskRemoveFromEventList           
00000aa9  xTaskResumeAll                     
00003d29  xTimerCreate                       
00003ce9  xTimerCreateTimerTask              
00003dcb  xTimerGenericCommand               
00003f19  xTimerGetExpiryTime                
00003e6d  xTimerGetPeriod                    
00003e4b  xTimerGetTimerDaemonTaskHandle     
000043c1  xTimerIsTimerActive                


GLOBAL SYMBOLS: SORTED BY Symbol Address 

address   name                               
-------   ----                               
00000000  __TI_static_base__                 
00000000  interruptVectors                   
000000e5  xTaskCreate                        
00000200  __STACK_SIZE                       
00000323  vTaskDelete                        
000003ed  vTaskDelayUntil                    
00000400  __SYSMEM_SIZE                      
000004d1  vTaskDelay                         
00000539  eTaskGetState                      
00000611  uxTaskPriorityGet                  
00000639  uxTaskPriorityGetFromISR           
0000067d  vTaskPrioritySet                   
000007b1  vTaskSuspend                       
00000915  vTaskResume                        
000009a9  vTaskStartScheduler                
00000a25  vTaskEndScheduler                  
00000a41  vTaskSuspendAll                    
00000aa9  xTaskResumeAll                     
00000bab  xTaskGetTickCount                  
00000bbb  xTaskGetTickCountFromISR           
00000bcf  uxTaskGetNumberOfTasks             
00000bd5  pcTaskGetName                      
00000c1d  uxTaskGetSystemState               
00000cf9  vTaskStepTick                      
00000d33  xTaskCatchUpTicks                  
00000d85  xTaskIncrementTick                 
00000eb1  vTaskSetApplicationTaskTag         
00000ed7  xTaskGetApplicationTaskTag         
00000f05  xTaskGetApplicationTaskTagFromISR  
00000f49  xTaskCallApplicationTaskHook       
00000f89  vTaskSwitchContext                 
00001059  vTaskPlaceOnEventList              
0000108d  vTaskPlaceOnUnorderedEventList     
000010f5  vTaskPlaceOnEventListRestricted    
00001135  xTaskRemoveFromEventList           
000011c5  vTaskRemoveFromUnorderedEventList  
0000125b  vTaskSetTimeOutState               
0000128d  vTaskInternalSetTimeOutState       
000012a7  xTaskCheckForTimeOut               
00001359  vTaskMissedYield                   
00001361  uxTaskGetTaskNumber                
00001381  vTaskSetTaskNumber                 
000013fd  eTaskConfirmSleepModeStatus        
00001459  vTaskSetThreadLocalStoragePointer  
000014a1  pvTaskGetThreadLocalStoragePointer 
00001575  vTaskGetInfo                       
0000174b  xTaskGetCurrentTaskHandle          
0000175b  xTaskGetSchedulerState             
000017a5  xTaskPriorityInherit               
0000186d  xTaskPriorityDisinherit            
00001939  vTaskPriorityDisinheritAfterTimeout
00001a33  uxTaskResetEventItemValue          
00001a55  pvTaskIncrementMutexHeldCount      
00001a75  ulTaskGenericNotifyTake            
00001b2d  xTaskGenericNotifyWait             
00001c11  xTaskGenericNotify                 
00001d87  xTaskGenericNotifyFromISR          
00001f35  vTaskGenericNotifyGiveFromISR      
0000203f  xTaskGenericNotifyStateClear       
000020a3  ulTaskGenericNotifyValueClear      
000021a9  xQueueGenericReset                 
0000225d  xQueueGenericCreate                
00002353  xQueueCreateMutex                  
0000237f  xQueueGiveMutexRecursive           
000023cf  xQueueTakeMutexRecursive           
00002427  xQueueCreateCountingSemaphore      
00002485  xQueueGenericSend                  
00002639  xQueueGenericSendFromISR           
00002765  xQueueGiveFromISR                  
00002873  xQueueReceive                      
000029eb  xQueueSemaphoreTake                
00002bbd  xQueuePeek                         
00002d3b  xQueueReceiveFromISR               
00002e31  xQueuePeekFromISR                  
00002edd  uxQueueMessagesWaiting             
00002f0d  uxQueueSpacesAvailable             
00002f41  uxQueueMessagesWaitingFromISR      
00002f6b  vQueueDelete                       
00002f8f  uxQueueGetQueueNumber              
00002f9d  vQueueSetQueueNumber               
00002faf  ucQueueGetQueueType                
000031a9  xQueueIsQueueEmptyFromISR          
00003203  xQueueIsQueueFullFromISR           
0000323d  vQueueWaitForMessageRestricted     
00003299  __TI_printfi                       
00003ce7  _nop                               
00003ce9  xTimerCreateTimerTask              
00003d29  xTimerCreate                       
00003dcb  xTimerGenericCommand               
00003e4b  xTimerGetTimerDaemonTaskHandle     
00003e6d  xTimerGetPeriod                    
00003e93  vTimerSetReloadMode                
00003edd  uxTimerGetReloadMode               
00003f19  xTimerGetExpiryTime                
00003f43  pcTimerGetName                     
000043c1  xTimerIsTimerActive                
000043fd  pvTimerGetTimerID                  
0000442b  vTimerSetTimerID                   
00004459  uxTimerGetTimerNumber              
00004467  vTimerSetTimerNumber               
0000448d  pxPortInitialiseStack              
00004519  xPortStartScheduler                
000045d1  vPortEndScheduler                  
000045f5  vPortEnterCritical                 
00004637  vPortExitCritical                  
00004663  xPortSysTickHandler                
00004691  vPortSuppressTicksAndSleep         
000047e9  vPortSetupTimerInterrupt           
00004831  vPortValidateInterruptPriority     
000048c5  pvPortMalloc                       
00004a2f  vPortFree                          
00004ac9  xPortGetFreeHeapSize               
00004acf  xPortGetMinimumEverFreeHeapSize    
00004ad5  vPortInitialiseBlocks              
00004c31  vPortGetHeapStats                  
00004e95  fputc                              
00004eb3  ece353_staff_led1                  
00004edb  ece353_staff_MKII_S1               
00004eeb  ece353_staff_MKII_S2               
00004efb  ece353_staff_RGB_LED               
00004f63  ece353_staff_MKII_RGB_LED          
00004fcb  ece353_staff_init                  
00005091  SystemCoreClockUpdate              
00005309  SystemInit                         
00005825  __aeabi_dsub                       
0000582f  __aeabi_dadd                       
000059db  __aeabi_idiv0                      
000059db  __aeabi_ldiv0                      
000059dd  Task_Console                       
00005c59  __aeabi_ddiv                       
00005d91  main                               
00005e17  vApplicationMallocFailedHook       
00005e19  vApplicationStackOverflowHook      
00005ec5  vListInitialise                    
00005ef5  vListInitialiseItem                
00005f05  vListInsertEnd                     
00005f41  vListInsert                        
00005fa7  uxListRemove                       
00006115  fputs                              
00006229  ldexp                              
00006229  ldexpl                             
00006229  scalbn                             
00006229  scalbnl                            
00006339  aligned_alloc                      
00006339  memalign                           
00006441  Task_Joystick_Timer                
00006457  Task_Joystick_Bottom_Half          
000064e7  ADC14_IRQHandler                   
000064e7  ADC14_IRQHandler                   
00006541  __aeabi_dmul                       
0000663d  free                               
00006721  setvbuf                            
0000680d  ulPortGetIPSR                      
00006825  xPortPendSVHandler                 
00006885  vPortSVCHandler                    
000068a5  vPortStartFirstTask                
000068c9  vPortEnableVFP                     
0000698b  __aeabi_memcpy                     
0000698b  __aeabi_memcpy4                    
0000698b  __aeabi_memcpy8                    
0000698b  memcpy                             
00006a27  __aeabi_uldivmod                   
00006abd  __aeabi_cdcmpeq                    
00006abd  __aeabi_cdcmple                    
00006b43  __aeabi_cdrcmple                   
00006bc9  __aeabi_memclr                     
00006bc9  __aeabi_memclr4                    
00006bc9  __aeabi_memclr8                    
00006bcb  __aeabi_memset                     
00006bcb  __aeabi_memset4                    
00006bcb  __aeabi_memset8                    
00006bd1  memset                             
00006c45  __TI_closefile                     
00006d99  HOSTrename                         
00006e05  HOSTlseek                          
00006e6d  __TI_decompress_lzss               
00006ed5  printf                             
00006f3d  frexp                              
00006f3d  frexpl                             
00006fa1  fseek                              
00007005  __TI_wrt_ok                        
00007069  HOSTopen                           
000070c9  close                              
00007125  HOSTread                           
0000717d  HOSTwrite                          
0000722b  __TI_ltoa                          
000072d1  __TI_doflush                       
0000731d  atoi                               
00007369  exit                               
000073b1  __aeabi_d2iz                       
000073f9  HOSTclose                          
0000743d  HOSTunlink                         
00007481  __TI_auto_init_nobinit_nopinit     
000074c5  getdevice                          
00007549  __TI_writemsg                      
00007577  C$$IO$$                            
00007581  strncpy                            
000075b9  __TI_cleanup                       
000075ed  __TI_readmsg                       
00007621  _c_int00_noargs                    
00007655  finddevice                         
00007685  __aeabi_i2d                        
000076b5  remove                             
000076b5  unlink                             
00007709  lseek                              
00007731  write                              
00007759  memchr                             
00007795  memccpy                            
000077b1  copysign                           
000077b1  copysignl                          
000077cb  strcmp                             
000077e3  strchr                             
000077f9  strcpy                             
0000780d  strlen                             
00007821  wcslen                             
00007833  __TI_decompress_none               
00007841  Reset_Handler                      
0000784d  AES256_IRQHandler                  
0000784d  BusFault_Handler                   
0000784d  COMP_E0_IRQHandler                 
0000784d  COMP_E1_IRQHandler                 
0000784d  CS_IRQHandler                      
0000784d  DMA_ERR_IRQHandler                 
0000784d  DMA_INT0_IRQHandler                
0000784d  DMA_INT1_IRQHandler                
0000784d  DMA_INT2_IRQHandler                
0000784d  DMA_INT3_IRQHandler                
0000784d  DebugMon_Handler                   
0000784d  Default_Handler                    
0000784d  EUSCIA0_IRQHandler                 
0000784d  EUSCIA1_IRQHandler                 
0000784d  EUSCIA2_IRQHandler                 
0000784d  EUSCIA3_IRQHandler                 
0000784d  EUSCIB0_IRQHandler                 
0000784d  EUSCIB1_IRQHandler                 
0000784d  EUSCIB2_IRQHandler                 
0000784d  EUSCIB3_IRQHandler                 
0000784d  FLCTL_IRQHandler                   
0000784d  FPU_IRQHandler                     
0000784d  HardFault_Handler                  
0000784d  MemManage_Handler                  
0000784d  NMI_Handler                        
0000784d  PCM_IRQHandler                     
0000784d  PORT1_IRQHandler                   
0000784d  PORT2_IRQHandler                   
0000784d  PORT3_IRQHandler                   
0000784d  PORT4_IRQHandler                   
0000784d  PORT5_IRQHandler                   
0000784d  PORT6_IRQHandler                   
0000784d  PSS_IRQHandler                     
0000784d  PendSV_Handler                     
0000784d  RTC_C_IRQHandler                   
0000784d  SVC_Handler                        
0000784d  SysTick_Handler                    
0000784d  T32_INT1_IRQHandler                
0000784d  T32_INT2_IRQHandler                
0000784d  T32_INTC_IRQHandler                
0000784d  TA0_0_IRQHandler                   
0000784d  TA0_N_IRQHandler                   
0000784d  TA1_0_IRQHandler                   
0000784d  TA1_N_IRQHandler                   
0000784d  TA2_0_IRQHandler                   
0000784d  TA2_N_IRQHandler                   
0000784d  TA3_0_IRQHandler                   
0000784d  TA3_N_IRQHandler                   
0000784d  UsageFault_Handler                 
0000784d  WDT_A_IRQHandler                   
0000784f  __TI_zero_init                     
0000785d  __aeabi_errno_addr                 
00007865  malloc                             
00007875  _system_pre_init                   
00007879  C$$EXIT                            
00007879  abort                              
0000787c  _ctypes_                           
00007980  ulMaxSyscallInterruptPriority      
00007a04  __TI_Handler_Table_Base            
00007a10  __TI_Handler_Table_Limit           
00007a18  __TI_CINIT_Base                    
00007a28  __TI_CINIT_Limit                   
20000000  __start___llvm_prf_cnts            
20000000  __stop___llvm_prf_cnts             
20008000  __CIOBUF_                          
200081e8  __TI_tmpnams                       
2000832c  parmbuf                            
20008334  Queue_Console                      
20008338  Task_Console_Handle                
2000833c  Task_Joystick_Handle               
20008340  Task_Joystick_Timer_Handle         
20008348  _sys_memory                        
20008748  _ftable                            
20008838  _device                            
200088b0  _stream                            
20008900  pxCurrentTCB                       
20008964  __TI_ft_end                        
20008968  __aeabi_stdin                      
2000896c  __aeabi_stdout                     
20008970  __aeabi_stderr                     
20008974  __TI_cleanup_ptr                   
20008978  __TI_dtors_ptr                     
2000897c  __TI_enable_exit_profile_output    
2000898c  _lock                              
20008990  _unlock                            
2000899c  JOYSTICK_X_DIR                     
200089a0  JOYSTICK_Y_DIR                     
200089a4  errno                              
200089a8  SystemCoreClock                    
2000fe00  __stack                            
20010000  __STACK_END                        
4000480c  WDTCTL_SYM                         
ffffffff  __TI_pprof_out_hndl                
ffffffff  __TI_prof_data_size                
ffffffff  __TI_prof_data_start               
ffffffff  __binit__                          
ffffffff  __c_args__                         
ffffffff  binit                              
UNDEFED   __mpu_init                         
UNDEFED   _system_post_cinit                 

[317 symbols]
