******************************************************************************
                  TI ARM Linker PC v20.2.1                     
******************************************************************************
>> Linked Mon Sep 28 11:27:23 2020

OUTPUT FILE NAME:   <05-ICE-IO-Interrupts.out>
ENTRY POINT SYMBOL: "_c_int00_noargs"  address: 00000bb5


MEMORY CONFIGURATION

         name            origin    length      used     unused   attr    fill
----------------------  --------  ---------  --------  --------  ----  --------
  MAIN                  00000000   00040000  00000c8c  0003f374  R  X
  INFO                  00200000   00004000  00000000  00004000  R  X
  SRAM_CODE             01000000   00010000  00000210  0000fdf0  RW X
  SRAM_DATA             20000000   00010000  00000210  0000fdf0  RW  


SEGMENT ALLOCATION MAP

run origin  load origin   length   init length attrs members
----------  ----------- ---------- ----------- ----- -------
00000000    00000000    00000c90   00000c90    r-x
  00000000    00000000    000000e4   000000e4    r-- .intvecs
  000000e4    000000e4    00000b70   00000b70    r-x .text
  00000c58    00000c58    00000038   00000038    r-- .cinit
20000000    20000000    00000010   00000000    rw-
  20000000    20000000    0000000c   00000000    rw- .data
  2000000c    2000000c    00000004   00000000    rw- .bss
2000fe00    2000fe00    00000200   00000000    rw-
  2000fe00    2000fe00    00000200   00000000    rw- .stack


SECTION ALLOCATION MAP

 output                                  attributes/
section   page    origin      length       input sections
--------  ----  ----------  ----------   ----------------
.intvecs   0    00000000    000000e4     
                  00000000    000000e4     startup_msp432p401r_ccs.obj (.intvecs:retain)

.text      0    000000e4    00000b70     
                  000000e4    00000528     ece353.obj (.text)
                  0000060c    00000334     system_msp432p401r.obj (.text)
                  00000940    0000012c     interrupts.obj (.text)
                  00000a6c    0000009c     rtsv7M4_T_le_v4SPD16_eabi.lib : memcpy_t2.asm.obj (.text)
                  00000b08    00000068                                   : copy_decompress_lzss.c.obj (.text:decompress:lzss:__TI_decompress_lzss)
                  00000b70    00000044                                   : autoinit.c.obj (.text:__TI_auto_init_nobinit_nopinit:__TI_auto_init_nobinit_nopinit)
                  00000bb4    00000034                                   : boot_cortex_m.c.obj (.text:_c_int00_noargs:_c_int00_noargs)
                  00000be8    0000002c     main.obj (.text)
                  00000c14    0000001c     rtsv7M4_T_le_v4SPD16_eabi.lib : copy_zero_init.c.obj (.text:decompress:ZI:__TI_zero_init_nomemset:__TI_zero_init_nomemset)
                  00000c30    0000000e                                   : copy_decompress_none.c.obj (.text:decompress:none:__TI_decompress_none)
                  00000c3e    0000000e     startup_msp432p401r_ccs.obj (.text)
                  00000c4c    00000004     rtsv7M4_T_le_v4SPD16_eabi.lib : pre_init.c.obj (.text:_system_pre_init)
                  00000c50    00000004                                   : exit.c.obj (.text:abort:abort)

.cinit     0    00000c58    00000038     
                  00000c58    00000010     (.cinit..data.load) [load image, compression = lzss]
                  00000c68    0000000c     (__TI_handler_table)
                  00000c74    00000004     --HOLE-- [fill = 0]
                  00000c78    00000008     (.cinit..bss.load) [load image, compression = zero_init]
                  00000c80    00000010     (__TI_cinit_table)

.init_array 
*          0    00000000    00000000     UNINITIALIZED

.binit     0    00000000    00000000     

.data      0    20000000    0000000c     UNINITIALIZED
                  20000000    00000008     interrupts.obj (.data)
                  20000008    00000004     system_msp432p401r.obj (.data)

.bss       0    2000000c    00000004     UNINITIALIZED
                  2000000c    00000004     (.common:cnt)

.stack     0    2000fe00    00000200     UNINITIALIZED
                  2000fe00    00000004     rtsv7M4_T_le_v4SPD16_eabi.lib : boot_cortex_m.c.obj (.stack)
                  2000fe04    000001fc     --HOLE--

__llvm_prf_cnts 
*          0    20000000    00000000     UNINITIALIZED

MODULE SUMMARY

       Module                        code   ro data   rw data
       ------                        ----   -------   -------
    .\
       ece353.obj                    1320   0         0      
       system_msp432p401r.obj        820    0         8      
       interrupts.obj                300    0         24     
       startup_msp432p401r_ccs.obj   14     228       0      
       main.obj                      44     0         0      
    +--+-----------------------------+------+---------+---------+
       Total:                        2498   228       32     
                                                             
    C:\ti\ccs1010\ccs\tools\compiler\ti-cgt-arm_20.2.1.LTS\lib\rtsv7M4_T_le_v4SPD16_eabi.lib
       memcpy_t2.asm.obj             156    0         0      
       copy_decompress_lzss.c.obj    104    0         0      
       autoinit.c.obj                68     0         0      
       boot_cortex_m.c.obj           52     0         0      
       copy_zero_init.c.obj          28     0         0      
       copy_decompress_none.c.obj    14     0         0      
       exit.c.obj                    4      0         0      
       pre_init.c.obj                4      0         0      
    +--+-----------------------------+------+---------+---------+
       Total:                        430    0         0      
                                                             
       Stack:                        0      0         1024   
       Linker Generated:             0      52        0      
    +--+-----------------------------+------+---------+---------+
       Grand Total:                  2928   280       1056   


LINKER GENERATED COPY TABLES

__TI_cinit_table @ 00000c80 records: 2, size/record: 8, table size: 16
	.data: load addr=00000c58, load size=00000010 bytes, run addr=20000000, run size=0000000c bytes, compression=lzss
	.bss: load addr=00000c78, load size=00000008 bytes, run addr=2000000c, run size=00000004 bytes, compression=zero_init


LINKER GENERATED HANDLER TABLE

__TI_handler_table @ 00000c68 records: 3, size/record: 4, table size: 12
	index: 0, handler: __TI_decompress_lzss
	index: 1, handler: __TI_decompress_none
	index: 2, handler: __TI_zero_init


GLOBAL SYMBOLS: SORTED ALPHABETICALLY BY Name 

address   name                          
-------   ----                          
00000c4b  ADC14_IRQHandler              
00000c4b  AES256_IRQHandler             
20000000  ALERT_S1_PRESSED              
00000c4b  BusFault_Handler              
00000c51  C$$EXIT                       
00000c4b  COMP_E0_IRQHandler            
00000c4b  COMP_E1_IRQHandler            
00000c4b  CS_IRQHandler                 
00000c4b  DMA_ERR_IRQHandler            
00000c4b  DMA_INT0_IRQHandler           
00000c4b  DMA_INT1_IRQHandler           
00000c4b  DMA_INT2_IRQHandler           
00000c4b  DMA_INT3_IRQHandler           
00000c4b  DebugMon_Handler              
00000c4b  Default_Handler               
00000c4b  EUSCIA0_IRQHandler            
00000c4b  EUSCIA1_IRQHandler            
00000c4b  EUSCIA2_IRQHandler            
00000c4b  EUSCIA3_IRQHandler            
00000c4b  EUSCIB0_IRQHandler            
00000c4b  EUSCIB1_IRQHandler            
00000c4b  EUSCIB2_IRQHandler            
00000c4b  EUSCIB3_IRQHandler            
00000c4b  FLCTL_IRQHandler              
00000c4b  FPU_IRQHandler                
00000c4b  HardFault_Handler             
00000c4b  MemManage_Handler             
00000c4b  NMI_Handler                   
00000c4b  PCM_IRQHandler                
00000c4b  PORT1_IRQHandler              
00000c4b  PORT2_IRQHandler              
00000c4b  PORT3_IRQHandler              
00000c4b  PORT4_IRQHandler              
00000a17  PORT5_IRQHandler              
00000a17  PORT5_IRQHandler              
00000c4b  PORT6_IRQHandler              
00000c4b  PSS_IRQHandler                
00000c4b  PendSV_Handler                
00000c4b  RTC_C_IRQHandler              
00000c3f  Reset_Handler                 
00000c4b  SVC_Handler                   
00000c4b  SysTick_Handler               
20000008  SystemCoreClock               
0000060d  SystemCoreClockUpdate         
00000885  SystemInit                    
000009ab  T32_INT1_IRQHandler           
000009ab  T32_INT1_IRQHandler           
00000c4b  T32_INT2_IRQHandler           
00000c4b  T32_INTC_IRQHandler           
00000c4b  TA0_0_IRQHandler              
00000c4b  TA0_N_IRQHandler              
00000c4b  TA1_0_IRQHandler              
00000c4b  TA1_N_IRQHandler              
00000c4b  TA2_0_IRQHandler              
00000c4b  TA2_N_IRQHandler              
00000c4b  TA3_0_IRQHandler              
00000c4b  TA3_N_IRQHandler              
00000c4b  UsageFault_Handler            
4000480c  WDTCTL_SYM                    
00000c4b  WDT_A_IRQHandler              
20010000  __STACK_END                   
00000200  __STACK_SIZE                  
00000c80  __TI_CINIT_Base               
00000c90  __TI_CINIT_Limit              
00000c68  __TI_Handler_Table_Base       
00000c74  __TI_Handler_Table_Limit      
00000b71  __TI_auto_init_nobinit_nopinit
00000b09  __TI_decompress_lzss          
00000c31  __TI_decompress_none          
ffffffff  __TI_pprof_out_hndl           
ffffffff  __TI_prof_data_size           
ffffffff  __TI_prof_data_start          
00000000  __TI_static_base__            
00000c15  __TI_zero_init_nomemset       
00000a6d  __aeabi_memcpy                
00000a6d  __aeabi_memcpy4               
00000a6d  __aeabi_memcpy8               
ffffffff  __binit__                     
ffffffff  __c_args__                    
UNDEFED   __mpu_init                    
2000fe00  __stack                       
20000000  __start___llvm_prf_cnts       
20000000  __stop___llvm_prf_cnts        
00000bb5  _c_int00_noargs               
UNDEFED   _system_post_cinit            
00000c4d  _system_pre_init              
00000c51  abort                         
ffffffff  binit                         
2000000c  cnt                           
00000351  ece353_MKII_Buzzer_Init       
000003c7  ece353_MKII_Buzzer_Off        
000003ad  ece353_MKII_Buzzer_On         
000003d5  ece353_MKII_Buzzer_Run_Status 
000003e9  ece353_MKII_RGB_IO_Init       
00000499  ece353_MKII_RGB_PWM           
00000331  ece353_MKII_S1                
00000319  ece353_MKII_S1_Init           
00000341  ece353_MKII_S2                
00000325  ece353_MKII_S2_Init           
00000293  ece353_T32_1_wait             
000002c1  ece353_T32_1_wait_100mS       
00000569  ece353_Timer32_1_Interrupt_Ms 
000001ad  ece353_button1                
00000165  ece353_button1_init           
000002f1  ece353_button1_wait_for_press 
00000283  ece353_button2                
00000263  ece353_button2_init           
00000185  ece353_led1                   
0000014f  ece353_led1_init              
000001fb  ece353_rgb                    
000001bd  ece353_rgb_init               
000009e5  ice05_init_s1                 
00000000  interruptVectors              
00000be9  main                          
00000a6d  memcpy                        


GLOBAL SYMBOLS: SORTED BY Symbol Address 

address   name                          
-------   ----                          
00000000  __TI_static_base__            
00000000  interruptVectors              
0000014f  ece353_led1_init              
00000165  ece353_button1_init           
00000185  ece353_led1                   
000001ad  ece353_button1                
000001bd  ece353_rgb_init               
000001fb  ece353_rgb                    
00000200  __STACK_SIZE                  
00000263  ece353_button2_init           
00000283  ece353_button2                
00000293  ece353_T32_1_wait             
000002c1  ece353_T32_1_wait_100mS       
000002f1  ece353_button1_wait_for_press 
00000319  ece353_MKII_S1_Init           
00000325  ece353_MKII_S2_Init           
00000331  ece353_MKII_S1                
00000341  ece353_MKII_S2                
00000351  ece353_MKII_Buzzer_Init       
000003ad  ece353_MKII_Buzzer_On         
000003c7  ece353_MKII_Buzzer_Off        
000003d5  ece353_MKII_Buzzer_Run_Status 
000003e9  ece353_MKII_RGB_IO_Init       
00000499  ece353_MKII_RGB_PWM           
00000569  ece353_Timer32_1_Interrupt_Ms 
0000060d  SystemCoreClockUpdate         
00000885  SystemInit                    
000009ab  T32_INT1_IRQHandler           
000009ab  T32_INT1_IRQHandler           
000009e5  ice05_init_s1                 
00000a17  PORT5_IRQHandler              
00000a17  PORT5_IRQHandler              
00000a6d  __aeabi_memcpy                
00000a6d  __aeabi_memcpy4               
00000a6d  __aeabi_memcpy8               
00000a6d  memcpy                        
00000b09  __TI_decompress_lzss          
00000b71  __TI_auto_init_nobinit_nopinit
00000bb5  _c_int00_noargs               
00000be9  main                          
00000c15  __TI_zero_init_nomemset       
00000c31  __TI_decompress_none          
00000c3f  Reset_Handler                 
00000c4b  ADC14_IRQHandler              
00000c4b  AES256_IRQHandler             
00000c4b  BusFault_Handler              
00000c4b  COMP_E0_IRQHandler            
00000c4b  COMP_E1_IRQHandler            
00000c4b  CS_IRQHandler                 
00000c4b  DMA_ERR_IRQHandler            
00000c4b  DMA_INT0_IRQHandler           
00000c4b  DMA_INT1_IRQHandler           
00000c4b  DMA_INT2_IRQHandler           
00000c4b  DMA_INT3_IRQHandler           
00000c4b  DebugMon_Handler              
00000c4b  Default_Handler               
00000c4b  EUSCIA0_IRQHandler            
00000c4b  EUSCIA1_IRQHandler            
00000c4b  EUSCIA2_IRQHandler            
00000c4b  EUSCIA3_IRQHandler            
00000c4b  EUSCIB0_IRQHandler            
00000c4b  EUSCIB1_IRQHandler            
00000c4b  EUSCIB2_IRQHandler            
00000c4b  EUSCIB3_IRQHandler            
00000c4b  FLCTL_IRQHandler              
00000c4b  FPU_IRQHandler                
00000c4b  HardFault_Handler             
00000c4b  MemManage_Handler             
00000c4b  NMI_Handler                   
00000c4b  PCM_IRQHandler                
00000c4b  PORT1_IRQHandler              
00000c4b  PORT2_IRQHandler              
00000c4b  PORT3_IRQHandler              
00000c4b  PORT4_IRQHandler              
00000c4b  PORT6_IRQHandler              
00000c4b  PSS_IRQHandler                
00000c4b  PendSV_Handler                
00000c4b  RTC_C_IRQHandler              
00000c4b  SVC_Handler                   
00000c4b  SysTick_Handler               
00000c4b  T32_INT2_IRQHandler           
00000c4b  T32_INTC_IRQHandler           
00000c4b  TA0_0_IRQHandler              
00000c4b  TA0_N_IRQHandler              
00000c4b  TA1_0_IRQHandler              
00000c4b  TA1_N_IRQHandler              
00000c4b  TA2_0_IRQHandler              
00000c4b  TA2_N_IRQHandler              
00000c4b  TA3_0_IRQHandler              
00000c4b  TA3_N_IRQHandler              
00000c4b  UsageFault_Handler            
00000c4b  WDT_A_IRQHandler              
00000c4d  _system_pre_init              
00000c51  C$$EXIT                       
00000c51  abort                         
00000c68  __TI_Handler_Table_Base       
00000c74  __TI_Handler_Table_Limit      
00000c80  __TI_CINIT_Base               
00000c90  __TI_CINIT_Limit              
20000000  ALERT_S1_PRESSED              
20000000  __start___llvm_prf_cnts       
20000000  __stop___llvm_prf_cnts        
20000008  SystemCoreClock               
2000000c  cnt                           
2000fe00  __stack                       
20010000  __STACK_END                   
4000480c  WDTCTL_SYM                    
ffffffff  __TI_pprof_out_hndl           
ffffffff  __TI_prof_data_size           
ffffffff  __TI_prof_data_start          
ffffffff  __binit__                     
ffffffff  __c_args__                    
ffffffff  binit                         
UNDEFED   __mpu_init                    
UNDEFED   _system_post_cinit            

[115 symbols]
