******************************************************************************
                  TI ARM Linker PC v20.2.1                     
******************************************************************************
>> Linked Tue Sep 22 16:59:42 2020

OUTPUT FILE NAME:   <02-EX-Modular-Code.out>
ENTRY POINT SYMBOL: "_c_int00_noargs"  address: 00000a4d


MEMORY CONFIGURATION

         name            origin    length      used     unused   attr    fill
----------------------  --------  ---------  --------  --------  ----  --------
  MAIN                  00000000   00040000  00000abc  0003f544  R  X
  INFO                  00200000   00004000  00000000  00004000  R  X
  SRAM_CODE             01000000   00010000  00000204  0000fdfc  RW X
  SRAM_DATA             20000000   00010000  00000204  0000fdfc  RW  


SEGMENT ALLOCATION MAP

run origin  load origin   length   init length attrs members
----------  ----------- ---------- ----------- ----- -------
00000000    00000000    00000ac0   00000ac0    r-x
  00000000    00000000    000000e4   000000e4    r-- .intvecs
  000000e4    000000e4    000009c0   000009c0    r-x .text
  00000aa8    00000aa8    00000018   00000018    r-- .cinit
20000000    20000000    00000004   00000000    rw-
  20000000    20000000    00000004   00000000    rw- .data
2000fe00    2000fe00    00000200   00000000    rw-
  2000fe00    2000fe00    00000200   00000000    rw- .stack


SECTION ALLOCATION MAP

 output                                  attributes/
section   page    origin      length       input sections
--------  ----  ----------  ----------   ----------------
.intvecs   0    00000000    000000e4     
                  00000000    000000e4     startup_msp432p401r_ccs.obj (.intvecs:retain)

.text      0    000000e4    000009c0     
                  000000e4    00000484     ece353.obj (.text)
                  00000568    00000334     system_msp432p401r.obj (.text)
                  0000089c    0000009c     rtsv7M4_T_le_v4SPD16_eabi.lib : memcpy_t2.asm.obj (.text)
                  00000938    00000068                                   : copy_decompress_lzss.c.obj (.text:decompress:lzss:__TI_decompress_lzss)
                  000009a0    00000068     main.obj (.text)
                  00000a08    00000044     rtsv7M4_T_le_v4SPD16_eabi.lib : autoinit.c.obj (.text:__TI_auto_init_nobinit_nopinit:__TI_auto_init_nobinit_nopinit)
                  00000a4c    00000034                                   : boot_cortex_m.c.obj (.text:_c_int00_noargs:_c_int00_noargs)
                  00000a80    0000000e                                   : copy_decompress_none.c.obj (.text:decompress:none:__TI_decompress_none)
                  00000a8e    0000000e     startup_msp432p401r_ccs.obj (.text)
                  00000a9c    00000004     rtsv7M4_T_le_v4SPD16_eabi.lib : pre_init.c.obj (.text:_system_pre_init)
                  00000aa0    00000004                                   : exit.c.obj (.text:abort:abort)

.cinit     0    00000aa8    00000018     
                  00000aa8    00000008     (.cinit..data.load) [load image, compression = lzss]
                  00000ab0    00000008     (__TI_handler_table)
                  00000ab8    00000008     (__TI_cinit_table)

.init_array 
*          0    00000000    00000000     UNINITIALIZED

.binit     0    00000000    00000000     

.data      0    20000000    00000004     UNINITIALIZED
                  20000000    00000004     system_msp432p401r.obj (.data)

.stack     0    2000fe00    00000200     UNINITIALIZED
                  2000fe00    00000004     rtsv7M4_T_le_v4SPD16_eabi.lib : boot_cortex_m.c.obj (.stack)
                  2000fe04    000001fc     --HOLE--

__llvm_prf_cnts 
*          0    20000000    00000000     UNINITIALIZED

MODULE SUMMARY

       Module                        code   ro data   rw data
       ------                        ----   -------   -------
    .\
       ece353.obj                    1156   0         0      
       system_msp432p401r.obj        820    0         8      
       startup_msp432p401r_ccs.obj   14     228       0      
       main.obj                      104    0         0      
    +--+-----------------------------+------+---------+---------+
       Total:                        2094   228       8      
                                                             
    C:\ti\ccs1010\ccs\tools\compiler\ti-cgt-arm_20.2.1.LTS\lib\rtsv7M4_T_le_v4SPD16_eabi.lib
       memcpy_t2.asm.obj             156    0         0      
       copy_decompress_lzss.c.obj    104    0         0      
       autoinit.c.obj                68     0         0      
       boot_cortex_m.c.obj           52     0         0      
       copy_decompress_none.c.obj    14     0         0      
       exit.c.obj                    4      0         0      
       pre_init.c.obj                4      0         0      
    +--+-----------------------------+------+---------+---------+
       Total:                        402    0         0      
                                                             
       Stack:                        0      0         1024   
       Linker Generated:             0      24        0      
    +--+-----------------------------+------+---------+---------+
       Grand Total:                  2496   252       1032   


LINKER GENERATED COPY TABLES

__TI_cinit_table @ 00000ab8 records: 1, size/record: 8, table size: 8
	.data: load addr=00000aa8, load size=00000008 bytes, run addr=20000000, run size=00000004 bytes, compression=lzss


LINKER GENERATED HANDLER TABLE

__TI_handler_table @ 00000ab0 records: 2, size/record: 4, table size: 8
	index: 0, handler: __TI_decompress_lzss
	index: 1, handler: __TI_decompress_none


GLOBAL SYMBOLS: SORTED ALPHABETICALLY BY Name 

address   name                          
-------   ----                          
00000a9b  ADC14_IRQHandler              
00000a9b  AES256_IRQHandler             
00000a9b  BusFault_Handler              
00000aa1  C$$EXIT                       
00000a9b  COMP_E0_IRQHandler            
00000a9b  COMP_E1_IRQHandler            
00000a9b  CS_IRQHandler                 
00000a9b  DMA_ERR_IRQHandler            
00000a9b  DMA_INT0_IRQHandler           
00000a9b  DMA_INT1_IRQHandler           
00000a9b  DMA_INT2_IRQHandler           
00000a9b  DMA_INT3_IRQHandler           
00000a9b  DebugMon_Handler              
00000a9b  Default_Handler               
00000a9b  EUSCIA0_IRQHandler            
00000a9b  EUSCIA1_IRQHandler            
00000a9b  EUSCIA2_IRQHandler            
00000a9b  EUSCIA3_IRQHandler            
00000a9b  EUSCIB0_IRQHandler            
00000a9b  EUSCIB1_IRQHandler            
00000a9b  EUSCIB2_IRQHandler            
00000a9b  EUSCIB3_IRQHandler            
00000a9b  FLCTL_IRQHandler              
00000a9b  FPU_IRQHandler                
00000a9b  HardFault_Handler             
00000a9b  MemManage_Handler             
00000a9b  NMI_Handler                   
00000a9b  PCM_IRQHandler                
00000a9b  PORT1_IRQHandler              
00000a9b  PORT2_IRQHandler              
00000a9b  PORT3_IRQHandler              
00000a9b  PORT4_IRQHandler              
00000a9b  PORT5_IRQHandler              
00000a9b  PORT6_IRQHandler              
00000a9b  PSS_IRQHandler                
00000a9b  PendSV_Handler                
00000a9b  RTC_C_IRQHandler              
00000a8f  Reset_Handler                 
00000a9b  SVC_Handler                   
00000a9b  SysTick_Handler               
20000000  SystemCoreClock               
00000569  SystemCoreClockUpdate         
000007e1  SystemInit                    
00000a9b  T32_INT1_IRQHandler           
00000a9b  T32_INT2_IRQHandler           
00000a9b  T32_INTC_IRQHandler           
00000a9b  TA0_0_IRQHandler              
00000a9b  TA0_N_IRQHandler              
00000a9b  TA1_0_IRQHandler              
00000a9b  TA1_N_IRQHandler              
00000a9b  TA2_0_IRQHandler              
00000a9b  TA2_N_IRQHandler              
00000a9b  TA3_0_IRQHandler              
00000a9b  TA3_N_IRQHandler              
00000a9b  UsageFault_Handler            
4000480c  WDTCTL_SYM                    
00000a9b  WDT_A_IRQHandler              
20010000  __STACK_END                   
00000200  __STACK_SIZE                  
00000ab8  __TI_CINIT_Base               
00000ac0  __TI_CINIT_Limit              
00000ab0  __TI_Handler_Table_Base       
00000ab8  __TI_Handler_Table_Limit      
00000a09  __TI_auto_init_nobinit_nopinit
00000939  __TI_decompress_lzss          
00000a81  __TI_decompress_none          
ffffffff  __TI_pprof_out_hndl           
ffffffff  __TI_prof_data_size           
ffffffff  __TI_prof_data_start          
00000000  __TI_static_base__            
0000089d  __aeabi_memcpy                
0000089d  __aeabi_memcpy4               
0000089d  __aeabi_memcpy8               
ffffffff  __binit__                     
ffffffff  __c_args__                    
UNDEFED   __mpu_init                    
2000fe00  __stack                       
20000000  __start___llvm_prf_cnts       
20000000  __stop___llvm_prf_cnts        
00000a4d  _c_int00_noargs               
UNDEFED   _system_post_cinit            
00000a9d  _system_pre_init              
00000aa1  abort                         
ffffffff  binit                         
000009a1  delay_tick                    
000002fd  ece353_MKII_Buzzer_Init       
00000373  ece353_MKII_Buzzer_Off        
00000359  ece353_MKII_Buzzer_On         
00000381  ece353_MKII_Buzzer_Run_Status 
00000395  ece353_MKII_RGB_IO_Init       
00000439  ece353_MKII_RGB_PWM           
000002dd  ece353_MKII_S1                
000002c5  ece353_MKII_S1_Init           
000002ed  ece353_MKII_S2                
000002d1  ece353_MKII_S2_Init           
00000229  ece353_T32_1_wait             
00000257  ece353_T32_1_wait_100mS       
00000143  ece353_button1                
000000fb  ece353_button1_init           
00000287  ece353_button1_wait_for_press 
00000219  ece353_button2                
000001f9  ece353_button2_init           
0000011b  ece353_led1                   
000000e5  ece353_led1_init              
00000191  ece353_rgb                    
00000153  ece353_rgb_init               
00000000  interruptVectors              
000009c5  main                          
0000089d  memcpy                        


GLOBAL SYMBOLS: SORTED BY Symbol Address 

address   name                          
-------   ----                          
00000000  __TI_static_base__            
00000000  interruptVectors              
000000e5  ece353_led1_init              
000000fb  ece353_button1_init           
0000011b  ece353_led1                   
00000143  ece353_button1                
00000153  ece353_rgb_init               
00000191  ece353_rgb                    
000001f9  ece353_button2_init           
00000200  __STACK_SIZE                  
00000219  ece353_button2                
00000229  ece353_T32_1_wait             
00000257  ece353_T32_1_wait_100mS       
00000287  ece353_button1_wait_for_press 
000002c5  ece353_MKII_S1_Init           
000002d1  ece353_MKII_S2_Init           
000002dd  ece353_MKII_S1                
000002ed  ece353_MKII_S2                
000002fd  ece353_MKII_Buzzer_Init       
00000359  ece353_MKII_Buzzer_On         
00000373  ece353_MKII_Buzzer_Off        
00000381  ece353_MKII_Buzzer_Run_Status 
00000395  ece353_MKII_RGB_IO_Init       
00000439  ece353_MKII_RGB_PWM           
00000569  SystemCoreClockUpdate         
000007e1  SystemInit                    
0000089d  __aeabi_memcpy                
0000089d  __aeabi_memcpy4               
0000089d  __aeabi_memcpy8               
0000089d  memcpy                        
00000939  __TI_decompress_lzss          
000009a1  delay_tick                    
000009c5  main                          
00000a09  __TI_auto_init_nobinit_nopinit
00000a4d  _c_int00_noargs               
00000a81  __TI_decompress_none          
00000a8f  Reset_Handler                 
00000a9b  ADC14_IRQHandler              
00000a9b  AES256_IRQHandler             
00000a9b  BusFault_Handler              
00000a9b  COMP_E0_IRQHandler            
00000a9b  COMP_E1_IRQHandler            
00000a9b  CS_IRQHandler                 
00000a9b  DMA_ERR_IRQHandler            
00000a9b  DMA_INT0_IRQHandler           
00000a9b  DMA_INT1_IRQHandler           
00000a9b  DMA_INT2_IRQHandler           
00000a9b  DMA_INT3_IRQHandler           
00000a9b  DebugMon_Handler              
00000a9b  Default_Handler               
00000a9b  EUSCIA0_IRQHandler            
00000a9b  EUSCIA1_IRQHandler            
00000a9b  EUSCIA2_IRQHandler            
00000a9b  EUSCIA3_IRQHandler            
00000a9b  EUSCIB0_IRQHandler            
00000a9b  EUSCIB1_IRQHandler            
00000a9b  EUSCIB2_IRQHandler            
00000a9b  EUSCIB3_IRQHandler            
00000a9b  FLCTL_IRQHandler              
00000a9b  FPU_IRQHandler                
00000a9b  HardFault_Handler             
00000a9b  MemManage_Handler             
00000a9b  NMI_Handler                   
00000a9b  PCM_IRQHandler                
00000a9b  PORT1_IRQHandler              
00000a9b  PORT2_IRQHandler              
00000a9b  PORT3_IRQHandler              
00000a9b  PORT4_IRQHandler              
00000a9b  PORT5_IRQHandler              
00000a9b  PORT6_IRQHandler              
00000a9b  PSS_IRQHandler                
00000a9b  PendSV_Handler                
00000a9b  RTC_C_IRQHandler              
00000a9b  SVC_Handler                   
00000a9b  SysTick_Handler               
00000a9b  T32_INT1_IRQHandler           
00000a9b  T32_INT2_IRQHandler           
00000a9b  T32_INTC_IRQHandler           
00000a9b  TA0_0_IRQHandler              
00000a9b  TA0_N_IRQHandler              
00000a9b  TA1_0_IRQHandler              
00000a9b  TA1_N_IRQHandler              
00000a9b  TA2_0_IRQHandler              
00000a9b  TA2_N_IRQHandler              
00000a9b  TA3_0_IRQHandler              
00000a9b  TA3_N_IRQHandler              
00000a9b  UsageFault_Handler            
00000a9b  WDT_A_IRQHandler              
00000a9d  _system_pre_init              
00000aa1  C$$EXIT                       
00000aa1  abort                         
00000ab0  __TI_Handler_Table_Base       
00000ab8  __TI_CINIT_Base               
00000ab8  __TI_Handler_Table_Limit      
00000ac0  __TI_CINIT_Limit              
20000000  SystemCoreClock               
20000000  __start___llvm_prf_cnts       
20000000  __stop___llvm_prf_cnts        
2000fe00  __stack                       
20010000  __STACK_END                   
4000480c  WDTCTL_SYM                    
ffffffff  __TI_pprof_out_hndl           
ffffffff  __TI_prof_data_size           
ffffffff  __TI_prof_data_start          
ffffffff  __binit__                     
ffffffff  __c_args__                    
ffffffff  binit                         
UNDEFED   __mpu_init                    
UNDEFED   _system_post_cinit            

[109 symbols]
