******************************************************************************
                  TI ARM Linker PC v20.2.1                     
******************************************************************************
>> Linked Sun Dec  6 22:39:04 2020

OUTPUT FILE NAME:   <LCD testing.out>
ENTRY POINT SYMBOL: "_c_int00_noargs"  address: 00000c3d


MEMORY CONFIGURATION

         name            origin    length      used     unused   attr    fill
----------------------  --------  ---------  --------  --------  ----  --------
  MAIN                  00000000   00040000  00001572  0003ea8e  R  X
  INFO                  00200000   00004000  00000000  00004000  R  X
  SRAM_CODE             01000000   00010000  00000204  0000fdfc  RW X
  SRAM_DATA             20000000   00010000  00000204  0000fdfc  RW  


SEGMENT ALLOCATION MAP

run origin  load origin   length   init length attrs members
----------  ----------- ---------- ----------- ----- -------
00000000    00000000    00001578   00001578    r-x
  00000000    00000000    000000e4   000000e4    r-- .intvecs
  000000e4    000000e4    00000bb0   00000bb0    r-x .text
  00000c94    00000c94    000008c6   000008c6    r-- .const
  00001560    00001560    00000018   00000018    r-- .cinit
20000000    20000000    00000004   00000000    rw-
  20000000    20000000    00000004   00000000    rw- .data
2000fe00    2000fe00    00000200   00000000    rw-
  2000fe00    2000fe00    00000200   00000000    rw- .stack


SECTION ALLOCATION MAP

 output                                  attributes/
section   page    origin      length       input sections
--------  ----  ----------  ----------   ----------------
.intvecs   0    00000000    000000e4     
                  00000000    000000e4     startup_msp432p401r_ccs.obj (.intvecs:retain)

.text      0    000000e4    00000bb0     
                  000000e4    00000518     lcd.obj (.text)
                  000005fc    00000354     system_msp432p401r.obj (.text)
                  00000950    000001a4     main.obj (.text)
                  00000af4    0000009c     rtsv7M4_T_le_v4SPD16_eabi.lib : memcpy_t2.asm.obj (.text)
                  00000b90    00000068                                   : copy_decompress_lzss.c.obj (.text:decompress:lzss:__TI_decompress_lzss)
                  00000bf8    00000044                                   : autoinit.c.obj (.text:__TI_auto_init_nobinit_nopinit:__TI_auto_init_nobinit_nopinit)
                  00000c3c    00000034                                   : boot_cortex_m.c.obj (.text:_c_int00_noargs:_c_int00_noargs)
                  00000c70    0000000e                                   : copy_decompress_none.c.obj (.text:decompress:none:__TI_decompress_none)
                  00000c7e    0000000e     startup_msp432p401r_ccs.obj (.text)
                  00000c8c    00000004     rtsv7M4_T_le_v4SPD16_eabi.lib : pre_init.c.obj (.text:_system_pre_init)
                  00000c90    00000004                                   : exit.c.obj (.text:abort:abort)

.const     0    00000c94    000008c6     
                  00000c94    000008c4     image.obj (.const:.string:wisconsinBitmaps)
                  00001558    00000002     image.obj (.const)

.cinit     0    00001560    00000018     
                  00001560    00000008     (.cinit..data.load) [load image, compression = lzss]
                  00001568    00000008     (__TI_handler_table)
                  00001570    00000008     (__TI_cinit_table)

.init_array 
*          0    00000000    00000000     UNINITIALIZED

.binit     0    00000000    00000000     

.data      0    20000000    00000004     UNINITIALIZED
                  20000000    00000004     system_msp432p401r.obj (.data)

.stack     0    2000fe00    00000200     UNINITIALIZED
                  2000fe00    00000004     rtsv7M4_T_le_v4SPD16_eabi.lib : boot_cortex_m.c.obj (.stack)
                  2000fe04    000001fc     --HOLE--

__llvm_prf_cnts 
*          0    20000000    00000000     UNINITIALIZED

MODULE SUMMARY

       Module                        code   ro data   rw data
       ------                        ----   -------   -------
    .\
       image.obj                     0      2246      0      
       lcd.obj                       1304   0         0      
       system_msp432p401r.obj        852    0         8      
       main.obj                      420    0         0      
       startup_msp432p401r_ccs.obj   14     228       0      
    +--+-----------------------------+------+---------+---------+
       Total:                        2590   2474      8      
                                                             
    C:\ti\ccs1010\ccs\tools\compiler\ti-cgt-arm_20.2.1.LTS\lib\rtsv7M4_T_le_v4SPD16_eabi.lib
       memcpy_t2.asm.obj             156    0         0      
       copy_decompress_lzss.c.obj    104    0         0      
       autoinit.c.obj                68     0         0      
       boot_cortex_m.c.obj           52     0         0      
       copy_decompress_none.c.obj    14     0         0      
       exit.c.obj                    4      0         0      
       pre_init.c.obj                4      0         0      
    +--+-----------------------------+------+---------+---------+
       Total:                        402    0         0      
                                                             
       Stack:                        0      0         1024   
       Linker Generated:             0      24        0      
    +--+-----------------------------+------+---------+---------+
       Grand Total:                  2992   2498      1032   


LINKER GENERATED COPY TABLES

__TI_cinit_table @ 00001570 records: 1, size/record: 8, table size: 8
	.data: load addr=00001560, load size=00000008 bytes, run addr=20000000, run size=00000004 bytes, compression=lzss


LINKER GENERATED HANDLER TABLE

__TI_handler_table @ 00001568 records: 2, size/record: 4, table size: 8
	index: 0, handler: __TI_decompress_lzss
	index: 1, handler: __TI_decompress_none


GLOBAL SYMBOLS: SORTED ALPHABETICALLY BY Name 

address   name                            
-------   ----                            
00000c8b  ADC14_IRQHandler                
00000c8b  AES256_IRQHandler               
00000c8b  BusFault_Handler                
00000c91  C$$EXIT                         
00000c8b  COMP_E0_IRQHandler              
00000c8b  COMP_E1_IRQHandler              
00000c8b  CS_IRQHandler                   
0000023d  Crystalfontz128x128_Init        
000001bd  Crystalfontz128x128_SetDrawFrame
00000c8b  DMA_ERR_IRQHandler              
00000c8b  DMA_INT0_IRQHandler             
00000c8b  DMA_INT1_IRQHandler             
00000c8b  DMA_INT2_IRQHandler             
00000c8b  DMA_INT3_IRQHandler             
00000c8b  DebugMon_Handler                
00000c8b  Default_Handler                 
00000c8b  EUSCIA0_IRQHandler              
00000c8b  EUSCIA1_IRQHandler              
00000c8b  EUSCIA2_IRQHandler              
00000c8b  EUSCIA3_IRQHandler              
00000c8b  EUSCIB0_IRQHandler              
00000c8b  EUSCIB1_IRQHandler              
00000c8b  EUSCIB2_IRQHandler              
00000c8b  EUSCIB3_IRQHandler              
00000c8b  FLCTL_IRQHandler                
00000c8b  FPU_IRQHandler                  
000000e5  HAL_LCD_PortInit                
0000012d  HAL_LCD_SpiInit                 
00000161  HAL_LCD_writeCommand            
00000199  HAL_LCD_writeData               
00000c8b  HardFault_Handler               
00000c8b  MemManage_Handler               
00000c8b  NMI_Handler                     
00000c8b  PCM_IRQHandler                  
00000c8b  PORT1_IRQHandler                
00000c8b  PORT2_IRQHandler                
00000c8b  PORT3_IRQHandler                
00000c8b  PORT4_IRQHandler                
00000c8b  PORT5_IRQHandler                
00000c8b  PORT6_IRQHandler                
00000c8b  PSS_IRQHandler                  
00000c8b  PendSV_Handler                  
00000c8b  RTC_C_IRQHandler                
00000c7f  Reset_Handler                   
00000c8b  SVC_Handler                     
00000c8b  SysTick_Handler                 
20000000  SystemCoreClock                 
000005fd  SystemCoreClockUpdate           
00000875  SystemInit                      
00000c8b  T32_INT1_IRQHandler             
00000c8b  T32_INT2_IRQHandler             
00000c8b  T32_INTC_IRQHandler             
00000c8b  TA0_0_IRQHandler                
00000c8b  TA0_N_IRQHandler                
00000c8b  TA1_0_IRQHandler                
00000c8b  TA1_N_IRQHandler                
00000c8b  TA2_0_IRQHandler                
00000c8b  TA2_N_IRQHandler                
00000c8b  TA3_0_IRQHandler                
00000c8b  TA3_N_IRQHandler                
00000c8b  UsageFault_Handler              
4000480c  WDTCTL_SYM                      
00000c8b  WDT_A_IRQHandler                
20010000  __STACK_END                     
00000200  __STACK_SIZE                    
00001570  __TI_CINIT_Base                 
00001578  __TI_CINIT_Limit                
00001568  __TI_Handler_Table_Base         
00001570  __TI_Handler_Table_Limit        
00000bf9  __TI_auto_init_nobinit_nopinit  
00000b91  __TI_decompress_lzss            
00000c71  __TI_decompress_none            
ffffffff  __TI_pprof_out_hndl             
ffffffff  __TI_prof_data_size             
ffffffff  __TI_prof_data_start            
00000000  __TI_static_base__              
00000af5  __aeabi_memcpy                  
00000af5  __aeabi_memcpy4                 
00000af5  __aeabi_memcpy8                 
ffffffff  __binit__                       
ffffffff  __c_args__                      
UNDEFED   __mpu_init                      
2000fe00  __stack                         
20000000  __start___llvm_prf_cnts         
20000000  __stop___llvm_prf_cnts          
00000c3d  _c_int00_noargs                 
UNDEFED   _system_post_cinit              
00000c8d  _system_pre_init                
00000c91  abort                           
ffffffff  binit                           
00000000  interruptVectors                
0000047d  lcd_draw_image                  
0000035f  lcd_draw_rectangle              
00000951  main                            
00000af5  memcpy                          
00000c94  wisconsinBitmaps                
00001559  wisconsinHeightPixels           
00001558  wisconsinWidthPixels            


GLOBAL SYMBOLS: SORTED BY Symbol Address 

address   name                            
-------   ----                            
00000000  __TI_static_base__              
00000000  interruptVectors                
000000e5  HAL_LCD_PortInit                
0000012d  HAL_LCD_SpiInit                 
00000161  HAL_LCD_writeCommand            
00000199  HAL_LCD_writeData               
000001bd  Crystalfontz128x128_SetDrawFrame
00000200  __STACK_SIZE                    
0000023d  Crystalfontz128x128_Init        
0000035f  lcd_draw_rectangle              
0000047d  lcd_draw_image                  
000005fd  SystemCoreClockUpdate           
00000875  SystemInit                      
00000951  main                            
00000af5  __aeabi_memcpy                  
00000af5  __aeabi_memcpy4                 
00000af5  __aeabi_memcpy8                 
00000af5  memcpy                          
00000b91  __TI_decompress_lzss            
00000bf9  __TI_auto_init_nobinit_nopinit  
00000c3d  _c_int00_noargs                 
00000c71  __TI_decompress_none            
00000c7f  Reset_Handler                   
00000c8b  ADC14_IRQHandler                
00000c8b  AES256_IRQHandler               
00000c8b  BusFault_Handler                
00000c8b  COMP_E0_IRQHandler              
00000c8b  COMP_E1_IRQHandler              
00000c8b  CS_IRQHandler                   
00000c8b  DMA_ERR_IRQHandler              
00000c8b  DMA_INT0_IRQHandler             
00000c8b  DMA_INT1_IRQHandler             
00000c8b  DMA_INT2_IRQHandler             
00000c8b  DMA_INT3_IRQHandler             
00000c8b  DebugMon_Handler                
00000c8b  Default_Handler                 
00000c8b  EUSCIA0_IRQHandler              
00000c8b  EUSCIA1_IRQHandler              
00000c8b  EUSCIA2_IRQHandler              
00000c8b  EUSCIA3_IRQHandler              
00000c8b  EUSCIB0_IRQHandler              
00000c8b  EUSCIB1_IRQHandler              
00000c8b  EUSCIB2_IRQHandler              
00000c8b  EUSCIB3_IRQHandler              
00000c8b  FLCTL_IRQHandler                
00000c8b  FPU_IRQHandler                  
00000c8b  HardFault_Handler               
00000c8b  MemManage_Handler               
00000c8b  NMI_Handler                     
00000c8b  PCM_IRQHandler                  
00000c8b  PORT1_IRQHandler                
00000c8b  PORT2_IRQHandler                
00000c8b  PORT3_IRQHandler                
00000c8b  PORT4_IRQHandler                
00000c8b  PORT5_IRQHandler                
00000c8b  PORT6_IRQHandler                
00000c8b  PSS_IRQHandler                  
00000c8b  PendSV_Handler                  
00000c8b  RTC_C_IRQHandler                
00000c8b  SVC_Handler                     
00000c8b  SysTick_Handler                 
00000c8b  T32_INT1_IRQHandler             
00000c8b  T32_INT2_IRQHandler             
00000c8b  T32_INTC_IRQHandler             
00000c8b  TA0_0_IRQHandler                
00000c8b  TA0_N_IRQHandler                
00000c8b  TA1_0_IRQHandler                
00000c8b  TA1_N_IRQHandler                
00000c8b  TA2_0_IRQHandler                
00000c8b  TA2_N_IRQHandler                
00000c8b  TA3_0_IRQHandler                
00000c8b  TA3_N_IRQHandler                
00000c8b  UsageFault_Handler              
00000c8b  WDT_A_IRQHandler                
00000c8d  _system_pre_init                
00000c91  C$$EXIT                         
00000c91  abort                           
00000c94  wisconsinBitmaps                
00001558  wisconsinWidthPixels            
00001559  wisconsinHeightPixels           
00001568  __TI_Handler_Table_Base         
00001570  __TI_CINIT_Base                 
00001570  __TI_Handler_Table_Limit        
00001578  __TI_CINIT_Limit                
20000000  SystemCoreClock                 
20000000  __start___llvm_prf_cnts         
20000000  __stop___llvm_prf_cnts          
2000fe00  __stack                         
20010000  __STACK_END                     
4000480c  WDTCTL_SYM                      
ffffffff  __TI_pprof_out_hndl             
ffffffff  __TI_prof_data_size             
ffffffff  __TI_prof_data_start            
ffffffff  __binit__                       
ffffffff  __c_args__                      
ffffffff  binit                           
UNDEFED   __mpu_init                      
UNDEFED   _system_post_cinit              

[98 symbols]
