<?xml version="1.0" encoding="ISO-8859-1" ?>
<link_info>
   <banner>TI ARM Linker PC v20.2.1.LTS</banner>
   <copyright>Copyright (c) 1996-2018 Texas Instruments Incorporated</copyright>
   <link_time>0x5fceac2d</link_time>
   <link_errors>0x0</link_errors>
   <output_file>16-EX-FreeRTOS-Task-Notification.out</output_file>
   <entry_point>
      <name>_c_int00_noargs</name>
      <address>0x7831</address>
   </entry_point>
   <input_file_list>
      <input_file id="fl-2">
         <path>.\</path>
         <kind>object</kind>
         <file>ece353.obj</file>
         <name>ece353.obj</name>
      </input_file>
      <input_file id="fl-3">
         <path>.\</path>
         <kind>object</kind>
         <file>main.obj</file>
         <name>main.obj</name>
      </input_file>
      <input_file id="fl-4">
         <path>.\</path>
         <kind>object</kind>
         <file>startup_msp432p401r_ccs.obj</file>
         <name>startup_msp432p401r_ccs.obj</name>
      </input_file>
      <input_file id="fl-5">
         <path>.\</path>
         <kind>object</kind>
         <file>system_msp432p401r.obj</file>
         <name>system_msp432p401r.obj</name>
      </input_file>
      <input_file id="fl-6">
         <path>.\</path>
         <kind>object</kind>
         <file>task1.obj</file>
         <name>task1.obj</name>
      </input_file>
      <input_file id="fl-7">
         <path>.\</path>
         <kind>object</kind>
         <file>timer32.obj</file>
         <name>timer32.obj</name>
      </input_file>
      <input_file id="fl-8">
         <path>.\FreeRTOS\</path>
         <kind>object</kind>
         <file>croutine.obj</file>
         <name>croutine.obj</name>
      </input_file>
      <input_file id="fl-9">
         <path>.\FreeRTOS\</path>
         <kind>object</kind>
         <file>event_groups.obj</file>
         <name>event_groups.obj</name>
      </input_file>
      <input_file id="fl-a">
         <path>.\FreeRTOS\</path>
         <kind>object</kind>
         <file>heap_4.obj</file>
         <name>heap_4.obj</name>
      </input_file>
      <input_file id="fl-b">
         <path>.\FreeRTOS\</path>
         <kind>object</kind>
         <file>list.obj</file>
         <name>list.obj</name>
      </input_file>
      <input_file id="fl-c">
         <path>.\FreeRTOS\</path>
         <kind>object</kind>
         <file>queue.obj</file>
         <name>queue.obj</name>
      </input_file>
      <input_file id="fl-d">
         <path>.\FreeRTOS\</path>
         <kind>object</kind>
         <file>stream_buffer.obj</file>
         <name>stream_buffer.obj</name>
      </input_file>
      <input_file id="fl-e">
         <path>.\FreeRTOS\</path>
         <kind>object</kind>
         <file>tasks.obj</file>
         <name>tasks.obj</name>
      </input_file>
      <input_file id="fl-f">
         <path>.\FreeRTOS\</path>
         <kind>object</kind>
         <file>timers.obj</file>
         <name>timers.obj</name>
      </input_file>
      <input_file id="fl-10">
         <path>.\FreeRTOS\portable\</path>
         <kind>object</kind>
         <file>port.obj</file>
         <name>port.obj</name>
      </input_file>
      <input_file id="fl-11">
         <path>.\FreeRTOS\portable\</path>
         <kind>object</kind>
         <file>portasm.obj</file>
         <name>portasm.obj</name>
      </input_file>
      <input_file id="fl-15">
         <kind>object</kind>
         <file>&lt;internal&gt;</file>
         <name>&lt;internal&gt;</name>
      </input_file>
      <input_file id="fl-cb">
         <path>C:\ti\ccs1010\ccs\tools\compiler\ti-cgt-arm_20.2.1.LTS\lib\</path>
         <kind>archive</kind>
         <file>rtsv7M4_T_le_v4SPD16_eabi.lib</file>
         <name>printf.c.obj</name>
      </input_file>
      <input_file id="fl-cc">
         <path>C:\ti\ccs1010\ccs\tools\compiler\ti-cgt-arm_20.2.1.LTS\lib\</path>
         <kind>archive</kind>
         <file>rtsv7M4_T_le_v4SPD16_eabi.lib</file>
         <name>_printfi.c.obj</name>
      </input_file>
      <input_file id="fl-cd">
         <path>C:\ti\ccs1010\ccs\tools\compiler\ti-cgt-arm_20.2.1.LTS\lib\</path>
         <kind>archive</kind>
         <file>rtsv7M4_T_le_v4SPD16_eabi.lib</file>
         <name>fputc.c.obj</name>
      </input_file>
      <input_file id="fl-ce">
         <path>C:\ti\ccs1010\ccs\tools\compiler\ti-cgt-arm_20.2.1.LTS\lib\</path>
         <kind>archive</kind>
         <file>rtsv7M4_T_le_v4SPD16_eabi.lib</file>
         <name>fputs.c.obj</name>
      </input_file>
      <input_file id="fl-cf">
         <path>C:\ti\ccs1010\ccs\tools\compiler\ti-cgt-arm_20.2.1.LTS\lib\</path>
         <kind>archive</kind>
         <file>rtsv7M4_T_le_v4SPD16_eabi.lib</file>
         <name>_io_perm.c.obj</name>
      </input_file>
      <input_file id="fl-d0">
         <path>C:\ti\ccs1010\ccs\tools\compiler\ti-cgt-arm_20.2.1.LTS\lib\</path>
         <kind>archive</kind>
         <file>rtsv7M4_T_le_v4SPD16_eabi.lib</file>
         <name>setvbuf.c.obj</name>
      </input_file>
      <input_file id="fl-d1">
         <path>C:\ti\ccs1010\ccs\tools\compiler\ti-cgt-arm_20.2.1.LTS\lib\</path>
         <kind>archive</kind>
         <file>rtsv7M4_T_le_v4SPD16_eabi.lib</file>
         <name>memset_t2.asm.obj</name>
      </input_file>
      <input_file id="fl-d2">
         <path>C:\ti\ccs1010\ccs\tools\compiler\ti-cgt-arm_20.2.1.LTS\lib\</path>
         <kind>archive</kind>
         <file>rtsv7M4_T_le_v4SPD16_eabi.lib</file>
         <name>fd_add_t2.asm.obj</name>
      </input_file>
      <input_file id="fl-d3">
         <path>C:\ti\ccs1010\ccs\tools\compiler\ti-cgt-arm_20.2.1.LTS\lib\</path>
         <kind>archive</kind>
         <file>rtsv7M4_T_le_v4SPD16_eabi.lib</file>
         <name>fd_cmp_t2.asm.obj</name>
      </input_file>
      <input_file id="fl-d4">
         <path>C:\ti\ccs1010\ccs\tools\compiler\ti-cgt-arm_20.2.1.LTS\lib\</path>
         <kind>archive</kind>
         <file>rtsv7M4_T_le_v4SPD16_eabi.lib</file>
         <name>fd_div_t2.asm.obj</name>
      </input_file>
      <input_file id="fl-d5">
         <path>C:\ti\ccs1010\ccs\tools\compiler\ti-cgt-arm_20.2.1.LTS\lib\</path>
         <kind>archive</kind>
         <file>rtsv7M4_T_le_v4SPD16_eabi.lib</file>
         <name>fd_mul_t2.asm.obj</name>
      </input_file>
      <input_file id="fl-d6">
         <path>C:\ti\ccs1010\ccs\tools\compiler\ti-cgt-arm_20.2.1.LTS\lib\</path>
         <kind>archive</kind>
         <file>rtsv7M4_T_le_v4SPD16_eabi.lib</file>
         <name>fd_toi_t2.asm.obj</name>
      </input_file>
      <input_file id="fl-d7">
         <path>C:\ti\ccs1010\ccs\tools\compiler\ti-cgt-arm_20.2.1.LTS\lib\</path>
         <kind>archive</kind>
         <file>rtsv7M4_T_le_v4SPD16_eabi.lib</file>
         <name>i_tofd_t2.asm.obj</name>
      </input_file>
      <input_file id="fl-d8">
         <path>C:\ti\ccs1010\ccs\tools\compiler\ti-cgt-arm_20.2.1.LTS\lib\</path>
         <kind>archive</kind>
         <file>rtsv7M4_T_le_v4SPD16_eabi.lib</file>
         <name>memcpy_t2.asm.obj</name>
      </input_file>
      <input_file id="fl-d9">
         <path>C:\ti\ccs1010\ccs\tools\compiler\ti-cgt-arm_20.2.1.LTS\lib\</path>
         <kind>archive</kind>
         <file>rtsv7M4_T_le_v4SPD16_eabi.lib</file>
         <name>ull_div_t2.asm.obj</name>
      </input_file>
      <input_file id="fl-da">
         <path>C:\ti\ccs1010\ccs\tools\compiler\ti-cgt-arm_20.2.1.LTS\lib\</path>
         <kind>archive</kind>
         <file>rtsv7M4_T_le_v4SPD16_eabi.lib</file>
         <name>copy_zero_init.c.obj</name>
      </input_file>
      <input_file id="fl-db">
         <path>C:\ti\ccs1010\ccs\tools\compiler\ti-cgt-arm_20.2.1.LTS\lib\</path>
         <kind>archive</kind>
         <file>rtsv7M4_T_le_v4SPD16_eabi.lib</file>
         <name>copy_decompress_none.c.obj</name>
      </input_file>
      <input_file id="fl-dc">
         <path>C:\ti\ccs1010\ccs\tools\compiler\ti-cgt-arm_20.2.1.LTS\lib\</path>
         <kind>archive</kind>
         <file>rtsv7M4_T_le_v4SPD16_eabi.lib</file>
         <name>copy_decompress_lzss.c.obj</name>
      </input_file>
      <input_file id="fl-dd">
         <path>C:\ti\ccs1010\ccs\tools\compiler\ti-cgt-arm_20.2.1.LTS\lib\</path>
         <kind>archive</kind>
         <file>rtsv7M4_T_le_v4SPD16_eabi.lib</file>
         <name>exit.c.obj</name>
      </input_file>
      <input_file id="fl-de">
         <path>C:\ti\ccs1010\ccs\tools\compiler\ti-cgt-arm_20.2.1.LTS\lib\</path>
         <kind>archive</kind>
         <file>rtsv7M4_T_le_v4SPD16_eabi.lib</file>
         <name>_lock.c.obj</name>
      </input_file>
      <input_file id="fl-df">
         <path>C:\ti\ccs1010\ccs\tools\compiler\ti-cgt-arm_20.2.1.LTS\lib\</path>
         <kind>archive</kind>
         <file>rtsv7M4_T_le_v4SPD16_eabi.lib</file>
         <name>_ltoa.c.obj</name>
      </input_file>
      <input_file id="fl-e0">
         <path>C:\ti\ccs1010\ccs\tools\compiler\ti-cgt-arm_20.2.1.LTS\lib\</path>
         <kind>archive</kind>
         <file>rtsv7M4_T_le_v4SPD16_eabi.lib</file>
         <name>atoi.c.obj</name>
      </input_file>
      <input_file id="fl-e1">
         <path>C:\ti\ccs1010\ccs\tools\compiler\ti-cgt-arm_20.2.1.LTS\lib\</path>
         <kind>archive</kind>
         <file>rtsv7M4_T_le_v4SPD16_eabi.lib</file>
         <name>ctype.c.obj</name>
      </input_file>
      <input_file id="fl-e2">
         <path>C:\ti\ccs1010\ccs\tools\compiler\ti-cgt-arm_20.2.1.LTS\lib\</path>
         <kind>archive</kind>
         <file>rtsv7M4_T_le_v4SPD16_eabi.lib</file>
         <name>defs.c.obj</name>
      </input_file>
      <input_file id="fl-e3">
         <path>C:\ti\ccs1010\ccs\tools\compiler\ti-cgt-arm_20.2.1.LTS\lib\</path>
         <kind>archive</kind>
         <file>rtsv7M4_T_le_v4SPD16_eabi.lib</file>
         <name>memccpy.c.obj</name>
      </input_file>
      <input_file id="fl-e4">
         <path>C:\ti\ccs1010\ccs\tools\compiler\ti-cgt-arm_20.2.1.LTS\lib\</path>
         <kind>archive</kind>
         <file>rtsv7M4_T_le_v4SPD16_eabi.lib</file>
         <name>memchr.c.obj</name>
      </input_file>
      <input_file id="fl-e5">
         <path>C:\ti\ccs1010\ccs\tools\compiler\ti-cgt-arm_20.2.1.LTS\lib\</path>
         <kind>archive</kind>
         <file>rtsv7M4_T_le_v4SPD16_eabi.lib</file>
         <name>memory.c.obj</name>
      </input_file>
      <input_file id="fl-e6">
         <path>C:\ti\ccs1010\ccs\tools\compiler\ti-cgt-arm_20.2.1.LTS\lib\</path>
         <kind>archive</kind>
         <file>rtsv7M4_T_le_v4SPD16_eabi.lib</file>
         <name>strchr.c.obj</name>
      </input_file>
      <input_file id="fl-e7">
         <path>C:\ti\ccs1010\ccs\tools\compiler\ti-cgt-arm_20.2.1.LTS\lib\</path>
         <kind>archive</kind>
         <file>rtsv7M4_T_le_v4SPD16_eabi.lib</file>
         <name>strlen.c.obj</name>
      </input_file>
      <input_file id="fl-e8">
         <path>C:\ti\ccs1010\ccs\tools\compiler\ti-cgt-arm_20.2.1.LTS\lib\</path>
         <kind>archive</kind>
         <file>rtsv7M4_T_le_v4SPD16_eabi.lib</file>
         <name>write.c.obj</name>
      </input_file>
      <input_file id="fl-e9">
         <path>C:\ti\ccs1010\ccs\tools\compiler\ti-cgt-arm_20.2.1.LTS\lib\</path>
         <kind>archive</kind>
         <file>rtsv7M4_T_le_v4SPD16_eabi.lib</file>
         <name>host_device.c.obj</name>
      </input_file>
      <input_file id="fl-ea">
         <path>C:\ti\ccs1010\ccs\tools\compiler\ti-cgt-arm_20.2.1.LTS\lib\</path>
         <kind>archive</kind>
         <file>rtsv7M4_T_le_v4SPD16_eabi.lib</file>
         <name>errno.c.obj</name>
      </input_file>
      <input_file id="fl-eb">
         <path>C:\ti\ccs1010\ccs\tools\compiler\ti-cgt-arm_20.2.1.LTS\lib\</path>
         <kind>archive</kind>
         <file>rtsv7M4_T_le_v4SPD16_eabi.lib</file>
         <name>boot_cortex_m.c.obj</name>
      </input_file>
      <input_file id="fl-ec">
         <path>C:\ti\ccs1010\ccs\tools\compiler\ti-cgt-arm_20.2.1.LTS\lib\</path>
         <kind>archive</kind>
         <file>rtsv7M4_T_le_v4SPD16_eabi.lib</file>
         <name>s_frexp.c.obj</name>
      </input_file>
      <input_file id="fl-ed">
         <path>C:\ti\ccs1010\ccs\tools\compiler\ti-cgt-arm_20.2.1.LTS\lib\</path>
         <kind>archive</kind>
         <file>rtsv7M4_T_le_v4SPD16_eabi.lib</file>
         <name>s_scalbn.c.obj</name>
      </input_file>
      <input_file id="fl-ee">
         <path>C:\ti\ccs1010\ccs\tools\compiler\ti-cgt-arm_20.2.1.LTS\lib\</path>
         <kind>archive</kind>
         <file>rtsv7M4_T_le_v4SPD16_eabi.lib</file>
         <name>wcslen.c.obj</name>
      </input_file>
      <input_file id="fl-ef">
         <path>C:\ti\ccs1010\ccs\tools\compiler\ti-cgt-arm_20.2.1.LTS\lib\</path>
         <kind>archive</kind>
         <file>rtsv7M4_T_le_v4SPD16_eabi.lib</file>
         <name>fflush.c.obj</name>
      </input_file>
      <input_file id="fl-f0">
         <path>C:\ti\ccs1010\ccs\tools\compiler\ti-cgt-arm_20.2.1.LTS\lib\</path>
         <kind>archive</kind>
         <file>rtsv7M4_T_le_v4SPD16_eabi.lib</file>
         <name>fopen.c.obj</name>
      </input_file>
      <input_file id="fl-f1">
         <path>C:\ti\ccs1010\ccs\tools\compiler\ti-cgt-arm_20.2.1.LTS\lib\</path>
         <kind>archive</kind>
         <file>rtsv7M4_T_le_v4SPD16_eabi.lib</file>
         <name>fseek.c.obj</name>
      </input_file>
      <input_file id="fl-f2">
         <path>C:\ti\ccs1010\ccs\tools\compiler\ti-cgt-arm_20.2.1.LTS\lib\</path>
         <kind>archive</kind>
         <file>rtsv7M4_T_le_v4SPD16_eabi.lib</file>
         <name>div0.asm.obj</name>
      </input_file>
      <input_file id="fl-f3">
         <path>C:\ti\ccs1010\ccs\tools\compiler\ti-cgt-arm_20.2.1.LTS\lib\</path>
         <kind>archive</kind>
         <file>rtsv7M4_T_le_v4SPD16_eabi.lib</file>
         <name>autoinit.c.obj</name>
      </input_file>
      <input_file id="fl-f4">
         <path>C:\ti\ccs1010\ccs\tools\compiler\ti-cgt-arm_20.2.1.LTS\lib\</path>
         <kind>archive</kind>
         <file>rtsv7M4_T_le_v4SPD16_eabi.lib</file>
         <name>pre_init.c.obj</name>
      </input_file>
      <input_file id="fl-f5">
         <path>C:\ti\ccs1010\ccs\tools\compiler\ti-cgt-arm_20.2.1.LTS\lib\</path>
         <kind>archive</kind>
         <file>rtsv7M4_T_le_v4SPD16_eabi.lib</file>
         <name>cpy_tbl.c.obj</name>
      </input_file>
      <input_file id="fl-f6">
         <path>C:\ti\ccs1010\ccs\tools\compiler\ti-cgt-arm_20.2.1.LTS\lib\</path>
         <kind>archive</kind>
         <file>rtsv7M4_T_le_v4SPD16_eabi.lib</file>
         <name>args_main.c.obj</name>
      </input_file>
      <input_file id="fl-f7">
         <path>C:\ti\ccs1010\ccs\tools\compiler\ti-cgt-arm_20.2.1.LTS\lib\</path>
         <kind>archive</kind>
         <file>rtsv7M4_T_le_v4SPD16_eabi.lib</file>
         <name>hostclose.c.obj</name>
      </input_file>
      <input_file id="fl-f8">
         <path>C:\ti\ccs1010\ccs\tools\compiler\ti-cgt-arm_20.2.1.LTS\lib\</path>
         <kind>archive</kind>
         <file>rtsv7M4_T_le_v4SPD16_eabi.lib</file>
         <name>hostlseek.c.obj</name>
      </input_file>
      <input_file id="fl-f9">
         <path>C:\ti\ccs1010\ccs\tools\compiler\ti-cgt-arm_20.2.1.LTS\lib\</path>
         <kind>archive</kind>
         <file>rtsv7M4_T_le_v4SPD16_eabi.lib</file>
         <name>hostopen.c.obj</name>
      </input_file>
      <input_file id="fl-fa">
         <path>C:\ti\ccs1010\ccs\tools\compiler\ti-cgt-arm_20.2.1.LTS\lib\</path>
         <kind>archive</kind>
         <file>rtsv7M4_T_le_v4SPD16_eabi.lib</file>
         <name>hostread.c.obj</name>
      </input_file>
      <input_file id="fl-fb">
         <path>C:\ti\ccs1010\ccs\tools\compiler\ti-cgt-arm_20.2.1.LTS\lib\</path>
         <kind>archive</kind>
         <file>rtsv7M4_T_le_v4SPD16_eabi.lib</file>
         <name>hostrename.c.obj</name>
      </input_file>
      <input_file id="fl-fc">
         <path>C:\ti\ccs1010\ccs\tools\compiler\ti-cgt-arm_20.2.1.LTS\lib\</path>
         <kind>archive</kind>
         <file>rtsv7M4_T_le_v4SPD16_eabi.lib</file>
         <name>hostunlink.c.obj</name>
      </input_file>
      <input_file id="fl-fd">
         <path>C:\ti\ccs1010\ccs\tools\compiler\ti-cgt-arm_20.2.1.LTS\lib\</path>
         <kind>archive</kind>
         <file>rtsv7M4_T_le_v4SPD16_eabi.lib</file>
         <name>hostwrite.c.obj</name>
      </input_file>
      <input_file id="fl-fe">
         <path>C:\ti\ccs1010\ccs\tools\compiler\ti-cgt-arm_20.2.1.LTS\lib\</path>
         <kind>archive</kind>
         <file>rtsv7M4_T_le_v4SPD16_eabi.lib</file>
         <name>trgmsg.c.obj</name>
      </input_file>
      <input_file id="fl-ff">
         <path>C:\ti\ccs1010\ccs\tools\compiler\ti-cgt-arm_20.2.1.LTS\lib\</path>
         <kind>archive</kind>
         <file>rtsv7M4_T_le_v4SPD16_eabi.lib</file>
         <name>open.c.obj</name>
      </input_file>
      <input_file id="fl-100">
         <path>C:\ti\ccs1010\ccs\tools\compiler\ti-cgt-arm_20.2.1.LTS\lib\</path>
         <kind>archive</kind>
         <file>rtsv7M4_T_le_v4SPD16_eabi.lib</file>
         <name>lseek.c.obj</name>
      </input_file>
      <input_file id="fl-101">
         <path>C:\ti\ccs1010\ccs\tools\compiler\ti-cgt-arm_20.2.1.LTS\lib\</path>
         <kind>archive</kind>
         <file>rtsv7M4_T_le_v4SPD16_eabi.lib</file>
         <name>s_copysign.c.obj</name>
      </input_file>
      <input_file id="fl-102">
         <path>C:\ti\ccs1010\ccs\tools\compiler\ti-cgt-arm_20.2.1.LTS\lib\</path>
         <kind>archive</kind>
         <file>rtsv7M4_T_le_v4SPD16_eabi.lib</file>
         <name>fclose.c.obj</name>
      </input_file>
      <input_file id="fl-103">
         <path>C:\ti\ccs1010\ccs\tools\compiler\ti-cgt-arm_20.2.1.LTS\lib\</path>
         <kind>archive</kind>
         <file>rtsv7M4_T_le_v4SPD16_eabi.lib</file>
         <name>getdevice.c.obj</name>
      </input_file>
      <input_file id="fl-104">
         <path>C:\ti\ccs1010\ccs\tools\compiler\ti-cgt-arm_20.2.1.LTS\lib\</path>
         <kind>archive</kind>
         <file>rtsv7M4_T_le_v4SPD16_eabi.lib</file>
         <name>strcmp.c.obj</name>
      </input_file>
      <input_file id="fl-105">
         <path>C:\ti\ccs1010\ccs\tools\compiler\ti-cgt-arm_20.2.1.LTS\lib\</path>
         <kind>archive</kind>
         <file>rtsv7M4_T_le_v4SPD16_eabi.lib</file>
         <name>strcpy.c.obj</name>
      </input_file>
      <input_file id="fl-106">
         <path>C:\ti\ccs1010\ccs\tools\compiler\ti-cgt-arm_20.2.1.LTS\lib\</path>
         <kind>archive</kind>
         <file>rtsv7M4_T_le_v4SPD16_eabi.lib</file>
         <name>strncpy.c.obj</name>
      </input_file>
      <input_file id="fl-107">
         <path>C:\ti\ccs1010\ccs\tools\compiler\ti-cgt-arm_20.2.1.LTS\lib\</path>
         <kind>archive</kind>
         <file>rtsv7M4_T_le_v4SPD16_eabi.lib</file>
         <name>remove.c.obj</name>
      </input_file>
      <input_file id="fl-108">
         <path>C:\ti\ccs1010\ccs\tools\compiler\ti-cgt-arm_20.2.1.LTS\lib\</path>
         <kind>archive</kind>
         <file>rtsv7M4_T_le_v4SPD16_eabi.lib</file>
         <name>close.c.obj</name>
      </input_file>
      <input_file id="fl-109">
         <path>C:\ti\ccs1010\ccs\tools\compiler\ti-cgt-arm_20.2.1.LTS\lib\</path>
         <kind>archive</kind>
         <file>rtsv7M4_T_le_v4SPD16_eabi.lib</file>
         <name>unlink.c.obj</name>
      </input_file>
   </input_file_list>
   <object_component_list>
      <object_component id="oc-26">
         <name>.intvecs:retain</name>
         <load_address>0x0</load_address>
         <run_address>0x0</run_address>
         <size>0xe4</size>
         <input_file_ref idref="fl-4"/>
      </object_component>
      <object_component id="oc-ca">
         <name>.text</name>
         <load_address>0xe4</load_address>
         <run_address>0xe4</run_address>
         <size>0x20c4</size>
         <input_file_ref idref="fl-e"/>
      </object_component>
      <object_component id="oc-247">
         <name>.text</name>
         <load_address>0x21a8</load_address>
         <run_address>0x21a8</run_address>
         <size>0x10f0</size>
         <input_file_ref idref="fl-c"/>
      </object_component>
      <object_component id="oc-1db">
         <name>.text:__TI_printfi</name>
         <load_address>0x3298</load_address>
         <run_address>0x3298</run_address>
         <size>0xa4e</size>
         <input_file_ref idref="fl-cc"/>
      </object_component>
      <object_component id="oc-2bb">
         <name>.text:_nop</name>
         <load_address>0x3ce6</load_address>
         <run_address>0x3ce6</run_address>
         <size>0x2</size>
         <input_file_ref idref="fl-de"/>
      </object_component>
      <object_component id="oc-195">
         <name>.text</name>
         <load_address>0x3ce8</load_address>
         <run_address>0x3ce8</run_address>
         <size>0x7a4</size>
         <input_file_ref idref="fl-f"/>
      </object_component>
      <object_component id="oc-118">
         <name>.text</name>
         <load_address>0x448c</load_address>
         <run_address>0x448c</run_address>
         <size>0x748</size>
         <input_file_ref idref="fl-2"/>
      </object_component>
      <object_component id="oc-75">
         <name>.text</name>
         <load_address>0x4bd4</load_address>
         <run_address>0x4bd4</run_address>
         <size>0x438</size>
         <input_file_ref idref="fl-10"/>
      </object_component>
      <object_component id="oc-17d">
         <name>.text</name>
         <load_address>0x500c</load_address>
         <run_address>0x500c</run_address>
         <size>0x42c</size>
         <input_file_ref idref="fl-a"/>
      </object_component>
      <object_component id="oc-bd">
         <name>.text</name>
         <load_address>0x5438</load_address>
         <run_address>0x5438</run_address>
         <size>0x354</size>
         <input_file_ref idref="fl-5"/>
      </object_component>
      <object_component id="oc-297">
         <name>.text:_pconv_a</name>
         <load_address>0x578c</load_address>
         <run_address>0x578c</run_address>
         <size>0x270</size>
         <input_file_ref idref="fl-cc"/>
      </object_component>
      <object_component id="oc-285">
         <name>.text:_pconv_g</name>
         <load_address>0x59fc</load_address>
         <run_address>0x59fc</run_address>
         <size>0x1d0</size>
         <input_file_ref idref="fl-cc"/>
      </object_component>
      <object_component id="oc-34f">
         <name>.text</name>
         <load_address>0x5bcc</load_address>
         <run_address>0x5bcc</run_address>
         <size>0x1b6</size>
         <input_file_ref idref="fl-d2"/>
      </object_component>
      <object_component id="oc-3e8">
         <name>.text</name>
         <load_address>0x5d82</load_address>
         <run_address>0x5d82</run_address>
         <size>0x2</size>
         <input_file_ref idref="fl-f2"/>
      </object_component>
      <object_component id="oc-291">
         <name>.text:_pconv_e</name>
         <load_address>0x5d84</load_address>
         <run_address>0x5d84</run_address>
         <size>0x13c</size>
         <input_file_ref idref="fl-cc"/>
      </object_component>
      <object_component id="oc-335">
         <name>.text</name>
         <load_address>0x5ec0</load_address>
         <run_address>0x5ec0</run_address>
         <size>0x136</size>
         <input_file_ref idref="fl-d4"/>
      </object_component>
      <object_component id="oc-183">
         <name>.text</name>
         <load_address>0x5ff6</load_address>
         <run_address>0x5ff6</run_address>
         <size>0x12a</size>
         <input_file_ref idref="fl-b"/>
      </object_component>
      <object_component id="oc-361">
         <name>.text:fcvt</name>
         <load_address>0x6120</load_address>
         <run_address>0x6120</run_address>
         <size>0x124</size>
         <input_file_ref idref="fl-cc"/>
      </object_component>
      <object_component id="oc-2c9">
         <name>.text:fputs</name>
         <load_address>0x6244</load_address>
         <run_address>0x6244</run_address>
         <size>0x114</size>
         <input_file_ref idref="fl-ce"/>
      </object_component>
      <object_component id="oc-375">
         <name>.text:scalbn</name>
         <load_address>0x6358</load_address>
         <run_address>0x6358</run_address>
         <size>0x110</size>
         <input_file_ref idref="fl-ed"/>
      </object_component>
      <object_component id="oc-493">
         <name>.text:aligned_alloc</name>
         <load_address>0x6468</load_address>
         <run_address>0x6468</run_address>
         <size>0x108</size>
         <input_file_ref idref="fl-e5"/>
      </object_component>
      <object_component id="oc-330">
         <name>.text</name>
         <load_address>0x6570</load_address>
         <run_address>0x6570</run_address>
         <size>0xfc</size>
         <input_file_ref idref="fl-d5"/>
      </object_component>
      <object_component id="oc-451">
         <name>.text:free</name>
         <load_address>0x666c</load_address>
         <run_address>0x666c</run_address>
         <size>0xe4</size>
         <input_file_ref idref="fl-e5"/>
      </object_component>
      <object_component id="oc-423">
         <name>.text:setvbuf</name>
         <load_address>0x6750</load_address>
         <run_address>0x6750</run_address>
         <size>0xdc</size>
         <input_file_ref idref="fl-d0"/>
      </object_component>
      <object_component id="oc-70">
         <name>.text</name>
         <load_address>0x682c</load_address>
         <run_address>0x682c</run_address>
         <size>0xda</size>
         <input_file_ref idref="fl-11"/>
      </object_component>
      <object_component id="oc-ab">
         <name>.text</name>
         <load_address>0x6908</load_address>
         <run_address>0x6908</run_address>
         <size>0xd0</size>
         <input_file_ref idref="fl-3"/>
      </object_component>
      <object_component id="oc-27a">
         <name>.text:_ltostr</name>
         <load_address>0x69d8</load_address>
         <run_address>0x69d8</run_address>
         <size>0xb1</size>
         <input_file_ref idref="fl-cc"/>
      </object_component>
      <object_component id="oc-3a">
         <name>.text</name>
         <load_address>0x6a8a</load_address>
         <run_address>0x6a8a</run_address>
         <size>0x9c</size>
         <input_file_ref idref="fl-d8"/>
      </object_component>
      <object_component id="oc-329">
         <name>.text</name>
         <load_address>0x6b26</load_address>
         <run_address>0x6b26</run_address>
         <size>0x96</size>
         <input_file_ref idref="fl-d9"/>
      </object_component>
      <object_component id="oc-2d0">
         <name>.text:fputc</name>
         <load_address>0x6bbc</load_address>
         <run_address>0x6bbc</run_address>
         <size>0x8c</size>
         <input_file_ref idref="fl-cd"/>
      </object_component>
      <object_component id="oc-280">
         <name>.text:__aeabi_cdcmple</name>
         <load_address>0x6c48</load_address>
         <run_address>0x6c48</run_address>
         <size>0x86</size>
         <input_file_ref idref="fl-d3"/>
      </object_component>
      <object_component id="oc-33a">
         <name>.text:__aeabi_cdrcmple</name>
         <load_address>0x6cce</load_address>
         <run_address>0x6cce</run_address>
         <size>0x86</size>
         <input_file_ref idref="fl-d3"/>
      </object_component>
      <object_component id="oc-9f">
         <name>.text</name>
         <load_address>0x6d54</load_address>
         <run_address>0x6d54</run_address>
         <size>0x7a</size>
         <input_file_ref idref="fl-d1"/>
      </object_component>
      <object_component id="oc-49a">
         <name>.text:__TI_closefile</name>
         <load_address>0x6dd0</load_address>
         <run_address>0x6dd0</run_address>
         <size>0x74</size>
         <input_file_ref idref="fl-102"/>
      </object_component>
      <object_component id="oc-4db">
         <name>.text:split</name>
         <load_address>0x6e44</load_address>
         <run_address>0x6e44</run_address>
         <size>0x70</size>
         <input_file_ref idref="fl-e5"/>
      </object_component>
      <object_component id="oc-35a">
         <name>.text:_mcpy</name>
         <load_address>0x6eb4</load_address>
         <run_address>0x6eb4</run_address>
         <size>0x6e</size>
         <input_file_ref idref="fl-cc"/>
      </object_component>
      <object_component id="oc-4ca">
         <name>.text:HOSTrename</name>
         <load_address>0x6f24</load_address>
         <run_address>0x6f24</run_address>
         <size>0x6c</size>
         <input_file_ref idref="fl-fb"/>
      </object_component>
      <object_component id="oc-4be">
         <name>.text:HOSTlseek</name>
         <load_address>0x6f90</load_address>
         <run_address>0x6f90</run_address>
         <size>0x68</size>
         <input_file_ref idref="fl-f8"/>
      </object_component>
      <object_component id="oc-17">
         <name>.text:decompress:lzss:__TI_decompress_lzss</name>
         <load_address>0x6ff8</load_address>
         <run_address>0x6ff8</run_address>
         <size>0x68</size>
         <input_file_ref idref="fl-dc"/>
      </object_component>
      <object_component id="oc-11e">
         <name>.text:printf</name>
         <load_address>0x7060</load_address>
         <run_address>0x7060</run_address>
         <size>0x68</size>
         <input_file_ref idref="fl-cb"/>
      </object_component>
      <object_component id="oc-36f">
         <name>.text:frexp</name>
         <load_address>0x70c8</load_address>
         <run_address>0x70c8</run_address>
         <size>0x64</size>
         <input_file_ref idref="fl-ec"/>
      </object_component>
      <object_component id="oc-41d">
         <name>.text:fseek</name>
         <load_address>0x712c</load_address>
         <run_address>0x712c</run_address>
         <size>0x64</size>
         <input_file_ref idref="fl-f1"/>
      </object_component>
      <object_component id="oc-3a6">
         <name>.text:__TI_wrt_ok</name>
         <load_address>0x7190</load_address>
         <run_address>0x7190</run_address>
         <size>0x62</size>
         <input_file_ref idref="fl-cf"/>
      </object_component>
      <object_component id="oc-4a6">
         <name>.text:HOSTopen</name>
         <load_address>0x71f4</load_address>
         <run_address>0x71f4</run_address>
         <size>0x60</size>
         <input_file_ref idref="fl-f9"/>
      </object_component>
      <object_component id="oc-4e2">
         <name>.text:close</name>
         <load_address>0x7254</load_address>
         <run_address>0x7254</run_address>
         <size>0x5c</size>
         <input_file_ref idref="fl-108"/>
      </object_component>
      <object_component id="oc-4b2">
         <name>.text:HOSTread</name>
         <load_address>0x72b0</load_address>
         <run_address>0x72b0</run_address>
         <size>0x58</size>
         <input_file_ref idref="fl-fa"/>
      </object_component>
      <object_component id="oc-4b8">
         <name>.text:HOSTwrite</name>
         <load_address>0x7308</load_address>
         <run_address>0x7308</run_address>
         <size>0x58</size>
         <input_file_ref idref="fl-fd"/>
      </object_component>
      <object_component id="oc-28b">
         <name>.text:_pconv_f</name>
         <load_address>0x7360</load_address>
         <run_address>0x7360</run_address>
         <size>0x56</size>
         <input_file_ref idref="fl-cc"/>
      </object_component>
      <object_component id="oc-344">
         <name>.text:__TI_ltoa</name>
         <load_address>0x73b6</load_address>
         <run_address>0x73b6</run_address>
         <size>0x54</size>
         <input_file_ref idref="fl-df"/>
      </object_component>
      <object_component id="oc-354">
         <name>.text:_ecpy</name>
         <load_address>0x740a</load_address>
         <run_address>0x740a</run_address>
         <size>0x52</size>
         <input_file_ref idref="fl-cc"/>
      </object_component>
      <object_component id="oc-3b2">
         <name>.text:__TI_doflush</name>
         <load_address>0x745c</load_address>
         <run_address>0x745c</run_address>
         <size>0x4c</size>
         <input_file_ref idref="fl-ef"/>
      </object_component>
      <object_component id="oc-274">
         <name>.text:atoi</name>
         <load_address>0x74a8</load_address>
         <run_address>0x74a8</run_address>
         <size>0x4c</size>
         <input_file_ref idref="fl-e0"/>
      </object_component>
      <object_component id="oc-7b">
         <name>.text</name>
         <load_address>0x74f4</load_address>
         <run_address>0x74f4</run_address>
         <size>0x4c</size>
         <input_file_ref idref="fl-7"/>
      </object_component>
      <object_component id="oc-137">
         <name>.text:exit</name>
         <load_address>0x7540</load_address>
         <run_address>0x7540</run_address>
         <size>0x48</size>
         <input_file_ref idref="fl-dd"/>
      </object_component>
      <object_component id="oc-33f">
         <name>.text</name>
         <load_address>0x7588</load_address>
         <run_address>0x7588</run_address>
         <size>0x48</size>
         <input_file_ref idref="fl-d6"/>
      </object_component>
      <object_component id="oc-4ac">
         <name>.text:HOSTclose</name>
         <load_address>0x75d0</load_address>
         <run_address>0x75d0</run_address>
         <size>0x44</size>
         <input_file_ref idref="fl-f7"/>
      </object_component>
      <object_component id="oc-4c4">
         <name>.text:HOSTunlink</name>
         <load_address>0x7614</load_address>
         <run_address>0x7614</run_address>
         <size>0x44</size>
         <input_file_ref idref="fl-fc"/>
      </object_component>
      <object_component id="oc-13d">
         <name>.text:__TI_auto_init_nobinit_nopinit:__TI_auto_init_nobinit_nopinit</name>
         <load_address>0x7658</load_address>
         <run_address>0x7658</run_address>
         <size>0x44</size>
         <input_file_ref idref="fl-f3"/>
      </object_component>
      <object_component id="oc-51a">
         <name>.text:getdevice</name>
         <load_address>0x769c</load_address>
         <run_address>0x769c</run_address>
         <size>0x44</size>
         <input_file_ref idref="fl-103"/>
      </object_component>
      <object_component id="oc-367">
         <name>.text:_fcpy</name>
         <load_address>0x76e0</load_address>
         <run_address>0x76e0</run_address>
         <size>0x3e</size>
         <input_file_ref idref="fl-cc"/>
      </object_component>
      <object_component id="oc-124">
         <name>.text</name>
         <load_address>0x771e</load_address>
         <run_address>0x771e</run_address>
         <size>0x3a</size>
         <input_file_ref idref="fl-6"/>
      </object_component>
      <object_component id="oc-4f3">
         <name>.text:__TI_writemsg</name>
         <load_address>0x7758</load_address>
         <run_address>0x7758</run_address>
         <size>0x38</size>
         <input_file_ref idref="fl-fe"/>
      </object_component>
      <object_component id="oc-53c">
         <name>.text:strncpy</name>
         <load_address>0x7790</load_address>
         <run_address>0x7790</run_address>
         <size>0x36</size>
         <input_file_ref idref="fl-106"/>
      </object_component>
      <object_component id="oc-45d">
         <name>.text:__TI_cleanup</name>
         <load_address>0x77c8</load_address>
         <run_address>0x77c8</run_address>
         <size>0x34</size>
         <input_file_ref idref="fl-f0"/>
      </object_component>
      <object_component id="oc-4f9">
         <name>.text:__TI_readmsg</name>
         <load_address>0x77fc</load_address>
         <run_address>0x77fc</run_address>
         <size>0x34</size>
         <input_file_ref idref="fl-fe"/>
      </object_component>
      <object_component id="oc-58">
         <name>.text:_c_int00_noargs:_c_int00_noargs</name>
         <load_address>0x7830</load_address>
         <run_address>0x7830</run_address>
         <size>0x34</size>
         <input_file_ref idref="fl-eb"/>
      </object_component>
      <object_component id="oc-e5">
         <name>.text:debounce_s1</name>
         <load_address>0x7864</load_address>
         <run_address>0x7864</run_address>
         <size>0x30</size>
         <input_file_ref idref="fl-7"/>
      </object_component>
      <object_component id="oc-542">
         <name>.text:finddevice</name>
         <load_address>0x7894</load_address>
         <run_address>0x7894</run_address>
         <size>0x30</size>
         <input_file_ref idref="fl-103"/>
      </object_component>
      <object_component id="oc-34a">
         <name>.text</name>
         <load_address>0x78c4</load_address>
         <run_address>0x78c4</run_address>
         <size>0x2e</size>
         <input_file_ref idref="fl-d7"/>
      </object_component>
      <object_component id="oc-4e8">
         <name>.text:unlink</name>
         <load_address>0x78f4</load_address>
         <run_address>0x78f4</run_address>
         <size>0x2c</size>
         <input_file_ref idref="fl-109"/>
      </object_component>
      <object_component id="oc-48c">
         <name>.text:free_list_insert</name>
         <load_address>0x7920</load_address>
         <run_address>0x7920</run_address>
         <size>0x28</size>
         <input_file_ref idref="fl-e5"/>
      </object_component>
      <object_component id="oc-449">
         <name>.text:lseek</name>
         <load_address>0x7948</load_address>
         <run_address>0x7948</run_address>
         <size>0x28</size>
         <input_file_ref idref="fl-100"/>
      </object_component>
      <object_component id="oc-3b8">
         <name>.text:write</name>
         <load_address>0x7970</load_address>
         <run_address>0x7970</run_address>
         <size>0x28</size>
         <input_file_ref idref="fl-e8"/>
      </object_component>
      <object_component id="oc-3ac">
         <name>.text:memchr</name>
         <load_address>0x7998</load_address>
         <run_address>0x7998</run_address>
         <size>0x20</size>
         <input_file_ref idref="fl-e4"/>
      </object_component>
      <object_component id="oc-486">
         <name>.text:free_list_remove</name>
         <load_address>0x79b8</load_address>
         <run_address>0x79b8</run_address>
         <size>0x1c</size>
         <input_file_ref idref="fl-e5"/>
      </object_component>
      <object_component id="oc-29d">
         <name>.text:memccpy</name>
         <load_address>0x79d4</load_address>
         <run_address>0x79d4</run_address>
         <size>0x1c</size>
         <input_file_ref idref="fl-e3"/>
      </object_component>
      <object_component id="oc-401">
         <name>.text:copysign</name>
         <load_address>0x79f0</load_address>
         <run_address>0x79f0</run_address>
         <size>0x1a</size>
         <input_file_ref idref="fl-101"/>
      </object_component>
      <object_component id="oc-559">
         <name>.text:strcmp</name>
         <load_address>0x7a0a</load_address>
         <run_address>0x7a0a</run_address>
         <size>0x18</size>
         <input_file_ref idref="fl-104"/>
      </object_component>
      <object_component id="oc-37b">
         <name>.text:strchr</name>
         <load_address>0x7a22</load_address>
         <run_address>0x7a22</run_address>
         <size>0x16</size>
         <input_file_ref idref="fl-e6"/>
      </object_component>
      <object_component id="oc-50d">
         <name>.text:strcpy</name>
         <load_address>0x7a38</load_address>
         <run_address>0x7a38</run_address>
         <size>0x14</size>
         <input_file_ref idref="fl-105"/>
      </object_component>
      <object_component id="oc-26e">
         <name>.text:strlen</name>
         <load_address>0x7a4c</load_address>
         <run_address>0x7a4c</run_address>
         <size>0x14</size>
         <input_file_ref idref="fl-e7"/>
      </object_component>
      <object_component id="oc-2a3">
         <name>.text:wcslen</name>
         <load_address>0x7a60</load_address>
         <run_address>0x7a60</run_address>
         <size>0x12</size>
         <input_file_ref idref="fl-ee"/>
      </object_component>
      <object_component id="oc-1d">
         <name>.text:decompress:none:__TI_decompress_none</name>
         <load_address>0x7a72</load_address>
         <run_address>0x7a72</run_address>
         <size>0xe</size>
         <input_file_ref idref="fl-db"/>
      </object_component>
      <object_component id="oc-6a">
         <name>.text</name>
         <load_address>0x7a80</load_address>
         <run_address>0x7a80</run_address>
         <size>0xe</size>
         <input_file_ref idref="fl-4"/>
      </object_component>
      <object_component id="oc-4c">
         <name>.text:decompress:ZI:__TI_zero_init</name>
         <load_address>0x7a8e</load_address>
         <run_address>0x7a8e</run_address>
         <size>0xc</size>
         <input_file_ref idref="fl-da"/>
      </object_component>
      <object_component id="oc-2a9">
         <name>.text:__aeabi_errno_addr</name>
         <load_address>0x7a9c</load_address>
         <run_address>0x7a9c</run_address>
         <size>0x8</size>
         <input_file_ref idref="fl-ea"/>
      </object_component>
      <object_component id="oc-457">
         <name>.text:malloc</name>
         <load_address>0x7aa4</load_address>
         <run_address>0x7aa4</run_address>
         <size>0x8</size>
         <input_file_ref idref="fl-e5"/>
      </object_component>
      <object_component id="oc-1ed">
         <name>.text:_outc</name>
         <load_address>0x7aac</load_address>
         <run_address>0x7aac</run_address>
         <size>0x4</size>
         <input_file_ref idref="fl-cb"/>
      </object_component>
      <object_component id="oc-1e7">
         <name>.text:_outs</name>
         <load_address>0x7ab0</load_address>
         <run_address>0x7ab0</run_address>
         <size>0x4</size>
         <input_file_ref idref="fl-cb"/>
      </object_component>
      <object_component id="oc-a5">
         <name>.text:_system_pre_init</name>
         <load_address>0x7ab4</load_address>
         <run_address>0x7ab4</run_address>
         <size>0x4</size>
         <input_file_ref idref="fl-f4"/>
      </object_component>
      <object_component id="oc-131">
         <name>.text:abort:abort</name>
         <load_address>0x7ab8</load_address>
         <run_address>0x7ab8</run_address>
         <size>0x4</size>
         <input_file_ref idref="fl-dd"/>
      </object_component>
      <object_component id="oc-324">
         <name>.const:.string:_ctypes_</name>
         <load_address>0x7abc</load_address>
         <run_address>0x7abc</run_address>
         <size>0x101</size>
         <input_file_ref idref="fl-e1"/>
      </object_component>
      <object_component id="oc-c7">
         <name>.const</name>
         <load_address>0x7bc0</load_address>
         <run_address>0x7bc0</run_address>
         <size>0x8</size>
         <input_file_ref idref="fl-10"/>
      </object_component>
      <object_component id="oc-599">
         <name>.cinit..data.load</name>
         <load_address>0x7bc8</load_address>
         <run_address>0x7bc8</run_address>
         <size>0x7c</size>
      </object_component>
      <object_component id="oc-597">
         <name>__TI_handler_table</name>
         <load_address>0x7c44</load_address>
         <run_address>0x7c44</run_address>
         <size>0xc</size>
      </object_component>
      <object_component id="oc-59a">
         <name>.cinit..bss.load</name>
         <load_address>0x7c50</load_address>
         <run_address>0x7c50</run_address>
         <size>0x8</size>
      </object_component>
      <object_component id="oc-598">
         <name>__TI_cinit_table</name>
         <load_address>0x7c58</load_address>
         <run_address>0x7c58</run_address>
         <size>0x10</size>
      </object_component>
      <object_component id="oc-56b">
         <name>.binit</name>
         <load_address>0x0</load_address>
         <run_address>0x0</run_address>
         <size>0x0</size>
      </object_component>
      <object_component id="oc-16f">
         <name>.data</name>
         <load_address>0x20008990</load_address>
         <run_address>0x20008990</run_address>
         <size>0x4</size>
         <input_file_ref idref="fl-5"/>
      </object_component>
      <object_component id="oc-1bd">
         <name>.data:debounce_state$debounce_s1_1</name>
         <load_address>0x20008994</load_address>
         <run_address>0x20008994</run_address>
         <size>0x1</size>
         <input_file_ref idref="fl-7"/>
      </object_component>
      <object_component id="oc-232">
         <name>.data</name>
         <load_address>0x20008924</load_address>
         <run_address>0x20008924</run_address>
         <size>0x18</size>
         <input_file_ref idref="fl-a"/>
      </object_component>
      <object_component id="oc-c4">
         <name>.data</name>
         <load_address>0x200088f0</load_address>
         <run_address>0x200088f0</run_address>
         <size>0x34</size>
         <input_file_ref idref="fl-e"/>
      </object_component>
      <object_component id="oc-24d">
         <name>.data</name>
         <load_address>0x20008970</load_address>
         <run_address>0x20008970</run_address>
         <size>0xc</size>
         <input_file_ref idref="fl-f"/>
      </object_component>
      <object_component id="oc-d1">
         <name>.data</name>
         <load_address>0x2000893c</load_address>
         <run_address>0x2000893c</run_address>
         <size>0x18</size>
         <input_file_ref idref="fl-10"/>
      </object_component>
      <object_component id="oc-1fe">
         <name>.data:$O1$$</name>
         <load_address>0x20008964</load_address>
         <run_address>0x20008964</run_address>
         <size>0xc</size>
         <input_file_ref idref="fl-dd"/>
      </object_component>
      <object_component id="oc-1e1">
         <name>.data:$O1$$</name>
         <load_address>0x2000897c</load_address>
         <run_address>0x2000897c</run_address>
         <size>0x8</size>
         <input_file_ref idref="fl-de"/>
      </object_component>
      <object_component id="oc-1e4">
         <name>.data:_ftable</name>
         <load_address>0x20008738</load_address>
         <run_address>0x20008738</run_address>
         <size>0xf0</size>
         <input_file_ref idref="fl-e2"/>
      </object_component>
      <object_component id="oc-4a0">
         <name>.data</name>
         <load_address>0x20008954</load_address>
         <run_address>0x20008954</run_address>
         <size>0x10</size>
         <input_file_ref idref="fl-e2"/>
      </object_component>
      <object_component id="oc-4d6">
         <name>.data:$O1$$</name>
         <load_address>0x20008984</load_address>
         <run_address>0x20008984</run_address>
         <size>0x8</size>
         <input_file_ref idref="fl-e5"/>
      </object_component>
      <object_component id="oc-470">
         <name>.data:_device</name>
         <load_address>0x20008828</load_address>
         <run_address>0x20008828</run_address>
         <size>0x78</size>
         <input_file_ref idref="fl-e9"/>
      </object_component>
      <object_component id="oc-42f">
         <name>.data:_stream</name>
         <load_address>0x200088a0</load_address>
         <run_address>0x200088a0</run_address>
         <size>0x50</size>
         <input_file_ref idref="fl-e9"/>
      </object_component>
      <object_component id="oc-38b">
         <name>.data</name>
         <load_address>0x2000898c</load_address>
         <run_address>0x2000898c</run_address>
         <size>0x4</size>
         <input_file_ref idref="fl-ea"/>
      </object_component>
      <object_component id="oc-238">
         <name>.bss:ucHeap</name>
         <uninitialized>true</uninitialized>
         <run_address>0x20000000</run_address>
         <size>0x8000</size>
         <input_file_ref idref="fl-a"/>
      </object_component>
      <object_component id="oc-235">
         <name>.bss:xStart</name>
         <uninitialized>true</uninitialized>
         <run_address>0x20008324</run_address>
         <size>0x8</size>
         <input_file_ref idref="fl-a"/>
      </object_component>
      <object_component id="oc-189">
         <name>.bss:pxReadyTasksLists</name>
         <uninitialized>true</uninitialized>
         <run_address>0x20008120</run_address>
         <size>0xc8</size>
         <input_file_ref idref="fl-e"/>
      </object_component>
      <object_component id="oc-19e">
         <name>.bss:xDelayedTaskList1</name>
         <uninitialized>true</uninitialized>
         <run_address>0x200082b0</run_address>
         <size>0x14</size>
         <input_file_ref idref="fl-e"/>
      </object_component>
      <object_component id="oc-1a1">
         <name>.bss:xDelayedTaskList2</name>
         <uninitialized>true</uninitialized>
         <run_address>0x200082c4</run_address>
         <size>0x14</size>
         <input_file_ref idref="fl-e"/>
      </object_component>
      <object_component id="oc-18f">
         <name>.bss</name>
         <uninitialized>true</uninitialized>
         <run_address>0x20008314</run_address>
         <size>0x8</size>
         <input_file_ref idref="fl-e"/>
      </object_component>
      <object_component id="oc-19b">
         <name>.bss:xPendingReadyList</name>
         <uninitialized>true</uninitialized>
         <run_address>0x200082d8</run_address>
         <size>0x14</size>
         <input_file_ref idref="fl-e"/>
      </object_component>
      <object_component id="oc-18c">
         <name>.bss:xTasksWaitingTermination</name>
         <uninitialized>true</uninitialized>
         <run_address>0x20008300</run_address>
         <size>0x14</size>
         <input_file_ref idref="fl-e"/>
      </object_component>
      <object_component id="oc-192">
         <name>.bss:xSuspendedTaskList</name>
         <uninitialized>true</uninitialized>
         <run_address>0x200082ec</run_address>
         <size>0x14</size>
         <input_file_ref idref="fl-e"/>
      </object_component>
      <object_component id="oc-253">
         <name>.bss:xActiveTimerList1</name>
         <uninitialized>true</uninitialized>
         <run_address>0x20008288</run_address>
         <size>0x14</size>
         <input_file_ref idref="fl-f"/>
      </object_component>
      <object_component id="oc-256">
         <name>.bss:xActiveTimerList2</name>
         <uninitialized>true</uninitialized>
         <run_address>0x2000829c</run_address>
         <size>0x14</size>
         <input_file_ref idref="fl-f"/>
      </object_component>
      <object_component id="oc-250">
         <name>.bss</name>
         <uninitialized>true</uninitialized>
         <run_address>0x2000831c</run_address>
         <size>0x8</size>
         <input_file_ref idref="fl-f"/>
      </object_component>
      <object_component id="oc-524">
         <name>.bss:_CIOBUF_</name>
         <uninitialized>true</uninitialized>
         <run_address>0x20008000</run_address>
         <size>0x120</size>
         <input_file_ref idref="fl-fe"/>
      </object_component>
      <object_component id="oc-ec">
         <name>.common:TaskHandle_Task1</name>
         <uninitialized>true</uninitialized>
         <run_address>0x20008334</run_address>
         <size>0x4</size>
      </object_component>
      <object_component id="oc-4ee">
         <name>.common:__TI_tmpnams</name>
         <uninitialized>true</uninitialized>
         <run_address>0x200081e8</run_address>
         <size>0xa0</size>
      </object_component>
      <object_component id="oc-4ff">
         <name>.common:parmbuf</name>
         <uninitialized>true</uninitialized>
         <run_address>0x2000832c</run_address>
         <size>0x8</size>
      </object_component>
      <object_component id="oc-29">
         <name>.sysmem</name>
         <uninitialized>true</uninitialized>
         <run_address>0x20008338</run_address>
         <size>0x10</size>
         <input_file_ref idref="fl-e5"/>
      </object_component>
      <object_component id="oc-59d">
         <name>.sysmem</name>
         <uninitialized>true</uninitialized>
         <run_address>0x20008338</run_address>
         <size>0x0</size>
      </object_component>
      <object_component id="oc-2c">
         <name>.stack</name>
         <uninitialized>true</uninitialized>
         <run_address>0x2000fe00</run_address>
         <size>0x4</size>
         <input_file_ref idref="fl-eb"/>
      </object_component>
      <object_component id="oc-59c">
         <name>.stack</name>
         <uninitialized>true</uninitialized>
         <run_address>0x2000fe00</run_address>
         <size>0x0</size>
      </object_component>
      <object_component id="oc-1d9">
         <name>.debug_info</name>
         <load_address>0x0</load_address>
         <run_address>0x0</run_address>
         <size>0x572</size>
         <input_file_ref idref="fl-2"/>
      </object_component>
      <object_component id="oc-11b">
         <name>.debug_info</name>
         <load_address>0x572</load_address>
         <run_address>0x572</run_address>
         <size>0x1180</size>
         <input_file_ref idref="fl-2"/>
      </object_component>
      <object_component id="oc-1c5">
         <name>.debug_info</name>
         <load_address>0x16f2</load_address>
         <run_address>0x16f2</run_address>
         <size>0x1055</size>
         <input_file_ref idref="fl-2"/>
      </object_component>
      <object_component id="oc-1c0">
         <name>.debug_info</name>
         <load_address>0x2747</load_address>
         <run_address>0x2747</run_address>
         <size>0x37e2</size>
         <input_file_ref idref="fl-2"/>
      </object_component>
      <object_component id="oc-f7">
         <name>.debug_info</name>
         <load_address>0x5f29</load_address>
         <run_address>0x5f29</run_address>
         <size>0x26b</size>
         <input_file_ref idref="fl-2"/>
      </object_component>
      <object_component id="oc-f0">
         <name>.debug_info</name>
         <load_address>0x6194</load_address>
         <run_address>0x6194</run_address>
         <size>0x8b</size>
         <input_file_ref idref="fl-2"/>
      </object_component>
      <object_component id="oc-1b8">
         <name>.debug_info</name>
         <load_address>0x621f</load_address>
         <run_address>0x621f</run_address>
         <size>0x2a4</size>
         <input_file_ref idref="fl-2"/>
      </object_component>
      <object_component id="oc-e0">
         <name>.debug_info</name>
         <load_address>0x64c3</load_address>
         <run_address>0x64c3</run_address>
         <size>0xbb</size>
         <input_file_ref idref="fl-2"/>
      </object_component>
      <object_component id="oc-130">
         <name>.debug_info</name>
         <load_address>0x657e</load_address>
         <run_address>0x657e</run_address>
         <size>0x831</size>
         <input_file_ref idref="fl-3"/>
      </object_component>
      <object_component id="oc-ae">
         <name>.debug_info</name>
         <load_address>0x6daf</load_address>
         <run_address>0x6daf</run_address>
         <size>0x2fa</size>
         <input_file_ref idref="fl-3"/>
      </object_component>
      <object_component id="oc-12b">
         <name>.debug_info</name>
         <load_address>0x70a9</load_address>
         <run_address>0x70a9</run_address>
         <size>0x315</size>
         <input_file_ref idref="fl-3"/>
      </object_component>
      <object_component id="oc-1d4">
         <name>.debug_info</name>
         <load_address>0x73be</load_address>
         <run_address>0x73be</run_address>
         <size>0x48b</size>
         <input_file_ref idref="fl-3"/>
      </object_component>
      <object_component id="oc-1ca">
         <name>.debug_info</name>
         <load_address>0x7849</load_address>
         <run_address>0x7849</run_address>
         <size>0x4f</size>
         <input_file_ref idref="fl-3"/>
      </object_component>
      <object_component id="oc-35">
         <name>.debug_info</name>
         <load_address>0x7898</load_address>
         <run_address>0x7898</run_address>
         <size>0x84</size>
         <input_file_ref idref="fl-3"/>
      </object_component>
      <object_component id="oc-d6">
         <name>.debug_info</name>
         <load_address>0x791c</load_address>
         <run_address>0x791c</run_address>
         <size>0x2c</size>
         <input_file_ref idref="fl-3"/>
      </object_component>
      <object_component id="oc-db">
         <name>.debug_info</name>
         <load_address>0x7948</load_address>
         <run_address>0x7948</run_address>
         <size>0x53</size>
         <input_file_ref idref="fl-3"/>
      </object_component>
      <object_component id="oc-1cf">
         <name>.debug_info</name>
         <load_address>0x799b</load_address>
         <run_address>0x799b</run_address>
         <size>0xcc</size>
         <input_file_ref idref="fl-3"/>
      </object_component>
      <object_component id="oc-1f5">
         <name>.debug_info</name>
         <load_address>0x7a67</load_address>
         <run_address>0x7a67</run_address>
         <size>0x2c</size>
         <input_file_ref idref="fl-3"/>
      </object_component>
      <object_component id="oc-1ae">
         <name>.debug_info</name>
         <load_address>0x7a93</load_address>
         <run_address>0x7a93</run_address>
         <size>0x14c</size>
         <input_file_ref idref="fl-3"/>
      </object_component>
      <object_component id="oc-83">
         <name>.debug_info</name>
         <load_address>0x7bdf</load_address>
         <run_address>0x7bdf</run_address>
         <size>0x353</size>
         <input_file_ref idref="fl-4"/>
      </object_component>
      <object_component id="oc-27">
         <name>.debug_info</name>
         <load_address>0x7f32</load_address>
         <run_address>0x7f32</run_address>
         <size>0xff</size>
         <input_file_ref idref="fl-4"/>
      </object_component>
      <object_component id="oc-6c">
         <name>.debug_info</name>
         <load_address>0x8031</load_address>
         <run_address>0x8031</run_address>
         <size>0x1c6</size>
         <input_file_ref idref="fl-4"/>
      </object_component>
      <object_component id="oc-170">
         <name>.debug_info</name>
         <load_address>0x81f7</load_address>
         <run_address>0x81f7</run_address>
         <size>0xf8</size>
         <input_file_ref idref="fl-5"/>
      </object_component>
      <object_component id="oc-be">
         <name>.debug_info</name>
         <load_address>0x82ef</load_address>
         <run_address>0x82ef</run_address>
         <size>0x26a</size>
         <input_file_ref idref="fl-5"/>
      </object_component>
      <object_component id="oc-ed">
         <name>.debug_info</name>
         <load_address>0x8559</load_address>
         <run_address>0x8559</run_address>
         <size>0x740</size>
         <input_file_ref idref="fl-6"/>
      </object_component>
      <object_component id="oc-126">
         <name>.debug_info</name>
         <load_address>0x8c99</load_address>
         <run_address>0x8c99</run_address>
         <size>0x1a7</size>
         <input_file_ref idref="fl-6"/>
      </object_component>
      <object_component id="oc-e7">
         <name>.debug_info</name>
         <load_address>0x8e40</load_address>
         <run_address>0x8e40</run_address>
         <size>0x187</size>
         <input_file_ref idref="fl-7"/>
      </object_component>
      <object_component id="oc-7d">
         <name>.debug_info</name>
         <load_address>0x8fc7</load_address>
         <run_address>0x8fc7</run_address>
         <size>0x1c2</size>
         <input_file_ref idref="fl-7"/>
      </object_component>
      <object_component id="oc-26b">
         <name>.debug_info</name>
         <load_address>0x9189</load_address>
         <run_address>0x9189</run_address>
         <size>0x281</size>
         <input_file_ref idref="fl-8"/>
      </object_component>
      <object_component id="oc-1b3">
         <name>.debug_info</name>
         <load_address>0x940a</load_address>
         <run_address>0x940a</run_address>
         <size>0x48b</size>
         <input_file_ref idref="fl-8"/>
      </object_component>
      <object_component id="oc-31d">
         <name>.debug_info</name>
         <load_address>0x9895</load_address>
         <run_address>0x9895</run_address>
         <size>0xcc</size>
         <input_file_ref idref="fl-8"/>
      </object_component>
      <object_component id="oc-1a9">
         <name>.debug_info</name>
         <load_address>0x9961</load_address>
         <run_address>0x9961</run_address>
         <size>0x53</size>
         <input_file_ref idref="fl-8"/>
      </object_component>
      <object_component id="oc-2f5">
         <name>.debug_info</name>
         <load_address>0x99b4</load_address>
         <run_address>0x99b4</run_address>
         <size>0x6dc</size>
         <input_file_ref idref="fl-9"/>
      </object_component>
      <object_component id="oc-223">
         <name>.debug_info</name>
         <load_address>0xa090</load_address>
         <run_address>0xa090</run_address>
         <size>0x110</size>
         <input_file_ref idref="fl-9"/>
      </object_component>
      <object_component id="oc-22d">
         <name>.debug_info</name>
         <load_address>0xa1a0</load_address>
         <run_address>0xa1a0</run_address>
         <size>0x48b</size>
         <input_file_ref idref="fl-9"/>
      </object_component>
      <object_component id="oc-3d0">
         <name>.debug_info</name>
         <load_address>0xa62b</load_address>
         <run_address>0xa62b</run_address>
         <size>0x76</size>
         <input_file_ref idref="fl-9"/>
      </object_component>
      <object_component id="oc-3d5">
         <name>.debug_info</name>
         <load_address>0xa6a1</load_address>
         <run_address>0xa6a1</run_address>
         <size>0x39</size>
         <input_file_ref idref="fl-9"/>
      </object_component>
      <object_component id="oc-303">
         <name>.debug_info</name>
         <load_address>0xa6da</load_address>
         <run_address>0xa6da</run_address>
         <size>0x109</size>
         <input_file_ref idref="fl-9"/>
      </object_component>
      <object_component id="oc-21e">
         <name>.debug_info</name>
         <load_address>0xa7e3</load_address>
         <run_address>0xa7e3</run_address>
         <size>0x4f</size>
         <input_file_ref idref="fl-9"/>
      </object_component>
      <object_component id="oc-23c">
         <name>.debug_info</name>
         <load_address>0xa832</load_address>
         <run_address>0xa832</run_address>
         <size>0x51b</size>
         <input_file_ref idref="fl-a"/>
      </object_component>
      <object_component id="oc-239">
         <name>.debug_info</name>
         <load_address>0xad4d</load_address>
         <run_address>0xad4d</run_address>
         <size>0x130</size>
         <input_file_ref idref="fl-a"/>
      </object_component>
      <object_component id="oc-236">
         <name>.debug_info</name>
         <load_address>0xae7d</load_address>
         <run_address>0xae7d</run_address>
         <size>0x130</size>
         <input_file_ref idref="fl-a"/>
      </object_component>
      <object_component id="oc-233">
         <name>.debug_info</name>
         <load_address>0xafad</load_address>
         <run_address>0xafad</run_address>
         <size>0x270</size>
         <input_file_ref idref="fl-a"/>
      </object_component>
      <object_component id="oc-17e">
         <name>.debug_info</name>
         <load_address>0xb21d</load_address>
         <run_address>0xb21d</run_address>
         <size>0xd65</size>
         <input_file_ref idref="fl-a"/>
      </object_component>
      <object_component id="oc-2fa">
         <name>.debug_info</name>
         <load_address>0xbf82</load_address>
         <run_address>0xbf82</run_address>
         <size>0x62</size>
         <input_file_ref idref="fl-a"/>
      </object_component>
      <object_component id="oc-23e">
         <name>.debug_info</name>
         <load_address>0xbfe4</load_address>
         <run_address>0xbfe4</run_address>
         <size>0x3d5</size>
         <input_file_ref idref="fl-b"/>
      </object_component>
      <object_component id="oc-185">
         <name>.debug_info</name>
         <load_address>0xc3b9</load_address>
         <run_address>0xc3b9</run_address>
         <size>0x753</size>
         <input_file_ref idref="fl-b"/>
      </object_component>
      <object_component id="oc-310">
         <name>.debug_info</name>
         <load_address>0xcb0c</load_address>
         <run_address>0xcb0c</run_address>
         <size>0x940</size>
         <input_file_ref idref="fl-c"/>
      </object_component>
      <object_component id="oc-24a">
         <name>.debug_info</name>
         <load_address>0xd44c</load_address>
         <run_address>0xd44c</run_address>
         <size>0x4499</size>
         <input_file_ref idref="fl-c"/>
      </object_component>
      <object_component id="oc-3dc">
         <name>.debug_info</name>
         <load_address>0x118e5</load_address>
         <run_address>0x118e5</run_address>
         <size>0x1ef</size>
         <input_file_ref idref="fl-c"/>
      </object_component>
      <object_component id="oc-30b">
         <name>.debug_info</name>
         <load_address>0x11ad4</load_address>
         <run_address>0x11ad4</run_address>
         <size>0x46</size>
         <input_file_ref idref="fl-c"/>
      </object_component>
      <object_component id="oc-10f">
         <name>.debug_info</name>
         <load_address>0x11b1a</load_address>
         <run_address>0x11b1a</run_address>
         <size>0x2c</size>
         <input_file_ref idref="fl-d"/>
      </object_component>
      <object_component id="oc-175">
         <name>.debug_info</name>
         <load_address>0x11b46</load_address>
         <run_address>0x11b46</run_address>
         <size>0x8e0</size>
         <input_file_ref idref="fl-e"/>
      </object_component>
      <object_component id="oc-c5">
         <name>.debug_info</name>
         <load_address>0x12426</load_address>
         <run_address>0x12426</run_address>
         <size>0x38c</size>
         <input_file_ref idref="fl-e"/>
      </object_component>
      <object_component id="oc-18a">
         <name>.debug_info</name>
         <load_address>0x127b2</load_address>
         <run_address>0x127b2</run_address>
         <size>0x135</size>
         <input_file_ref idref="fl-e"/>
      </object_component>
      <object_component id="oc-19f">
         <name>.debug_info</name>
         <load_address>0x128e7</load_address>
         <run_address>0x128e7</run_address>
         <size>0x135</size>
         <input_file_ref idref="fl-e"/>
      </object_component>
      <object_component id="oc-1a2">
         <name>.debug_info</name>
         <load_address>0x12a1c</load_address>
         <run_address>0x12a1c</run_address>
         <size>0x135</size>
         <input_file_ref idref="fl-e"/>
      </object_component>
      <object_component id="oc-190">
         <name>.debug_info</name>
         <load_address>0x12b51</load_address>
         <run_address>0x12b51</run_address>
         <size>0x178</size>
         <input_file_ref idref="fl-e"/>
      </object_component>
      <object_component id="oc-19c">
         <name>.debug_info</name>
         <load_address>0x12cc9</load_address>
         <run_address>0x12cc9</run_address>
         <size>0x135</size>
         <input_file_ref idref="fl-e"/>
      </object_component>
      <object_component id="oc-18d">
         <name>.debug_info</name>
         <load_address>0x12dfe</load_address>
         <run_address>0x12dfe</run_address>
         <size>0x143</size>
         <input_file_ref idref="fl-e"/>
      </object_component>
      <object_component id="oc-193">
         <name>.debug_info</name>
         <load_address>0x12f41</load_address>
         <run_address>0x12f41</run_address>
         <size>0x137</size>
         <input_file_ref idref="fl-e"/>
      </object_component>
      <object_component id="oc-ce">
         <name>.debug_info</name>
         <load_address>0x13078</load_address>
         <run_address>0x13078</run_address>
         <size>0x78fa</size>
         <input_file_ref idref="fl-e"/>
      </object_component>
      <object_component id="oc-176">
         <name>.debug_info</name>
         <load_address>0x1a972</load_address>
         <run_address>0x1a972</run_address>
         <size>0x30c</size>
         <input_file_ref idref="fl-e"/>
      </object_component>
      <object_component id="oc-228">
         <name>.debug_info</name>
         <load_address>0x1ac7e</load_address>
         <run_address>0x1ac7e</run_address>
         <size>0x16e</size>
         <input_file_ref idref="fl-e"/>
      </object_component>
      <object_component id="oc-25f">
         <name>.debug_info</name>
         <load_address>0x1adec</load_address>
         <run_address>0x1adec</run_address>
         <size>0x876</size>
         <input_file_ref idref="fl-f"/>
      </object_component>
      <object_component id="oc-254">
         <name>.debug_info</name>
         <load_address>0x1b662</load_address>
         <run_address>0x1b662</run_address>
         <size>0x135</size>
         <input_file_ref idref="fl-f"/>
      </object_component>
      <object_component id="oc-257">
         <name>.debug_info</name>
         <load_address>0x1b797</load_address>
         <run_address>0x1b797</run_address>
         <size>0x135</size>
         <input_file_ref idref="fl-f"/>
      </object_component>
      <object_component id="oc-251">
         <name>.debug_info</name>
         <load_address>0x1b8cc</load_address>
         <run_address>0x1b8cc</run_address>
         <size>0x16d</size>
         <input_file_ref idref="fl-f"/>
      </object_component>
      <object_component id="oc-24e">
         <name>.debug_info</name>
         <load_address>0x1ba39</load_address>
         <run_address>0x1ba39</run_address>
         <size>0x159</size>
         <input_file_ref idref="fl-f"/>
      </object_component>
      <object_component id="oc-196">
         <name>.debug_info</name>
         <load_address>0x1bb92</load_address>
         <run_address>0x1bb92</run_address>
         <size>0x2a21</size>
         <input_file_ref idref="fl-f"/>
      </object_component>
      <object_component id="oc-260">
         <name>.debug_info</name>
         <load_address>0x1e5b3</load_address>
         <run_address>0x1e5b3</run_address>
         <size>0x1ce</size>
         <input_file_ref idref="fl-f"/>
      </object_component>
      <object_component id="oc-25a">
         <name>.debug_info</name>
         <load_address>0x1e781</load_address>
         <run_address>0x1e781</run_address>
         <size>0x46</size>
         <input_file_ref idref="fl-f"/>
      </object_component>
      <object_component id="oc-d5">
         <name>.debug_info</name>
         <load_address>0x1e7c7</load_address>
         <run_address>0x1e7c7</run_address>
         <size>0x564</size>
         <input_file_ref idref="fl-10"/>
      </object_component>
      <object_component id="oc-c8">
         <name>.debug_info</name>
         <load_address>0x1ed2b</load_address>
         <run_address>0x1ed2b</run_address>
         <size>0x1aa</size>
         <input_file_ref idref="fl-10"/>
      </object_component>
      <object_component id="oc-d2">
         <name>.debug_info</name>
         <load_address>0x1eed5</load_address>
         <run_address>0x1eed5</run_address>
         <size>0x285</size>
         <input_file_ref idref="fl-10"/>
      </object_component>
      <object_component id="oc-76">
         <name>.debug_info</name>
         <load_address>0x1f15a</load_address>
         <run_address>0x1f15a</run_address>
         <size>0xfd6</size>
         <input_file_ref idref="fl-10"/>
      </object_component>
      <object_component id="oc-73">
         <name>.debug_info</name>
         <load_address>0x20130</load_address>
         <run_address>0x20130</run_address>
         <size>0x297</size>
         <input_file_ref idref="fl-11"/>
      </object_component>
      <object_component id="oc-1f4">
         <name>.debug_info</name>
         <load_address>0x203c7</load_address>
         <run_address>0x203c7</run_address>
         <size>0x3e5</size>
         <input_file_ref idref="fl-cb"/>
      </object_component>
      <object_component id="oc-1ef">
         <name>.debug_info</name>
         <load_address>0x207ac</load_address>
         <run_address>0x207ac</run_address>
         <size>0x157</size>
         <input_file_ref idref="fl-cb"/>
      </object_component>
      <object_component id="oc-1ea">
         <name>.debug_info</name>
         <load_address>0x20903</load_address>
         <run_address>0x20903</run_address>
         <size>0x166</size>
         <input_file_ref idref="fl-cb"/>
      </object_component>
      <object_component id="oc-121">
         <name>.debug_info</name>
         <load_address>0x20a69</load_address>
         <run_address>0x20a69</run_address>
         <size>0x1ac</size>
         <input_file_ref idref="fl-cb"/>
      </object_component>
      <object_component id="oc-2d9">
         <name>.debug_info</name>
         <load_address>0x20c15</load_address>
         <run_address>0x20c15</run_address>
         <size>0xb2</size>
         <input_file_ref idref="fl-cb"/>
      </object_component>
      <object_component id="oc-2b0">
         <name>.debug_info</name>
         <load_address>0x20cc7</load_address>
         <run_address>0x20cc7</run_address>
         <size>0x590</size>
         <input_file_ref idref="fl-cc"/>
      </object_component>
      <object_component id="oc-27b">
         <name>.debug_info</name>
         <load_address>0x21257</load_address>
         <run_address>0x21257</run_address>
         <size>0x21e</size>
         <input_file_ref idref="fl-cc"/>
      </object_component>
      <object_component id="oc-355">
         <name>.debug_info</name>
         <load_address>0x21475</load_address>
         <run_address>0x21475</run_address>
         <size>0x1b3</size>
         <input_file_ref idref="fl-cc"/>
      </object_component>
      <object_component id="oc-35b">
         <name>.debug_info</name>
         <load_address>0x21628</load_address>
         <run_address>0x21628</run_address>
         <size>0x21b</size>
         <input_file_ref idref="fl-cc"/>
      </object_component>
      <object_component id="oc-286">
         <name>.debug_info</name>
         <load_address>0x21843</load_address>
         <run_address>0x21843</run_address>
         <size>0x3c0</size>
         <input_file_ref idref="fl-cc"/>
      </object_component>
      <object_component id="oc-362">
         <name>.debug_info</name>
         <load_address>0x21c03</load_address>
         <run_address>0x21c03</run_address>
         <size>0x30a</size>
         <input_file_ref idref="fl-cc"/>
      </object_component>
      <object_component id="oc-368">
         <name>.debug_info</name>
         <load_address>0x21f0d</load_address>
         <run_address>0x21f0d</run_address>
         <size>0x215</size>
         <input_file_ref idref="fl-cc"/>
      </object_component>
      <object_component id="oc-28c">
         <name>.debug_info</name>
         <load_address>0x22122</load_address>
         <run_address>0x22122</run_address>
         <size>0x215</size>
         <input_file_ref idref="fl-cc"/>
      </object_component>
      <object_component id="oc-292">
         <name>.debug_info</name>
         <load_address>0x22337</load_address>
         <run_address>0x22337</run_address>
         <size>0x304</size>
         <input_file_ref idref="fl-cc"/>
      </object_component>
      <object_component id="oc-298">
         <name>.debug_info</name>
         <load_address>0x2263b</load_address>
         <run_address>0x2263b</run_address>
         <size>0x4b5</size>
         <input_file_ref idref="fl-cc"/>
      </object_component>
      <object_component id="oc-1dc">
         <name>.debug_info</name>
         <load_address>0x22af0</load_address>
         <run_address>0x22af0</run_address>
         <size>0x5f4</size>
         <input_file_ref idref="fl-cc"/>
      </object_component>
      <object_component id="oc-2b1">
         <name>.debug_info</name>
         <load_address>0x230e4</load_address>
         <run_address>0x230e4</run_address>
         <size>0x86</size>
         <input_file_ref idref="fl-cc"/>
      </object_component>
      <object_component id="oc-397">
         <name>.debug_info</name>
         <load_address>0x2316a</load_address>
         <run_address>0x2316a</run_address>
         <size>0x39</size>
         <input_file_ref idref="fl-cc"/>
      </object_component>
      <object_component id="oc-418">
         <name>.debug_info</name>
         <load_address>0x231a3</load_address>
         <run_address>0x231a3</run_address>
         <size>0xb6</size>
         <input_file_ref idref="fl-cc"/>
      </object_component>
      <object_component id="oc-39c">
         <name>.debug_info</name>
         <load_address>0x23259</load_address>
         <run_address>0x23259</run_address>
         <size>0x46</size>
         <input_file_ref idref="fl-cc"/>
      </object_component>
      <object_component id="oc-2b6">
         <name>.debug_info</name>
         <load_address>0x2329f</load_address>
         <run_address>0x2329f</run_address>
         <size>0x46</size>
         <input_file_ref idref="fl-cc"/>
      </object_component>
      <object_component id="oc-392">
         <name>.debug_info</name>
         <load_address>0x232e5</load_address>
         <run_address>0x232e5</run_address>
         <size>0x2c</size>
         <input_file_ref idref="fl-cc"/>
      </object_component>
      <object_component id="oc-3c1">
         <name>.debug_info</name>
         <load_address>0x23311</load_address>
         <run_address>0x23311</run_address>
         <size>0x383</size>
         <input_file_ref idref="fl-cd"/>
      </object_component>
      <object_component id="oc-2d4">
         <name>.debug_info</name>
         <load_address>0x23694</load_address>
         <run_address>0x23694</run_address>
         <size>0x1ea</size>
         <input_file_ref idref="fl-cd"/>
      </object_component>
      <object_component id="oc-3bf">
         <name>.debug_info</name>
         <load_address>0x2387e</load_address>
         <run_address>0x2387e</run_address>
         <size>0x3fc</size>
         <input_file_ref idref="fl-ce"/>
      </object_component>
      <object_component id="oc-2ca">
         <name>.debug_info</name>
         <load_address>0x23c7a</load_address>
         <run_address>0x23c7a</run_address>
         <size>0x2e2</size>
         <input_file_ref idref="fl-ce"/>
      </object_component>
      <object_component id="oc-42a">
         <name>.debug_info</name>
         <load_address>0x23f5c</load_address>
         <run_address>0x23f5c</run_address>
         <size>0x300</size>
         <input_file_ref idref="fl-cf"/>
      </object_component>
      <object_component id="oc-3a7">
         <name>.debug_info</name>
         <load_address>0x2425c</load_address>
         <run_address>0x2425c</run_address>
         <size>0x19c</size>
         <input_file_ref idref="fl-cf"/>
      </object_component>
      <object_component id="oc-465">
         <name>.debug_info</name>
         <load_address>0x243f8</load_address>
         <run_address>0x243f8</run_address>
         <size>0xbf</size>
         <input_file_ref idref="fl-cf"/>
      </object_component>
      <object_component id="oc-464">
         <name>.debug_info</name>
         <load_address>0x244b7</load_address>
         <run_address>0x244b7</run_address>
         <size>0x374</size>
         <input_file_ref idref="fl-d0"/>
      </object_component>
[...]
      </symbol>
      <symbol id="sm-a19">
         <name>__aeabi_memclr</name>
         <value>0x6d55</value>
         <object_component_ref idref="oc-9f"/>
      </symbol>
      <symbol id="sm-a30">
         <name>__aeabi_dsub</name>
         <value>0x5bcd</value>
         <object_component_ref idref="oc-34f"/>
      </symbol>
      <symbol id="sm-a31">
         <name>__aeabi_dadd</name>
         <value>0x5bd7</value>
         <object_component_ref idref="oc-34f"/>
      </symbol>
      <symbol id="sm-a53">
         <name>__aeabi_cdcmpeq</name>
         <value>0x6c49</value>
         <object_component_ref idref="oc-280"/>
      </symbol>
      <symbol id="sm-a54">
         <name>__aeabi_cdcmple</name>
         <value>0x6c49</value>
         <object_component_ref idref="oc-280"/>
      </symbol>
      <symbol id="sm-a55">
         <name>__aeabi_cdrcmple</name>
         <value>0x6ccf</value>
         <object_component_ref idref="oc-33a"/>
      </symbol>
      <symbol id="sm-a69">
         <name>__aeabi_ddiv</name>
         <value>0x5ec1</value>
         <object_component_ref idref="oc-335"/>
      </symbol>
      <symbol id="sm-a74">
         <name>__aeabi_dmul</name>
         <value>0x6571</value>
         <object_component_ref idref="oc-330"/>
      </symbol>
      <symbol id="sm-a7e">
         <name>__aeabi_d2iz</name>
         <value>0x7589</value>
         <object_component_ref idref="oc-33f"/>
      </symbol>
      <symbol id="sm-a88">
         <name>__aeabi_i2d</name>
         <value>0x78c5</value>
         <object_component_ref idref="oc-34a"/>
      </symbol>
      <symbol id="sm-aa3">
         <name>memcpy</name>
         <value>0x6a8b</value>
         <object_component_ref idref="oc-3a"/>
      </symbol>
      <symbol id="sm-aa4">
         <name>__aeabi_memcpy</name>
         <value>0x6a8b</value>
         <object_component_ref idref="oc-3a"/>
      </symbol>
      <symbol id="sm-aa5">
         <name>__aeabi_memcpy8</name>
         <value>0x6a8b</value>
         <object_component_ref idref="oc-3a"/>
      </symbol>
      <symbol id="sm-aa6">
         <name>__aeabi_memcpy4</name>
         <value>0x6a8b</value>
         <object_component_ref idref="oc-3a"/>
      </symbol>
      <symbol id="sm-ab3">
         <name>__aeabi_uldivmod</name>
         <value>0x6b27</value>
         <object_component_ref idref="oc-329"/>
      </symbol>
      <symbol id="sm-ac5">
         <name>__TI_zero_init</name>
         <value>0x7a8f</value>
         <object_component_ref idref="oc-4c"/>
      </symbol>
      <symbol id="sm-adc">
         <name>__TI_decompress_none</name>
         <value>0x7a73</value>
         <object_component_ref idref="oc-1d"/>
      </symbol>
      <symbol id="sm-aff">
         <name>__TI_decompress_lzss</name>
         <value>0x6ff9</value>
         <object_component_ref idref="oc-17"/>
      </symbol>
      <symbol id="sm-b25">
         <name>C$$EXIT</name>
         <value>0x7ab9</value>
         <object_component_ref idref="oc-131"/>
      </symbol>
      <symbol id="sm-b26">
         <name>abort</name>
         <value>0x7ab9</value>
         <object_component_ref idref="oc-131"/>
      </symbol>
      <symbol id="sm-b27">
         <name>__TI_dtors_ptr</name>
         <value>0x20008968</value>
         <object_component_ref idref="oc-1fe"/>
      </symbol>
      <symbol id="sm-b28">
         <name>__TI_cleanup_ptr</name>
         <value>0x20008964</value>
         <object_component_ref idref="oc-1fe"/>
      </symbol>
      <symbol id="sm-b29">
         <name>__TI_enable_exit_profile_output</name>
         <value>0x2000896c</value>
         <object_component_ref idref="oc-1fe"/>
      </symbol>
      <symbol id="sm-b2a">
         <name>exit</name>
         <value>0x7541</value>
         <object_component_ref idref="oc-137"/>
      </symbol>
      <symbol id="sm-b3f">
         <name>_nop</name>
         <value>0x3ce7</value>
         <object_component_ref idref="oc-2bb"/>
      </symbol>
      <symbol id="sm-b40">
         <name>_lock</name>
         <value>0x2000897c</value>
         <object_component_ref idref="oc-1e1"/>
      </symbol>
      <symbol id="sm-b41">
         <name>_unlock</name>
         <value>0x20008980</value>
         <object_component_ref idref="oc-1e1"/>
      </symbol>
      <symbol id="sm-b50">
         <name>__TI_ltoa</name>
         <value>0x73b7</value>
         <object_component_ref idref="oc-344"/>
      </symbol>
      <symbol id="sm-b66">
         <name>atoi</name>
         <value>0x74a9</value>
         <object_component_ref idref="oc-274"/>
      </symbol>
      <symbol id="sm-b71">
         <name>_ctypes_</name>
         <value>0x7abc</value>
         <object_component_ref idref="oc-324"/>
      </symbol>
      <symbol id="sm-b86">
         <name>__TI_tmpnams</name>
         <value>0x200081e8</value>
      </symbol>
      <symbol id="sm-b87">
         <name>__aeabi_stdout</name>
         <value>0x2000895c</value>
         <object_component_ref idref="oc-4a0"/>
      </symbol>
      <symbol id="sm-b88">
         <name>__aeabi_stderr</name>
         <value>0x20008960</value>
         <object_component_ref idref="oc-4a0"/>
      </symbol>
      <symbol id="sm-b89">
         <name>__aeabi_stdin</name>
         <value>0x20008958</value>
         <object_component_ref idref="oc-4a0"/>
      </symbol>
      <symbol id="sm-b8a">
         <name>_ftable</name>
         <value>0x20008738</value>
         <object_component_ref idref="oc-1e4"/>
      </symbol>
      <symbol id="sm-b8b">
         <name>__TI_ft_end</name>
         <value>0x20008954</value>
         <object_component_ref idref="oc-4a0"/>
      </symbol>
      <symbol id="sm-b9b">
         <name>memccpy</name>
         <value>0x79d5</value>
         <object_component_ref idref="oc-29d"/>
      </symbol>
      <symbol id="sm-bab">
         <name>memchr</name>
         <value>0x7999</value>
         <object_component_ref idref="oc-3ac"/>
      </symbol>
      <symbol id="sm-c34">
         <name>_sys_memory</name>
         <value>0x20008338</value>
         <object_component_ref idref="oc-29"/>
      </symbol>
      <symbol id="sm-c35">
         <name>free</name>
         <value>0x666d</value>
         <object_component_ref idref="oc-451"/>
      </symbol>
      <symbol id="sm-c36">
         <name>memalign</name>
         <value>0x6469</value>
         <object_component_ref idref="oc-493"/>
      </symbol>
      <symbol id="sm-c37">
         <name>malloc</name>
         <value>0x7aa5</value>
         <object_component_ref idref="oc-457"/>
      </symbol>
      <symbol id="sm-c38">
         <name>aligned_alloc</name>
         <value>0x6469</value>
         <object_component_ref idref="oc-493"/>
      </symbol>
      <symbol id="sm-c48">
         <name>strchr</name>
         <value>0x7a23</value>
         <object_component_ref idref="oc-37b"/>
      </symbol>
      <symbol id="sm-c56">
         <name>strlen</name>
         <value>0x7a4d</value>
         <object_component_ref idref="oc-26e"/>
      </symbol>
      <symbol id="sm-c70">
         <name>write</name>
         <value>0x7971</value>
         <object_component_ref idref="oc-3b8"/>
      </symbol>
      <symbol id="sm-c81">
         <name>_stream</name>
         <value>0x200088a0</value>
         <object_component_ref idref="oc-42f"/>
      </symbol>
      <symbol id="sm-c82">
         <name>_device</name>
         <value>0x20008828</value>
         <object_component_ref idref="oc-470"/>
      </symbol>
      <symbol id="sm-c98">
         <name>__aeabi_errno_addr</name>
         <value>0x7a9d</value>
         <object_component_ref idref="oc-2a9"/>
      </symbol>
      <symbol id="sm-c99">
         <name>errno</name>
         <value>0x2000898c</value>
         <object_component_ref idref="oc-38b"/>
      </symbol>
      <symbol id="sm-cac">
         <name>__stack</name>
         <value>0x2000fe00</value>
         <object_component_ref idref="oc-2c"/>
      </symbol>
      <symbol id="sm-cad">
         <name>_c_int00_noargs</name>
         <value>0x7831</value>
         <object_component_ref idref="oc-58"/>
      </symbol>
      <symbol id="sm-ccd">
         <name>frexpl</name>
         <value>0x70c9</value>
         <object_component_ref idref="oc-36f"/>
      </symbol>
      <symbol id="sm-cce">
         <name>frexp</name>
         <value>0x70c9</value>
         <object_component_ref idref="oc-36f"/>
      </symbol>
      <symbol id="sm-ceb">
         <name>scalbn</name>
         <value>0x6359</value>
         <object_component_ref idref="oc-375"/>
      </symbol>
      <symbol id="sm-cec">
         <name>scalbnl</name>
         <value>0x6359</value>
         <object_component_ref idref="oc-375"/>
      </symbol>
      <symbol id="sm-ced">
         <name>ldexpl</name>
         <value>0x6359</value>
         <object_component_ref idref="oc-375"/>
      </symbol>
      <symbol id="sm-cee">
         <name>ldexp</name>
         <value>0x6359</value>
         <object_component_ref idref="oc-375"/>
      </symbol>
      <symbol id="sm-d07">
         <name>wcslen</name>
         <value>0x7a61</value>
         <object_component_ref idref="oc-2a3"/>
      </symbol>
      <symbol id="sm-d17">
         <name>__TI_doflush</name>
         <value>0x745d</value>
         <object_component_ref idref="oc-3b2"/>
      </symbol>
      <symbol id="sm-d27">
         <name>__TI_cleanup</name>
         <value>0x77c9</value>
         <object_component_ref idref="oc-45d"/>
      </symbol>
      <symbol id="sm-d39">
         <name>fseek</name>
         <value>0x712d</value>
         <object_component_ref idref="oc-41d"/>
      </symbol>
      <symbol id="sm-d43">
         <name>__aeabi_idiv0</name>
         <value>0x5d83</value>
         <object_component_ref idref="oc-3e8"/>
      </symbol>
      <symbol id="sm-d44">
         <name>__aeabi_ldiv0</name>
         <value>0x5d83</value>
         <object_component_ref idref="oc-3e8"/>
      </symbol>
      <symbol id="sm-d6c">
         <name>__TI_auto_init_nobinit_nopinit</name>
         <value>0x7659</value>
         <object_component_ref idref="oc-13d"/>
      </symbol>
      <symbol id="sm-d76">
         <name>_system_pre_init</name>
         <value>0x7ab5</value>
         <object_component_ref idref="oc-a5"/>
      </symbol>
      <symbol id="sm-d89">
         <name>HOSTclose</name>
         <value>0x75d1</value>
         <object_component_ref idref="oc-4ac"/>
      </symbol>
      <symbol id="sm-d9a">
         <name>HOSTlseek</name>
         <value>0x6f91</value>
         <object_component_ref idref="oc-4be"/>
      </symbol>
      <symbol id="sm-dac">
         <name>parmbuf</name>
         <value>0x2000832c</value>
      </symbol>
      <symbol id="sm-dad">
         <name>HOSTopen</name>
         <value>0x71f5</value>
         <object_component_ref idref="oc-4a6"/>
      </symbol>
      <symbol id="sm-dbe">
         <name>HOSTread</name>
         <value>0x72b1</value>
         <object_component_ref idref="oc-4b2"/>
      </symbol>
      <symbol id="sm-dcf">
         <name>HOSTrename</name>
         <value>0x6f25</value>
         <object_component_ref idref="oc-4ca"/>
      </symbol>
      <symbol id="sm-de0">
         <name>HOSTunlink</name>
         <value>0x7615</value>
         <object_component_ref idref="oc-4c4"/>
      </symbol>
      <symbol id="sm-df1">
         <name>HOSTwrite</name>
         <value>0x7309</value>
         <object_component_ref idref="oc-4b8"/>
      </symbol>
      <symbol id="sm-e15">
         <name>__TI_readmsg</name>
         <value>0x77fd</value>
         <object_component_ref idref="oc-4f9"/>
      </symbol>
      <symbol id="sm-e16">
         <name>C$$IO$$</name>
         <value>0x7787</value>
         <object_component_ref idref="oc-4f3"/>
      </symbol>
      <symbol id="sm-e17">
         <name>__CIOBUF_</name>
         <value>0x20008000</value>
         <object_component_ref idref="oc-524"/>
      </symbol>
      <symbol id="sm-e18">
         <name>__TI_writemsg</name>
         <value>0x7759</value>
         <object_component_ref idref="oc-4f3"/>
      </symbol>
      <symbol id="sm-e29">
         <name>lseek</name>
         <value>0x7949</value>
         <object_component_ref idref="oc-449"/>
      </symbol>
      <symbol id="sm-e33">
         <name>copysign</name>
         <value>0x79f1</value>
         <object_component_ref idref="oc-401"/>
      </symbol>
      <symbol id="sm-e34">
         <name>copysignl</name>
         <value>0x79f1</value>
         <object_component_ref idref="oc-401"/>
      </symbol>
      <symbol id="sm-e49">
         <name>__TI_closefile</name>
         <value>0x6dd1</value>
         <object_component_ref idref="oc-49a"/>
      </symbol>
      <symbol id="sm-e6c">
         <name>finddevice</name>
         <value>0x7895</value>
         <object_component_ref idref="oc-542"/>
      </symbol>
      <symbol id="sm-e6d">
         <name>getdevice</name>
         <value>0x769d</value>
         <object_component_ref idref="oc-51a"/>
      </symbol>
      <symbol id="sm-e7c">
         <name>strcmp</name>
         <value>0x7a0b</value>
         <object_component_ref idref="oc-559"/>
      </symbol>
      <symbol id="sm-e8a">
         <name>strcpy</name>
         <value>0x7a39</value>
         <object_component_ref idref="oc-50d"/>
      </symbol>
      <symbol id="sm-e9a">
         <name>strncpy</name>
         <value>0x7791</value>
         <object_component_ref idref="oc-53c"/>
      </symbol>
      <symbol id="sm-eaf">
         <name>close</name>
         <value>0x7255</value>
         <object_component_ref idref="oc-4e2"/>
      </symbol>
      <symbol id="sm-ebf">
         <name>unlink</name>
         <value>0x78f5</value>
         <object_component_ref idref="oc-4e8"/>
      </symbol>
      <symbol id="sm-ec0">
         <name>__TI_static_base__</name>
         <value>0x0</value>
      </symbol>
      <symbol id="sm-ec3">
         <name>__mpu_init</name>
         <value>0x0</value>
      </symbol>
      <symbol id="sm-ec4">
         <name>_system_post_cinit</name>
         <value>0x0</value>
      </symbol>
      <symbol id="sm-ec5">
         <name>NMI_Handler</name>
         <value>0x7a8d</value>
      </symbol>
      <symbol id="sm-ec6">
         <name>HardFault_Handler</name>
         <value>0x7a8d</value>
      </symbol>
      <symbol id="sm-ec7">
         <name>MemManage_Handler</name>
         <value>0x7a8d</value>
      </symbol>
      <symbol id="sm-ec8">
         <name>BusFault_Handler</name>
         <value>0x7a8d</value>
      </symbol>
      <symbol id="sm-ec9">
         <name>UsageFault_Handler</name>
         <value>0x7a8d</value>
      </symbol>
      <symbol id="sm-eca">
         <name>SVC_Handler</name>
         <value>0x7a8d</value>
      </symbol>
      <symbol id="sm-ecb">
         <name>DebugMon_Handler</name>
         <value>0x7a8d</value>
      </symbol>
      <symbol id="sm-ecc">
         <name>PendSV_Handler</name>
         <value>0x7a8d</value>
      </symbol>
      <symbol id="sm-ecd">
         <name>SysTick_Handler</name>
         <value>0x7a8d</value>
      </symbol>
      <symbol id="sm-ece">
         <name>PSS_IRQHandler</name>
         <value>0x7a8d</value>
      </symbol>
      <symbol id="sm-ecf">
         <name>CS_IRQHandler</name>
         <value>0x7a8d</value>
      </symbol>
      <symbol id="sm-ed0">
         <name>PCM_IRQHandler</name>
         <value>0x7a8d</value>
      </symbol>
      <symbol id="sm-ed1">
         <name>WDT_A_IRQHandler</name>
         <value>0x7a8d</value>
      </symbol>
      <symbol id="sm-ed2">
         <name>FPU_IRQHandler</name>
         <value>0x7a8d</value>
      </symbol>
      <symbol id="sm-ed3">
         <name>FLCTL_IRQHandler</name>
         <value>0x7a8d</value>
      </symbol>
      <symbol id="sm-ed4">
         <name>COMP_E0_IRQHandler</name>
         <value>0x7a8d</value>
      </symbol>
      <symbol id="sm-ed5">
         <name>COMP_E1_IRQHandler</name>
         <value>0x7a8d</value>
      </symbol>
      <symbol id="sm-ed6">
         <name>TA0_0_IRQHandler</name>
         <value>0x7a8d</value>
      </symbol>
      <symbol id="sm-ed7">
         <name>TA0_N_IRQHandler</name>
         <value>0x7a8d</value>
      </symbol>
      <symbol id="sm-ed8">
         <name>TA1_0_IRQHandler</name>
         <value>0x7a8d</value>
      </symbol>
      <symbol id="sm-ed9">
         <name>TA1_N_IRQHandler</name>
         <value>0x7a8d</value>
      </symbol>
      <symbol id="sm-eda">
         <name>TA2_0_IRQHandler</name>
         <value>0x7a8d</value>
      </symbol>
      <symbol id="sm-edb">
         <name>TA2_N_IRQHandler</name>
         <value>0x7a8d</value>
      </symbol>
      <symbol id="sm-edc">
         <name>TA3_0_IRQHandler</name>
         <value>0x7a8d</value>
      </symbol>
      <symbol id="sm-edd">
         <name>TA3_N_IRQHandler</name>
         <value>0x7a8d</value>
      </symbol>
      <symbol id="sm-ede">
         <name>EUSCIA0_IRQHandler</name>
         <value>0x7a8d</value>
      </symbol>
      <symbol id="sm-edf">
         <name>EUSCIA1_IRQHandler</name>
         <value>0x7a8d</value>
      </symbol>
      <symbol id="sm-ee0">
         <name>EUSCIA2_IRQHandler</name>
         <value>0x7a8d</value>
      </symbol>
      <symbol id="sm-ee1">
         <name>EUSCIA3_IRQHandler</name>
         <value>0x7a8d</value>
      </symbol>
      <symbol id="sm-ee2">
         <name>EUSCIB0_IRQHandler</name>
         <value>0x7a8d</value>
      </symbol>
      <symbol id="sm-ee3">
         <name>EUSCIB1_IRQHandler</name>
         <value>0x7a8d</value>
      </symbol>
      <symbol id="sm-ee4">
         <name>EUSCIB2_IRQHandler</name>
         <value>0x7a8d</value>
      </symbol>
      <symbol id="sm-ee5">
         <name>EUSCIB3_IRQHandler</name>
         <value>0x7a8d</value>
      </symbol>
      <symbol id="sm-ee6">
         <name>ADC14_IRQHandler</name>
         <value>0x7a8d</value>
      </symbol>
      <symbol id="sm-ee7">
         <name>T32_INT1_IRQHandler</name>
         <value>0x74f5</value>
      </symbol>
      <symbol id="sm-ee8">
         <name>T32_INT2_IRQHandler</name>
         <value>0x7a8d</value>
      </symbol>
      <symbol id="sm-ee9">
         <name>T32_INTC_IRQHandler</name>
         <value>0x7a8d</value>
      </symbol>
      <symbol id="sm-eea">
         <name>AES256_IRQHandler</name>
         <value>0x7a8d</value>
      </symbol>
      <symbol id="sm-eeb">
         <name>RTC_C_IRQHandler</name>
         <value>0x7a8d</value>
      </symbol>
      <symbol id="sm-eec">
         <name>DMA_ERR_IRQHandler</name>
         <value>0x7a8d</value>
      </symbol>
      <symbol id="sm-eed">
         <name>DMA_INT3_IRQHandler</name>
         <value>0x7a8d</value>
      </symbol>
      <symbol id="sm-eee">
         <name>DMA_INT2_IRQHandler</name>
         <value>0x7a8d</value>
      </symbol>
      <symbol id="sm-eef">
         <name>DMA_INT1_IRQHandler</name>
         <value>0x7a8d</value>
      </symbol>
      <symbol id="sm-ef0">
         <name>DMA_INT0_IRQHandler</name>
         <value>0x7a8d</value>
      </symbol>
      <symbol id="sm-ef1">
         <name>PORT1_IRQHandler</name>
         <value>0x7a8d</value>
      </symbol>
      <symbol id="sm-ef2">
         <name>PORT2_IRQHandler</name>
         <value>0x7a8d</value>
      </symbol>
      <symbol id="sm-ef3">
         <name>PORT3_IRQHandler</name>
         <value>0x7a8d</value>
      </symbol>
      <symbol id="sm-ef4">
         <name>PORT4_IRQHandler</name>
         <value>0x7a8d</value>
      </symbol>
      <symbol id="sm-ef5">
         <name>PORT5_IRQHandler</name>
         <value>0x7a8d</value>
      </symbol>
      <symbol id="sm-ef6">
         <name>PORT6_IRQHandler</name>
         <value>0x7a8d</value>
      </symbol>
      <symbol id="sm-ef7">
         <name>remove</name>
         <value>0x78f5</value>
      </symbol>
   </symbol_table>
   <title>Link successful</title>
</link_info>
