******************************************************************************
                  TI ARM Linker PC v20.2.1                     
******************************************************************************
>> Linked Wed Dec  2 21:45:31 2020

OUTPUT FILE NAME:   <09-ICE-circular-buffer.out>
ENTRY POINT SYMBOL: "_c_int00_noargs"  address: 000009bd


MEMORY CONFIGURATION

         name            origin    length      used     unused   attr    fill
----------------------  --------  ---------  --------  --------  ----  --------
  MAIN                  00000000   00040000  00000aa4  0003f55c  R  X
  INFO                  00200000   00004000  00000000  00004000  R  X
  SRAM_CODE             01000000   00010000  00000614  0000f9ec  RW X
  SRAM_DATA             20000000   00010000  00000614  0000f9ec  RW  


SEGMENT ALLOCATION MAP

run origin  load origin   length   init length attrs members
----------  ----------- ---------- ----------- ----- -------
00000000    00000000    00000aa4   00000aa4    r-x
  00000000    00000000    000000e4   000000e4    r-- .intvecs
  000000e4    000000e4    0000099c   0000099c    r-x .text
  00000a80    00000a80    00000024   00000024    r-- .cinit
20000000    20000000    00000414   00000000    rw-
  20000000    20000000    00000400   00000000    rw- .sysmem
  20000400    20000400    00000014   00000000    rw- .data
2000fe00    2000fe00    00000200   00000000    rw-
  2000fe00    2000fe00    00000200   00000000    rw- .stack


SECTION ALLOCATION MAP

 output                                  attributes/
section   page    origin      length       input sections
--------  ----  ----------  ----------   ----------------
.intvecs   0    00000000    000000e4     
                  00000000    000000e4     startup_msp432p401r_ccs.obj (.intvecs:retain)

.text      0    000000e4    0000099c     
                  000000e4    00000334     system_msp432p401r.obj (.text)
                  00000418    000001c0     circular_buffer.obj (.text)
                  000005d8    00000108     rtsv7M4_T_le_v4SPD16_eabi.lib : memory.c.obj (.text:aligned_alloc)
                  000006e0    000000e4                                   : memory.c.obj (.text:free)
                  000007c4    0000009c                                   : memcpy_t2.asm.obj (.text)
                  00000860    00000070                                   : memory.c.obj (.text:split)
                  000008d0    00000068                                   : copy_decompress_lzss.c.obj (.text:decompress:lzss:__TI_decompress_lzss)
                  00000938    00000044                                   : autoinit.c.obj (.text:__TI_auto_init_nobinit_nopinit:__TI_auto_init_nobinit_nopinit)
                  0000097c    00000040                                   : u_divt2.asm.obj (.text)
                  000009bc    00000034                                   : boot_cortex_m.c.obj (.text:_c_int00_noargs:_c_int00_noargs)
                  000009f0    00000028                                   : memory.c.obj (.text:free_list_insert)
                  00000a18    0000001c                                   : memory.c.obj (.text:free_list_remove)
                  00000a34    0000001c     main.obj (.text)
                  00000a50    0000000e     rtsv7M4_T_le_v4SPD16_eabi.lib : copy_decompress_none.c.obj (.text:decompress:none:__TI_decompress_none)
                  00000a5e    0000000e     startup_msp432p401r_ccs.obj (.text)
                  00000a6c    00000008     rtsv7M4_T_le_v4SPD16_eabi.lib : memory.c.obj (.text:malloc)
                  00000a74    00000004                                   : pre_init.c.obj (.text:_system_pre_init)
                  00000a78    00000004                                   : exit.c.obj (.text:abort:abort)
                  00000a7c    00000002                                   : _lock.c.obj (.text:_nop)
                  00000a7e    00000002                                   : div0.asm.obj (.text)

.cinit     0    00000a80    00000024     
                  00000a80    00000011     (.cinit..data.load) [load image, compression = lzss]
                  00000a91    00000003     --HOLE-- [fill = 0]
                  00000a94    00000008     (__TI_handler_table)
                  00000a9c    00000008     (__TI_cinit_table)

.init_array 
*          0    00000000    00000000     UNINITIALIZED

.binit     0    00000000    00000000     

.data      0    20000400    00000014     UNINITIALIZED
                  20000400    00000008     rtsv7M4_T_le_v4SPD16_eabi.lib : _lock.c.obj (.data:$O1$$)
                  20000408    00000008                                   : memory.c.obj (.data:$O1$$)
                  20000410    00000004     system_msp432p401r.obj (.data)

.sysmem    0    20000000    00000400     UNINITIALIZED
                  20000000    00000010     rtsv7M4_T_le_v4SPD16_eabi.lib : memory.c.obj (.sysmem)
                  20000010    000003f0     --HOLE--

.stack     0    2000fe00    00000200     UNINITIALIZED
                  2000fe00    00000004     rtsv7M4_T_le_v4SPD16_eabi.lib : boot_cortex_m.c.obj (.stack)
                  2000fe04    000001fc     --HOLE--

__llvm_prf_cnts 
*          0    20000000    00000000     UNINITIALIZED

MODULE SUMMARY

       Module                        code   ro data   rw data
       ------                        ----   -------   -------
    .\
       system_msp432p401r.obj        820    0         8      
       circular_buffer.obj           448    0         0      
       startup_msp432p401r_ccs.obj   14     228       0      
       main.obj                      28     0         0      
    +--+-----------------------------+------+---------+---------+
       Total:                        1310   228       8      
                                                             
    C:\ti\ccs1010\ccs\tools\compiler\ti-cgt-arm_20.2.1.LTS\lib\rtsv7M4_T_le_v4SPD16_eabi.lib
       memory.c.obj                  680    0         16     
       memcpy_t2.asm.obj             156    0         0      
       copy_decompress_lzss.c.obj    104    0         0      
       autoinit.c.obj                68     0         0      
       u_divt2.asm.obj               64     0         0      
       boot_cortex_m.c.obj           52     0         0      
       _lock.c.obj                   2      0         16     
       copy_decompress_none.c.obj    14     0         0      
       exit.c.obj                    4      0         0      
       pre_init.c.obj                4      0         0      
       div0.asm.obj                  2      0         0      
    +--+-----------------------------+------+---------+---------+
       Total:                        1150   0         32     
                                                             
       Heap:                         0      0         2048   
       Stack:                        0      0         1024   
       Linker Generated:             0      33        0      
    +--+-----------------------------+------+---------+---------+
       Grand Total:                  2460   261       3112   


LINKER GENERATED COPY TABLES

__TI_cinit_table @ 00000a9c records: 1, size/record: 8, table size: 8
	.data: load addr=00000a80, load size=00000011 bytes, run addr=20000400, run size=00000014 bytes, compression=lzss


LINKER GENERATED HANDLER TABLE

__TI_handler_table @ 00000a94 records: 2, size/record: 4, table size: 8
	index: 0, handler: __TI_decompress_lzss
	index: 1, handler: __TI_decompress_none


GLOBAL SYMBOLS: SORTED ALPHABETICALLY BY Name 

address   name                          
-------   ----                          
00000a6b  ADC14_IRQHandler              
00000a6b  AES256_IRQHandler             
00000a6b  BusFault_Handler              
00000a79  C$$EXIT                       
00000a6b  COMP_E0_IRQHandler            
00000a6b  COMP_E1_IRQHandler            
00000a6b  CS_IRQHandler                 
00000a6b  DMA_ERR_IRQHandler            
00000a6b  DMA_INT0_IRQHandler           
00000a6b  DMA_INT1_IRQHandler           
00000a6b  DMA_INT2_IRQHandler           
00000a6b  DMA_INT3_IRQHandler           
00000a6b  DebugMon_Handler              
00000a6b  Default_Handler               
00000a6b  EUSCIA0_IRQHandler            
00000a6b  EUSCIA1_IRQHandler            
00000a6b  EUSCIA2_IRQHandler            
00000a6b  EUSCIA3_IRQHandler            
00000a6b  EUSCIB0_IRQHandler            
00000a6b  EUSCIB1_IRQHandler            
00000a6b  EUSCIB2_IRQHandler            
00000a6b  EUSCIB3_IRQHandler            
00000a6b  FLCTL_IRQHandler              
00000a6b  FPU_IRQHandler                
00000a6b  HardFault_Handler             
00000a6b  MemManage_Handler             
00000a6b  NMI_Handler                   
00000a6b  PCM_IRQHandler                
00000a6b  PORT1_IRQHandler              
00000a6b  PORT2_IRQHandler              
00000a6b  PORT3_IRQHandler              
00000a6b  PORT4_IRQHandler              
00000a6b  PORT5_IRQHandler              
00000a6b  PORT6_IRQHandler              
00000a6b  PSS_IRQHandler                
00000a6b  PendSV_Handler                
00000a6b  RTC_C_IRQHandler              
00000a5f  Reset_Handler                 
00000a6b  SVC_Handler                   
00000a6b  SysTick_Handler               
20000410  SystemCoreClock               
000000e5  SystemCoreClockUpdate         
0000035d  SystemInit                    
00000a6b  T32_INT1_IRQHandler           
00000a6b  T32_INT2_IRQHandler           
00000a6b  T32_INTC_IRQHandler           
00000a6b  TA0_0_IRQHandler              
00000a6b  TA0_N_IRQHandler              
00000a6b  TA1_0_IRQHandler              
00000a6b  TA1_N_IRQHandler              
00000a6b  TA2_0_IRQHandler              
00000a6b  TA2_N_IRQHandler              
00000a6b  TA3_0_IRQHandler              
00000a6b  TA3_N_IRQHandler              
00000a6b  UsageFault_Handler            
4000480c  WDTCTL_SYM                    
00000a6b  WDT_A_IRQHandler              
20010000  __STACK_END                   
00000200  __STACK_SIZE                  
00000400  __SYSMEM_SIZE                 
00000a9c  __TI_CINIT_Base               
00000aa4  __TI_CINIT_Limit              
00000a94  __TI_Handler_Table_Base       
00000a9c  __TI_Handler_Table_Limit      
00000939  __TI_auto_init_nobinit_nopinit
000008d1  __TI_decompress_lzss          
00000a51  __TI_decompress_none          
ffffffff  __TI_pprof_out_hndl           
ffffffff  __TI_prof_data_size           
ffffffff  __TI_prof_data_start          
00000000  __TI_static_base__            
00000a7f  __aeabi_idiv0                 
00000a7f  __aeabi_ldiv0                 
000007c5  __aeabi_memcpy                
000007c5  __aeabi_memcpy4               
000007c5  __aeabi_memcpy8               
0000097d  __aeabi_uidiv                 
0000097d  __aeabi_uidivmod              
ffffffff  __binit__                     
ffffffff  __c_args__                    
UNDEFED   __mpu_init                    
2000fe00  __stack                       
20000000  __start___llvm_prf_cnts       
20000000  __stop___llvm_prf_cnts        
000009bd  _c_int00_noargs               
20000400  _lock                         
00000a7d  _nop                          
20000000  _sys_memory                   
UNDEFED   _system_post_cinit            
00000a75  _system_pre_init              
20000404  _unlock                       
00000a79  abort                         
000005d9  aligned_alloc                 
ffffffff  binit                         
0000045f  circular_buffer_add           
0000044b  circular_buffer_delete        
000004e1  circular_buffer_empty         
000004fd  circular_buffer_full          
00000419  circular_buffer_init          
00000497  circular_buffer_remove        
0000051f  circular_buffer_test_0        
000006e1  free                          
00000000  interruptVectors              
00000a35  main                          
00000a6d  malloc                        
000005d9  memalign                      
000007c5  memcpy                        


GLOBAL SYMBOLS: SORTED BY Symbol Address 

address   name                          
-------   ----                          
00000000  __TI_static_base__            
00000000  interruptVectors              
000000e5  SystemCoreClockUpdate         
00000200  __STACK_SIZE                  
0000035d  SystemInit                    
00000400  __SYSMEM_SIZE                 
00000419  circular_buffer_init          
0000044b  circular_buffer_delete        
0000045f  circular_buffer_add           
00000497  circular_buffer_remove        
000004e1  circular_buffer_empty         
000004fd  circular_buffer_full          
0000051f  circular_buffer_test_0        
000005d9  aligned_alloc                 
000005d9  memalign                      
000006e1  free                          
000007c5  __aeabi_memcpy                
000007c5  __aeabi_memcpy4               
000007c5  __aeabi_memcpy8               
000007c5  memcpy                        
000008d1  __TI_decompress_lzss          
00000939  __TI_auto_init_nobinit_nopinit
0000097d  __aeabi_uidiv                 
0000097d  __aeabi_uidivmod              
000009bd  _c_int00_noargs               
00000a35  main                          
00000a51  __TI_decompress_none          
00000a5f  Reset_Handler                 
00000a6b  ADC14_IRQHandler              
00000a6b  AES256_IRQHandler             
00000a6b  BusFault_Handler              
00000a6b  COMP_E0_IRQHandler            
00000a6b  COMP_E1_IRQHandler            
00000a6b  CS_IRQHandler                 
00000a6b  DMA_ERR_IRQHandler            
00000a6b  DMA_INT0_IRQHandler           
00000a6b  DMA_INT1_IRQHandler           
00000a6b  DMA_INT2_IRQHandler           
00000a6b  DMA_INT3_IRQHandler           
00000a6b  DebugMon_Handler              
00000a6b  Default_Handler               
00000a6b  EUSCIA0_IRQHandler            
00000a6b  EUSCIA1_IRQHandler            
00000a6b  EUSCIA2_IRQHandler            
00000a6b  EUSCIA3_IRQHandler            
00000a6b  EUSCIB0_IRQHandler            
00000a6b  EUSCIB1_IRQHandler            
00000a6b  EUSCIB2_IRQHandler            
00000a6b  EUSCIB3_IRQHandler            
00000a6b  FLCTL_IRQHandler              
00000a6b  FPU_IRQHandler                
00000a6b  HardFault_Handler             
00000a6b  MemManage_Handler             
00000a6b  NMI_Handler                   
00000a6b  PCM_IRQHandler                
00000a6b  PORT1_IRQHandler              
00000a6b  PORT2_IRQHandler              
00000a6b  PORT3_IRQHandler              
00000a6b  PORT4_IRQHandler              
00000a6b  PORT5_IRQHandler              
00000a6b  PORT6_IRQHandler              
00000a6b  PSS_IRQHandler                
00000a6b  PendSV_Handler                
00000a6b  RTC_C_IRQHandler              
00000a6b  SVC_Handler                   
00000a6b  SysTick_Handler               
00000a6b  T32_INT1_IRQHandler           
00000a6b  T32_INT2_IRQHandler           
00000a6b  T32_INTC_IRQHandler           
00000a6b  TA0_0_IRQHandler              
00000a6b  TA0_N_IRQHandler              
00000a6b  TA1_0_IRQHandler              
00000a6b  TA1_N_IRQHandler              
00000a6b  TA2_0_IRQHandler              
00000a6b  TA2_N_IRQHandler              
00000a6b  TA3_0_IRQHandler              
00000a6b  TA3_N_IRQHandler              
00000a6b  UsageFault_Handler            
00000a6b  WDT_A_IRQHandler              
00000a6d  malloc                        
00000a75  _system_pre_init              
00000a79  C$$EXIT                       
00000a79  abort                         
00000a7d  _nop                          
00000a7f  __aeabi_idiv0                 
00000a7f  __aeabi_ldiv0                 
00000a94  __TI_Handler_Table_Base       
00000a9c  __TI_CINIT_Base               
00000a9c  __TI_Handler_Table_Limit      
00000aa4  __TI_CINIT_Limit              
20000000  __start___llvm_prf_cnts       
20000000  __stop___llvm_prf_cnts        
20000000  _sys_memory                   
20000400  _lock                         
20000404  _unlock                       
20000410  SystemCoreClock               
2000fe00  __stack                       
20010000  __STACK_END                   
4000480c  WDTCTL_SYM                    
ffffffff  __TI_pprof_out_hndl           
ffffffff  __TI_prof_data_size           
ffffffff  __TI_prof_data_start          
ffffffff  __binit__                     
ffffffff  __c_args__                    
ffffffff  binit                         
UNDEFED   __mpu_init                    
UNDEFED   _system_post_cinit            

[107 symbols]
