******************************************************************************
                  TI ARM Linker PC v20.2.1                     
******************************************************************************
>> Linked Tue Nov  3 09:49:19 2020

OUTPUT FILE NAME:   <HW02.out>
ENTRY POINT SYMBOL: "_c_int00_noargs"  address: 00002165


MEMORY CONFIGURATION

         name            origin    length      used     unused   attr    fill
----------------------  --------  ---------  --------  --------  ----  --------
  MAIN                  00000000   00040000  000028ee  0003d712  R  X
  INFO                  00200000   00004000  00000000  00004000  R  X
  SRAM_CODE             01000000   00010000  00000227  0000fdd9  RW X
  SRAM_DATA             20000000   00010000  00000227  0000fdd9  RW  


SEGMENT ALLOCATION MAP

run origin  load origin   length   init length attrs members
----------  ----------- ---------- ----------- ----- -------
00000000    00000000    000028f0   000028f0    r-x
  00000000    00000000    000000e4   000000e4    r-- .intvecs
  000000e4    000000e4    0000210c   0000210c    r-x .text
  000021f0    000021f0    000006c6   000006c6    r-- .const
  000028b8    000028b8    00000038   00000038    r-- .cinit
20000000    20000000    00000027   00000000    rw-
  20000000    20000000    00000014   00000000    rw- .data
  20000014    20000014    00000013   00000000    rw- .bss
2000fe00    2000fe00    00000200   00000000    rw-
  2000fe00    2000fe00    00000200   00000000    rw- .stack


SECTION ALLOCATION MAP

 output                                  attributes/
section   page    origin      length       input sections
--------  ----  ----------  ----------   ----------------
.intvecs   0    00000000    000000e4     
                  00000000    000000e4     startup_msp432p401r_ccs.obj (.intvecs:retain)

.text      0    000000e4    0000210c     
                  000000e4    00001384     tic_tac_toe.obj (.text)
                  00001468    000005bc     hw-02-lcd.lib : lcd.obj (.text)
                  00001a24    00000354     system_msp432p401r.obj (.text)
                  00001d78    000001b4     timer32.obj (.text)
                  00001f2c    000000f0     ps2.obj (.text)
                  0000201c    0000009c     rtsv7M4_T_le_v4SPD16_eabi.lib : memcpy_t2.asm.obj (.text)
                  000020b8    00000068                                   : copy_decompress_lzss.c.obj (.text:decompress:lzss:__TI_decompress_lzss)
                  00002120    00000044                                   : autoinit.c.obj (.text:__TI_auto_init_nobinit_nopinit:__TI_auto_init_nobinit_nopinit)
                  00002164    00000034                                   : boot_cortex_m.c.obj (.text:_c_int00_noargs:_c_int00_noargs)
                  00002198    0000001c                                   : copy_zero_init.c.obj (.text:decompress:ZI:__TI_zero_init_nomemset:__TI_zero_init_nomemset)
                  000021b4    00000018     main.obj (.text)
                  000021cc    0000000e     rtsv7M4_T_le_v4SPD16_eabi.lib : copy_decompress_none.c.obj (.text:decompress:none:__TI_decompress_none)
                  000021da    0000000e     startup_msp432p401r_ccs.obj (.text)
                  000021e8    00000004     rtsv7M4_T_le_v4SPD16_eabi.lib : pre_init.c.obj (.text:_system_pre_init)
                  000021ec    00000004                                   : exit.c.obj (.text:abort:abort)

.const     0    000021f0    000006c6     
                  000021f0    00000234     hw-02-lcd.lib : tic_tac_toe_images.obj (.const:.string:tieBitmaps)
                  00002424    00000228                   : tic_tac_toe_images.obj (.const:.string:x_WinsBitmaps)
                  0000264c    000001ce                   : tic_tac_toe_images.obj (.const:.string:o_WinsBitmaps)
                  0000281a    0000004b     tic_tac_toe_images.obj (.const:.string:Bitmaps_O)
                  00002865    0000004b     tic_tac_toe_images.obj (.const:.string:Bitmaps_X)
                  000028b0    00000006     hw-02-lcd.lib : tic_tac_toe_images.obj (.const)

.cinit     0    000028b8    00000038     
                  000028b8    00000011     (.cinit..data.load) [load image, compression = lzss]
                  000028c9    00000003     --HOLE-- [fill = 0]
                  000028cc    0000000c     (__TI_handler_table)
                  000028d8    00000008     (.cinit..bss.load) [load image, compression = zero_init]
                  000028e0    00000010     (__TI_cinit_table)

.init_array 
*          0    00000000    00000000     UNINITIALIZED

.binit     0    00000000    00000000     

.data      0    20000000    00000014     UNINITIALIZED
                  20000000    00000008     ps2.obj (.data)
                  20000008    00000005     tic_tac_toe.obj (.data)
                  2000000d    00000003     timer32.obj (.data)
                  20000010    00000004     system_msp432p401r.obj (.data)

.bss       0    20000014    00000013     UNINITIALIZED
                  20000014    0000000c     (.common:Board)
                  20000020    00000002     (.common:Lcd_ScreenHeigth)
                  20000022    00000002     (.common:Lcd_ScreenWidth)
                  20000024    00000001     (.common:activeSquare)
                  20000025    00000001     (.common:currTurn)
                  20000026    00000001     (.common:turnCnt)

.stack     0    2000fe00    00000200     UNINITIALIZED
                  2000fe00    00000004     rtsv7M4_T_le_v4SPD16_eabi.lib : boot_cortex_m.c.obj (.stack)
                  2000fe04    000001fc     --HOLE--

__llvm_prf_cnts 
*          0    20000000    00000000     UNINITIALIZED

MODULE SUMMARY

       Module                        code   ro data   rw data
       ------                        ----   -------   -------
    .\
       tic_tac_toe.obj               4996   0         40     
       system_msp432p401r.obj        852    0         8      
       timer32.obj                   436    0         6      
       ps2.obj                       240    0         16     
       startup_msp432p401r_ccs.obj   14     228       0      
       tic_tac_toe_images.obj        0      150       0      
       main.obj                      24     0         0      
    +--+-----------------------------+------+---------+---------+
       Total:                        6562   378       70     
                                                             
    ../hw-02-lcd.lib
       tic_tac_toe_images.obj        0      1584      0      
       lcd.obj                       1468   0         8      
    +--+-----------------------------+------+---------+---------+
       Total:                        1468   1584      8      
                                                             
    C:\ti\ccs1010\ccs\tools\compiler\ti-cgt-arm_20.2.1.LTS\lib\rtsv7M4_T_le_v4SPD16_eabi.lib
       memcpy_t2.asm.obj             156    0         0      
       copy_decompress_lzss.c.obj    104    0         0      
       autoinit.c.obj                68     0         0      
       boot_cortex_m.c.obj           52     0         0      
       copy_zero_init.c.obj          28     0         0      
       copy_decompress_none.c.obj    14     0         0      
       exit.c.obj                    4      0         0      
       pre_init.c.obj                4      0         0      
    +--+-----------------------------+------+---------+---------+
       Total:                        430    0         0      
                                                             
       Stack:                        0      0         1024   
       Linker Generated:             0      53        0      
    +--+-----------------------------+------+---------+---------+
       Grand Total:                  8460   2015      1102   


LINKER GENERATED COPY TABLES

__TI_cinit_table @ 000028e0 records: 2, size/record: 8, table size: 16
	.data: load addr=000028b8, load size=00000011 bytes, run addr=20000000, run size=00000014 bytes, compression=lzss
	.bss: load addr=000028d8, load size=00000008 bytes, run addr=20000014, run size=00000013 bytes, compression=zero_init


LINKER GENERATED HANDLER TABLE

__TI_handler_table @ 000028cc records: 3, size/record: 4, table size: 12
	index: 0, handler: __TI_decompress_lzss
	index: 1, handler: __TI_decompress_none
	index: 2, handler: __TI_zero_init


GLOBAL SYMBOLS: SORTED ALPHABETICALLY BY Name 

address   name                            
-------   ----                            
00001fd1  ADC14_IRQHandler                
00001fd1  ADC14_IRQHandler                
00001fc9  ADC14_init                      
000021e7  AES256_IRQHandler               
2000000d  ALERT_LCD_CAN_UPDATE            
2000000e  ALERT_S2_PRESSED                
0000281a  Bitmaps_O                       
00002865  Bitmaps_X                       
20000014  Board                           
000021e7  BusFault_Handler                
000021ed  C$$EXIT                         
000021e7  COMP_E0_IRQHandler              
000021e7  COMP_E1_IRQHandler              
000021e7  CS_IRQHandler                   
00001541  Crystalfontz128x128_SetDrawFrame
000021e7  DMA_ERR_IRQHandler              
000021e7  DMA_INT0_IRQHandler             
000021e7  DMA_INT1_IRQHandler             
000021e7  DMA_INT2_IRQHandler             
000021e7  DMA_INT3_IRQHandler             
000021e7  DebugMon_Handler                
000021e7  Default_Handler                 
000021e7  EUSCIA0_IRQHandler              
000021e7  EUSCIA1_IRQHandler              
000021e7  EUSCIA2_IRQHandler              
000021e7  EUSCIA3_IRQHandler              
000021e7  EUSCIB0_IRQHandler              
000021e7  EUSCIB1_IRQHandler              
000021e7  EUSCIB2_IRQHandler              
000021e7  EUSCIB3_IRQHandler              
000021e7  FLCTL_IRQHandler                
000021e7  FPU_IRQHandler                  
00001469  HAL_LCD_PortInit                
000014b1  HAL_LCD_SpiInit                 
000014e5  HAL_LCD_writeCommand            
0000151d  HAL_LCD_writeData               
000021e7  HardFault_Handler               
20000020  Lcd_ScreenHeigth                
20000022  Lcd_ScreenWidth                 
000021e7  MemManage_Handler               
000021e7  NMI_Handler                     
000021e7  PCM_IRQHandler                  
000021e7  PORT1_IRQHandler                
000021e7  PORT2_IRQHandler                
000021e7  PORT3_IRQHandler                
000021e7  PORT4_IRQHandler                
000021e7  PORT5_IRQHandler                
000021e7  PORT6_IRQHandler                
2000000c  PS2_CAN_UPDATE                  
20000000  PS2_X_DIR                       
20000004  PS2_Y_DIR                       
000021e7  PSS_IRQHandler                  
000021e7  PendSV_Handler                  
000021e7  RTC_C_IRQHandler                
000021db  Reset_Handler                   
000021e7  SVC_Handler                     
000021e7  SysTick_Handler                 
20000010  SystemCoreClock                 
00001a25  SystemCoreClockUpdate           
00001c9d  SystemInit                      
00001e93  T32_INT1_IRQHandler             
00001e93  T32_INT1_IRQHandler             
00001edd  T32_INT2_IRQHandler             
00001edd  T32_INT2_IRQHandler             
000021e7  T32_INTC_IRQHandler             
00001e7f  T32_inits                       
000021e7  TA0_0_IRQHandler                
000021e7  TA0_N_IRQHandler                
000021e7  TA1_0_IRQHandler                
000021e7  TA1_N_IRQHandler                
000021e7  TA2_0_IRQHandler                
000021e7  TA2_N_IRQHandler                
000021e7  TA3_0_IRQHandler                
000021e7  TA3_N_IRQHandler                
000021e7  UsageFault_Handler              
4000480c  WDTCTL_SYM                      
000021e7  WDT_A_IRQHandler                
20010000  __STACK_END                     
00000200  __STACK_SIZE                    
000028e0  __TI_CINIT_Base                 
000028f0  __TI_CINIT_Limit                
000028cc  __TI_Handler_Table_Base         
000028d8  __TI_Handler_Table_Limit        
00002121  __TI_auto_init_nobinit_nopinit  
000020b9  __TI_decompress_lzss            
000021cd  __TI_decompress_none            
ffffffff  __TI_pprof_out_hndl             
ffffffff  __TI_prof_data_size             
ffffffff  __TI_prof_data_start            
00000000  __TI_static_base__              
00002199  __TI_zero_init_nomemset         
0000201d  __aeabi_memcpy                  
0000201d  __aeabi_memcpy4                 
0000201d  __aeabi_memcpy8                 
ffffffff  __binit__                       
ffffffff  __c_args__                      
UNDEFED   __mpu_init                      
2000fe00  __stack                         
20000000  __start___llvm_prf_cnts         
20000000  __stop___llvm_prf_cnts          
00002165  _c_int00_noargs                 
UNDEFED   _system_post_cinit              
000021e9  _system_pre_init                
000021ed  abort                           
20000024  activeSquare                    
ffffffff  binit                           
00000e61  checkGame                       
20000025  currTurn                        
00001f59  ece353_ADC14_PS2_XY             
00001e63  ece353_MKII_S2                  
00001e73  ece353_MKII_S2_Init             
00001de3  ece353_T32_1_Interrupt_Ms       
00001e23  ece353_T32_2_Interrupt_Ms       
20000008  first                           
00000000  interruptVectors                
0000199f  lcd_O_wins                      
0000197d  lcd_X_wins                      
000019eb  lcd_clear_screen                
000017fd  lcd_draw_image                  
000016df  lcd_draw_rectangle              
000015b1  lcd_init                        
000019c9  lcd_tie                         
000021b5  main                            
0000201d  memcpy                          
0000264c  o_WinsBitmaps                   
000028b5  o_WinsHeightPixels              
000028b4  o_WinsWidthPixels               
00000dfb  printEmptyBoard                 
20000009  state                           
000010a5  tic_tac_toe_example_board       
00001069  tic_tac_toe_hw_init             
000011d9  tic_tac_toe_play_game           
000021f0  tieBitmaps                      
000028b1  tieHeightPixels                 
000028b0  tieWidthPixels                  
20000026  turnCnt                         
00000c45  updateActiveSquare              
000000e5  updateLCD                       
2000000b  waitFlag                        
2000000a  winState                        
00002424  x_WinsBitmaps                   
000028b3  x_WinsHeightPixels              
000028b2  x_WinsWidthPixels               


GLOBAL SYMBOLS: SORTED BY Symbol Address 

address   name                            
-------   ----                            
00000000  __TI_static_base__              
00000000  interruptVectors                
000000e5  updateLCD                       
00000200  __STACK_SIZE                    
00000c45  updateActiveSquare              
00000dfb  printEmptyBoard                 
00000e61  checkGame                       
00001069  tic_tac_toe_hw_init             
000010a5  tic_tac_toe_example_board       
000011d9  tic_tac_toe_play_game           
00001469  HAL_LCD_PortInit                
000014b1  HAL_LCD_SpiInit                 
000014e5  HAL_LCD_writeCommand            
0000151d  HAL_LCD_writeData               
00001541  Crystalfontz128x128_SetDrawFrame
000015b1  lcd_init                        
000016df  lcd_draw_rectangle              
000017fd  lcd_draw_image                  
0000197d  lcd_X_wins                      
0000199f  lcd_O_wins                      
000019c9  lcd_tie                         
000019eb  lcd_clear_screen                
00001a25  SystemCoreClockUpdate           
00001c9d  SystemInit                      
00001de3  ece353_T32_1_Interrupt_Ms       
00001e23  ece353_T32_2_Interrupt_Ms       
00001e63  ece353_MKII_S2                  
00001e73  ece353_MKII_S2_Init             
00001e7f  T32_inits                       
00001e93  T32_INT1_IRQHandler             
00001e93  T32_INT1_IRQHandler             
00001edd  T32_INT2_IRQHandler             
00001edd  T32_INT2_IRQHandler             
00001f59  ece353_ADC14_PS2_XY             
00001fc9  ADC14_init                      
00001fd1  ADC14_IRQHandler                
00001fd1  ADC14_IRQHandler                
0000201d  __aeabi_memcpy                  
0000201d  __aeabi_memcpy4                 
0000201d  __aeabi_memcpy8                 
0000201d  memcpy                          
000020b9  __TI_decompress_lzss            
00002121  __TI_auto_init_nobinit_nopinit  
00002165  _c_int00_noargs                 
00002199  __TI_zero_init_nomemset         
000021b5  main                            
000021cd  __TI_decompress_none            
000021db  Reset_Handler                   
000021e7  AES256_IRQHandler               
000021e7  BusFault_Handler                
000021e7  COMP_E0_IRQHandler              
000021e7  COMP_E1_IRQHandler              
000021e7  CS_IRQHandler                   
000021e7  DMA_ERR_IRQHandler              
000021e7  DMA_INT0_IRQHandler             
000021e7  DMA_INT1_IRQHandler             
000021e7  DMA_INT2_IRQHandler             
000021e7  DMA_INT3_IRQHandler             
000021e7  DebugMon_Handler                
000021e7  Default_Handler                 
000021e7  EUSCIA0_IRQHandler              
000021e7  EUSCIA1_IRQHandler              
000021e7  EUSCIA2_IRQHandler              
000021e7  EUSCIA3_IRQHandler              
000021e7  EUSCIB0_IRQHandler              
000021e7  EUSCIB1_IRQHandler              
000021e7  EUSCIB2_IRQHandler              
000021e7  EUSCIB3_IRQHandler              
000021e7  FLCTL_IRQHandler                
000021e7  FPU_IRQHandler                  
000021e7  HardFault_Handler               
000021e7  MemManage_Handler               
000021e7  NMI_Handler                     
000021e7  PCM_IRQHandler                  
000021e7  PORT1_IRQHandler                
000021e7  PORT2_IRQHandler                
000021e7  PORT3_IRQHandler                
000021e7  PORT4_IRQHandler                
000021e7  PORT5_IRQHandler                
000021e7  PORT6_IRQHandler                
000021e7  PSS_IRQHandler                  
000021e7  PendSV_Handler                  
000021e7  RTC_C_IRQHandler                
000021e7  SVC_Handler                     
000021e7  SysTick_Handler                 
000021e7  T32_INTC_IRQHandler             
000021e7  TA0_0_IRQHandler                
000021e7  TA0_N_IRQHandler                
000021e7  TA1_0_IRQHandler                
000021e7  TA1_N_IRQHandler                
000021e7  TA2_0_IRQHandler                
000021e7  TA2_N_IRQHandler                
000021e7  TA3_0_IRQHandler                
000021e7  TA3_N_IRQHandler                
000021e7  UsageFault_Handler              
000021e7  WDT_A_IRQHandler                
000021e9  _system_pre_init                
000021ed  C$$EXIT                         
000021ed  abort                           
000021f0  tieBitmaps                      
00002424  x_WinsBitmaps                   
0000264c  o_WinsBitmaps                   
0000281a  Bitmaps_O                       
00002865  Bitmaps_X                       
000028b0  tieWidthPixels                  
000028b1  tieHeightPixels                 
000028b2  x_WinsWidthPixels               
000028b3  x_WinsHeightPixels              
000028b4  o_WinsWidthPixels               
000028b5  o_WinsHeightPixels              
000028cc  __TI_Handler_Table_Base         
000028d8  __TI_Handler_Table_Limit        
000028e0  __TI_CINIT_Base                 
000028f0  __TI_CINIT_Limit                
20000000  PS2_X_DIR                       
20000000  __start___llvm_prf_cnts         
20000000  __stop___llvm_prf_cnts          
20000004  PS2_Y_DIR                       
20000008  first                           
20000009  state                           
2000000a  winState                        
2000000b  waitFlag                        
2000000c  PS2_CAN_UPDATE                  
2000000d  ALERT_LCD_CAN_UPDATE            
2000000e  ALERT_S2_PRESSED                
20000010  SystemCoreClock                 
20000014  Board                           
20000020  Lcd_ScreenHeigth                
20000022  Lcd_ScreenWidth                 
20000024  activeSquare                    
20000025  currTurn                        
20000026  turnCnt                         
2000fe00  __stack                         
20010000  __STACK_END                     
4000480c  WDTCTL_SYM                      
ffffffff  __TI_pprof_out_hndl             
ffffffff  __TI_prof_data_size             
ffffffff  __TI_prof_data_start            
ffffffff  __binit__                       
ffffffff  __c_args__                      
ffffffff  binit                           
UNDEFED   __mpu_init                      
UNDEFED   _system_post_cinit              

[143 symbols]
