******************************************************************************
                  TI ARM Linker PC v20.2.1                     
******************************************************************************
>> Linked Wed Sep 30 12:29:32 2020

OUTPUT FILE NAME:   <06-ICE-ADC14-PS2-XY.out>
ENTRY POINT SYMBOL: "_c_int00_noargs"  address: 00000cad


MEMORY CONFIGURATION

         name            origin    length      used     unused   attr    fill
----------------------  --------  ---------  --------  --------  ----  --------
  MAIN                  00000000   00040000  00000d20  0003f2e0  R  X
  INFO                  00200000   00004000  00000000  00004000  R  X
  SRAM_CODE             01000000   00010000  0000020c  0000fdf4  RW X
  SRAM_DATA             20000000   00010000  0000020c  0000fdf4  RW  


SEGMENT ALLOCATION MAP

run origin  load origin   length   init length attrs members
----------  ----------- ---------- ----------- ----- -------
00000000    00000000    00000d24   00000d24    r-x
  00000000    00000000    000000e4   000000e4    r-- .intvecs
  000000e4    000000e4    00000c20   00000c20    r-x .text
  00000d08    00000d08    0000001c   0000001c    r-- .cinit
20000000    20000000    0000000c   00000000    rw-
  20000000    20000000    0000000c   00000000    rw- .data
2000fe00    2000fe00    00000200   00000000    rw-
  2000fe00    2000fe00    00000200   00000000    rw- .stack


SECTION ALLOCATION MAP

 output                                  attributes/
section   page    origin      length       input sections
--------  ----  ----------  ----------   ----------------
.intvecs   0    00000000    000000e4     
                  00000000    000000e4     startup_msp432p401r_ccs.obj (.intvecs:retain)

.text      0    000000e4    00000c20     
                  000000e4    0000066c     ece353.obj (.text)
                  00000750    00000334     system_msp432p401r.obj (.text)
                  00000a84    000000a4     main.obj (.text)
                  00000b28    0000009c     rtsv7M4_T_le_v4SPD16_eabi.lib : memcpy_t2.asm.obj (.text)
                  00000bc4    00000068                                   : copy_decompress_lzss.c.obj (.text:decompress:lzss:__TI_decompress_lzss)
                  00000c2c    00000044                                   : autoinit.c.obj (.text:__TI_auto_init_nobinit_nopinit:__TI_auto_init_nobinit_nopinit)
                  00000c70    0000003c     interrupts.obj (.text)
                  00000cac    00000034     rtsv7M4_T_le_v4SPD16_eabi.lib : boot_cortex_m.c.obj (.text:_c_int00_noargs:_c_int00_noargs)
                  00000ce0    0000000e                                   : copy_decompress_none.c.obj (.text:decompress:none:__TI_decompress_none)
                  00000cee    0000000e     startup_msp432p401r_ccs.obj (.text)
                  00000cfc    00000004     rtsv7M4_T_le_v4SPD16_eabi.lib : pre_init.c.obj (.text:_system_pre_init)
                  00000d00    00000004                                   : exit.c.obj (.text:abort:abort)

.cinit     0    00000d08    0000001c     
                  00000d08    0000000b     (.cinit..data.load) [load image, compression = lzss]
                  00000d13    00000001     --HOLE-- [fill = 0]
                  00000d14    00000008     (__TI_handler_table)
                  00000d1c    00000008     (__TI_cinit_table)

.init_array 
*          0    00000000    00000000     UNINITIALIZED

.binit     0    00000000    00000000     

.data      0    20000000    0000000c     UNINITIALIZED
                  20000000    00000008     interrupts.obj (.data)
                  20000008    00000004     system_msp432p401r.obj (.data)

.stack     0    2000fe00    00000200     UNINITIALIZED
                  2000fe00    00000004     rtsv7M4_T_le_v4SPD16_eabi.lib : boot_cortex_m.c.obj (.stack)
                  2000fe04    000001fc     --HOLE--

__llvm_prf_cnts 
*          0    20000000    00000000     UNINITIALIZED

MODULE SUMMARY

       Module                        code   ro data   rw data
       ------                        ----   -------   -------
    .\
       ece353.obj                    1644   0         0      
       system_msp432p401r.obj        820    0         8      
       startup_msp432p401r_ccs.obj   14     228       0      
       main.obj                      164    0         0      
       interrupts.obj                60     0         16     
    +--+-----------------------------+------+---------+---------+
       Total:                        2702   228       24     
                                                             
    C:\ti\ccs1010\ccs\tools\compiler\ti-cgt-arm_20.2.1.LTS\lib\rtsv7M4_T_le_v4SPD16_eabi.lib
       memcpy_t2.asm.obj             156    0         0      
       copy_decompress_lzss.c.obj    104    0         0      
       autoinit.c.obj                68     0         0      
       boot_cortex_m.c.obj           52     0         0      
       copy_decompress_none.c.obj    14     0         0      
       exit.c.obj                    4      0         0      
       pre_init.c.obj                4      0         0      
    +--+-----------------------------+------+---------+---------+
       Total:                        402    0         0      
                                                             
       Stack:                        0      0         1024   
       Linker Generated:             0      27        0      
    +--+-----------------------------+------+---------+---------+
       Grand Total:                  3104   255       1048   


LINKER GENERATED COPY TABLES

__TI_cinit_table @ 00000d1c records: 1, size/record: 8, table size: 8
	.data: load addr=00000d08, load size=0000000b bytes, run addr=20000000, run size=0000000c bytes, compression=lzss


LINKER GENERATED HANDLER TABLE

__TI_handler_table @ 00000d14 records: 2, size/record: 4, table size: 8
	index: 0, handler: __TI_decompress_lzss
	index: 1, handler: __TI_decompress_none


GLOBAL SYMBOLS: SORTED ALPHABETICALLY BY Name 

address   name                          
-------   ----                          
00000c83  ADC14_IRQHandler              
00000c83  ADC14_IRQHandler              
00000cfb  AES256_IRQHandler             
00000cfb  BusFault_Handler              
00000d01  C$$EXIT                       
00000cfb  COMP_E0_IRQHandler            
00000cfb  COMP_E1_IRQHandler            
00000cfb  CS_IRQHandler                 
00000cfb  DMA_ERR_IRQHandler            
00000cfb  DMA_INT0_IRQHandler           
00000cfb  DMA_INT1_IRQHandler           
00000cfb  DMA_INT2_IRQHandler           
00000cfb  DMA_INT3_IRQHandler           
00000cfb  DebugMon_Handler              
00000cfb  Default_Handler               
00000cfb  EUSCIA0_IRQHandler            
00000cfb  EUSCIA1_IRQHandler            
00000cfb  EUSCIA2_IRQHandler            
00000cfb  EUSCIA3_IRQHandler            
00000cfb  EUSCIB0_IRQHandler            
00000cfb  EUSCIB1_IRQHandler            
00000cfb  EUSCIB2_IRQHandler            
00000cfb  EUSCIB3_IRQHandler            
00000cfb  FLCTL_IRQHandler              
00000cfb  FPU_IRQHandler                
00000cfb  HardFault_Handler             
00000cfb  MemManage_Handler             
00000cfb  NMI_Handler                   
00000cfb  PCM_IRQHandler                
00000cfb  PORT1_IRQHandler              
00000cfb  PORT2_IRQHandler              
00000cfb  PORT3_IRQHandler              
00000cfb  PORT4_IRQHandler              
00000cfb  PORT5_IRQHandler              
00000cfb  PORT6_IRQHandler              
20000000  PS2_X_DIR                     
20000004  PS2_Y_DIR                     
00000cfb  PSS_IRQHandler                
00000cfb  PendSV_Handler                
00000cfb  RTC_C_IRQHandler              
00000cef  Reset_Handler                 
00000cfb  SVC_Handler                   
00000cfb  SysTick_Handler               
20000008  SystemCoreClock               
00000751  SystemCoreClockUpdate         
000009c9  SystemInit                    
00000c71  T32_INT1_IRQHandler           
00000c71  T32_INT1_IRQHandler           
00000cfb  T32_INT2_IRQHandler           
00000cfb  T32_INTC_IRQHandler           
00000cfb  TA0_0_IRQHandler              
00000cfb  TA0_N_IRQHandler              
00000cfb  TA1_0_IRQHandler              
00000cfb  TA1_N_IRQHandler              
00000cfb  TA2_0_IRQHandler              
00000cfb  TA2_N_IRQHandler              
00000cfb  TA3_0_IRQHandler              
00000cfb  TA3_N_IRQHandler              
00000cfb  UsageFault_Handler            
4000480c  WDTCTL_SYM                    
00000cfb  WDT_A_IRQHandler              
20010000  __STACK_END                   
00000200  __STACK_SIZE                  
00000d1c  __TI_CINIT_Base               
00000d24  __TI_CINIT_Limit              
00000d14  __TI_Handler_Table_Base       
00000d1c  __TI_Handler_Table_Limit      
00000c2d  __TI_auto_init_nobinit_nopinit
00000bc5  __TI_decompress_lzss          
00000ce1  __TI_decompress_none          
ffffffff  __TI_pprof_out_hndl           
ffffffff  __TI_prof_data_size           
ffffffff  __TI_prof_data_start          
00000000  __TI_static_base__            
00000b29  __aeabi_memcpy                
00000b29  __aeabi_memcpy4               
00000b29  __aeabi_memcpy8               
ffffffff  __binit__                     
ffffffff  __c_args__                    
UNDEFED   __mpu_init                    
2000fe00  __stack                       
20000000  __start___llvm_prf_cnts       
20000000  __stop___llvm_prf_cnts        
00000cad  _c_int00_noargs               
UNDEFED   _system_post_cinit            
00000cfd  _system_pre_init              
00000d01  abort                         
ffffffff  binit                         
000005a9  ece353_ADC14_PS2_X            
000005f9  ece353_ADC14_PS2_XY           
00000351  ece353_MKII_Buzzer_Init       
000003c7  ece353_MKII_Buzzer_Off        
000003ad  ece353_MKII_Buzzer_On         
000003d5  ece353_MKII_Buzzer_Run_Status 
000003e9  ece353_MKII_RGB_IO_Init       
00000671  ece353_MKII_RGB_LED           
00000499  ece353_MKII_RGB_PWM           
00000331  ece353_MKII_S1                
00000319  ece353_MKII_S1_Init           
00000341  ece353_MKII_S2                
00000325  ece353_MKII_S2_Init           
00000293  ece353_T32_1_wait             
000002c1  ece353_T32_1_wait_100mS       
00000569  ece353_Timer32_1_Interrupt_Ms 
000001ad  ece353_button1                
00000165  ece353_button1_init           
000002f1  ece353_button1_wait_for_press 
00000283  ece353_button2                
00000263  ece353_button2_init           
00000185  ece353_led1                   
0000014f  ece353_led1_init              
000001fb  ece353_rgb                    
000001bd  ece353_rgb_init               
00000000  interruptVectors              
00000a85  main                          
00000b29  memcpy                        


GLOBAL SYMBOLS: SORTED BY Symbol Address 

address   name                          
-------   ----                          
00000000  __TI_static_base__            
00000000  interruptVectors              
0000014f  ece353_led1_init              
00000165  ece353_button1_init           
00000185  ece353_led1                   
000001ad  ece353_button1                
000001bd  ece353_rgb_init               
000001fb  ece353_rgb                    
00000200  __STACK_SIZE                  
00000263  ece353_button2_init           
00000283  ece353_button2                
00000293  ece353_T32_1_wait             
000002c1  ece353_T32_1_wait_100mS       
000002f1  ece353_button1_wait_for_press 
00000319  ece353_MKII_S1_Init           
00000325  ece353_MKII_S2_Init           
00000331  ece353_MKII_S1                
00000341  ece353_MKII_S2                
00000351  ece353_MKII_Buzzer_Init       
000003ad  ece353_MKII_Buzzer_On         
000003c7  ece353_MKII_Buzzer_Off        
000003d5  ece353_MKII_Buzzer_Run_Status 
000003e9  ece353_MKII_RGB_IO_Init       
00000499  ece353_MKII_RGB_PWM           
00000569  ece353_Timer32_1_Interrupt_Ms 
000005a9  ece353_ADC14_PS2_X            
000005f9  ece353_ADC14_PS2_XY           
00000671  ece353_MKII_RGB_LED           
00000751  SystemCoreClockUpdate         
000009c9  SystemInit                    
00000a85  main                          
00000b29  __aeabi_memcpy                
00000b29  __aeabi_memcpy4               
00000b29  __aeabi_memcpy8               
00000b29  memcpy                        
00000bc5  __TI_decompress_lzss          
00000c2d  __TI_auto_init_nobinit_nopinit
00000c71  T32_INT1_IRQHandler           
00000c71  T32_INT1_IRQHandler           
00000c83  ADC14_IRQHandler              
00000c83  ADC14_IRQHandler              
00000cad  _c_int00_noargs               
00000ce1  __TI_decompress_none          
00000cef  Reset_Handler                 
00000cfb  AES256_IRQHandler             
00000cfb  BusFault_Handler              
00000cfb  COMP_E0_IRQHandler            
00000cfb  COMP_E1_IRQHandler            
00000cfb  CS_IRQHandler                 
00000cfb  DMA_ERR_IRQHandler            
00000cfb  DMA_INT0_IRQHandler           
00000cfb  DMA_INT1_IRQHandler           
00000cfb  DMA_INT2_IRQHandler           
00000cfb  DMA_INT3_IRQHandler           
00000cfb  DebugMon_Handler              
00000cfb  Default_Handler               
00000cfb  EUSCIA0_IRQHandler            
00000cfb  EUSCIA1_IRQHandler            
00000cfb  EUSCIA2_IRQHandler            
00000cfb  EUSCIA3_IRQHandler            
00000cfb  EUSCIB0_IRQHandler            
00000cfb  EUSCIB1_IRQHandler            
00000cfb  EUSCIB2_IRQHandler            
00000cfb  EUSCIB3_IRQHandler            
00000cfb  FLCTL_IRQHandler              
00000cfb  FPU_IRQHandler                
00000cfb  HardFault_Handler             
00000cfb  MemManage_Handler             
00000cfb  NMI_Handler                   
00000cfb  PCM_IRQHandler                
00000cfb  PORT1_IRQHandler              
00000cfb  PORT2_IRQHandler              
00000cfb  PORT3_IRQHandler              
00000cfb  PORT4_IRQHandler              
00000cfb  PORT5_IRQHandler              
00000cfb  PORT6_IRQHandler              
00000cfb  PSS_IRQHandler                
00000cfb  PendSV_Handler                
00000cfb  RTC_C_IRQHandler              
00000cfb  SVC_Handler                   
00000cfb  SysTick_Handler               
00000cfb  T32_INT2_IRQHandler           
00000cfb  T32_INTC_IRQHandler           
00000cfb  TA0_0_IRQHandler              
00000cfb  TA0_N_IRQHandler              
00000cfb  TA1_0_IRQHandler              
00000cfb  TA1_N_IRQHandler              
00000cfb  TA2_0_IRQHandler              
00000cfb  TA2_N_IRQHandler              
00000cfb  TA3_0_IRQHandler              
00000cfb  TA3_N_IRQHandler              
00000cfb  UsageFault_Handler            
00000cfb  WDT_A_IRQHandler              
00000cfd  _system_pre_init              
00000d01  C$$EXIT                       
00000d01  abort                         
00000d14  __TI_Handler_Table_Base       
00000d1c  __TI_CINIT_Base               
00000d1c  __TI_Handler_Table_Limit      
00000d24  __TI_CINIT_Limit              
20000000  PS2_X_DIR                     
20000000  __start___llvm_prf_cnts       
20000000  __stop___llvm_prf_cnts        
20000004  PS2_Y_DIR                     
20000008  SystemCoreClock               
2000fe00  __stack                       
20010000  __STACK_END                   
4000480c  WDTCTL_SYM                    
ffffffff  __TI_pprof_out_hndl           
ffffffff  __TI_prof_data_size           
ffffffff  __TI_prof_data_start          
ffffffff  __binit__                     
ffffffff  __c_args__                    
ffffffff  binit                         
UNDEFED   __mpu_init                    
UNDEFED   _system_post_cinit            

[116 symbols]
