******************************************************************************
                  TI ARM Linker PC v20.2.1                     
******************************************************************************
>> Linked Sun Dec  6 11:19:29 2020

OUTPUT FILE NAME:   <13-ICE-vTaskDelay.out>
ENTRY POINT SYMBOL: "_c_int00_noargs"  address: 00007335


MEMORY CONFIGURATION

         name            origin    length      used     unused   attr    fill
----------------------  --------  ---------  --------  --------  ----  --------
  MAIN                  00000000   00040000  0000773c  000388c4  R  X
  INFO                  00200000   00004000  00000000  00004000  R  X
  SRAM_CODE             01000000   00010000  00008b98  00007468  RW X
  SRAM_DATA             20000000   00010000  00008b98  00007468  RW  


SEGMENT ALLOCATION MAP

run origin  load origin   length   init length attrs members
----------  ----------- ---------- ----------- ----- -------
00000000    00000000    00007740   00007740    r-x
  00000000    00000000    000000e4   000000e4    r-- .intvecs
  000000e4    000000e4    000074ac   000074ac    r-x .text
  00007590    00007590    0000010c   0000010c    r-- .const
  000076a0    000076a0    000000a0   000000a0    r-- .cinit
20000000    20000000    0000899c   00000000    rw-
  20000000    20000000    00008334   00000000    rw- .bss
  20008338    20008338    00000400   00000000    rw- .sysmem
  20008738    20008738    00000264   00000000    rw- .data
2000fe00    2000fe00    00000200   00000000    rw-
  2000fe00    2000fe00    00000200   00000000    rw- .stack


SECTION ALLOCATION MAP

 output                                  attributes/
section   page    origin      length       input sections
--------  ----  ----------  ----------   ----------------
.intvecs   0    00000000    000000e4     
                  00000000    000000e4     startup_msp432p401r_ccs.obj (.intvecs:retain)

.text      0    000000e4    000074ac     
                  000000e4    000020c4     tasks.obj (.text)
                  000021a8    000010f0     queue.obj (.text)
                  00003298    00000a4e     rtsv7M4_T_le_v4SPD16_eabi.lib : _printfi.c.obj (.text:__TI_printfi)
                  00003ce6    00000002                                   : _lock.c.obj (.text:_nop)
                  00003ce8    000007a4     timers.obj (.text)
                  0000448c    00000438     port.obj (.text)
                  000048c4    0000042c     heap_4.obj (.text)
                  00004cf0    00000354     system_msp432p401r.obj (.text)
                  00005044    00000294     ece353_staff.lib : ece353_staff.obj (.text)
                  000052d8    00000270     rtsv7M4_T_le_v4SPD16_eabi.lib : _printfi.c.obj (.text:_pconv_a)
                  00005548    000001d0                                   : _printfi.c.obj (.text:_pconv_g)
                  00005718    000001b6                                   : fd_add_t2.asm.obj (.text)
                  000058ce    00000002                                   : div0.asm.obj (.text)
                  000058d0    0000013c                                   : _printfi.c.obj (.text:_pconv_e)
                  00005a0c    00000136                                   : fd_div_t2.asm.obj (.text)
                  00005b42    0000012a     list.obj (.text)
                  00005c6c    00000124     rtsv7M4_T_le_v4SPD16_eabi.lib : _printfi.c.obj (.text:fcvt)
                  00005d90    00000114                                   : fputs.c.obj (.text:fputs)
                  00005ea4    00000110                                   : s_scalbn.c.obj (.text:scalbn)
                  00005fb4    00000108                                   : memory.c.obj (.text:aligned_alloc)
                  000060bc    000000fc                                   : fd_mul_t2.asm.obj (.text)
                  000061b8    000000e4                                   : memory.c.obj (.text:free)
                  0000629c    000000dc                                   : setvbuf.c.obj (.text:setvbuf)
                  00006378    000000da     portasm.obj (.text)
                  00006452    00000002     --HOLE-- [fill = 0]
                  00006454    000000b1     rtsv7M4_T_le_v4SPD16_eabi.lib : _printfi.c.obj (.text:_ltostr)
                  00006505    00000001     --HOLE-- [fill = 0]
                  00006506    0000009c                                   : memcpy_t2.asm.obj (.text)
                  000065a2    00000096                                   : ull_div_t2.asm.obj (.text)
                  00006638    0000008c     main.obj (.text)
                  000066c4    00000086     rtsv7M4_T_le_v4SPD16_eabi.lib : fd_cmp_t2.asm.obj (.text:__aeabi_cdcmple)
                  0000674a    00000086                                   : fd_cmp_t2.asm.obj (.text:__aeabi_cdrcmple)
                  000067d0    00000086     task_mkII_s1.obj (.text)
                  00006856    00000086     task_mkII_s2.obj (.text)
                  000068dc    0000007a     rtsv7M4_T_le_v4SPD16_eabi.lib : memset_t2.asm.obj (.text)
                  00006956    00000002     --HOLE-- [fill = 0]
                  00006958    00000074                                   : fclose.c.obj (.text:__TI_closefile)
                  000069cc    00000070                                   : memory.c.obj (.text:split)
                  00006a3c    0000006e                                   : _printfi.c.obj (.text:_mcpy)
                  00006aaa    00000002     --HOLE-- [fill = 0]
                  00006aac    0000006c                                   : hostrename.c.obj (.text:HOSTrename)
                  00006b18    00000068                                   : hostlseek.c.obj (.text:HOSTlseek)
                  00006b80    00000068                                   : copy_decompress_lzss.c.obj (.text:decompress:lzss:__TI_decompress_lzss)
                  00006be8    00000068                                   : printf.c.obj (.text:printf)
                  00006c50    00000064                                   : s_frexp.c.obj (.text:frexp)
                  00006cb4    00000064                                   : fseek.c.obj (.text:fseek)
                  00006d18    00000062                                   : _io_perm.c.obj (.text:__TI_wrt_ok)
                  00006d7a    00000002     --HOLE-- [fill = 0]
                  00006d7c    00000060                                   : hostopen.c.obj (.text:HOSTopen)
                  00006ddc    0000005c                                   : close.c.obj (.text:close)
                  00006e38    00000058                                   : hostread.c.obj (.text:HOSTread)
                  00006e90    00000058                                   : hostwrite.c.obj (.text:HOSTwrite)
                  00006ee8    00000056                                   : _printfi.c.obj (.text:_pconv_f)
                  00006f3e    00000054                                   : _ltoa.c.obj (.text:__TI_ltoa)
                  00006f92    00000052                                   : _printfi.c.obj (.text:_ecpy)
                  00006fe4    0000004c                                   : fflush.c.obj (.text:__TI_doflush)
                  00007030    0000004c                                   : atoi.c.obj (.text:atoi)
                  0000707c    00000048                                   : exit.c.obj (.text:exit)
                  000070c4    00000048                                   : fd_toi_t2.asm.obj (.text)
                  0000710c    00000044                                   : hostclose.c.obj (.text:HOSTclose)
                  00007150    00000044                                   : hostunlink.c.obj (.text:HOSTunlink)
                  00007194    00000044                                   : autoinit.c.obj (.text:__TI_auto_init_nobinit_nopinit:__TI_auto_init_nobinit_nopinit)
                  000071d8    00000044                                   : getdevice.c.obj (.text:getdevice)
                  0000721c    0000003e                                   : _printfi.c.obj (.text:_fcpy)
                  0000725a    00000002     --HOLE-- [fill = 0]
                  0000725c    00000038                                   : trgmsg.c.obj (.text:__TI_writemsg)
                  00007294    00000036                                   : strncpy.c.obj (.text:strncpy)
                  000072ca    00000002     --HOLE-- [fill = 0]
                  000072cc    00000034                                   : fopen.c.obj (.text:__TI_cleanup)
                  00007300    00000034                                   : trgmsg.c.obj (.text:__TI_readmsg)
                  00007334    00000034                                   : boot_cortex_m.c.obj (.text:_c_int00_noargs:_c_int00_noargs)
                  00007368    00000030                                   : getdevice.c.obj (.text:finddevice)
                  00007398    0000002e                                   : i_tofd_t2.asm.obj (.text)
                  000073c6    00000002     --HOLE-- [fill = 0]
                  000073c8    0000002c                                   : unlink.c.obj (.text:unlink)
                  000073f4    00000028                                   : memory.c.obj (.text:free_list_insert)
                  0000741c    00000028                                   : lseek.c.obj (.text:lseek)
                  00007444    00000028                                   : write.c.obj (.text:write)
                  0000746c    00000020                                   : memchr.c.obj (.text:memchr)
                  0000748c    0000001c                                   : memory.c.obj (.text:free_list_remove)
                  000074a8    0000001c                                   : memccpy.c.obj (.text:memccpy)
                  000074c4    0000001a                                   : s_copysign.c.obj (.text:copysign)
                  000074de    00000018                                   : strcmp.c.obj (.text:strcmp)
                  000074f6    00000016                                   : strchr.c.obj (.text:strchr)
                  0000750c    00000014                                   : strcpy.c.obj (.text:strcpy)
                  00007520    00000014                                   : strlen.c.obj (.text:strlen)
                  00007534    00000012                                   : wcslen.c.obj (.text:wcslen)
                  00007546    0000000e                                   : copy_decompress_none.c.obj (.text:decompress:none:__TI_decompress_none)
                  00007554    0000000e     startup_msp432p401r_ccs.obj (.text)
                  00007562    0000000c     rtsv7M4_T_le_v4SPD16_eabi.lib : copy_zero_init.c.obj (.text:decompress:ZI:__TI_zero_init)
                  0000756e    00000002     --HOLE-- [fill = 0]
                  00007570    00000008                                   : errno.c.obj (.text:__aeabi_errno_addr)
                  00007578    00000008                                   : memory.c.obj (.text:malloc)
                  00007580    00000004                                   : printf.c.obj (.text:_outc)
                  00007584    00000004                                   : printf.c.obj (.text:_outs)
                  00007588    00000004                                   : pre_init.c.obj (.text:_system_pre_init)
                  0000758c    00000004                                   : exit.c.obj (.text:abort:abort)

.const     0    00007590    0000010c     
                  00007590    00000101     rtsv7M4_T_le_v4SPD16_eabi.lib : ctype.c.obj (.const:.string:_ctypes_)
                  00007691    00000003     --HOLE-- [fill = 0]
                  00007694    00000008     port.obj (.const)

.cinit     0    000076a0    000000a0     
                  000076a0    00000079     (.cinit..data.load) [load image, compression = lzss]
                  00007719    00000003     --HOLE-- [fill = 0]
                  0000771c    0000000c     (__TI_handler_table)
                  00007728    00000008     (.cinit..bss.load) [load image, compression = zero_init]
                  00007730    00000010     (__TI_cinit_table)

.init_array 
*          0    00000000    00000000     UNINITIALIZED

.binit     0    00000000    00000000     

.bss       0    20000000    00008334     UNINITIALIZED
                  20000000    00008000     heap_4.obj (.bss:ucHeap)
                  20008000    00000120     rtsv7M4_T_le_v4SPD16_eabi.lib : trgmsg.c.obj (.bss:_CIOBUF_)
                  20008120    000000c8     tasks.obj (.bss:pxReadyTasksLists)
                  200081e8    000000a0     (.common:__TI_tmpnams)
                  20008288    00000014     timers.obj (.bss:xActiveTimerList1)
                  2000829c    00000014     timers.obj (.bss:xActiveTimerList2)
                  200082b0    00000014     tasks.obj (.bss:xDelayedTaskList1)
                  200082c4    00000014     tasks.obj (.bss:xDelayedTaskList2)
                  200082d8    00000014     tasks.obj (.bss:xPendingReadyList)
                  200082ec    00000014     tasks.obj (.bss:xSuspendedTaskList)
                  20008300    00000014     tasks.obj (.bss:xTasksWaitingTermination)
                  20008314    00000008     tasks.obj (.bss)
                  2000831c    00000008     timers.obj (.bss)
                  20008324    00000008     heap_4.obj (.bss:xStart)
                  2000832c    00000008     (.common:parmbuf)

.sysmem    0    20008338    00000400     UNINITIALIZED
                  20008338    00000010     rtsv7M4_T_le_v4SPD16_eabi.lib : memory.c.obj (.sysmem)
                  20008348    000003f0     --HOLE--

.data      0    20008738    00000264     UNINITIALIZED
                  20008738    000000f0     rtsv7M4_T_le_v4SPD16_eabi.lib : defs.c.obj (.data:_ftable)
                  20008828    00000078                                   : host_device.c.obj (.data:_device)
                  200088a0    00000050                                   : host_device.c.obj (.data:_stream)
                  200088f0    00000034     tasks.obj (.data)
                  20008924    00000018     heap_4.obj (.data)
                  2000893c    00000018     port.obj (.data)
                  20008954    00000010     rtsv7M4_T_le_v4SPD16_eabi.lib : defs.c.obj (.data)
                  20008964    0000000c                                   : exit.c.obj (.data:$O1$$)
                  20008970    0000000c     timers.obj (.data)
                  2000897c    00000008     rtsv7M4_T_le_v4SPD16_eabi.lib : _lock.c.obj (.data:$O1$$)
                  20008984    00000008                                   : memory.c.obj (.data:$O1$$)
                  2000898c    00000004                                   : errno.c.obj (.data)
                  20008990    00000004     system_msp432p401r.obj (.data)
                  20008994    00000004     task_mkII_s1.obj (.data)
                  20008998    00000004     task_mkII_s2.obj (.data)

.stack     0    2000fe00    00000200     UNINITIALIZED
                  2000fe00    00000004     rtsv7M4_T_le_v4SPD16_eabi.lib : boot_cortex_m.c.obj (.stack)
                  2000fe04    000001fc     --HOLE--

__llvm_prf_cnts 
*          0    20000000    00000000     UNINITIALIZED

MODULE SUMMARY

       Module                        code    ro data   rw data
       ------                        ----    -------   -------
    .\
       system_msp432p401r.obj        852     0         8      
       startup_msp432p401r_ccs.obj   14      228       0      
       task_mkII_s1.obj              134     0         8      
       task_mkII_s2.obj              134     0         8      
       main.obj                      140     0         0      
    +--+-----------------------------+-------+---------+---------+
       Total:                        1274    228       24     
                                                              
    .\FreeRTOS\
       heap_4.obj                    1068    0         65600  
       tasks.obj                     8388    0         720    
       queue.obj                     4336    0         0      
       timers.obj                    1956    0         120    
       list.obj                      298     0         0      
    +--+-----------------------------+-------+---------+---------+
       Total:                        16046   0         66440  
                                                              
    .\FreeRTOS\portable\
       port.obj                      1080    8         48     
       portasm.obj                   218     0         0      
    +--+-----------------------------+-------+---------+---------+
       Total:                        1298    8         48     
                                                              
    ../ece353_staff.lib
       ece353_staff.obj              660     0         0      
    +--+-----------------------------+-------+---------+---------+
       Total:                        660     0         0      
                                                              
    C:\ti\ccs1010\ccs\tools\compiler\ti-cgt-arm_20.2.1.LTS\lib\rtsv7M4_T_le_v4SPD16_eabi.lib
       _printfi.c.obj                4851    0         0      
       defs.c.obj                    0       0         832    
       memory.c.obj                  680     0         16     
       trgmsg.c.obj                  108     0         576    
       fd_add_t2.asm.obj             438     0         0      
       host_device.c.obj             0       0         400    
       fd_div_t2.asm.obj             310     0         0      
       fputs.c.obj                   276     0         0      
       s_scalbn.c.obj                272     0         0      
       fd_cmp_t2.asm.obj             268     0         0      
       ctype.c.obj                   0       257       0      
       fd_mul_t2.asm.obj             252     0         0      
       setvbuf.c.obj                 220     0         0      
       memcpy_t2.asm.obj             156     0         0      
       ull_div_t2.asm.obj            150     0         0      
       memset_t2.asm.obj             122     0         0      
       fclose.c.obj                  116     0         0      
       getdevice.c.obj               116     0         0      
       hostopen.c.obj                96      0         16     
       printf.c.obj                  112     0         0      
       hostrename.c.obj              108     0         0      
       copy_decompress_lzss.c.obj    104     0         0      
       hostlseek.c.obj               104     0         0      
       exit.c.obj                    76      0         24     
       fseek.c.obj                   100     0         0      
       s_frexp.c.obj                 100     0         0      
       _io_perm.c.obj                98      0         0      
       close.c.obj                   92      0         0      
       hostread.c.obj                88      0         0      
       hostwrite.c.obj               88      0         0      
       _ltoa.c.obj                   84      0         0      
       atoi.c.obj                    76      0         0      
       fflush.c.obj                  76      0         0      
       fd_toi_t2.asm.obj             72      0         0      
       autoinit.c.obj                68      0         0      
       hostclose.c.obj               68      0         0      
       hostunlink.c.obj              68      0         0      
       strncpy.c.obj                 54      0         0      
       boot_cortex_m.c.obj           52      0         0      
       fopen.c.obj                   52      0         0      
       i_tofd_t2.asm.obj             46      0         0      
       unlink.c.obj                  44      0         0      
       lseek.c.obj                   40      0         0      
       write.c.obj                   40      0         0      
       memchr.c.obj                  32      0         0      
       memccpy.c.obj                 28      0         0      
       s_copysign.c.obj              26      0         0      
       strcmp.c.obj                  24      0         0      
       strchr.c.obj                  22      0         0      
       strcpy.c.obj                  20      0         0      
       strlen.c.obj                  20      0         0      
       _lock.c.obj                   2       0         16     
       wcslen.c.obj                  18      0         0      
       errno.c.obj                   8       0         8      
       copy_decompress_none.c.obj    14      0         0      
       copy_zero_init.c.obj          12      0         0      
       pre_init.c.obj                4       0         0      
       div0.asm.obj                  2       0         0      
    +--+-----------------------------+-------+---------+---------+
       Total:                        10573   257       1888   
                                                              
       Heap:                         0       0         2048   
       Stack:                        0       0         1024   
       Linker Generated:             0       157       0      
    +--+-----------------------------+-------+---------+---------+
       Grand Total:                  29851   650       71472  


LINKER GENERATED COPY TABLES

__TI_cinit_table @ 00007730 records: 2, size/record: 8, table size: 16
	.data: load addr=000076a0, load size=00000079 bytes, run addr=20008738, run size=00000264 bytes, compression=lzss
	.bss: load addr=00007728, load size=00000008 bytes, run addr=20000000, run size=00008334 bytes, compression=zero_init


LINKER GENERATED HANDLER TABLE

__TI_handler_table @ 0000771c records: 3, size/record: 4, table size: 12
	index: 0, handler: __TI_decompress_lzss
	index: 1, handler: __TI_decompress_none
	index: 2, handler: __TI_zero_init


GLOBAL SYMBOLS: SORTED ALPHABETICALLY BY Name 

address   name                               
-------   ----                               
00007561  ADC14_IRQHandler                   
00007561  AES256_IRQHandler                  
00007561  BusFault_Handler                   
0000758d  C$$EXIT                            
0000728b  C$$IO$$                            
00007561  COMP_E0_IRQHandler                 
00007561  COMP_E1_IRQHandler                 
00007561  CS_IRQHandler                      
00007561  DMA_ERR_IRQHandler                 
00007561  DMA_INT0_IRQHandler                
00007561  DMA_INT1_IRQHandler                
00007561  DMA_INT2_IRQHandler                
00007561  DMA_INT3_IRQHandler                
00007561  DebugMon_Handler                   
00007561  Default_Handler                    
00007561  EUSCIA0_IRQHandler                 
00007561  EUSCIA1_IRQHandler                 
00007561  EUSCIA2_IRQHandler                 
00007561  EUSCIA3_IRQHandler                 
00007561  EUSCIB0_IRQHandler                 
00007561  EUSCIB1_IRQHandler                 
00007561  EUSCIB2_IRQHandler                 
00007561  EUSCIB3_IRQHandler                 
00007561  FLCTL_IRQHandler                   
00007561  FPU_IRQHandler                     
0000710d  HOSTclose                          
00006b19  HOSTlseek                          
00006d7d  HOSTopen                           
00006e39  HOSTread                           
00006aad  HOSTrename                         
00007151  HOSTunlink                         
00006e91  HOSTwrite                          
00007561  HardFault_Handler                  
00007561  MemManage_Handler                  
00007561  NMI_Handler                        
00007561  PCM_IRQHandler                     
00007561  PORT1_IRQHandler                   
00007561  PORT2_IRQHandler                   
00007561  PORT3_IRQHandler                   
00007561  PORT4_IRQHandler                   
00007561  PORT5_IRQHandler                   
00007561  PORT6_IRQHandler                   
00007561  PSS_IRQHandler                     
00007561  PendSV_Handler                     
00007561  RTC_C_IRQHandler                   
00007555  Reset_Handler                      
00007561  SVC_Handler                        
00007561  SysTick_Handler                    
20008990  SystemCoreClock                    
00004cf1  SystemCoreClockUpdate              
00004f69  SystemInit                         
00007561  T32_INT1_IRQHandler                
00007561  T32_INT2_IRQHandler                
00007561  T32_INTC_IRQHandler                
00007561  TA0_0_IRQHandler                   
00007561  TA0_N_IRQHandler                   
00007561  TA1_0_IRQHandler                   
00007561  TA1_N_IRQHandler                   
00007561  TA2_0_IRQHandler                   
00007561  TA2_N_IRQHandler                   
00007561  TA3_0_IRQHandler                   
00007561  TA3_N_IRQHandler                   
20008994  Task_mkII_s1_Handle                
20008998  Task_mkII_s2_Handle                
00007561  UsageFault_Handler                 
4000480c  WDTCTL_SYM                         
00007561  WDT_A_IRQHandler                   
20008000  __CIOBUF_                          
20010000  __STACK_END                        
00000200  __STACK_SIZE                       
00000400  __SYSMEM_SIZE                      
00007730  __TI_CINIT_Base                    
00007740  __TI_CINIT_Limit                   
0000771c  __TI_Handler_Table_Base            
00007728  __TI_Handler_Table_Limit           
00007195  __TI_auto_init_nobinit_nopinit     
000072cd  __TI_cleanup                       
20008964  __TI_cleanup_ptr                   
00006959  __TI_closefile                     
00006b81  __TI_decompress_lzss               
00007547  __TI_decompress_none               
00006fe5  __TI_doflush                       
20008968  __TI_dtors_ptr                     
2000896c  __TI_enable_exit_profile_output    
20008954  __TI_ft_end                        
00006f3f  __TI_ltoa                          
ffffffff  __TI_pprof_out_hndl                
00003299  __TI_printfi                       
ffffffff  __TI_prof_data_size                
ffffffff  __TI_prof_data_start               
00007301  __TI_readmsg                       
00000000  __TI_static_base__                 
200081e8  __TI_tmpnams                       
0000725d  __TI_writemsg                      
00006d19  __TI_wrt_ok                        
00007563  __TI_zero_init                     
000066c5  __aeabi_cdcmpeq                    
000066c5  __aeabi_cdcmple                    
0000674b  __aeabi_cdrcmple                   
000070c5  __aeabi_d2iz                       
00005723  __aeabi_dadd                       
00005a0d  __aeabi_ddiv                       
000060bd  __aeabi_dmul                       
00005719  __aeabi_dsub                       
00007571  __aeabi_errno_addr                 
00007399  __aeabi_i2d                        
000058cf  __aeabi_idiv0                      
000058cf  __aeabi_ldiv0                      
000068dd  __aeabi_memclr                     
000068dd  __aeabi_memclr4                    
000068dd  __aeabi_memclr8                    
00006507  __aeabi_memcpy                     
00006507  __aeabi_memcpy4                    
00006507  __aeabi_memcpy8                    
000068df  __aeabi_memset                     
000068df  __aeabi_memset4                    
000068df  __aeabi_memset8                    
20008960  __aeabi_stderr                     
20008958  __aeabi_stdin                      
2000895c  __aeabi_stdout                     
000065a3  __aeabi_uldivmod                   
ffffffff  __binit__                          
ffffffff  __c_args__                         
UNDEFED   __mpu_init                         
2000fe00  __stack                            
20000000  __start___llvm_prf_cnts            
20000000  __stop___llvm_prf_cnts             
00007335  _c_int00_noargs                    
00007590  _ctypes_                           
20008828  _device                            
20008738  _ftable                            
2000897c  _lock                              
00003ce7  _nop                               
200088a0  _stream                            
20008338  _sys_memory                        
UNDEFED   _system_post_cinit                 
00007589  _system_pre_init                   
20008980  _unlock                            
0000758d  abort                              
00005fb5  aligned_alloc                      
00007031  atoi                               
ffffffff  binit                              
00006ddd  close                              
000074c5  copysign                           
000074c5  copysignl                          
000013fd  eTaskConfirmSleepModeStatus        
00000539  eTaskGetState                      
000051df  ece353_staff_MKII_RGB_LED          
00005157  ece353_staff_MKII_S1               
00005167  ece353_staff_MKII_S2               
00005177  ece353_staff_RGB_LED               
00005247  ece353_staff_init                  
0000512f  ece353_staff_led1                  
2000898c  errno                              
0000707d  exit                               
00007369  finddevice                         
00005111  fputc                              
00005d91  fputs                              
000061b9  free                               
00006c51  frexp                              
00006c51  frexpl                             
00006cb5  fseek                              
000071d9  getdevice                          
00000000  interruptVectors                   
00005ea5  ldexp                              
00005ea5  ldexpl                             
0000741d  lseek                              
00006639  main                               
00007579  malloc                             
00005fb5  memalign                           
000074a9  memccpy                            
0000746d  memchr                             
00006507  memcpy                             
000068e5  memset                             
2000832c  parmbuf                            
00000bd5  pcTaskGetName                      
00003f43  pcTimerGetName                     
00006be9  printf                             
000048c5  pvPortMalloc                       
000014a1  pvTaskGetThreadLocalStoragePointer 
00001a55  pvTaskIncrementMutexHeldCount      
000043fd  pvTimerGetTimerID                  
200088f0  pxCurrentTCB                       
0000448d  pxPortInitialiseStack              
000073c9  remove                             
00005ea5  scalbn                             
00005ea5  scalbnl                            
0000629d  setvbuf                            
000074f7  strchr                             
000074df  strcmp                             
0000750d  strcpy                             
00007521  strlen                             
00007295  strncpy                            
000067d1  task_mkII_s1                       
00006857  task_mkII_s2                       
00002faf  ucQueueGetQueueType                
00007694  ulMaxSyscallInterruptPriority      
00006389  ulPortGetIPSR                      
00001a75  ulTaskGenericNotifyTake            
000020a3  ulTaskGenericNotifyValueClear      
000073c9  unlink                             
00005c25  uxListRemove                       
00002f8f  uxQueueGetQueueNumber              
00002edd  uxQueueMessagesWaiting             
00002f41  uxQueueMessagesWaitingFromISR      
00002f0d  uxQueueSpacesAvailable             
00000bcf  uxTaskGetNumberOfTasks             
00000c1d  uxTaskGetSystemState               
00001361  uxTaskGetTaskNumber                
00000611  uxTaskPriorityGet                  
00000639  uxTaskPriorityGetFromISR           
00001a33  uxTaskResetEventItemValue          
00003edd  uxTimerGetReloadMode               
00004459  uxTimerGetTimerNumber              
0000667b  vApplicationMallocFailedHook       
0000667d  vApplicationStackOverflowHook      
00005b43  vListInitialise                    
00005b73  vListInitialiseItem                
00005bbf  vListInsert                        
00005b83  vListInsertEnd                     
00006445  vPortEnableVFP                     
000045d1  vPortEndScheduler                  
000045f5  vPortEnterCritical                 
00004637  vPortExitCritical                  
00004a2f  vPortFree                          
00004c31  vPortGetHeapStats                  
00004ad5  vPortInitialiseBlocks              
00006401  vPortSVCHandler                    
000047e9  vPortSetupTimerInterrupt           
00006421  vPortStartFirstTask                
00004691  vPortSuppressTicksAndSleep         
00004831  vPortValidateInterruptPriority     
00002f6b  vQueueDelete                       
00002f9d  vQueueSetQueueNumber               
0000323d  vQueueWaitForMessageRestricted     
000004d1  vTaskDelay                         
000003ed  vTaskDelayUntil                    
00000323  vTaskDelete                        
00000a25  vTaskEndScheduler                  
00001f35  vTaskGenericNotifyGiveFromISR      
00001575  vTaskGetInfo                       
0000128d  vTaskInternalSetTimeOutState       
00001359  vTaskMissedYield                   
00001059  vTaskPlaceOnEventList              
000010f5  vTaskPlaceOnEventListRestricted    
0000108d  vTaskPlaceOnUnorderedEventList     
00001939  vTaskPriorityDisinheritAfterTimeout
0000067d  vTaskPrioritySet                   
000011c5  vTaskRemoveFromUnorderedEventList  
00000915  vTaskResume                        
00000eb1  vTaskSetApplicationTaskTag         
00001381  vTaskSetTaskNumber                 
00001459  vTaskSetThreadLocalStoragePointer  
0000125b  vTaskSetTimeOutState               
000009a9  vTaskStartScheduler                
00000cf9  vTaskStepTick                      
000007b1  vTaskSuspend                       
00000a41  vTaskSuspendAll                    
00000f89  vTaskSwitchContext                 
00003e93  vTimerSetReloadMode                
0000442b  vTimerSetTimerID                   
00004467  vTimerSetTimerNumber               
00007535  wcslen                             
00007445  write                              
00004ac9  xPortGetFreeHeapSize               
00004acf  xPortGetMinimumEverFreeHeapSize    
000063a1  xPortPendSVHandler                 
00004519  xPortStartScheduler                
00004663  xPortSysTickHandler                
00002427  xQueueCreateCountingSemaphore      
00002353  xQueueCreateMutex                  
0000225d  xQueueGenericCreate                
000021a9  xQueueGenericReset                 
00002485  xQueueGenericSend                  
00002639  xQueueGenericSendFromISR           
00002765  xQueueGiveFromISR                  
0000237f  xQueueGiveMutexRecursive           
000031a9  xQueueIsQueueEmptyFromISR          
00003203  xQueueIsQueueFullFromISR           
00002bbd  xQueuePeek                         
00002e31  xQueuePeekFromISR                  
00002873  xQueueReceive                      
00002d3b  xQueueReceiveFromISR               
000029eb  xQueueSemaphoreTake                
000023cf  xQueueTakeMutexRecursive           
00000f49  xTaskCallApplicationTaskHook       
00000d33  xTaskCatchUpTicks                  
000012a7  xTaskCheckForTimeOut               
000000e5  xTaskCreate                        
00001c11  xTaskGenericNotify                 
00001d87  xTaskGenericNotifyFromISR          
0000203f  xTaskGenericNotifyStateClear       
00001b2d  xTaskGenericNotifyWait             
00000ed7  xTaskGetApplicationTaskTag         
00000f05  xTaskGetApplicationTaskTagFromISR  
0000174b  xTaskGetCurrentTaskHandle          
0000175b  xTaskGetSchedulerState             
00000bab  xTaskGetTickCount                  
00000bbb  xTaskGetTickCountFromISR           
00000d85  xTaskIncrementTick                 
0000186d  xTaskPriorityDisinherit            
000017a5  xTaskPriorityInherit               
00001135  xTaskRemoveFromEventList           
00000aa9  xTaskResumeAll                     
00003d29  xTimerCreate                       
00003ce9  xTimerCreateTimerTask              
00003dcb  xTimerGenericCommand               
00003f19  xTimerGetExpiryTime                
00003e6d  xTimerGetPeriod                    
00003e4b  xTimerGetTimerDaemonTaskHandle     
000043c1  xTimerIsTimerActive                


GLOBAL SYMBOLS: SORTED BY Symbol Address 

address   name                               
-------   ----                               
00000000  __TI_static_base__                 
00000000  interruptVectors                   
000000e5  xTaskCreate                        
00000200  __STACK_SIZE                       
00000323  vTaskDelete                        
000003ed  vTaskDelayUntil                    
00000400  __SYSMEM_SIZE                      
000004d1  vTaskDelay                         
00000539  eTaskGetState                      
00000611  uxTaskPriorityGet                  
00000639  uxTaskPriorityGetFromISR           
0000067d  vTaskPrioritySet                   
000007b1  vTaskSuspend                       
00000915  vTaskResume                        
000009a9  vTaskStartScheduler                
00000a25  vTaskEndScheduler                  
00000a41  vTaskSuspendAll                    
00000aa9  xTaskResumeAll                     
00000bab  xTaskGetTickCount                  
00000bbb  xTaskGetTickCountFromISR           
00000bcf  uxTaskGetNumberOfTasks             
00000bd5  pcTaskGetName                      
00000c1d  uxTaskGetSystemState               
00000cf9  vTaskStepTick                      
00000d33  xTaskCatchUpTicks                  
00000d85  xTaskIncrementTick                 
00000eb1  vTaskSetApplicationTaskTag         
00000ed7  xTaskGetApplicationTaskTag         
00000f05  xTaskGetApplicationTaskTagFromISR  
00000f49  xTaskCallApplicationTaskHook       
00000f89  vTaskSwitchContext                 
00001059  vTaskPlaceOnEventList              
0000108d  vTaskPlaceOnUnorderedEventList     
000010f5  vTaskPlaceOnEventListRestricted    
00001135  xTaskRemoveFromEventList           
000011c5  vTaskRemoveFromUnorderedEventList  
0000125b  vTaskSetTimeOutState               
0000128d  vTaskInternalSetTimeOutState       
000012a7  xTaskCheckForTimeOut               
00001359  vTaskMissedYield                   
00001361  uxTaskGetTaskNumber                
00001381  vTaskSetTaskNumber                 
000013fd  eTaskConfirmSleepModeStatus        
00001459  vTaskSetThreadLocalStoragePointer  
000014a1  pvTaskGetThreadLocalStoragePointer 
00001575  vTaskGetInfo                       
0000174b  xTaskGetCurrentTaskHandle          
0000175b  xTaskGetSchedulerState             
000017a5  xTaskPriorityInherit               
0000186d  xTaskPriorityDisinherit            
00001939  vTaskPriorityDisinheritAfterTimeout
00001a33  uxTaskResetEventItemValue          
00001a55  pvTaskIncrementMutexHeldCount      
00001a75  ulTaskGenericNotifyTake            
00001b2d  xTaskGenericNotifyWait             
00001c11  xTaskGenericNotify                 
00001d87  xTaskGenericNotifyFromISR          
00001f35  vTaskGenericNotifyGiveFromISR      
0000203f  xTaskGenericNotifyStateClear       
000020a3  ulTaskGenericNotifyValueClear      
000021a9  xQueueGenericReset                 
0000225d  xQueueGenericCreate                
00002353  xQueueCreateMutex                  
0000237f  xQueueGiveMutexRecursive           
000023cf  xQueueTakeMutexRecursive           
00002427  xQueueCreateCountingSemaphore      
00002485  xQueueGenericSend                  
00002639  xQueueGenericSendFromISR           
00002765  xQueueGiveFromISR                  
00002873  xQueueReceive                      
000029eb  xQueueSemaphoreTake                
00002bbd  xQueuePeek                         
00002d3b  xQueueReceiveFromISR               
00002e31  xQueuePeekFromISR                  
00002edd  uxQueueMessagesWaiting             
00002f0d  uxQueueSpacesAvailable             
00002f41  uxQueueMessagesWaitingFromISR      
00002f6b  vQueueDelete                       
00002f8f  uxQueueGetQueueNumber              
00002f9d  vQueueSetQueueNumber               
00002faf  ucQueueGetQueueType                
000031a9  xQueueIsQueueEmptyFromISR          
00003203  xQueueIsQueueFullFromISR           
0000323d  vQueueWaitForMessageRestricted     
00003299  __TI_printfi                       
00003ce7  _nop                               
00003ce9  xTimerCreateTimerTask              
00003d29  xTimerCreate                       
00003dcb  xTimerGenericCommand               
00003e4b  xTimerGetTimerDaemonTaskHandle     
00003e6d  xTimerGetPeriod                    
00003e93  vTimerSetReloadMode                
00003edd  uxTimerGetReloadMode               
00003f19  xTimerGetExpiryTime                
00003f43  pcTimerGetName                     
000043c1  xTimerIsTimerActive                
000043fd  pvTimerGetTimerID                  
0000442b  vTimerSetTimerID                   
00004459  uxTimerGetTimerNumber              
00004467  vTimerSetTimerNumber               
0000448d  pxPortInitialiseStack              
00004519  xPortStartScheduler                
000045d1  vPortEndScheduler                  
000045f5  vPortEnterCritical                 
00004637  vPortExitCritical                  
00004663  xPortSysTickHandler                
00004691  vPortSuppressTicksAndSleep         
000047e9  vPortSetupTimerInterrupt           
00004831  vPortValidateInterruptPriority     
000048c5  pvPortMalloc                       
00004a2f  vPortFree                          
00004ac9  xPortGetFreeHeapSize               
00004acf  xPortGetMinimumEverFreeHeapSize    
00004ad5  vPortInitialiseBlocks              
00004c31  vPortGetHeapStats                  
00004cf1  SystemCoreClockUpdate              
00004f69  SystemInit                         
00005111  fputc                              
0000512f  ece353_staff_led1                  
00005157  ece353_staff_MKII_S1               
00005167  ece353_staff_MKII_S2               
00005177  ece353_staff_RGB_LED               
000051df  ece353_staff_MKII_RGB_LED          
00005247  ece353_staff_init                  
00005719  __aeabi_dsub                       
00005723  __aeabi_dadd                       
000058cf  __aeabi_idiv0                      
000058cf  __aeabi_ldiv0                      
00005a0d  __aeabi_ddiv                       
00005b43  vListInitialise                    
00005b73  vListInitialiseItem                
00005b83  vListInsertEnd                     
00005bbf  vListInsert                        
00005c25  uxListRemove                       
00005d91  fputs                              
00005ea5  ldexp                              
00005ea5  ldexpl                             
00005ea5  scalbn                             
00005ea5  scalbnl                            
00005fb5  aligned_alloc                      
00005fb5  memalign                           
000060bd  __aeabi_dmul                       
000061b9  free                               
0000629d  setvbuf                            
00006389  ulPortGetIPSR                      
000063a1  xPortPendSVHandler                 
00006401  vPortSVCHandler                    
00006421  vPortStartFirstTask                
00006445  vPortEnableVFP                     
00006507  __aeabi_memcpy                     
00006507  __aeabi_memcpy4                    
00006507  __aeabi_memcpy8                    
00006507  memcpy                             
000065a3  __aeabi_uldivmod                   
00006639  main                               
0000667b  vApplicationMallocFailedHook       
0000667d  vApplicationStackOverflowHook      
000066c5  __aeabi_cdcmpeq                    
000066c5  __aeabi_cdcmple                    
0000674b  __aeabi_cdrcmple                   
000067d1  task_mkII_s1                       
00006857  task_mkII_s2                       
000068dd  __aeabi_memclr                     
000068dd  __aeabi_memclr4                    
000068dd  __aeabi_memclr8                    
000068df  __aeabi_memset                     
000068df  __aeabi_memset4                    
000068df  __aeabi_memset8                    
000068e5  memset                             
00006959  __TI_closefile                     
00006aad  HOSTrename                         
00006b19  HOSTlseek                          
00006b81  __TI_decompress_lzss               
00006be9  printf                             
00006c51  frexp                              
00006c51  frexpl                             
00006cb5  fseek                              
00006d19  __TI_wrt_ok                        
00006d7d  HOSTopen                           
00006ddd  close                              
00006e39  HOSTread                           
00006e91  HOSTwrite                          
00006f3f  __TI_ltoa                          
00006fe5  __TI_doflush                       
00007031  atoi                               
0000707d  exit                               
000070c5  __aeabi_d2iz                       
0000710d  HOSTclose                          
00007151  HOSTunlink                         
00007195  __TI_auto_init_nobinit_nopinit     
000071d9  getdevice                          
0000725d  __TI_writemsg                      
0000728b  C$$IO$$                            
00007295  strncpy                            
000072cd  __TI_cleanup                       
00007301  __TI_readmsg                       
00007335  _c_int00_noargs                    
00007369  finddevice                         
00007399  __aeabi_i2d                        
000073c9  remove                             
000073c9  unlink                             
0000741d  lseek                              
00007445  write                              
0000746d  memchr                             
000074a9  memccpy                            
000074c5  copysign                           
000074c5  copysignl                          
000074df  strcmp                             
000074f7  strchr                             
0000750d  strcpy                             
00007521  strlen                             
00007535  wcslen                             
00007547  __TI_decompress_none               
00007555  Reset_Handler                      
00007561  ADC14_IRQHandler                   
00007561  AES256_IRQHandler                  
00007561  BusFault_Handler                   
00007561  COMP_E0_IRQHandler                 
00007561  COMP_E1_IRQHandler                 
00007561  CS_IRQHandler                      
00007561  DMA_ERR_IRQHandler                 
00007561  DMA_INT0_IRQHandler                
00007561  DMA_INT1_IRQHandler                
00007561  DMA_INT2_IRQHandler                
00007561  DMA_INT3_IRQHandler                
00007561  DebugMon_Handler                   
00007561  Default_Handler                    
00007561  EUSCIA0_IRQHandler                 
00007561  EUSCIA1_IRQHandler                 
00007561  EUSCIA2_IRQHandler                 
00007561  EUSCIA3_IRQHandler                 
00007561  EUSCIB0_IRQHandler                 
00007561  EUSCIB1_IRQHandler                 
00007561  EUSCIB2_IRQHandler                 
00007561  EUSCIB3_IRQHandler                 
00007561  FLCTL_IRQHandler                   
00007561  FPU_IRQHandler                     
00007561  HardFault_Handler                  
00007561  MemManage_Handler                  
00007561  NMI_Handler                        
00007561  PCM_IRQHandler                     
00007561  PORT1_IRQHandler                   
00007561  PORT2_IRQHandler                   
00007561  PORT3_IRQHandler                   
00007561  PORT4_IRQHandler                   
00007561  PORT5_IRQHandler                   
00007561  PORT6_IRQHandler                   
00007561  PSS_IRQHandler                     
00007561  PendSV_Handler                     
00007561  RTC_C_IRQHandler                   
00007561  SVC_Handler                        
00007561  SysTick_Handler                    
00007561  T32_INT1_IRQHandler                
00007561  T32_INT2_IRQHandler                
00007561  T32_INTC_IRQHandler                
00007561  TA0_0_IRQHandler                   
00007561  TA0_N_IRQHandler                   
00007561  TA1_0_IRQHandler                   
00007561  TA1_N_IRQHandler                   
00007561  TA2_0_IRQHandler                   
00007561  TA2_N_IRQHandler                   
00007561  TA3_0_IRQHandler                   
00007561  TA3_N_IRQHandler                   
00007561  UsageFault_Handler                 
00007561  WDT_A_IRQHandler                   
00007563  __TI_zero_init                     
00007571  __aeabi_errno_addr                 
00007579  malloc                             
00007589  _system_pre_init                   
0000758d  C$$EXIT                            
0000758d  abort                              
00007590  _ctypes_                           
00007694  ulMaxSyscallInterruptPriority      
0000771c  __TI_Handler_Table_Base            
00007728  __TI_Handler_Table_Limit           
00007730  __TI_CINIT_Base                    
00007740  __TI_CINIT_Limit                   
20000000  __start___llvm_prf_cnts            
20000000  __stop___llvm_prf_cnts             
20008000  __CIOBUF_                          
200081e8  __TI_tmpnams                       
2000832c  parmbuf                            
20008338  _sys_memory                        
20008738  _ftable                            
20008828  _device                            
200088a0  _stream                            
200088f0  pxCurrentTCB                       
20008954  __TI_ft_end                        
20008958  __aeabi_stdin                      
2000895c  __aeabi_stdout                     
20008960  __aeabi_stderr                     
20008964  __TI_cleanup_ptr                   
20008968  __TI_dtors_ptr                     
2000896c  __TI_enable_exit_profile_output    
2000897c  _lock                              
20008980  _unlock                            
2000898c  errno                              
20008990  SystemCoreClock                    
20008994  Task_mkII_s1_Handle                
20008998  Task_mkII_s2_Handle                
2000fe00  __stack                            
20010000  __STACK_END                        
4000480c  WDTCTL_SYM                         
ffffffff  __TI_pprof_out_hndl                
ffffffff  __TI_prof_data_size                
ffffffff  __TI_prof_data_start               
ffffffff  __binit__                          
ffffffff  __c_args__                         
ffffffff  binit                              
UNDEFED   __mpu_init                         
UNDEFED   _system_post_cinit                 

[311 symbols]
