******************************************************************************
                  TI ARM Linker PC v20.2.1                     
******************************************************************************
>> Linked Mon Sep 28 19:25:43 2020

OUTPUT FILE NAME:   <06-EX-ADC-JoyX.out>
ENTRY POINT SYMBOL: "_c_int00_noargs"  address: 00000b45


MEMORY CONFIGURATION

         name            origin    length      used     unused   attr    fill
----------------------  --------  ---------  --------  --------  ----  --------
  MAIN                  00000000   00040000  00000be4  0003f41c  R  X
  INFO                  00200000   00004000  00000000  00004000  R  X
  SRAM_CODE             01000000   00010000  00000208  0000fdf8  RW X
  SRAM_DATA             20000000   00010000  00000208  0000fdf8  RW  


SEGMENT ALLOCATION MAP

run origin  load origin   length   init length attrs members
----------  ----------- ---------- ----------- ----- -------
00000000    00000000    00000be4   00000be4    r-x
  00000000    00000000    000000e4   000000e4    r-- .intvecs
  000000e4    000000e4    00000ae4   00000ae4    r-x .text
  00000bc8    00000bc8    0000001c   0000001c    r-- .cinit
20000000    20000000    00000008   00000000    rw-
  20000000    20000000    00000008   00000000    rw- .data
2000fe00    2000fe00    00000200   00000000    rw-
  2000fe00    2000fe00    00000200   00000000    rw- .stack


SECTION ALLOCATION MAP

 output                                  attributes/
section   page    origin      length       input sections
--------  ----  ----------  ----------   ----------------
.intvecs   0    00000000    000000e4     
                  00000000    000000e4     startup_msp432p401r_ccs.obj (.intvecs:retain)

.text      0    000000e4    00000ae4     
                  000000e4    00000584     ece353.obj (.text)
                  00000668    00000334     system_msp432p401r.obj (.text)
                  0000099c    0000009c     rtsv7M4_T_le_v4SPD16_eabi.lib : memcpy_t2.asm.obj (.text)
                  00000a38    00000068                                   : copy_decompress_lzss.c.obj (.text:decompress:lzss:__TI_decompress_lzss)
                  00000aa0    00000060     main.obj (.text)
                  00000b00    00000044     rtsv7M4_T_le_v4SPD16_eabi.lib : autoinit.c.obj (.text:__TI_auto_init_nobinit_nopinit:__TI_auto_init_nobinit_nopinit)
                  00000b44    00000034                                   : boot_cortex_m.c.obj (.text:_c_int00_noargs:_c_int00_noargs)
                  00000b78    0000002c     interrupts.obj (.text)
                  00000ba4    0000000e     rtsv7M4_T_le_v4SPD16_eabi.lib : copy_decompress_none.c.obj (.text:decompress:none:__TI_decompress_none)
                  00000bb2    0000000e     startup_msp432p401r_ccs.obj (.text)
                  00000bc0    00000004     rtsv7M4_T_le_v4SPD16_eabi.lib : pre_init.c.obj (.text:_system_pre_init)
                  00000bc4    00000004                                   : exit.c.obj (.text:abort:abort)

.cinit     0    00000bc8    0000001c     
                  00000bc8    0000000b     (.cinit..data.load) [load image, compression = lzss]
                  00000bd3    00000001     --HOLE-- [fill = 0]
                  00000bd4    00000008     (__TI_handler_table)
                  00000bdc    00000008     (__TI_cinit_table)

.init_array 
*          0    00000000    00000000     UNINITIALIZED

.binit     0    00000000    00000000     

.data      0    20000000    00000008     UNINITIALIZED
                  20000000    00000004     interrupts.obj (.data)
                  20000004    00000004     system_msp432p401r.obj (.data)

.stack     0    2000fe00    00000200     UNINITIALIZED
                  2000fe00    00000004     rtsv7M4_T_le_v4SPD16_eabi.lib : boot_cortex_m.c.obj (.stack)
                  2000fe04    000001fc     --HOLE--

__llvm_prf_cnts 
*          0    20000000    00000000     UNINITIALIZED

MODULE SUMMARY

       Module                        code   ro data   rw data
       ------                        ----   -------   -------
    .\
       ece353.obj                    1412   0         0      
       system_msp432p401r.obj        820    0         8      
       startup_msp432p401r_ccs.obj   14     228       0      
       main.obj                      96     0         0      
       interrupts.obj                44     0         8      
    +--+-----------------------------+------+---------+---------+
       Total:                        2386   228       16     
                                                             
    C:\ti\ccs1010\ccs\tools\compiler\ti-cgt-arm_20.2.1.LTS\lib\rtsv7M4_T_le_v4SPD16_eabi.lib
       memcpy_t2.asm.obj             156    0         0      
       copy_decompress_lzss.c.obj    104    0         0      
       autoinit.c.obj                68     0         0      
       boot_cortex_m.c.obj           52     0         0      
       copy_decompress_none.c.obj    14     0         0      
       exit.c.obj                    4      0         0      
       pre_init.c.obj                4      0         0      
    +--+-----------------------------+------+---------+---------+
       Total:                        402    0         0      
                                                             
       Stack:                        0      0         1024   
       Linker Generated:             0      27        0      
    +--+-----------------------------+------+---------+---------+
       Grand Total:                  2788   255       1040   


LINKER GENERATED COPY TABLES

__TI_cinit_table @ 00000bdc records: 1, size/record: 8, table size: 8
	.data: load addr=00000bc8, load size=0000000b bytes, run addr=20000000, run size=00000008 bytes, compression=lzss


LINKER GENERATED HANDLER TABLE

__TI_handler_table @ 00000bd4 records: 2, size/record: 4, table size: 8
	index: 0, handler: __TI_decompress_lzss
	index: 1, handler: __TI_decompress_none


GLOBAL SYMBOLS: SORTED ALPHABETICALLY BY Name 

address   name                          
-------   ----                          
00000b8b  ADC14_IRQHandler              
00000b8b  ADC14_IRQHandler              
00000bbf  AES256_IRQHandler             
00000bbf  BusFault_Handler              
00000bc5  C$$EXIT                       
00000bbf  COMP_E0_IRQHandler            
00000bbf  COMP_E1_IRQHandler            
00000bbf  CS_IRQHandler                 
00000bbf  DMA_ERR_IRQHandler            
00000bbf  DMA_INT0_IRQHandler           
00000bbf  DMA_INT1_IRQHandler           
00000bbf  DMA_INT2_IRQHandler           
00000bbf  DMA_INT3_IRQHandler           
00000bbf  DebugMon_Handler              
00000bbf  Default_Handler               
00000bbf  EUSCIA0_IRQHandler            
00000bbf  EUSCIA1_IRQHandler            
00000bbf  EUSCIA2_IRQHandler            
00000bbf  EUSCIA3_IRQHandler            
00000bbf  EUSCIB0_IRQHandler            
00000bbf  EUSCIB1_IRQHandler            
00000bbf  EUSCIB2_IRQHandler            
00000bbf  EUSCIB3_IRQHandler            
00000bbf  FLCTL_IRQHandler              
00000bbf  FPU_IRQHandler                
00000bbf  HardFault_Handler             
00000bbf  MemManage_Handler             
00000bbf  NMI_Handler                   
00000bbf  PCM_IRQHandler                
00000bbf  PORT1_IRQHandler              
00000bbf  PORT2_IRQHandler              
00000bbf  PORT3_IRQHandler              
00000bbf  PORT4_IRQHandler              
00000bbf  PORT5_IRQHandler              
00000bbf  PORT6_IRQHandler              
20000000  PS2_X_DIR                     
00000bbf  PSS_IRQHandler                
00000bbf  PendSV_Handler                
00000bbf  RTC_C_IRQHandler              
00000bb3  Reset_Handler                 
00000bbf  SVC_Handler                   
00000bbf  SysTick_Handler               
20000004  SystemCoreClock               
00000669  SystemCoreClockUpdate         
000008e1  SystemInit                    
00000b79  T32_INT1_IRQHandler           
00000b79  T32_INT1_IRQHandler           
00000bbf  T32_INT2_IRQHandler           
00000bbf  T32_INTC_IRQHandler           
00000bbf  TA0_0_IRQHandler              
00000bbf  TA0_N_IRQHandler              
00000bbf  TA1_0_IRQHandler              
00000bbf  TA1_N_IRQHandler              
00000bbf  TA2_0_IRQHandler              
00000bbf  TA2_N_IRQHandler              
00000bbf  TA3_0_IRQHandler              
00000bbf  TA3_N_IRQHandler              
00000bbf  UsageFault_Handler            
4000480c  WDTCTL_SYM                    
00000bbf  WDT_A_IRQHandler              
20010000  __STACK_END                   
00000200  __STACK_SIZE                  
00000bdc  __TI_CINIT_Base               
00000be4  __TI_CINIT_Limit              
00000bd4  __TI_Handler_Table_Base       
00000bdc  __TI_Handler_Table_Limit      
00000b01  __TI_auto_init_nobinit_nopinit
00000a39  __TI_decompress_lzss          
00000ba5  __TI_decompress_none          
ffffffff  __TI_pprof_out_hndl           
ffffffff  __TI_prof_data_size           
ffffffff  __TI_prof_data_start          
00000000  __TI_static_base__            
0000099d  __aeabi_memcpy                
0000099d  __aeabi_memcpy4               
0000099d  __aeabi_memcpy8               
ffffffff  __binit__                     
ffffffff  __c_args__                    
UNDEFED   __mpu_init                    
2000fe00  __stack                       
20000000  __start___llvm_prf_cnts       
20000000  __stop___llvm_prf_cnts        
00000b45  _c_int00_noargs               
UNDEFED   _system_post_cinit            
00000bc1  _system_pre_init              
00000bc5  abort                         
ffffffff  binit                         
000005a9  ece353_ADC14_PS2_X            
00000351  ece353_MKII_Buzzer_Init       
000003c7  ece353_MKII_Buzzer_Off        
000003ad  ece353_MKII_Buzzer_On         
000003d5  ece353_MKII_Buzzer_Run_Status 
000003e9  ece353_MKII_RGB_IO_Init       
00000499  ece353_MKII_RGB_PWM           
00000331  ece353_MKII_S1                
00000319  ece353_MKII_S1_Init           
00000341  ece353_MKII_S2                
00000325  ece353_MKII_S2_Init           
00000293  ece353_T32_1_wait             
000002c1  ece353_T32_1_wait_100mS       
00000569  ece353_Timer32_1_Interrupt_Ms 
000001ad  ece353_button1                
00000165  ece353_button1_init           
000002f1  ece353_button1_wait_for_press 
00000283  ece353_button2                
00000263  ece353_button2_init           
00000185  ece353_led1                   
0000014f  ece353_led1_init              
000001fb  ece353_rgb                    
000001bd  ece353_rgb_init               
00000000  interruptVectors              
00000aa1  main                          
0000099d  memcpy                        


GLOBAL SYMBOLS: SORTED BY Symbol Address 

address   name                          
-------   ----                          
00000000  __TI_static_base__            
00000000  interruptVectors              
0000014f  ece353_led1_init              
00000165  ece353_button1_init           
00000185  ece353_led1                   
000001ad  ece353_button1                
000001bd  ece353_rgb_init               
000001fb  ece353_rgb                    
00000200  __STACK_SIZE                  
00000263  ece353_button2_init           
00000283  ece353_button2                
00000293  ece353_T32_1_wait             
000002c1  ece353_T32_1_wait_100mS       
000002f1  ece353_button1_wait_for_press 
00000319  ece353_MKII_S1_Init           
00000325  ece353_MKII_S2_Init           
00000331  ece353_MKII_S1                
00000341  ece353_MKII_S2                
00000351  ece353_MKII_Buzzer_Init       
000003ad  ece353_MKII_Buzzer_On         
000003c7  ece353_MKII_Buzzer_Off        
000003d5  ece353_MKII_Buzzer_Run_Status 
000003e9  ece353_MKII_RGB_IO_Init       
00000499  ece353_MKII_RGB_PWM           
00000569  ece353_Timer32_1_Interrupt_Ms 
000005a9  ece353_ADC14_PS2_X            
00000669  SystemCoreClockUpdate         
000008e1  SystemInit                    
0000099d  __aeabi_memcpy                
0000099d  __aeabi_memcpy4               
0000099d  __aeabi_memcpy8               
0000099d  memcpy                        
00000a39  __TI_decompress_lzss          
00000aa1  main                          
00000b01  __TI_auto_init_nobinit_nopinit
00000b45  _c_int00_noargs               
00000b79  T32_INT1_IRQHandler           
00000b79  T32_INT1_IRQHandler           
00000b8b  ADC14_IRQHandler              
00000b8b  ADC14_IRQHandler              
00000ba5  __TI_decompress_none          
00000bb3  Reset_Handler                 
00000bbf  AES256_IRQHandler             
00000bbf  BusFault_Handler              
00000bbf  COMP_E0_IRQHandler            
00000bbf  COMP_E1_IRQHandler            
00000bbf  CS_IRQHandler                 
00000bbf  DMA_ERR_IRQHandler            
00000bbf  DMA_INT0_IRQHandler           
00000bbf  DMA_INT1_IRQHandler           
00000bbf  DMA_INT2_IRQHandler           
00000bbf  DMA_INT3_IRQHandler           
00000bbf  DebugMon_Handler              
00000bbf  Default_Handler               
00000bbf  EUSCIA0_IRQHandler            
00000bbf  EUSCIA1_IRQHandler            
00000bbf  EUSCIA2_IRQHandler            
00000bbf  EUSCIA3_IRQHandler            
00000bbf  EUSCIB0_IRQHandler            
00000bbf  EUSCIB1_IRQHandler            
00000bbf  EUSCIB2_IRQHandler            
00000bbf  EUSCIB3_IRQHandler            
00000bbf  FLCTL_IRQHandler              
00000bbf  FPU_IRQHandler                
00000bbf  HardFault_Handler             
00000bbf  MemManage_Handler             
00000bbf  NMI_Handler                   
00000bbf  PCM_IRQHandler                
00000bbf  PORT1_IRQHandler              
00000bbf  PORT2_IRQHandler              
00000bbf  PORT3_IRQHandler              
00000bbf  PORT4_IRQHandler              
00000bbf  PORT5_IRQHandler              
00000bbf  PORT6_IRQHandler              
00000bbf  PSS_IRQHandler                
00000bbf  PendSV_Handler                
00000bbf  RTC_C_IRQHandler              
00000bbf  SVC_Handler                   
00000bbf  SysTick_Handler               
00000bbf  T32_INT2_IRQHandler           
00000bbf  T32_INTC_IRQHandler           
00000bbf  TA0_0_IRQHandler              
00000bbf  TA0_N_IRQHandler              
00000bbf  TA1_0_IRQHandler              
00000bbf  TA1_N_IRQHandler              
00000bbf  TA2_0_IRQHandler              
00000bbf  TA2_N_IRQHandler              
00000bbf  TA3_0_IRQHandler              
00000bbf  TA3_N_IRQHandler              
00000bbf  UsageFault_Handler            
00000bbf  WDT_A_IRQHandler              
00000bc1  _system_pre_init              
00000bc5  C$$EXIT                       
00000bc5  abort                         
00000bd4  __TI_Handler_Table_Base       
00000bdc  __TI_CINIT_Base               
00000bdc  __TI_Handler_Table_Limit      
00000be4  __TI_CINIT_Limit              
20000000  PS2_X_DIR                     
20000000  __start___llvm_prf_cnts       
20000000  __stop___llvm_prf_cnts        
20000004  SystemCoreClock               
2000fe00  __stack                       
20010000  __STACK_END                   
4000480c  WDTCTL_SYM                    
ffffffff  __TI_pprof_out_hndl           
ffffffff  __TI_prof_data_size           
ffffffff  __TI_prof_data_start          
ffffffff  __binit__                     
ffffffff  __c_args__                    
ffffffff  binit                         
UNDEFED   __mpu_init                    
UNDEFED   _system_post_cinit            

[113 symbols]
