******************************************************************************
                  TI ARM Linker PC v20.2.1                     
******************************************************************************
>> Linked Tue Nov 10 21:27:21 2020

OUTPUT FILE NAME:   <14-EX-FreeRTOS-Semaphores.out>
ENTRY POINT SYMBOL: "_c_int00_noargs"  address: 00007341


MEMORY CONFIGURATION

         name            origin    length      used     unused   attr    fill
----------------------  --------  ---------  --------  --------  ----  --------
  MAIN                  00000000   00040000  00007748  000388b8  R  X
  INFO                  00200000   00004000  00000000  00004000  R  X
  SRAM_CODE             01000000   00010000  00008b9c  00007464  RW X
  SRAM_DATA             20000000   00010000  00008b9c  00007464  RW  


SEGMENT ALLOCATION MAP

run origin  load origin   length   init length attrs members
----------  ----------- ---------- ----------- ----- -------
00000000    00000000    00007748   00007748    r-x
  00000000    00000000    000000e4   000000e4    r-- .intvecs
  000000e4    000000e4    000074b8   000074b8    r-x .text
  0000759c    0000759c    0000010c   0000010c    r-- .const
  000076a8    000076a8    000000a0   000000a0    r-- .cinit
20000000    20000000    0000899c   00000000    rw-
  20000000    20000000    00008340   00000000    rw- .bss
  20008340    20008340    00000400   00000000    rw- .sysmem
  20008740    20008740    0000025c   00000000    rw- .data
2000fe00    2000fe00    00000200   00000000    rw-
  2000fe00    2000fe00    00000200   00000000    rw- .stack


SECTION ALLOCATION MAP

 output                                  attributes/
section   page    origin      length       input sections
--------  ----  ----------  ----------   ----------------
.intvecs   0    00000000    000000e4     
                  00000000    000000e4     startup_msp432p401r_ccs.obj (.intvecs:retain)

.text      0    000000e4    000074b8     
                  000000e4    000020c4     tasks.obj (.text)
                  000021a8    000010f0     queue.obj (.text)
                  00003298    00000a4e     rtsv7M4_T_le_v4SPD16_eabi.lib : _printfi.c.obj (.text:__TI_printfi)
                  00003ce6    00000002                                   : _lock.c.obj (.text:_nop)
                  00003ce8    000007a4     timers.obj (.text)
                  0000448c    00000438     port.obj (.text)
                  000048c4    0000042c     heap_4.obj (.text)
                  00004cf0    00000354     system_msp432p401r.obj (.text)
                  00005044    00000294     ece353_staff.lib : ece353_staff.obj (.text)
                  000052d8    00000270     rtsv7M4_T_le_v4SPD16_eabi.lib : _printfi.c.obj (.text:_pconv_a)
                  00005548    000001d0                                   : _printfi.c.obj (.text:_pconv_g)
                  00005718    000001b6                                   : fd_add_t2.asm.obj (.text)
                  000058ce    00000002                                   : div0.asm.obj (.text)
                  000058d0    0000013c                                   : _printfi.c.obj (.text:_pconv_e)
                  00005a0c    00000136                                   : fd_div_t2.asm.obj (.text)
                  00005b42    0000012a     list.obj (.text)
                  00005c6c    00000124     rtsv7M4_T_le_v4SPD16_eabi.lib : _printfi.c.obj (.text:fcvt)
                  00005d90    00000114                                   : fputs.c.obj (.text:fputs)
                  00005ea4    00000110                                   : s_scalbn.c.obj (.text:scalbn)
                  00005fb4    00000108                                   : memory.c.obj (.text:aligned_alloc)
                  000060bc    00000104     main.obj (.text)
                  000061c0    000000fc     rtsv7M4_T_le_v4SPD16_eabi.lib : fd_mul_t2.asm.obj (.text)
                  000062bc    000000e4                                   : memory.c.obj (.text:free)
                  000063a0    000000dc                                   : setvbuf.c.obj (.text:setvbuf)
                  0000647c    000000da     portasm.obj (.text)
                  00006556    00000002     --HOLE-- [fill = 0]
                  00006558    000000b1     rtsv7M4_T_le_v4SPD16_eabi.lib : _printfi.c.obj (.text:_ltostr)
                  00006609    00000001     --HOLE-- [fill = 0]
                  0000660a    0000009c                                   : memcpy_t2.asm.obj (.text)
                  000066a6    00000096                                   : ull_div_t2.asm.obj (.text)
                  0000673c    00000086                                   : fd_cmp_t2.asm.obj (.text:__aeabi_cdcmple)
                  000067c2    00000086                                   : fd_cmp_t2.asm.obj (.text:__aeabi_cdrcmple)
                  00006848    0000007a                                   : memset_t2.asm.obj (.text)
                  000068c2    00000002     --HOLE-- [fill = 0]
                  000068c4    00000074                                   : fclose.c.obj (.text:__TI_closefile)
                  00006938    00000070                                   : memory.c.obj (.text:split)
                  000069a8    0000006e                                   : _printfi.c.obj (.text:_mcpy)
                  00006a16    00000002     --HOLE-- [fill = 0]
                  00006a18    0000006c                                   : hostrename.c.obj (.text:HOSTrename)
                  00006a84    00000068                                   : hostlseek.c.obj (.text:HOSTlseek)
                  00006aec    00000068                                   : copy_decompress_lzss.c.obj (.text:decompress:lzss:__TI_decompress_lzss)
                  00006b54    00000068                                   : printf.c.obj (.text:printf)
                  00006bbc    00000064                                   : s_frexp.c.obj (.text:frexp)
                  00006c20    00000064                                   : fseek.c.obj (.text:fseek)
                  00006c84    00000062                                   : _io_perm.c.obj (.text:__TI_wrt_ok)
                  00006ce6    00000002     --HOLE-- [fill = 0]
                  00006ce8    00000060                                   : hostopen.c.obj (.text:HOSTopen)
                  00006d48    0000005c                                   : close.c.obj (.text:close)
                  00006da4    00000058                                   : hostread.c.obj (.text:HOSTread)
                  00006dfc    00000058                                   : hostwrite.c.obj (.text:HOSTwrite)
                  00006e54    00000056                                   : _printfi.c.obj (.text:_pconv_f)
                  00006eaa    00000054                                   : _ltoa.c.obj (.text:__TI_ltoa)
                  00006efe    00000052                                   : _printfi.c.obj (.text:_ecpy)
                  00006f50    00000050     task1.obj (.text)
                  00006fa0    00000050     task2.obj (.text)
                  00006ff0    0000004c     rtsv7M4_T_le_v4SPD16_eabi.lib : fflush.c.obj (.text:__TI_doflush)
                  0000703c    0000004c                                   : atoi.c.obj (.text:atoi)
                  00007088    00000048                                   : exit.c.obj (.text:exit)
                  000070d0    00000048                                   : fd_toi_t2.asm.obj (.text)
                  00007118    00000044                                   : hostclose.c.obj (.text:HOSTclose)
                  0000715c    00000044                                   : hostunlink.c.obj (.text:HOSTunlink)
                  000071a0    00000044                                   : autoinit.c.obj (.text:__TI_auto_init_nobinit_nopinit:__TI_auto_init_nobinit_nopinit)
                  000071e4    00000044                                   : getdevice.c.obj (.text:getdevice)
                  00007228    0000003e                                   : _printfi.c.obj (.text:_fcpy)
                  00007266    00000002     --HOLE-- [fill = 0]
                  00007268    00000038                                   : trgmsg.c.obj (.text:__TI_writemsg)
                  000072a0    00000036                                   : strncpy.c.obj (.text:strncpy)
                  000072d6    00000002     --HOLE-- [fill = 0]
                  000072d8    00000034                                   : fopen.c.obj (.text:__TI_cleanup)
                  0000730c    00000034                                   : trgmsg.c.obj (.text:__TI_readmsg)
                  00007340    00000034                                   : boot_cortex_m.c.obj (.text:_c_int00_noargs:_c_int00_noargs)
                  00007374    00000030                                   : getdevice.c.obj (.text:finddevice)
                  000073a4    0000002e                                   : i_tofd_t2.asm.obj (.text)
                  000073d2    00000002     --HOLE-- [fill = 0]
                  000073d4    0000002c                                   : unlink.c.obj (.text:unlink)
                  00007400    00000028                                   : memory.c.obj (.text:free_list_insert)
                  00007428    00000028                                   : lseek.c.obj (.text:lseek)
                  00007450    00000028                                   : write.c.obj (.text:write)
                  00007478    00000020                                   : memchr.c.obj (.text:memchr)
                  00007498    0000001c                                   : memory.c.obj (.text:free_list_remove)
                  000074b4    0000001c                                   : memccpy.c.obj (.text:memccpy)
                  000074d0    0000001a                                   : s_copysign.c.obj (.text:copysign)
                  000074ea    00000018                                   : strcmp.c.obj (.text:strcmp)
                  00007502    00000016                                   : strchr.c.obj (.text:strchr)
                  00007518    00000014                                   : strcpy.c.obj (.text:strcpy)
                  0000752c    00000014                                   : strlen.c.obj (.text:strlen)
                  00007540    00000012                                   : wcslen.c.obj (.text:wcslen)
                  00007552    0000000e                                   : copy_decompress_none.c.obj (.text:decompress:none:__TI_decompress_none)
                  00007560    0000000e     startup_msp432p401r_ccs.obj (.text)
                  0000756e    0000000c     rtsv7M4_T_le_v4SPD16_eabi.lib : copy_zero_init.c.obj (.text:decompress:ZI:__TI_zero_init)
                  0000757a    00000002     --HOLE-- [fill = 0]
                  0000757c    00000008                                   : errno.c.obj (.text:__aeabi_errno_addr)
                  00007584    00000008                                   : memory.c.obj (.text:malloc)
                  0000758c    00000004                                   : printf.c.obj (.text:_outc)
                  00007590    00000004                                   : printf.c.obj (.text:_outs)
                  00007594    00000004                                   : pre_init.c.obj (.text:_system_pre_init)
                  00007598    00000004                                   : exit.c.obj (.text:abort:abort)

.const     0    0000759c    0000010c     
                  0000759c    00000101     rtsv7M4_T_le_v4SPD16_eabi.lib : ctype.c.obj (.const:.string:_ctypes_)
                  0000769d    00000003     --HOLE-- [fill = 0]
                  000076a0    00000008     port.obj (.const)

.cinit     0    000076a8    000000a0     
                  000076a8    00000079     (.cinit..data.load) [load image, compression = lzss]
                  00007721    00000003     --HOLE-- [fill = 0]
                  00007724    0000000c     (__TI_handler_table)
                  00007730    00000008     (.cinit..bss.load) [load image, compression = zero_init]
                  00007738    00000010     (__TI_cinit_table)

.init_array 
*          0    00000000    00000000     UNINITIALIZED

.binit     0    00000000    00000000     

.bss       0    20000000    00008340     UNINITIALIZED
                  20000000    00008000     heap_4.obj (.bss:ucHeap)
                  20008000    00000120     rtsv7M4_T_le_v4SPD16_eabi.lib : trgmsg.c.obj (.bss:_CIOBUF_)
                  20008120    000000c8     tasks.obj (.bss:pxReadyTasksLists)
                  200081e8    000000a0     (.common:__TI_tmpnams)
                  20008288    00000014     timers.obj (.bss:xActiveTimerList1)
                  2000829c    00000014     timers.obj (.bss:xActiveTimerList2)
                  200082b0    00000014     tasks.obj (.bss:xDelayedTaskList1)
                  200082c4    00000014     tasks.obj (.bss:xDelayedTaskList2)
                  200082d8    00000014     tasks.obj (.bss:xPendingReadyList)
                  200082ec    00000014     tasks.obj (.bss:xSuspendedTaskList)
                  20008300    00000014     tasks.obj (.bss:xTasksWaitingTermination)
                  20008314    00000008     tasks.obj (.bss)
                  2000831c    00000008     timers.obj (.bss)
                  20008324    00000008     heap_4.obj (.bss:xStart)
                  2000832c    00000008     (.common:parmbuf)
                  20008334    00000004     (.common:Sem_Print_Lock)
                  20008338    00000004     (.common:TaskHandle_Task1)
                  2000833c    00000004     (.common:TaskHandle_Task2)

.sysmem    0    20008340    00000400     UNINITIALIZED
                  20008340    00000010     rtsv7M4_T_le_v4SPD16_eabi.lib : memory.c.obj (.sysmem)
                  20008350    000003f0     --HOLE--

.data      0    20008740    0000025c     UNINITIALIZED
                  20008740    000000f0     rtsv7M4_T_le_v4SPD16_eabi.lib : defs.c.obj (.data:_ftable)
                  20008830    00000078                                   : host_device.c.obj (.data:_device)
                  200088a8    00000050                                   : host_device.c.obj (.data:_stream)
                  200088f8    00000034     tasks.obj (.data)
                  2000892c    00000018     heap_4.obj (.data)
                  20008944    00000018     port.obj (.data)
                  2000895c    00000010     rtsv7M4_T_le_v4SPD16_eabi.lib : defs.c.obj (.data)
                  2000896c    0000000c                                   : exit.c.obj (.data:$O1$$)
                  20008978    0000000c     timers.obj (.data)
                  20008984    00000008     rtsv7M4_T_le_v4SPD16_eabi.lib : _lock.c.obj (.data:$O1$$)
                  2000898c    00000008                                   : memory.c.obj (.data:$O1$$)
                  20008994    00000004                                   : errno.c.obj (.data)
                  20008998    00000004     system_msp432p401r.obj (.data)

.stack     0    2000fe00    00000200     UNINITIALIZED
                  2000fe00    00000004     rtsv7M4_T_le_v4SPD16_eabi.lib : boot_cortex_m.c.obj (.stack)
                  2000fe04    000001fc     --HOLE--

__llvm_prf_cnts 
*          0    20000000    00000000     UNINITIALIZED

MODULE SUMMARY

       Module                        code    ro data   rw data
       ------                        ----    -------   -------
    .\
       system_msp432p401r.obj        852     0         8      
       main.obj                      260     0         8      
       startup_msp432p401r_ccs.obj   14      228       0      
       task1.obj                     80      0         8      
       task2.obj                     80      0         8      
    +--+-----------------------------+-------+---------+---------+
       Total:                        1286    228       32     
                                                              
    .\FreeRTOS\
       heap_4.obj                    1068    0         65600  
       tasks.obj                     8388    0         720    
       queue.obj                     4336    0         0      
       timers.obj                    1956    0         120    
       list.obj                      298     0         0      
    +--+-----------------------------+-------+---------+---------+
       Total:                        16046   0         66440  
                                                              
    .\FreeRTOS\portable\
       port.obj                      1080    8         48     
       portasm.obj                   218     0         0      
    +--+-----------------------------+-------+---------+---------+
       Total:                        1298    8         48     
                                                              
    ../ece353_staff.lib
       ece353_staff.obj              660     0         0      
    +--+-----------------------------+-------+---------+---------+
       Total:                        660     0         0      
                                                              
    C:\ti\ccs1010\ccs\tools\compiler\ti-cgt-arm_20.2.1.LTS\lib\rtsv7M4_T_le_v4SPD16_eabi.lib
       _printfi.c.obj                4851    0         0      
       defs.c.obj                    0       0         832    
       memory.c.obj                  680     0         16     
       trgmsg.c.obj                  108     0         576    
       fd_add_t2.asm.obj             438     0         0      
       host_device.c.obj             0       0         400    
       fd_div_t2.asm.obj             310     0         0      
       fputs.c.obj                   276     0         0      
       s_scalbn.c.obj                272     0         0      
       fd_cmp_t2.asm.obj             268     0         0      
       ctype.c.obj                   0       257       0      
       fd_mul_t2.asm.obj             252     0         0      
       setvbuf.c.obj                 220     0         0      
       memcpy_t2.asm.obj             156     0         0      
       ull_div_t2.asm.obj            150     0         0      
       memset_t2.asm.obj             122     0         0      
       fclose.c.obj                  116     0         0      
       getdevice.c.obj               116     0         0      
       hostopen.c.obj                96      0         16     
       printf.c.obj                  112     0         0      
       hostrename.c.obj              108     0         0      
       copy_decompress_lzss.c.obj    104     0         0      
       hostlseek.c.obj               104     0         0      
       exit.c.obj                    76      0         24     
       fseek.c.obj                   100     0         0      
       s_frexp.c.obj                 100     0         0      
       _io_perm.c.obj                98      0         0      
       close.c.obj                   92      0         0      
       hostread.c.obj                88      0         0      
       hostwrite.c.obj               88      0         0      
       _ltoa.c.obj                   84      0         0      
       atoi.c.obj                    76      0         0      
       fflush.c.obj                  76      0         0      
       fd_toi_t2.asm.obj             72      0         0      
       autoinit.c.obj                68      0         0      
       hostclose.c.obj               68      0         0      
       hostunlink.c.obj              68      0         0      
       strncpy.c.obj                 54      0         0      
       boot_cortex_m.c.obj           52      0         0      
       fopen.c.obj                   52      0         0      
       i_tofd_t2.asm.obj             46      0         0      
       unlink.c.obj                  44      0         0      
       lseek.c.obj                   40      0         0      
       write.c.obj                   40      0         0      
       memchr.c.obj                  32      0         0      
       memccpy.c.obj                 28      0         0      
       s_copysign.c.obj              26      0         0      
       strcmp.c.obj                  24      0         0      
       strchr.c.obj                  22      0         0      
       strcpy.c.obj                  20      0         0      
       strlen.c.obj                  20      0         0      
       _lock.c.obj                   2       0         16     
       wcslen.c.obj                  18      0         0      
       errno.c.obj                   8       0         8      
       copy_decompress_none.c.obj    14      0         0      
       copy_zero_init.c.obj          12      0         0      
       pre_init.c.obj                4       0         0      
       div0.asm.obj                  2       0         0      
    +--+-----------------------------+-------+---------+---------+
       Total:                        10573   257       1888   
                                                              
       Heap:                         0       0         2048   
       Stack:                        0       0         1024   
       Linker Generated:             0       157       0      
    +--+-----------------------------+-------+---------+---------+
       Grand Total:                  29863   650       71480  


LINKER GENERATED COPY TABLES

__TI_cinit_table @ 00007738 records: 2, size/record: 8, table size: 16
	.data: load addr=000076a8, load size=00000079 bytes, run addr=20008740, run size=0000025c bytes, compression=lzss
	.bss: load addr=00007730, load size=00000008 bytes, run addr=20000000, run size=00008340 bytes, compression=zero_init


LINKER GENERATED HANDLER TABLE

__TI_handler_table @ 00007724 records: 3, size/record: 4, table size: 12
	index: 0, handler: __TI_decompress_lzss
	index: 1, handler: __TI_decompress_none
	index: 2, handler: __TI_zero_init


GLOBAL SYMBOLS: SORTED ALPHABETICALLY BY Name 

address   name                               
-------   ----                               
0000756d  ADC14_IRQHandler                   
0000756d  AES256_IRQHandler                  
0000756d  BusFault_Handler                   
00007599  C$$EXIT                            
00007297  C$$IO$$                            
0000756d  COMP_E0_IRQHandler                 
0000756d  COMP_E1_IRQHandler                 
0000756d  CS_IRQHandler                      
0000756d  DMA_ERR_IRQHandler                 
0000756d  DMA_INT0_IRQHandler                
0000756d  DMA_INT1_IRQHandler                
0000756d  DMA_INT2_IRQHandler                
0000756d  DMA_INT3_IRQHandler                
0000756d  DebugMon_Handler                   
0000756d  Default_Handler                    
0000756d  EUSCIA0_IRQHandler                 
0000756d  EUSCIA1_IRQHandler                 
0000756d  EUSCIA2_IRQHandler                 
0000756d  EUSCIA3_IRQHandler                 
0000756d  EUSCIB0_IRQHandler                 
0000756d  EUSCIB1_IRQHandler                 
0000756d  EUSCIB2_IRQHandler                 
0000756d  EUSCIB3_IRQHandler                 
0000756d  FLCTL_IRQHandler                   
0000756d  FPU_IRQHandler                     
00007119  HOSTclose                          
00006a85  HOSTlseek                          
00006ce9  HOSTopen                           
00006da5  HOSTread                           
00006a19  HOSTrename                         
0000715d  HOSTunlink                         
00006dfd  HOSTwrite                          
0000756d  HardFault_Handler                  
0000756d  MemManage_Handler                  
0000756d  NMI_Handler                        
0000756d  PCM_IRQHandler                     
0000756d  PORT1_IRQHandler                   
0000756d  PORT2_IRQHandler                   
0000756d  PORT3_IRQHandler                   
0000756d  PORT4_IRQHandler                   
0000756d  PORT5_IRQHandler                   
0000756d  PORT6_IRQHandler                   
0000756d  PSS_IRQHandler                     
0000756d  PendSV_Handler                     
0000756d  RTC_C_IRQHandler                   
00007561  Reset_Handler                      
0000756d  SVC_Handler                        
20008334  Sem_Print_Lock                     
0000756d  SysTick_Handler                    
20008998  SystemCoreClock                    
00004cf1  SystemCoreClockUpdate              
00004f69  SystemInit                         
0000756d  T32_INT1_IRQHandler                
0000756d  T32_INT2_IRQHandler                
0000756d  T32_INTC_IRQHandler                
0000756d  TA0_0_IRQHandler                   
0000756d  TA0_N_IRQHandler                   
0000756d  TA1_0_IRQHandler                   
0000756d  TA1_N_IRQHandler                   
0000756d  TA2_0_IRQHandler                   
0000756d  TA2_N_IRQHandler                   
0000756d  TA3_0_IRQHandler                   
0000756d  TA3_N_IRQHandler                   
00006f51  Task1                              
00006fa1  Task2                              
20008338  TaskHandle_Task1                   
2000833c  TaskHandle_Task2                   
0000756d  UsageFault_Handler                 
4000480c  WDTCTL_SYM                         
0000756d  WDT_A_IRQHandler                   
20008000  __CIOBUF_                          
20010000  __STACK_END                        
00000200  __STACK_SIZE                       
00000400  __SYSMEM_SIZE                      
00007738  __TI_CINIT_Base                    
00007748  __TI_CINIT_Limit                   
00007724  __TI_Handler_Table_Base            
00007730  __TI_Handler_Table_Limit           
000071a1  __TI_auto_init_nobinit_nopinit     
000072d9  __TI_cleanup                       
2000896c  __TI_cleanup_ptr                   
000068c5  __TI_closefile                     
00006aed  __TI_decompress_lzss               
00007553  __TI_decompress_none               
00006ff1  __TI_doflush                       
20008970  __TI_dtors_ptr                     
20008974  __TI_enable_exit_profile_output    
2000895c  __TI_ft_end                        
00006eab  __TI_ltoa                          
ffffffff  __TI_pprof_out_hndl                
00003299  __TI_printfi                       
ffffffff  __TI_prof_data_size                
ffffffff  __TI_prof_data_start               
0000730d  __TI_readmsg                       
00000000  __TI_static_base__                 
200081e8  __TI_tmpnams                       
00007269  __TI_writemsg                      
00006c85  __TI_wrt_ok                        
0000756f  __TI_zero_init                     
0000673d  __aeabi_cdcmpeq                    
0000673d  __aeabi_cdcmple                    
000067c3  __aeabi_cdrcmple                   
000070d1  __aeabi_d2iz                       
00005723  __aeabi_dadd                       
00005a0d  __aeabi_ddiv                       
000061c1  __aeabi_dmul                       
00005719  __aeabi_dsub                       
0000757d  __aeabi_errno_addr                 
000073a5  __aeabi_i2d                        
000058cf  __aeabi_idiv0                      
000058cf  __aeabi_ldiv0                      
00006849  __aeabi_memclr                     
00006849  __aeabi_memclr4                    
00006849  __aeabi_memclr8                    
0000660b  __aeabi_memcpy                     
0000660b  __aeabi_memcpy4                    
0000660b  __aeabi_memcpy8                    
0000684b  __aeabi_memset                     
0000684b  __aeabi_memset4                    
0000684b  __aeabi_memset8                    
20008968  __aeabi_stderr                     
20008960  __aeabi_stdin                      
20008964  __aeabi_stdout                     
000066a7  __aeabi_uldivmod                   
ffffffff  __binit__                          
ffffffff  __c_args__                         
UNDEFED   __mpu_init                         
2000fe00  __stack                            
20000000  __start___llvm_prf_cnts            
20000000  __stop___llvm_prf_cnts             
00007341  _c_int00_noargs                    
0000759c  _ctypes_                           
20008830  _device                            
20008740  _ftable                            
20008984  _lock                              
00003ce7  _nop                               
200088a8  _stream                            
20008340  _sys_memory                        
UNDEFED   _system_post_cinit                 
00007595  _system_pre_init                   
20008988  _unlock                            
00007599  abort                              
00005fb5  aligned_alloc                      
0000703d  atoi                               
ffffffff  binit                              
00006d49  close                              
000074d1  copysign                           
000074d1  copysignl                          
000013fd  eTaskConfirmSleepModeStatus        
00000539  eTaskGetState                      
000051df  ece353_staff_MKII_RGB_LED          
00005157  ece353_staff_MKII_S1               
00005167  ece353_staff_MKII_S2               
00005177  ece353_staff_RGB_LED               
00005247  ece353_staff_init                  
0000512f  ece353_staff_led1                  
20008994  errno                              
00007089  exit                               
00007375  finddevice                         
00005111  fputc                              
00005d91  fputs                              
000062bd  free                               
00006bbd  frexp                              
00006bbd  frexpl                             
00006c21  fseek                              
000071e5  getdevice                          
00000000  interruptVectors                   
00005ea5  ldexp                              
00005ea5  ldexpl                             
00007429  lseek                              
000060bd  main                               
00007585  malloc                             
00005fb5  memalign                           
000074b5  memccpy                            
00007479  memchr                             
0000660b  memcpy                             
00006851  memset                             
2000832c  parmbuf                            
00000bd5  pcTaskGetName                      
00003f43  pcTimerGetName                     
00006b55  printf                             
000048c5  pvPortMalloc                       
000014a1  pvTaskGetThreadLocalStoragePointer 
00001a55  pvTaskIncrementMutexHeldCount      
000043fd  pvTimerGetTimerID                  
200088f8  pxCurrentTCB                       
0000448d  pxPortInitialiseStack              
000073d5  remove                             
00005ea5  scalbn                             
00005ea5  scalbnl                            
000063a1  setvbuf                            
00007503  strchr                             
000074eb  strcmp                             
00007519  strcpy                             
0000752d  strlen                             
000072a1  strncpy                            
00002faf  ucQueueGetQueueType                
000076a0  ulMaxSyscallInterruptPriority      
0000648d  ulPortGetIPSR                      
00001a75  ulTaskGenericNotifyTake            
000020a3  ulTaskGenericNotifyValueClear      
000073d5  unlink                             
00005c25  uxListRemove                       
00002f8f  uxQueueGetQueueNumber              
00002edd  uxQueueMessagesWaiting             
00002f41  uxQueueMessagesWaitingFromISR      
00002f0d  uxQueueSpacesAvailable             
00000bcf  uxTaskGetNumberOfTasks             
00000c1d  uxTaskGetSystemState               
00001361  uxTaskGetTaskNumber                
00000611  uxTaskPriorityGet                  
00000639  uxTaskPriorityGetFromISR           
00001a33  uxTaskResetEventItemValue          
00003edd  uxTimerGetReloadMode               
00004459  uxTimerGetTimerNumber              
00006139  vApplicationMallocFailedHook       
0000613b  vApplicationStackOverflowHook      
00005b43  vListInitialise                    
00005b73  vListInitialiseItem                
00005bbf  vListInsert                        
00005b83  vListInsertEnd                     
00006549  vPortEnableVFP                     
000045d1  vPortEndScheduler                  
000045f5  vPortEnterCritical                 
00004637  vPortExitCritical                  
00004a2f  vPortFree                          
00004c31  vPortGetHeapStats                  
00004ad5  vPortInitialiseBlocks              
00006505  vPortSVCHandler                    
000047e9  vPortSetupTimerInterrupt           
00006525  vPortStartFirstTask                
00004691  vPortSuppressTicksAndSleep         
00004831  vPortValidateInterruptPriority     
00002f6b  vQueueDelete                       
00002f9d  vQueueSetQueueNumber               
0000323d  vQueueWaitForMessageRestricted     
000004d1  vTaskDelay                         
000003ed  vTaskDelayUntil                    
00000323  vTaskDelete                        
00000a25  vTaskEndScheduler                  
00001f35  vTaskGenericNotifyGiveFromISR      
00001575  vTaskGetInfo                       
0000128d  vTaskInternalSetTimeOutState       
00001359  vTaskMissedYield                   
00001059  vTaskPlaceOnEventList              
000010f5  vTaskPlaceOnEventListRestricted    
0000108d  vTaskPlaceOnUnorderedEventList     
00001939  vTaskPriorityDisinheritAfterTimeout
0000067d  vTaskPrioritySet                   
000011c5  vTaskRemoveFromUnorderedEventList  
00000915  vTaskResume                        
00000eb1  vTaskSetApplicationTaskTag         
00001381  vTaskSetTaskNumber                 
00001459  vTaskSetThreadLocalStoragePointer  
0000125b  vTaskSetTimeOutState               
000009a9  vTaskStartScheduler                
00000cf9  vTaskStepTick                      
000007b1  vTaskSuspend                       
00000a41  vTaskSuspendAll                    
00000f89  vTaskSwitchContext                 
00003e93  vTimerSetReloadMode                
0000442b  vTimerSetTimerID                   
00004467  vTimerSetTimerNumber               
00007541  wcslen                             
00007451  write                              
00004ac9  xPortGetFreeHeapSize               
00004acf  xPortGetMinimumEverFreeHeapSize    
000064a5  xPortPendSVHandler                 
00004519  xPortStartScheduler                
00004663  xPortSysTickHandler                
00002427  xQueueCreateCountingSemaphore      
00002353  xQueueCreateMutex                  
0000225d  xQueueGenericCreate                
000021a9  xQueueGenericReset                 
00002485  xQueueGenericSend                  
00002639  xQueueGenericSendFromISR           
00002765  xQueueGiveFromISR                  
0000237f  xQueueGiveMutexRecursive           
000031a9  xQueueIsQueueEmptyFromISR          
00003203  xQueueIsQueueFullFromISR           
00002bbd  xQueuePeek                         
00002e31  xQueuePeekFromISR                  
00002873  xQueueReceive                      
00002d3b  xQueueReceiveFromISR               
000029eb  xQueueSemaphoreTake                
000023cf  xQueueTakeMutexRecursive           
00000f49  xTaskCallApplicationTaskHook       
00000d33  xTaskCatchUpTicks                  
000012a7  xTaskCheckForTimeOut               
000000e5  xTaskCreate                        
00001c11  xTaskGenericNotify                 
00001d87  xTaskGenericNotifyFromISR          
0000203f  xTaskGenericNotifyStateClear       
00001b2d  xTaskGenericNotifyWait             
00000ed7  xTaskGetApplicationTaskTag         
00000f05  xTaskGetApplicationTaskTagFromISR  
0000174b  xTaskGetCurrentTaskHandle          
0000175b  xTaskGetSchedulerState             
00000bab  xTaskGetTickCount                  
00000bbb  xTaskGetTickCountFromISR           
00000d85  xTaskIncrementTick                 
0000186d  xTaskPriorityDisinherit            
000017a5  xTaskPriorityInherit               
00001135  xTaskRemoveFromEventList           
00000aa9  xTaskResumeAll                     
00003d29  xTimerCreate                       
00003ce9  xTimerCreateTimerTask              
00003dcb  xTimerGenericCommand               
00003f19  xTimerGetExpiryTime                
00003e6d  xTimerGetPeriod                    
00003e4b  xTimerGetTimerDaemonTaskHandle     
000043c1  xTimerIsTimerActive                


GLOBAL SYMBOLS: SORTED BY Symbol Address 

address   name                               
-------   ----                               
00000000  __TI_static_base__                 
00000000  interruptVectors                   
000000e5  xTaskCreate                        
00000200  __STACK_SIZE                       
00000323  vTaskDelete                        
000003ed  vTaskDelayUntil                    
00000400  __SYSMEM_SIZE                      
000004d1  vTaskDelay                         
00000539  eTaskGetState                      
00000611  uxTaskPriorityGet                  
00000639  uxTaskPriorityGetFromISR           
0000067d  vTaskPrioritySet                   
000007b1  vTaskSuspend                       
00000915  vTaskResume                        
000009a9  vTaskStartScheduler                
00000a25  vTaskEndScheduler                  
00000a41  vTaskSuspendAll                    
00000aa9  xTaskResumeAll                     
00000bab  xTaskGetTickCount                  
00000bbb  xTaskGetTickCountFromISR           
00000bcf  uxTaskGetNumberOfTasks             
00000bd5  pcTaskGetName                      
00000c1d  uxTaskGetSystemState               
00000cf9  vTaskStepTick                      
00000d33  xTaskCatchUpTicks                  
00000d85  xTaskIncrementTick                 
00000eb1  vTaskSetApplicationTaskTag         
00000ed7  xTaskGetApplicationTaskTag         
00000f05  xTaskGetApplicationTaskTagFromISR  
00000f49  xTaskCallApplicationTaskHook       
00000f89  vTaskSwitchContext                 
00001059  vTaskPlaceOnEventList              
0000108d  vTaskPlaceOnUnorderedEventList     
000010f5  vTaskPlaceOnEventListRestricted    
00001135  xTaskRemoveFromEventList           
000011c5  vTaskRemoveFromUnorderedEventList  
0000125b  vTaskSetTimeOutState               
0000128d  vTaskInternalSetTimeOutState       
000012a7  xTaskCheckForTimeOut               
00001359  vTaskMissedYield                   
00001361  uxTaskGetTaskNumber                
00001381  vTaskSetTaskNumber                 
000013fd  eTaskConfirmSleepModeStatus        
00001459  vTaskSetThreadLocalStoragePointer  
000014a1  pvTaskGetThreadLocalStoragePointer 
00001575  vTaskGetInfo                       
0000174b  xTaskGetCurrentTaskHandle          
0000175b  xTaskGetSchedulerState             
000017a5  xTaskPriorityInherit               
0000186d  xTaskPriorityDisinherit            
00001939  vTaskPriorityDisinheritAfterTimeout
00001a33  uxTaskResetEventItemValue          
00001a55  pvTaskIncrementMutexHeldCount      
00001a75  ulTaskGenericNotifyTake            
00001b2d  xTaskGenericNotifyWait             
00001c11  xTaskGenericNotify                 
00001d87  xTaskGenericNotifyFromISR          
00001f35  vTaskGenericNotifyGiveFromISR      
0000203f  xTaskGenericNotifyStateClear       
000020a3  ulTaskGenericNotifyValueClear      
000021a9  xQueueGenericReset                 
0000225d  xQueueGenericCreate                
00002353  xQueueCreateMutex                  
0000237f  xQueueGiveMutexRecursive           
000023cf  xQueueTakeMutexRecursive           
00002427  xQueueCreateCountingSemaphore      
00002485  xQueueGenericSend                  
00002639  xQueueGenericSendFromISR           
00002765  xQueueGiveFromISR                  
00002873  xQueueReceive                      
000029eb  xQueueSemaphoreTake                
00002bbd  xQueuePeek                         
00002d3b  xQueueReceiveFromISR               
00002e31  xQueuePeekFromISR                  
00002edd  uxQueueMessagesWaiting             
00002f0d  uxQueueSpacesAvailable             
00002f41  uxQueueMessagesWaitingFromISR      
00002f6b  vQueueDelete                       
00002f8f  uxQueueGetQueueNumber              
00002f9d  vQueueSetQueueNumber               
00002faf  ucQueueGetQueueType                
000031a9  xQueueIsQueueEmptyFromISR          
00003203  xQueueIsQueueFullFromISR           
0000323d  vQueueWaitForMessageRestricted     
00003299  __TI_printfi                       
00003ce7  _nop                               
00003ce9  xTimerCreateTimerTask              
00003d29  xTimerCreate                       
00003dcb  xTimerGenericCommand               
00003e4b  xTimerGetTimerDaemonTaskHandle     
00003e6d  xTimerGetPeriod                    
00003e93  vTimerSetReloadMode                
00003edd  uxTimerGetReloadMode               
00003f19  xTimerGetExpiryTime                
00003f43  pcTimerGetName                     
000043c1  xTimerIsTimerActive                
000043fd  pvTimerGetTimerID                  
0000442b  vTimerSetTimerID                   
00004459  uxTimerGetTimerNumber              
00004467  vTimerSetTimerNumber               
0000448d  pxPortInitialiseStack              
00004519  xPortStartScheduler                
000045d1  vPortEndScheduler                  
000045f5  vPortEnterCritical                 
00004637  vPortExitCritical                  
00004663  xPortSysTickHandler                
00004691  vPortSuppressTicksAndSleep         
000047e9  vPortSetupTimerInterrupt           
00004831  vPortValidateInterruptPriority     
000048c5  pvPortMalloc                       
00004a2f  vPortFree                          
00004ac9  xPortGetFreeHeapSize               
00004acf  xPortGetMinimumEverFreeHeapSize    
00004ad5  vPortInitialiseBlocks              
00004c31  vPortGetHeapStats                  
00004cf1  SystemCoreClockUpdate              
00004f69  SystemInit                         
00005111  fputc                              
0000512f  ece353_staff_led1                  
00005157  ece353_staff_MKII_S1               
00005167  ece353_staff_MKII_S2               
00005177  ece353_staff_RGB_LED               
000051df  ece353_staff_MKII_RGB_LED          
00005247  ece353_staff_init                  
00005719  __aeabi_dsub                       
00005723  __aeabi_dadd                       
000058cf  __aeabi_idiv0                      
000058cf  __aeabi_ldiv0                      
00005a0d  __aeabi_ddiv                       
00005b43  vListInitialise                    
00005b73  vListInitialiseItem                
00005b83  vListInsertEnd                     
00005bbf  vListInsert                        
00005c25  uxListRemove                       
00005d91  fputs                              
00005ea5  ldexp                              
00005ea5  ldexpl                             
00005ea5  scalbn                             
00005ea5  scalbnl                            
00005fb5  aligned_alloc                      
00005fb5  memalign                           
000060bd  main                               
00006139  vApplicationMallocFailedHook       
0000613b  vApplicationStackOverflowHook      
000061c1  __aeabi_dmul                       
000062bd  free                               
000063a1  setvbuf                            
0000648d  ulPortGetIPSR                      
000064a5  xPortPendSVHandler                 
00006505  vPortSVCHandler                    
00006525  vPortStartFirstTask                
00006549  vPortEnableVFP                     
0000660b  __aeabi_memcpy                     
0000660b  __aeabi_memcpy4                    
0000660b  __aeabi_memcpy8                    
0000660b  memcpy                             
000066a7  __aeabi_uldivmod                   
0000673d  __aeabi_cdcmpeq                    
0000673d  __aeabi_cdcmple                    
000067c3  __aeabi_cdrcmple                   
00006849  __aeabi_memclr                     
00006849  __aeabi_memclr4                    
00006849  __aeabi_memclr8                    
0000684b  __aeabi_memset                     
0000684b  __aeabi_memset4                    
0000684b  __aeabi_memset8                    
00006851  memset                             
000068c5  __TI_closefile                     
00006a19  HOSTrename                         
00006a85  HOSTlseek                          
00006aed  __TI_decompress_lzss               
00006b55  printf                             
00006bbd  frexp                              
00006bbd  frexpl                             
00006c21  fseek                              
00006c85  __TI_wrt_ok                        
00006ce9  HOSTopen                           
00006d49  close                              
00006da5  HOSTread                           
00006dfd  HOSTwrite                          
00006eab  __TI_ltoa                          
00006f51  Task1                              
00006fa1  Task2                              
00006ff1  __TI_doflush                       
0000703d  atoi                               
00007089  exit                               
000070d1  __aeabi_d2iz                       
00007119  HOSTclose                          
0000715d  HOSTunlink                         
000071a1  __TI_auto_init_nobinit_nopinit     
000071e5  getdevice                          
00007269  __TI_writemsg                      
00007297  C$$IO$$                            
000072a1  strncpy                            
000072d9  __TI_cleanup                       
0000730d  __TI_readmsg                       
00007341  _c_int00_noargs                    
00007375  finddevice                         
000073a5  __aeabi_i2d                        
000073d5  remove                             
000073d5  unlink                             
00007429  lseek                              
00007451  write                              
00007479  memchr                             
000074b5  memccpy                            
000074d1  copysign                           
000074d1  copysignl                          
000074eb  strcmp                             
00007503  strchr                             
00007519  strcpy                             
0000752d  strlen                             
00007541  wcslen                             
00007553  __TI_decompress_none               
00007561  Reset_Handler                      
0000756d  ADC14_IRQHandler                   
0000756d  AES256_IRQHandler                  
0000756d  BusFault_Handler                   
0000756d  COMP_E0_IRQHandler                 
0000756d  COMP_E1_IRQHandler                 
0000756d  CS_IRQHandler                      
0000756d  DMA_ERR_IRQHandler                 
0000756d  DMA_INT0_IRQHandler                
0000756d  DMA_INT1_IRQHandler                
0000756d  DMA_INT2_IRQHandler                
0000756d  DMA_INT3_IRQHandler                
0000756d  DebugMon_Handler                   
0000756d  Default_Handler                    
0000756d  EUSCIA0_IRQHandler                 
0000756d  EUSCIA1_IRQHandler                 
0000756d  EUSCIA2_IRQHandler                 
0000756d  EUSCIA3_IRQHandler                 
0000756d  EUSCIB0_IRQHandler                 
0000756d  EUSCIB1_IRQHandler                 
0000756d  EUSCIB2_IRQHandler                 
0000756d  EUSCIB3_IRQHandler                 
0000756d  FLCTL_IRQHandler                   
0000756d  FPU_IRQHandler                     
0000756d  HardFault_Handler                  
0000756d  MemManage_Handler                  
0000756d  NMI_Handler                        
0000756d  PCM_IRQHandler                     
0000756d  PORT1_IRQHandler                   
0000756d  PORT2_IRQHandler                   
0000756d  PORT3_IRQHandler                   
0000756d  PORT4_IRQHandler                   
0000756d  PORT5_IRQHandler                   
0000756d  PORT6_IRQHandler                   
0000756d  PSS_IRQHandler                     
0000756d  PendSV_Handler                     
0000756d  RTC_C_IRQHandler                   
0000756d  SVC_Handler                        
0000756d  SysTick_Handler                    
0000756d  T32_INT1_IRQHandler                
0000756d  T32_INT2_IRQHandler                
0000756d  T32_INTC_IRQHandler                
0000756d  TA0_0_IRQHandler                   
0000756d  TA0_N_IRQHandler                   
0000756d  TA1_0_IRQHandler                   
0000756d  TA1_N_IRQHandler                   
0000756d  TA2_0_IRQHandler                   
0000756d  TA2_N_IRQHandler                   
0000756d  TA3_0_IRQHandler                   
0000756d  TA3_N_IRQHandler                   
0000756d  UsageFault_Handler                 
0000756d  WDT_A_IRQHandler                   
0000756f  __TI_zero_init                     
0000757d  __aeabi_errno_addr                 
00007585  malloc                             
00007595  _system_pre_init                   
00007599  C$$EXIT                            
00007599  abort                              
0000759c  _ctypes_                           
000076a0  ulMaxSyscallInterruptPriority      
00007724  __TI_Handler_Table_Base            
00007730  __TI_Handler_Table_Limit           
00007738  __TI_CINIT_Base                    
00007748  __TI_CINIT_Limit                   
20000000  __start___llvm_prf_cnts            
20000000  __stop___llvm_prf_cnts             
20008000  __CIOBUF_                          
200081e8  __TI_tmpnams                       
2000832c  parmbuf                            
20008334  Sem_Print_Lock                     
20008338  TaskHandle_Task1                   
2000833c  TaskHandle_Task2                   
20008340  _sys_memory                        
20008740  _ftable                            
20008830  _device                            
200088a8  _stream                            
200088f8  pxCurrentTCB                       
2000895c  __TI_ft_end                        
20008960  __aeabi_stdin                      
20008964  __aeabi_stdout                     
20008968  __aeabi_stderr                     
2000896c  __TI_cleanup_ptr                   
20008970  __TI_dtors_ptr                     
20008974  __TI_enable_exit_profile_output    
20008984  _lock                              
20008988  _unlock                            
20008994  errno                              
20008998  SystemCoreClock                    
2000fe00  __stack                            
20010000  __STACK_END                        
4000480c  WDTCTL_SYM                         
ffffffff  __TI_pprof_out_hndl                
ffffffff  __TI_prof_data_size                
ffffffff  __TI_prof_data_start               
ffffffff  __binit__                          
ffffffff  __c_args__                         
ffffffff  binit                              
UNDEFED   __mpu_init                         
UNDEFED   _system_post_cinit                 

[312 symbols]
