******************************************************************************
                  TI ARM Linker PC v20.2.1                     
******************************************************************************
>> Linked Sat Nov 21 16:08:40 2020

OUTPUT FILE NAME:   <HW03.out>
ENTRY POINT SYMBOL: "_c_int00_noargs"  address: 00007cc9


MEMORY CONFIGURATION

         name            origin    length      used     unused   attr    fill
----------------------  --------  ---------  --------  --------  ----  --------
  MAIN                  00000000   00040000  000081cc  00037e34  R  X
  INFO                  00200000   00004000  00000000  00004000  R  X
  SRAM_CODE             01000000   00010000  00008bbe  00007442  RW X
  SRAM_DATA             20000000   00010000  00008bbe  00007442  RW  


SEGMENT ALLOCATION MAP

run origin  load origin   length   init length attrs members
----------  ----------- ---------- ----------- ----- -------
00000000    00000000    000081d0   000081d0    r-x
  00000000    00000000    000000e4   000000e4    r-- .intvecs
  000000e4    000000e4    00007e40   00007e40    r-x .text
  00007f24    00007f24    00000208   00000208    r-- .const
  00008130    00008130    000000a0   000000a0    r-- .cinit
20000000    20000000    000089be   00000000    rw-
  20000000    20000000    00008358   00000000    rw- .bss
  20008358    20008358    00000400   00000000    rw- .sysmem
  20008758    20008758    00000266   00000000    rw- .data
2000fe00    2000fe00    00000200   00000000    rw-
  2000fe00    2000fe00    00000200   00000000    rw- .stack


SECTION ALLOCATION MAP

 output                                  attributes/
section   page    origin      length       input sections
--------  ----  ----------  ----------   ----------------
.intvecs   0    00000000    000000e4     
                  00000000    000000e4     startup_msp432p401r_ccs.obj (.intvecs:retain)

.text      0    000000e4    00007e40     
                  000000e4    000020c4     tasks.obj (.text)
                  000021a8    000010f0     queue.obj (.text)
                  00003298    00000a4e     rtsv7M4_T_le_v4SPD16_eabi.lib : _printfi.c.obj (.text:__TI_printfi)
                  00003ce6    00000002                                   : _lock.c.obj (.text:_nop)
                  00003ce8    000007a4     timers.obj (.text)
                  0000448c    00000518     lcd.obj (.text)
                  000049a4    00000438     port.obj (.text)
                  00004ddc    0000042c     heap_4.obj (.text)
                  00005208    00000354     system_msp432p401r.obj (.text)
                  0000555c    000002dc     task_console.obj (.text)
                  00005838    00000270     rtsv7M4_T_le_v4SPD16_eabi.lib : _printfi.c.obj (.text:_pconv_a)
                  00005aa8    00000258     task_space_ship.obj (.text)
                  00005d00    00000214     task_joystick.obj (.text)
                  00005f14    000001d0     rtsv7M4_T_le_v4SPD16_eabi.lib : _printfi.c.obj (.text:_pconv_g)
                  000060e4    000001b6                                   : fd_add_t2.asm.obj (.text)
                  0000629a    00000002                                   : div0.asm.obj (.text)
                  0000629c    00000160     main.obj (.text)
                  000063fc    0000013c     rtsv7M4_T_le_v4SPD16_eabi.lib : _printfi.c.obj (.text:_pconv_e)
                  00006538    00000136                                   : fd_div_t2.asm.obj (.text)
                  0000666e    0000012a     list.obj (.text)
                  00006798    00000124     rtsv7M4_T_le_v4SPD16_eabi.lib : _printfi.c.obj (.text:fcvt)
                  000068bc    00000114                                   : fputs.c.obj (.text:fputs)
                  000069d0    00000110                                   : s_scalbn.c.obj (.text:scalbn)
                  00006ae0    00000108                                   : memory.c.obj (.text:aligned_alloc)
                  00006be8    000000fc                                   : fd_mul_t2.asm.obj (.text)
                  00006ce4    000000e4                                   : memory.c.obj (.text:free)
                  00006dc8    000000dc                                   : setvbuf.c.obj (.text:setvbuf)
                  00006ea4    000000da     portasm.obj (.text)
                  00006f7e    00000002     --HOLE-- [fill = 0]
                  00006f80    000000b1     rtsv7M4_T_le_v4SPD16_eabi.lib : _printfi.c.obj (.text:_ltostr)
                  00007031    00000001     --HOLE-- [fill = 0]
                  00007032    0000009c                                   : memcpy_t2.asm.obj (.text)
                  000070ce    00000096                                   : ull_div_t2.asm.obj (.text)
                  00007164    00000086                                   : fd_cmp_t2.asm.obj (.text:__aeabi_cdcmple)
                  000071ea    00000086                                   : fd_cmp_t2.asm.obj (.text:__aeabi_cdrcmple)
                  00007270    0000007a                                   : memset_t2.asm.obj (.text)
                  000072ea    00000002     --HOLE-- [fill = 0]
                  000072ec    00000074                                   : fclose.c.obj (.text:__TI_closefile)
                  00007360    00000070                                   : memory.c.obj (.text:split)
                  000073d0    0000006e                                   : _printfi.c.obj (.text:_mcpy)
                  0000743e    00000002     --HOLE-- [fill = 0]
                  00007440    0000006c                                   : hostrename.c.obj (.text:HOSTrename)
                  000074ac    00000068                                   : hostlseek.c.obj (.text:HOSTlseek)
                  00007514    00000068                                   : copy_decompress_lzss.c.obj (.text:decompress:lzss:__TI_decompress_lzss)
                  0000757c    00000068                                   : printf.c.obj (.text:printf)
                  000075e4    00000064                                   : s_frexp.c.obj (.text:frexp)
                  00007648    00000064                                   : fseek.c.obj (.text:fseek)
                  000076ac    00000062                                   : _io_perm.c.obj (.text:__TI_wrt_ok)
                  0000770e    00000002     --HOLE-- [fill = 0]
                  00007710    00000060                                   : hostopen.c.obj (.text:HOSTopen)
                  00007770    0000005c                                   : close.c.obj (.text:close)
                  000077cc    00000058                                   : hostread.c.obj (.text:HOSTread)
                  00007824    00000058                                   : hostwrite.c.obj (.text:HOSTwrite)
                  0000787c    00000056                                   : _printfi.c.obj (.text:_pconv_f)
                  000078d2    00000054                                   : _ltoa.c.obj (.text:__TI_ltoa)
                  00007926    00000052                                   : _printfi.c.obj (.text:_ecpy)
                  00007978    0000004c                                   : fflush.c.obj (.text:__TI_doflush)
                  000079c4    0000004c                                   : atoi.c.obj (.text:atoi)
                  00007a10    00000048                                   : exit.c.obj (.text:exit)
                  00007a58    00000048                                   : fd_toi_t2.asm.obj (.text)
                  00007aa0    00000044                                   : hostclose.c.obj (.text:HOSTclose)
                  00007ae4    00000044                                   : hostunlink.c.obj (.text:HOSTunlink)
                  00007b28    00000044                                   : autoinit.c.obj (.text:__TI_auto_init_nobinit_nopinit:__TI_auto_init_nobinit_nopinit)
                  00007b6c    00000044                                   : getdevice.c.obj (.text:getdevice)
                  00007bb0    0000003e                                   : _printfi.c.obj (.text:_fcpy)
                  00007bee    00000002     --HOLE-- [fill = 0]
                  00007bf0    00000038                                   : trgmsg.c.obj (.text:__TI_writemsg)
                  00007c28    00000036                                   : strncpy.c.obj (.text:strncpy)
                  00007c5e    00000002     --HOLE-- [fill = 0]
                  00007c60    00000034                                   : fopen.c.obj (.text:__TI_cleanup)
                  00007c94    00000034                                   : trgmsg.c.obj (.text:__TI_readmsg)
                  00007cc8    00000034                                   : boot_cortex_m.c.obj (.text:_c_int00_noargs:_c_int00_noargs)
                  00007cfc    00000030                                   : getdevice.c.obj (.text:finddevice)
                  00007d2c    0000002e                                   : i_tofd_t2.asm.obj (.text)
                  00007d5a    00000002     --HOLE-- [fill = 0]
                  00007d5c    0000002c                                   : unlink.c.obj (.text:unlink)
                  00007d88    00000028                                   : memory.c.obj (.text:free_list_insert)
                  00007db0    00000028                                   : lseek.c.obj (.text:lseek)
                  00007dd8    00000028                                   : write.c.obj (.text:write)
                  00007e00    00000020                                   : memchr.c.obj (.text:memchr)
                  00007e20    0000001c                                   : memory.c.obj (.text:free_list_remove)
                  00007e3c    0000001c                                   : memccpy.c.obj (.text:memccpy)
                  00007e58    0000001a                                   : s_copysign.c.obj (.text:copysign)
                  00007e72    00000018                                   : strcmp.c.obj (.text:strcmp)
                  00007e8a    00000016                                   : strchr.c.obj (.text:strchr)
                  00007ea0    00000014                                   : strcpy.c.obj (.text:strcpy)
                  00007eb4    00000014                                   : strlen.c.obj (.text:strlen)
                  00007ec8    00000012                                   : wcslen.c.obj (.text:wcslen)
                  00007eda    0000000e                                   : copy_decompress_none.c.obj (.text:decompress:none:__TI_decompress_none)
                  00007ee8    0000000e     startup_msp432p401r_ccs.obj (.text)
                  00007ef6    0000000c     rtsv7M4_T_le_v4SPD16_eabi.lib : copy_zero_init.c.obj (.text:decompress:ZI:__TI_zero_init)
                  00007f02    00000002     --HOLE-- [fill = 0]
                  00007f04    00000008                                   : errno.c.obj (.text:__aeabi_errno_addr)
                  00007f0c    00000008                                   : memory.c.obj (.text:malloc)
                  00007f14    00000004                                   : printf.c.obj (.text:_outc)
                  00007f18    00000004                                   : printf.c.obj (.text:_outs)
                  00007f1c    00000004                                   : pre_init.c.obj (.text:_system_pre_init)
                  00007f20    00000004                                   : exit.c.obj (.text:abort:abort)

.const     0    00007f24    00000208     
                  00007f24    00000101     rtsv7M4_T_le_v4SPD16_eabi.lib : ctype.c.obj (.const:.string:_ctypes_)
                  00008025    000000fc     space_ship.obj (.const:.string:space_shipBitmaps)
                  00008121    00000002     space_ship.obj (.const)
                  00008123    00000001     --HOLE-- [fill = 0]
                  00008124    00000008     port.obj (.const)

.cinit     0    00008130    000000a0     
                  00008130    0000007b     (.cinit..data.load) [load image, compression = lzss]
                  000081ab    00000001     --HOLE-- [fill = 0]
                  000081ac    0000000c     (__TI_handler_table)
                  000081b8    00000008     (.cinit..bss.load) [load image, compression = zero_init]
                  000081c0    00000010     (__TI_cinit_table)

.init_array 
*          0    00000000    00000000     UNINITIALIZED

.binit     0    00000000    00000000     

.bss       0    20000000    00008358     UNINITIALIZED
                  20000000    00008000     heap_4.obj (.bss:ucHeap)
                  20008000    00000120     rtsv7M4_T_le_v4SPD16_eabi.lib : trgmsg.c.obj (.bss:_CIOBUF_)
                  20008120    000000c8     tasks.obj (.bss:pxReadyTasksLists)
                  200081e8    000000a0     (.common:__TI_tmpnams)
                  20008288    00000014     timers.obj (.bss:xActiveTimerList1)
                  2000829c    00000014     timers.obj (.bss:xActiveTimerList2)
                  200082b0    00000014     tasks.obj (.bss:xDelayedTaskList1)
                  200082c4    00000014     tasks.obj (.bss:xDelayedTaskList2)
                  200082d8    00000014     tasks.obj (.bss:xPendingReadyList)
                  200082ec    00000014     tasks.obj (.bss:xSuspendedTaskList)
                  20008300    00000014     tasks.obj (.bss:xTasksWaitingTermination)
                  20008314    0000000c     (.common:RX_ARRAY)
                  20008320    00000008     tasks.obj (.bss)
                  20008328    00000008     timers.obj (.bss)
                  20008330    00000008     heap_4.obj (.bss:xStart)
                  20008338    00000008     (.common:parmbuf)
                  20008340    00000004     (.common:Queue_Space_Ship)
                  20008344    00000004     (.common:Sem_Console)
                  20008348    00000004     (.common:Task_Console_Handle)
                  2000834c    00000004     (.common:Task_Joystick_Handle)
                  20008350    00000004     (.common:Task_Joystick_Timer_Handle)
                  20008354    00000004     (.common:Task_Space_Ship_Handle)

.sysmem    0    20008358    00000400     UNINITIALIZED
                  20008358    00000010     rtsv7M4_T_le_v4SPD16_eabi.lib : memory.c.obj (.sysmem)
                  20008368    000003f0     --HOLE--

.data      0    20008758    00000266     UNINITIALIZED
                  20008758    000000f0     rtsv7M4_T_le_v4SPD16_eabi.lib : defs.c.obj (.data:_ftable)
                  20008848    00000078                                   : host_device.c.obj (.data:_device)
                  200088c0    00000050                                   : host_device.c.obj (.data:_stream)
                  20008910    00000034     tasks.obj (.data)
                  20008944    00000018     heap_4.obj (.data)
                  2000895c    00000018     port.obj (.data)
                  20008974    00000010     rtsv7M4_T_le_v4SPD16_eabi.lib : defs.c.obj (.data)
                  20008984    0000000c                                   : exit.c.obj (.data:$O1$$)
                  20008990    0000000c     timers.obj (.data)
                  2000899c    00000008     rtsv7M4_T_le_v4SPD16_eabi.lib : _lock.c.obj (.data:$O1$$)
                  200089a4    00000008                                   : memory.c.obj (.data:$O1$$)
                  200089ac    00000008     task_joystick.obj (.data)
                  200089b4    00000004     rtsv7M4_T_le_v4SPD16_eabi.lib : errno.c.obj (.data)
                  200089b8    00000004     system_msp432p401r.obj (.data)
                  200089bc    00000002     task_console.obj (.data)

.stack     0    2000fe00    00000200     UNINITIALIZED
                  2000fe00    00000004     rtsv7M4_T_le_v4SPD16_eabi.lib : boot_cortex_m.c.obj (.stack)
                  2000fe04    000001fc     --HOLE--

__llvm_prf_cnts 
*          0    20000000    00000000     UNINITIALIZED

MODULE SUMMARY

       Module                        code    ro data   rw data
       ------                        ----    -------   -------
    .\
       lcd.obj                       1304    0         0      
       system_msp432p401r.obj        852     0         8      
       task_console.obj              732     0         44     
       task_space_ship.obj           600     0         16     
       task_joystick.obj             532     0         32     
       main.obj                      352     0         0      
       space_ship.obj                0       254       0      
       startup_msp432p401r_ccs.obj   14      228       0      
    +--+-----------------------------+-------+---------+---------+
       Total:                        4386    482       100    
                                                              
    .\FreeRTOS\
       heap_4.obj                    1068    0         65600  
       tasks.obj                     8388    0         720    
       queue.obj                     4336    0         0      
       timers.obj                    1956    0         120    
       list.obj                      298     0         0      
    +--+-----------------------------+-------+---------+---------+
       Total:                        16046   0         66440  
                                                              
    .\FreeRTOS\portable\
       port.obj                      1080    8         48     
       portasm.obj                   218     0         0      
    +--+-----------------------------+-------+---------+---------+
       Total:                        1298    8         48     
                                                              
    C:\ti\ccs1010\ccs\tools\compiler\ti-cgt-arm_20.2.1.LTS\lib\rtsv7M4_T_le_v4SPD16_eabi.lib
       _printfi.c.obj                4851    0         0      
       defs.c.obj                    0       0         832    
       memory.c.obj                  680     0         16     
       trgmsg.c.obj                  108     0         576    
       fd_add_t2.asm.obj             438     0         0      
       host_device.c.obj             0       0         400    
       fd_div_t2.asm.obj             310     0         0      
       fputs.c.obj                   276     0         0      
       s_scalbn.c.obj                272     0         0      
       fd_cmp_t2.asm.obj             268     0         0      
       ctype.c.obj                   0       257       0      
       fd_mul_t2.asm.obj             252     0         0      
       setvbuf.c.obj                 220     0         0      
       memcpy_t2.asm.obj             156     0         0      
       ull_div_t2.asm.obj            150     0         0      
       memset_t2.asm.obj             122     0         0      
       fclose.c.obj                  116     0         0      
       getdevice.c.obj               116     0         0      
       hostopen.c.obj                96      0         16     
       printf.c.obj                  112     0         0      
       hostrename.c.obj              108     0         0      
       copy_decompress_lzss.c.obj    104     0         0      
       hostlseek.c.obj               104     0         0      
       exit.c.obj                    76      0         24     
       fseek.c.obj                   100     0         0      
       s_frexp.c.obj                 100     0         0      
       _io_perm.c.obj                98      0         0      
       close.c.obj                   92      0         0      
       hostread.c.obj                88      0         0      
       hostwrite.c.obj               88      0         0      
       _ltoa.c.obj                   84      0         0      
       atoi.c.obj                    76      0         0      
       fflush.c.obj                  76      0         0      
       fd_toi_t2.asm.obj             72      0         0      
       autoinit.c.obj                68      0         0      
       hostclose.c.obj               68      0         0      
       hostunlink.c.obj              68      0         0      
       strncpy.c.obj                 54      0         0      
       boot_cortex_m.c.obj           52      0         0      
       fopen.c.obj                   52      0         0      
       i_tofd_t2.asm.obj             46      0         0      
       unlink.c.obj                  44      0         0      
       lseek.c.obj                   40      0         0      
       write.c.obj                   40      0         0      
       memchr.c.obj                  32      0         0      
       memccpy.c.obj                 28      0         0      
       s_copysign.c.obj              26      0         0      
       strcmp.c.obj                  24      0         0      
       strchr.c.obj                  22      0         0      
       strcpy.c.obj                  20      0         0      
       strlen.c.obj                  20      0         0      
       _lock.c.obj                   2       0         16     
       wcslen.c.obj                  18      0         0      
       errno.c.obj                   8       0         8      
       copy_decompress_none.c.obj    14      0         0      
       copy_zero_init.c.obj          12      0         0      
       pre_init.c.obj                4       0         0      
       div0.asm.obj                  2       0         0      
    +--+-----------------------------+-------+---------+---------+
       Total:                        10573   257       1888   
                                                              
       Heap:                         0       0         2048   
       Stack:                        0       0         1024   
       Linker Generated:             0       159       0      
    +--+-----------------------------+-------+---------+---------+
       Grand Total:                  32303   906       71548  


LINKER GENERATED COPY TABLES

__TI_cinit_table @ 000081c0 records: 2, size/record: 8, table size: 16
	.data: load addr=00008130, load size=0000007b bytes, run addr=20008758, run size=00000266 bytes, compression=lzss
	.bss: load addr=000081b8, load size=00000008 bytes, run addr=20000000, run size=00008358 bytes, compression=zero_init


LINKER GENERATED HANDLER TABLE

__TI_handler_table @ 000081ac records: 3, size/record: 4, table size: 12
	index: 0, handler: __TI_decompress_lzss
	index: 1, handler: __TI_decompress_none
	index: 2, handler: __TI_zero_init


GLOBAL SYMBOLS: SORTED ALPHABETICALLY BY Name 

address   name                               
-------   ----                               
00005e91  ADC14_IRQHandler                   
00005e91  ADC14_IRQHandler                   
00007ef5  AES256_IRQHandler                  
00007ef5  BusFault_Handler                   
00007f21  C$$EXIT                            
00007c1f  C$$IO$$                            
00007ef5  COMP_E0_IRQHandler                 
00007ef5  COMP_E1_IRQHandler                 
00007ef5  CS_IRQHandler                      
000045e5  Crystalfontz128x128_Init           
00004565  Crystalfontz128x128_SetDrawFrame   
00007ef5  DMA_ERR_IRQHandler                 
00007ef5  DMA_INT0_IRQHandler                
00007ef5  DMA_INT1_IRQHandler                
00007ef5  DMA_INT2_IRQHandler                
00007ef5  DMA_INT3_IRQHandler                
00007ef5  DebugMon_Handler                   
00007ef5  Default_Handler                    
00005665  EUSCIA0_IRQHandler                 
00005665  EUSCIA0_IRQHandler                 
00007ef5  EUSCIA1_IRQHandler                 
00007ef5  EUSCIA2_IRQHandler                 
00007ef5  EUSCIA3_IRQHandler                 
00007ef5  EUSCIB0_IRQHandler                 
00007ef5  EUSCIB1_IRQHandler                 
00007ef5  EUSCIB2_IRQHandler                 
00007ef5  EUSCIB3_IRQHandler                 
00007ef5  FLCTL_IRQHandler                   
00007ef5  FPU_IRQHandler                     
0000448d  HAL_LCD_PortInit                   
000044d5  HAL_LCD_SpiInit                    
00004509  HAL_LCD_writeCommand               
00004541  HAL_LCD_writeData                  
00007aa1  HOSTclose                          
000074ad  HOSTlseek                          
00007711  HOSTopen                           
000077cd  HOSTread                           
00007441  HOSTrename                         
00007ae5  HOSTunlink                         
00007825  HOSTwrite                          
00007ef5  HardFault_Handler                  
200089ac  JOYSTICK_X_DIR                     
200089b0  JOYSTICK_Y_DIR                     
00007ef5  MemManage_Handler                  
00007ef5  NMI_Handler                        
00007ef5  PCM_IRQHandler                     
00007ef5  PORT1_IRQHandler                   
00007ef5  PORT2_IRQHandler                   
00007ef5  PORT3_IRQHandler                   
00007ef5  PORT4_IRQHandler                   
00007ef5  PORT5_IRQHandler                   
00007ef5  PORT6_IRQHandler                   
00007ef5  PSS_IRQHandler                     
00007ef5  PendSV_Handler                     
20008340  Queue_Space_Ship                   
00007ef5  RTC_C_IRQHandler                   
20008314  RX_ARRAY                           
200089bc  RX_INDEX                           
00007ee9  Reset_Handler                      
00007ef5  SVC_Handler                        
20008344  Sem_Console                        
00007ef5  SysTick_Handler                    
200089b8  SystemCoreClock                    
00005209  SystemCoreClockUpdate              
00005481  SystemInit                         
00007ef5  T32_INT1_IRQHandler                
00007ef5  T32_INT2_IRQHandler                
00007ef5  T32_INTC_IRQHandler                
00007ef5  TA0_0_IRQHandler                   
00007ef5  TA0_N_IRQHandler                   
00007ef5  TA1_0_IRQHandler                   
00007ef5  TA1_N_IRQHandler                   
00007ef5  TA2_0_IRQHandler                   
00007ef5  TA2_N_IRQHandler                   
00007ef5  TA3_0_IRQHandler                   
00007ef5  TA3_N_IRQHandler                   
000056e7  Task_Console_Bottom_Half           
20008348  Task_Console_Handle                
00005627  Task_Console_Init                  
00005def  Task_Joystick_Bottom_Half          
2000834c  Task_Joystick_Handle               
00005d6b  Task_Joystick_Init                 
00005dd9  Task_Joystick_Timer                
20008350  Task_Joystick_Timer_Handle         
00005abf  Task_Space_Ship                    
20008354  Task_Space_Ship_Handle             
00005aa9  Task_Space_Ship_Init               
00007ef5  UsageFault_Handler                 
4000480c  WDTCTL_SYM                         
00007ef5  WDT_A_IRQHandler                   
20008000  __CIOBUF_                          
20010000  __STACK_END                        
00000200  __STACK_SIZE                       
00000400  __SYSMEM_SIZE                      
000081c0  __TI_CINIT_Base                    
000081d0  __TI_CINIT_Limit                   
000081ac  __TI_Handler_Table_Base            
000081b8  __TI_Handler_Table_Limit           
00007b29  __TI_auto_init_nobinit_nopinit     
00007c61  __TI_cleanup                       
20008984  __TI_cleanup_ptr                   
000072ed  __TI_closefile                     
00007515  __TI_decompress_lzss               
00007edb  __TI_decompress_none               
00007979  __TI_doflush                       
20008988  __TI_dtors_ptr                     
2000898c  __TI_enable_exit_profile_output    
20008974  __TI_ft_end                        
000078d3  __TI_ltoa                          
ffffffff  __TI_pprof_out_hndl                
00003299  __TI_printfi                       
ffffffff  __TI_prof_data_size                
ffffffff  __TI_prof_data_start               
00007c95  __TI_readmsg                       
00000000  __TI_static_base__                 
200081e8  __TI_tmpnams                       
00007bf1  __TI_writemsg                      
000076ad  __TI_wrt_ok                        
00007ef7  __TI_zero_init                     
00007165  __aeabi_cdcmpeq                    
00007165  __aeabi_cdcmple                    
000071eb  __aeabi_cdrcmple                   
00007a59  __aeabi_d2iz                       
000060ef  __aeabi_dadd                       
00006539  __aeabi_ddiv                       
00006be9  __aeabi_dmul                       
000060e5  __aeabi_dsub                       
00007f05  __aeabi_errno_addr                 
00007d2d  __aeabi_i2d                        
0000629b  __aeabi_idiv0                      
0000629b  __aeabi_ldiv0                      
00007271  __aeabi_memclr                     
00007271  __aeabi_memclr4                    
00007271  __aeabi_memclr8                    
00007033  __aeabi_memcpy                     
00007033  __aeabi_memcpy4                    
00007033  __aeabi_memcpy8                    
00007273  __aeabi_memset                     
00007273  __aeabi_memset4                    
00007273  __aeabi_memset8                    
20008980  __aeabi_stderr                     
20008978  __aeabi_stdin                      
2000897c  __aeabi_stdout                     
000070cf  __aeabi_uldivmod                   
ffffffff  __binit__                          
ffffffff  __c_args__                         
UNDEFED   __mpu_init                         
2000fe00  __stack                            
20000000  __start___llvm_prf_cnts            
20000000  __stop___llvm_prf_cnts             
00007cc9  _c_int00_noargs                    
00007f24  _ctypes_                           
20008848  _device                            
20008758  _ftable                            
2000899c  _lock                              
00003ce7  _nop                               
200088c0  _stream                            
20008358  _sys_memory                        
UNDEFED   _system_post_cinit                 
00007f1d  _system_pre_init                   
200089a0  _unlock                            
00007f21  abort                              
00006ae1  aligned_alloc                      
000079c5  atoi                               
ffffffff  binit                              
00007771  close                              
00007e59  copysign                           
00007e59  copysignl                          
000013fd  eTaskConfirmSleepModeStatus        
00000539  eTaskGetState                      
200089b4  errno                              
00007a11  exit                               
00007cfd  finddevice                         
00005647  fputc                              
000068bd  fputs                              
00006ce5  free                               
000075e5  frexp                              
000075e5  frexpl                             
00007649  fseek                              
00007b6d  getdevice                          
00000000  interruptVectors                   
00004825  lcd_draw_image                     
00004707  lcd_draw_rectangle                 
000069d1  ldexp                              
000069d1  ldexpl                             
00007db1  lseek                              
0000629d  main                               
00007f0d  malloc                             
00006ae1  memalign                           
00007e3d  memccpy                            
00007e01  memchr                             
00007033  memcpy                             
00007279  memset                             
20008338  parmbuf                            
00000bd5  pcTaskGetName                      
00003f43  pcTimerGetName                     
0000757d  printf                             
00004ddd  pvPortMalloc                       
000014a1  pvTaskGetThreadLocalStoragePointer 
00001a55  pvTaskIncrementMutexHeldCount      
000043fd  pvTimerGetTimerID                  
20008910  pxCurrentTCB                       
000049a5  pxPortInitialiseStack              
00007d5d  remove                             
000069d1  scalbn                             
000069d1  scalbnl                            
00006dc9  setvbuf                            
00008025  space_shipBitmaps                  
00008122  space_shipHeightPixels             
00008121  space_shipWidthPixels              
00007e8b  strchr                             
00007e73  strcmp                             
00007ea1  strcpy                             
00007eb5  strlen                             
00007c29  strncpy                            
00002faf  ucQueueGetQueueType                
00008124  ulMaxSyscallInterruptPriority      
00006eb5  ulPortGetIPSR                      
00001a75  ulTaskGenericNotifyTake            
000020a3  ulTaskGenericNotifyValueClear      
00007d5d  unlink                             
00006751  uxListRemove                       
00002f8f  uxQueueGetQueueNumber              
00002edd  uxQueueMessagesWaiting             
00002f41  uxQueueMessagesWaitingFromISR      
00002f0d  uxQueueSpacesAvailable             
00000bcf  uxTaskGetNumberOfTasks             
00000c1d  uxTaskGetSystemState               
00001361  uxTaskGetTaskNumber                
00000611  uxTaskPriorityGet                  
00000639  uxTaskPriorityGetFromISR           
00001a33  uxTaskResetEventItemValue          
00003edd  uxTimerGetReloadMode               
00004459  uxTimerGetTimerNumber              
00006331  vApplicationMallocFailedHook       
00006333  vApplicationStackOverflowHook      
0000666f  vListInitialise                    
0000669f  vListInitialiseItem                
000066eb  vListInsert                        
000066af  vListInsertEnd                     
00006f71  vPortEnableVFP                     
00004ae9  vPortEndScheduler                  
00004b0d  vPortEnterCritical                 
00004b4f  vPortExitCritical                  
00004f47  vPortFree                          
00005149  vPortGetHeapStats                  
00004fed  vPortInitialiseBlocks              
00006f2d  vPortSVCHandler                    
00004d01  vPortSetupTimerInterrupt           
00006f4d  vPortStartFirstTask                
00004ba9  vPortSuppressTicksAndSleep         
00004d49  vPortValidateInterruptPriority     
00002f6b  vQueueDelete                       
00002f9d  vQueueSetQueueNumber               
0000323d  vQueueWaitForMessageRestricted     
000004d1  vTaskDelay                         
000003ed  vTaskDelayUntil                    
00000323  vTaskDelete                        
00000a25  vTaskEndScheduler                  
00001f35  vTaskGenericNotifyGiveFromISR      
00001575  vTaskGetInfo                       
0000128d  vTaskInternalSetTimeOutState       
00001359  vTaskMissedYield                   
00001059  vTaskPlaceOnEventList              
000010f5  vTaskPlaceOnEventListRestricted    
0000108d  vTaskPlaceOnUnorderedEventList     
00001939  vTaskPriorityDisinheritAfterTimeout
0000067d  vTaskPrioritySet                   
000011c5  vTaskRemoveFromUnorderedEventList  
00000915  vTaskResume                        
00000eb1  vTaskSetApplicationTaskTag         
00001381  vTaskSetTaskNumber                 
00001459  vTaskSetThreadLocalStoragePointer  
0000125b  vTaskSetTimeOutState               
000009a9  vTaskStartScheduler                
00000cf9  vTaskStepTick                      
000007b1  vTaskSuspend                       
00000a41  vTaskSuspendAll                    
00000f89  vTaskSwitchContext                 
00003e93  vTimerSetReloadMode                
0000442b  vTimerSetTimerID                   
00004467  vTimerSetTimerNumber               
00007ec9  wcslen                             
00007dd9  write                              
00004fe1  xPortGetFreeHeapSize               
00004fe7  xPortGetMinimumEverFreeHeapSize    
00006ecd  xPortPendSVHandler                 
00004a31  xPortStartScheduler                
00004b7b  xPortSysTickHandler                
00002427  xQueueCreateCountingSemaphore      
00002353  xQueueCreateMutex                  
0000225d  xQueueGenericCreate                
000021a9  xQueueGenericReset                 
00002485  xQueueGenericSend                  
00002639  xQueueGenericSendFromISR           
00002765  xQueueGiveFromISR                  
0000237f  xQueueGiveMutexRecursive           
000031a9  xQueueIsQueueEmptyFromISR          
00003203  xQueueIsQueueFullFromISR           
00002bbd  xQueuePeek                         
00002e31  xQueuePeekFromISR                  
00002873  xQueueReceive                      
00002d3b  xQueueReceiveFromISR               
000029eb  xQueueSemaphoreTake                
000023cf  xQueueTakeMutexRecursive           
00000f49  xTaskCallApplicationTaskHook       
00000d33  xTaskCatchUpTicks                  
000012a7  xTaskCheckForTimeOut               
000000e5  xTaskCreate                        
00001c11  xTaskGenericNotify                 
00001d87  xTaskGenericNotifyFromISR          
0000203f  xTaskGenericNotifyStateClear       
00001b2d  xTaskGenericNotifyWait             
00000ed7  xTaskGetApplicationTaskTag         
00000f05  xTaskGetApplicationTaskTagFromISR  
0000174b  xTaskGetCurrentTaskHandle          
0000175b  xTaskGetSchedulerState             
00000bab  xTaskGetTickCount                  
00000bbb  xTaskGetTickCountFromISR           
00000d85  xTaskIncrementTick                 
0000186d  xTaskPriorityDisinherit            
000017a5  xTaskPriorityInherit               
00001135  xTaskRemoveFromEventList           
00000aa9  xTaskResumeAll                     
00003d29  xTimerCreate                       
00003ce9  xTimerCreateTimerTask              
00003dcb  xTimerGenericCommand               
00003f19  xTimerGetExpiryTime                
00003e6d  xTimerGetPeriod                    
00003e4b  xTimerGetTimerDaemonTaskHandle     
000043c1  xTimerIsTimerActive                


GLOBAL SYMBOLS: SORTED BY Symbol Address 

address   name                               
-------   ----                               
00000000  __TI_static_base__                 
00000000  interruptVectors                   
000000e5  xTaskCreate                        
00000200  __STACK_SIZE                       
00000323  vTaskDelete                        
000003ed  vTaskDelayUntil                    
00000400  __SYSMEM_SIZE                      
000004d1  vTaskDelay                         
00000539  eTaskGetState                      
00000611  uxTaskPriorityGet                  
00000639  uxTaskPriorityGetFromISR           
0000067d  vTaskPrioritySet                   
000007b1  vTaskSuspend                       
00000915  vTaskResume                        
000009a9  vTaskStartScheduler                
00000a25  vTaskEndScheduler                  
00000a41  vTaskSuspendAll                    
00000aa9  xTaskResumeAll                     
00000bab  xTaskGetTickCount                  
00000bbb  xTaskGetTickCountFromISR           
00000bcf  uxTaskGetNumberOfTasks             
00000bd5  pcTaskGetName                      
00000c1d  uxTaskGetSystemState               
00000cf9  vTaskStepTick                      
00000d33  xTaskCatchUpTicks                  
00000d85  xTaskIncrementTick                 
00000eb1  vTaskSetApplicationTaskTag         
00000ed7  xTaskGetApplicationTaskTag         
00000f05  xTaskGetApplicationTaskTagFromISR  
00000f49  xTaskCallApplicationTaskHook       
00000f89  vTaskSwitchContext                 
00001059  vTaskPlaceOnEventList              
0000108d  vTaskPlaceOnUnorderedEventList     
000010f5  vTaskPlaceOnEventListRestricted    
00001135  xTaskRemoveFromEventList           
000011c5  vTaskRemoveFromUnorderedEventList  
0000125b  vTaskSetTimeOutState               
0000128d  vTaskInternalSetTimeOutState       
000012a7  xTaskCheckForTimeOut               
00001359  vTaskMissedYield                   
00001361  uxTaskGetTaskNumber                
00001381  vTaskSetTaskNumber                 
000013fd  eTaskConfirmSleepModeStatus        
00001459  vTaskSetThreadLocalStoragePointer  
000014a1  pvTaskGetThreadLocalStoragePointer 
00001575  vTaskGetInfo                       
0000174b  xTaskGetCurrentTaskHandle          
0000175b  xTaskGetSchedulerState             
000017a5  xTaskPriorityInherit               
0000186d  xTaskPriorityDisinherit            
00001939  vTaskPriorityDisinheritAfterTimeout
00001a33  uxTaskResetEventItemValue          
00001a55  pvTaskIncrementMutexHeldCount      
00001a75  ulTaskGenericNotifyTake            
00001b2d  xTaskGenericNotifyWait             
00001c11  xTaskGenericNotify                 
00001d87  xTaskGenericNotifyFromISR          
00001f35  vTaskGenericNotifyGiveFromISR      
0000203f  xTaskGenericNotifyStateClear       
000020a3  ulTaskGenericNotifyValueClear      
000021a9  xQueueGenericReset                 
0000225d  xQueueGenericCreate                
00002353  xQueueCreateMutex                  
0000237f  xQueueGiveMutexRecursive           
000023cf  xQueueTakeMutexRecursive           
00002427  xQueueCreateCountingSemaphore      
00002485  xQueueGenericSend                  
00002639  xQueueGenericSendFromISR           
00002765  xQueueGiveFromISR                  
00002873  xQueueReceive                      
000029eb  xQueueSemaphoreTake                
00002bbd  xQueuePeek                         
00002d3b  xQueueReceiveFromISR               
00002e31  xQueuePeekFromISR                  
00002edd  uxQueueMessagesWaiting             
00002f0d  uxQueueSpacesAvailable             
00002f41  uxQueueMessagesWaitingFromISR      
00002f6b  vQueueDelete                       
00002f8f  uxQueueGetQueueNumber              
00002f9d  vQueueSetQueueNumber               
00002faf  ucQueueGetQueueType                
000031a9  xQueueIsQueueEmptyFromISR          
00003203  xQueueIsQueueFullFromISR           
0000323d  vQueueWaitForMessageRestricted     
00003299  __TI_printfi                       
00003ce7  _nop                               
00003ce9  xTimerCreateTimerTask              
00003d29  xTimerCreate                       
00003dcb  xTimerGenericCommand               
00003e4b  xTimerGetTimerDaemonTaskHandle     
00003e6d  xTimerGetPeriod                    
00003e93  vTimerSetReloadMode                
00003edd  uxTimerGetReloadMode               
00003f19  xTimerGetExpiryTime                
00003f43  pcTimerGetName                     
000043c1  xTimerIsTimerActive                
000043fd  pvTimerGetTimerID                  
0000442b  vTimerSetTimerID                   
00004459  uxTimerGetTimerNumber              
00004467  vTimerSetTimerNumber               
0000448d  HAL_LCD_PortInit                   
000044d5  HAL_LCD_SpiInit                    
00004509  HAL_LCD_writeCommand               
00004541  HAL_LCD_writeData                  
00004565  Crystalfontz128x128_SetDrawFrame   
000045e5  Crystalfontz128x128_Init           
00004707  lcd_draw_rectangle                 
00004825  lcd_draw_image                     
000049a5  pxPortInitialiseStack              
00004a31  xPortStartScheduler                
00004ae9  vPortEndScheduler                  
00004b0d  vPortEnterCritical                 
00004b4f  vPortExitCritical                  
00004b7b  xPortSysTickHandler                
00004ba9  vPortSuppressTicksAndSleep         
00004d01  vPortSetupTimerInterrupt           
00004d49  vPortValidateInterruptPriority     
00004ddd  pvPortMalloc                       
00004f47  vPortFree                          
00004fe1  xPortGetFreeHeapSize               
00004fe7  xPortGetMinimumEverFreeHeapSize    
00004fed  vPortInitialiseBlocks              
00005149  vPortGetHeapStats                  
00005209  SystemCoreClockUpdate              
00005481  SystemInit                         
00005627  Task_Console_Init                  
00005647  fputc                              
00005665  EUSCIA0_IRQHandler                 
00005665  EUSCIA0_IRQHandler                 
000056e7  Task_Console_Bottom_Half           
00005aa9  Task_Space_Ship_Init               
00005abf  Task_Space_Ship                    
00005d6b  Task_Joystick_Init                 
00005dd9  Task_Joystick_Timer                
00005def  Task_Joystick_Bottom_Half          
00005e91  ADC14_IRQHandler                   
00005e91  ADC14_IRQHandler                   
000060e5  __aeabi_dsub                       
000060ef  __aeabi_dadd                       
0000629b  __aeabi_idiv0                      
0000629b  __aeabi_ldiv0                      
0000629d  main                               
00006331  vApplicationMallocFailedHook       
00006333  vApplicationStackOverflowHook      
00006539  __aeabi_ddiv                       
0000666f  vListInitialise                    
0000669f  vListInitialiseItem                
000066af  vListInsertEnd                     
000066eb  vListInsert                        
00006751  uxListRemove                       
000068bd  fputs                              
000069d1  ldexp                              
000069d1  ldexpl                             
000069d1  scalbn                             
000069d1  scalbnl                            
00006ae1  aligned_alloc                      
00006ae1  memalign                           
00006be9  __aeabi_dmul                       
00006ce5  free                               
00006dc9  setvbuf                            
00006eb5  ulPortGetIPSR                      
00006ecd  xPortPendSVHandler                 
00006f2d  vPortSVCHandler                    
00006f4d  vPortStartFirstTask                
00006f71  vPortEnableVFP                     
00007033  __aeabi_memcpy                     
00007033  __aeabi_memcpy4                    
00007033  __aeabi_memcpy8                    
00007033  memcpy                             
000070cf  __aeabi_uldivmod                   
00007165  __aeabi_cdcmpeq                    
00007165  __aeabi_cdcmple                    
000071eb  __aeabi_cdrcmple                   
00007271  __aeabi_memclr                     
00007271  __aeabi_memclr4                    
00007271  __aeabi_memclr8                    
00007273  __aeabi_memset                     
00007273  __aeabi_memset4                    
00007273  __aeabi_memset8                    
00007279  memset                             
000072ed  __TI_closefile                     
00007441  HOSTrename                         
000074ad  HOSTlseek                          
00007515  __TI_decompress_lzss               
0000757d  printf                             
000075e5  frexp                              
000075e5  frexpl                             
00007649  fseek                              
000076ad  __TI_wrt_ok                        
00007711  HOSTopen                           
00007771  close                              
000077cd  HOSTread                           
00007825  HOSTwrite                          
000078d3  __TI_ltoa                          
00007979  __TI_doflush                       
000079c5  atoi                               
00007a11  exit                               
00007a59  __aeabi_d2iz                       
00007aa1  HOSTclose                          
00007ae5  HOSTunlink                         
00007b29  __TI_auto_init_nobinit_nopinit     
00007b6d  getdevice                          
00007bf1  __TI_writemsg                      
00007c1f  C$$IO$$                            
00007c29  strncpy                            
00007c61  __TI_cleanup                       
00007c95  __TI_readmsg                       
00007cc9  _c_int00_noargs                    
00007cfd  finddevice                         
00007d2d  __aeabi_i2d                        
00007d5d  remove                             
00007d5d  unlink                             
00007db1  lseek                              
00007dd9  write                              
00007e01  memchr                             
00007e3d  memccpy                            
00007e59  copysign                           
00007e59  copysignl                          
00007e73  strcmp                             
00007e8b  strchr                             
00007ea1  strcpy                             
00007eb5  strlen                             
00007ec9  wcslen                             
00007edb  __TI_decompress_none               
00007ee9  Reset_Handler                      
00007ef5  AES256_IRQHandler                  
00007ef5  BusFault_Handler                   
00007ef5  COMP_E0_IRQHandler                 
00007ef5  COMP_E1_IRQHandler                 
00007ef5  CS_IRQHandler                      
00007ef5  DMA_ERR_IRQHandler                 
00007ef5  DMA_INT0_IRQHandler                
00007ef5  DMA_INT1_IRQHandler                
00007ef5  DMA_INT2_IRQHandler                
00007ef5  DMA_INT3_IRQHandler                
00007ef5  DebugMon_Handler                   
00007ef5  Default_Handler                    
00007ef5  EUSCIA1_IRQHandler                 
00007ef5  EUSCIA2_IRQHandler                 
00007ef5  EUSCIA3_IRQHandler                 
00007ef5  EUSCIB0_IRQHandler                 
00007ef5  EUSCIB1_IRQHandler                 
00007ef5  EUSCIB2_IRQHandler                 
00007ef5  EUSCIB3_IRQHandler                 
00007ef5  FLCTL_IRQHandler                   
00007ef5  FPU_IRQHandler                     
00007ef5  HardFault_Handler                  
00007ef5  MemManage_Handler                  
00007ef5  NMI_Handler                        
00007ef5  PCM_IRQHandler                     
00007ef5  PORT1_IRQHandler                   
00007ef5  PORT2_IRQHandler                   
00007ef5  PORT3_IRQHandler                   
00007ef5  PORT4_IRQHandler                   
00007ef5  PORT5_IRQHandler                   
00007ef5  PORT6_IRQHandler                   
00007ef5  PSS_IRQHandler                     
00007ef5  PendSV_Handler                     
00007ef5  RTC_C_IRQHandler                   
00007ef5  SVC_Handler                        
00007ef5  SysTick_Handler                    
00007ef5  T32_INT1_IRQHandler                
00007ef5  T32_INT2_IRQHandler                
00007ef5  T32_INTC_IRQHandler                
00007ef5  TA0_0_IRQHandler                   
00007ef5  TA0_N_IRQHandler                   
00007ef5  TA1_0_IRQHandler                   
00007ef5  TA1_N_IRQHandler                   
00007ef5  TA2_0_IRQHandler                   
00007ef5  TA2_N_IRQHandler                   
00007ef5  TA3_0_IRQHandler                   
00007ef5  TA3_N_IRQHandler                   
00007ef5  UsageFault_Handler                 
00007ef5  WDT_A_IRQHandler                   
00007ef7  __TI_zero_init                     
00007f05  __aeabi_errno_addr                 
00007f0d  malloc                             
00007f1d  _system_pre_init                   
00007f21  C$$EXIT                            
00007f21  abort                              
00007f24  _ctypes_                           
00008025  space_shipBitmaps                  
00008121  space_shipWidthPixels              
00008122  space_shipHeightPixels             
00008124  ulMaxSyscallInterruptPriority      
000081ac  __TI_Handler_Table_Base            
000081b8  __TI_Handler_Table_Limit           
000081c0  __TI_CINIT_Base                    
000081d0  __TI_CINIT_Limit                   
20000000  __start___llvm_prf_cnts            
20000000  __stop___llvm_prf_cnts             
20008000  __CIOBUF_                          
200081e8  __TI_tmpnams                       
20008314  RX_ARRAY                           
20008338  parmbuf                            
20008340  Queue_Space_Ship                   
20008344  Sem_Console                        
20008348  Task_Console_Handle                
2000834c  Task_Joystick_Handle               
20008350  Task_Joystick_Timer_Handle         
20008354  Task_Space_Ship_Handle             
20008358  _sys_memory                        
20008758  _ftable                            
20008848  _device                            
200088c0  _stream                            
20008910  pxCurrentTCB                       
20008974  __TI_ft_end                        
20008978  __aeabi_stdin                      
2000897c  __aeabi_stdout                     
20008980  __aeabi_stderr                     
20008984  __TI_cleanup_ptr                   
20008988  __TI_dtors_ptr                     
2000898c  __TI_enable_exit_profile_output    
2000899c  _lock                              
200089a0  _unlock                            
200089ac  JOYSTICK_X_DIR                     
200089b0  JOYSTICK_Y_DIR                     
200089b4  errno                              
200089b8  SystemCoreClock                    
200089bc  RX_INDEX                           
2000fe00  __stack                            
20010000  __STACK_END                        
4000480c  WDTCTL_SYM                         
ffffffff  __TI_pprof_out_hndl                
ffffffff  __TI_prof_data_size                
ffffffff  __TI_prof_data_start               
ffffffff  __binit__                          
ffffffff  __c_args__                         
ffffffff  binit                              
UNDEFED   __mpu_init                         
UNDEFED   _system_post_cinit                 

[331 symbols]
