<?xml version="1.0" encoding="ISO-8859-1" ?>
<link_info>
   <banner>TI ARM Linker PC v20.2.1.LTS</banner>
   <copyright>Copyright (c) 1996-2018 Texas Instruments Incorporated</copyright>
   <link_time>0x5fb98fe8</link_time>
   <link_errors>0x0</link_errors>
   <output_file>HW03.out</output_file>
   <entry_point>
      <name>_c_int00_noargs</name>
      <address>0x7cc9</address>
   </entry_point>
   <input_file_list>
      <input_file id="fl-2">
         <path>.\</path>
         <kind>object</kind>
         <file>lcd.obj</file>
         <name>lcd.obj</name>
      </input_file>
      <input_file id="fl-3">
         <path>.\</path>
         <kind>object</kind>
         <file>main.obj</file>
         <name>main.obj</name>
      </input_file>
      <input_file id="fl-4">
         <path>.\</path>
         <kind>object</kind>
         <file>space_ship.obj</file>
         <name>space_ship.obj</name>
      </input_file>
      <input_file id="fl-5">
         <path>.\</path>
         <kind>object</kind>
         <file>startup_msp432p401r_ccs.obj</file>
         <name>startup_msp432p401r_ccs.obj</name>
      </input_file>
      <input_file id="fl-6">
         <path>.\</path>
         <kind>object</kind>
         <file>system_msp432p401r.obj</file>
         <name>system_msp432p401r.obj</name>
      </input_file>
      <input_file id="fl-7">
         <path>.\</path>
         <kind>object</kind>
         <file>task_console.obj</file>
         <name>task_console.obj</name>
      </input_file>
      <input_file id="fl-8">
         <path>.\</path>
         <kind>object</kind>
         <file>task_joystick.obj</file>
         <name>task_joystick.obj</name>
      </input_file>
      <input_file id="fl-9">
         <path>.\</path>
         <kind>object</kind>
         <file>task_space_ship.obj</file>
         <name>task_space_ship.obj</name>
      </input_file>
      <input_file id="fl-a">
         <path>.\FreeRTOS\</path>
         <kind>object</kind>
         <file>croutine.obj</file>
         <name>croutine.obj</name>
      </input_file>
      <input_file id="fl-b">
         <path>.\FreeRTOS\</path>
         <kind>object</kind>
         <file>event_groups.obj</file>
         <name>event_groups.obj</name>
      </input_file>
      <input_file id="fl-c">
         <path>.\FreeRTOS\</path>
         <kind>object</kind>
         <file>heap_4.obj</file>
         <name>heap_4.obj</name>
      </input_file>
      <input_file id="fl-d">
         <path>.\FreeRTOS\</path>
         <kind>object</kind>
         <file>list.obj</file>
         <name>list.obj</name>
      </input_file>
      <input_file id="fl-e">
         <path>.\FreeRTOS\</path>
         <kind>object</kind>
         <file>queue.obj</file>
         <name>queue.obj</name>
      </input_file>
      <input_file id="fl-f">
         <path>.\FreeRTOS\</path>
         <kind>object</kind>
         <file>stream_buffer.obj</file>
         <name>stream_buffer.obj</name>
      </input_file>
      <input_file id="fl-10">
         <path>.\FreeRTOS\</path>
         <kind>object</kind>
         <file>tasks.obj</file>
         <name>tasks.obj</name>
      </input_file>
      <input_file id="fl-11">
         <path>.\FreeRTOS\</path>
         <kind>object</kind>
         <file>timers.obj</file>
         <name>timers.obj</name>
      </input_file>
      <input_file id="fl-12">
         <path>.\FreeRTOS\portable\</path>
         <kind>object</kind>
         <file>port.obj</file>
         <name>port.obj</name>
      </input_file>
      <input_file id="fl-13">
         <path>.\FreeRTOS\portable\</path>
         <kind>object</kind>
         <file>portasm.obj</file>
         <name>portasm.obj</name>
      </input_file>
      <input_file id="fl-17">
         <kind>object</kind>
         <file>&lt;internal&gt;</file>
         <name>&lt;internal&gt;</name>
      </input_file>
      <input_file id="fl-cd">
         <path>C:\ti\ccs1010\ccs\tools\compiler\ti-cgt-arm_20.2.1.LTS\lib\</path>
         <kind>archive</kind>
         <file>rtsv7M4_T_le_v4SPD16_eabi.lib</file>
         <name>printf.c.obj</name>
      </input_file>
      <input_file id="fl-ce">
         <path>C:\ti\ccs1010\ccs\tools\compiler\ti-cgt-arm_20.2.1.LTS\lib\</path>
         <kind>archive</kind>
         <file>rtsv7M4_T_le_v4SPD16_eabi.lib</file>
         <name>_printfi.c.obj</name>
      </input_file>
      <input_file id="fl-cf">
         <path>C:\ti\ccs1010\ccs\tools\compiler\ti-cgt-arm_20.2.1.LTS\lib\</path>
         <kind>archive</kind>
         <file>rtsv7M4_T_le_v4SPD16_eabi.lib</file>
         <name>fputs.c.obj</name>
      </input_file>
      <input_file id="fl-d0">
         <path>C:\ti\ccs1010\ccs\tools\compiler\ti-cgt-arm_20.2.1.LTS\lib\</path>
         <kind>archive</kind>
         <file>rtsv7M4_T_le_v4SPD16_eabi.lib</file>
         <name>_io_perm.c.obj</name>
      </input_file>
      <input_file id="fl-d1">
         <path>C:\ti\ccs1010\ccs\tools\compiler\ti-cgt-arm_20.2.1.LTS\lib\</path>
         <kind>archive</kind>
         <file>rtsv7M4_T_le_v4SPD16_eabi.lib</file>
         <name>setvbuf.c.obj</name>
      </input_file>
      <input_file id="fl-d2">
         <path>C:\ti\ccs1010\ccs\tools\compiler\ti-cgt-arm_20.2.1.LTS\lib\</path>
         <kind>archive</kind>
         <file>rtsv7M4_T_le_v4SPD16_eabi.lib</file>
         <name>memset_t2.asm.obj</name>
      </input_file>
      <input_file id="fl-d3">
         <path>C:\ti\ccs1010\ccs\tools\compiler\ti-cgt-arm_20.2.1.LTS\lib\</path>
         <kind>archive</kind>
         <file>rtsv7M4_T_le_v4SPD16_eabi.lib</file>
         <name>fd_add_t2.asm.obj</name>
      </input_file>
      <input_file id="fl-d4">
         <path>C:\ti\ccs1010\ccs\tools\compiler\ti-cgt-arm_20.2.1.LTS\lib\</path>
         <kind>archive</kind>
         <file>rtsv7M4_T_le_v4SPD16_eabi.lib</file>
         <name>fd_cmp_t2.asm.obj</name>
      </input_file>
      <input_file id="fl-d5">
         <path>C:\ti\ccs1010\ccs\tools\compiler\ti-cgt-arm_20.2.1.LTS\lib\</path>
         <kind>archive</kind>
         <file>rtsv7M4_T_le_v4SPD16_eabi.lib</file>
         <name>fd_div_t2.asm.obj</name>
      </input_file>
      <input_file id="fl-d6">
         <path>C:\ti\ccs1010\ccs\tools\compiler\ti-cgt-arm_20.2.1.LTS\lib\</path>
         <kind>archive</kind>
         <file>rtsv7M4_T_le_v4SPD16_eabi.lib</file>
         <name>fd_mul_t2.asm.obj</name>
      </input_file>
      <input_file id="fl-d7">
         <path>C:\ti\ccs1010\ccs\tools\compiler\ti-cgt-arm_20.2.1.LTS\lib\</path>
         <kind>archive</kind>
         <file>rtsv7M4_T_le_v4SPD16_eabi.lib</file>
         <name>fd_toi_t2.asm.obj</name>
      </input_file>
      <input_file id="fl-d8">
         <path>C:\ti\ccs1010\ccs\tools\compiler\ti-cgt-arm_20.2.1.LTS\lib\</path>
         <kind>archive</kind>
         <file>rtsv7M4_T_le_v4SPD16_eabi.lib</file>
         <name>i_tofd_t2.asm.obj</name>
      </input_file>
      <input_file id="fl-d9">
         <path>C:\ti\ccs1010\ccs\tools\compiler\ti-cgt-arm_20.2.1.LTS\lib\</path>
         <kind>archive</kind>
         <file>rtsv7M4_T_le_v4SPD16_eabi.lib</file>
         <name>memcpy_t2.asm.obj</name>
      </input_file>
      <input_file id="fl-da">
         <path>C:\ti\ccs1010\ccs\tools\compiler\ti-cgt-arm_20.2.1.LTS\lib\</path>
         <kind>archive</kind>
         <file>rtsv7M4_T_le_v4SPD16_eabi.lib</file>
         <name>ull_div_t2.asm.obj</name>
      </input_file>
      <input_file id="fl-db">
         <path>C:\ti\ccs1010\ccs\tools\compiler\ti-cgt-arm_20.2.1.LTS\lib\</path>
         <kind>archive</kind>
         <file>rtsv7M4_T_le_v4SPD16_eabi.lib</file>
         <name>copy_zero_init.c.obj</name>
      </input_file>
      <input_file id="fl-dc">
         <path>C:\ti\ccs1010\ccs\tools\compiler\ti-cgt-arm_20.2.1.LTS\lib\</path>
         <kind>archive</kind>
         <file>rtsv7M4_T_le_v4SPD16_eabi.lib</file>
         <name>copy_decompress_none.c.obj</name>
      </input_file>
      <input_file id="fl-dd">
         <path>C:\ti\ccs1010\ccs\tools\compiler\ti-cgt-arm_20.2.1.LTS\lib\</path>
         <kind>archive</kind>
         <file>rtsv7M4_T_le_v4SPD16_eabi.lib</file>
         <name>copy_decompress_lzss.c.obj</name>
      </input_file>
      <input_file id="fl-de">
         <path>C:\ti\ccs1010\ccs\tools\compiler\ti-cgt-arm_20.2.1.LTS\lib\</path>
         <kind>archive</kind>
         <file>rtsv7M4_T_le_v4SPD16_eabi.lib</file>
         <name>exit.c.obj</name>
      </input_file>
      <input_file id="fl-df">
         <path>C:\ti\ccs1010\ccs\tools\compiler\ti-cgt-arm_20.2.1.LTS\lib\</path>
         <kind>archive</kind>
         <file>rtsv7M4_T_le_v4SPD16_eabi.lib</file>
         <name>_lock.c.obj</name>
      </input_file>
      <input_file id="fl-e0">
         <path>C:\ti\ccs1010\ccs\tools\compiler\ti-cgt-arm_20.2.1.LTS\lib\</path>
         <kind>archive</kind>
         <file>rtsv7M4_T_le_v4SPD16_eabi.lib</file>
         <name>_ltoa.c.obj</name>
      </input_file>
      <input_file id="fl-e1">
         <path>C:\ti\ccs1010\ccs\tools\compiler\ti-cgt-arm_20.2.1.LTS\lib\</path>
         <kind>archive</kind>
         <file>rtsv7M4_T_le_v4SPD16_eabi.lib</file>
         <name>atoi.c.obj</name>
      </input_file>
      <input_file id="fl-e2">
         <path>C:\ti\ccs1010\ccs\tools\compiler\ti-cgt-arm_20.2.1.LTS\lib\</path>
         <kind>archive</kind>
         <file>rtsv7M4_T_le_v4SPD16_eabi.lib</file>
         <name>ctype.c.obj</name>
      </input_file>
      <input_file id="fl-e3">
         <path>C:\ti\ccs1010\ccs\tools\compiler\ti-cgt-arm_20.2.1.LTS\lib\</path>
         <kind>archive</kind>
         <file>rtsv7M4_T_le_v4SPD16_eabi.lib</file>
         <name>defs.c.obj</name>
      </input_file>
      <input_file id="fl-e4">
         <path>C:\ti\ccs1010\ccs\tools\compiler\ti-cgt-arm_20.2.1.LTS\lib\</path>
         <kind>archive</kind>
         <file>rtsv7M4_T_le_v4SPD16_eabi.lib</file>
         <name>memccpy.c.obj</name>
      </input_file>
      <input_file id="fl-e5">
         <path>C:\ti\ccs1010\ccs\tools\compiler\ti-cgt-arm_20.2.1.LTS\lib\</path>
         <kind>archive</kind>
         <file>rtsv7M4_T_le_v4SPD16_eabi.lib</file>
         <name>memchr.c.obj</name>
      </input_file>
      <input_file id="fl-e6">
         <path>C:\ti\ccs1010\ccs\tools\compiler\ti-cgt-arm_20.2.1.LTS\lib\</path>
         <kind>archive</kind>
         <file>rtsv7M4_T_le_v4SPD16_eabi.lib</file>
         <name>memory.c.obj</name>
      </input_file>
      <input_file id="fl-e7">
         <path>C:\ti\ccs1010\ccs\tools\compiler\ti-cgt-arm_20.2.1.LTS\lib\</path>
         <kind>archive</kind>
         <file>rtsv7M4_T_le_v4SPD16_eabi.lib</file>
         <name>strchr.c.obj</name>
      </input_file>
      <input_file id="fl-e8">
         <path>C:\ti\ccs1010\ccs\tools\compiler\ti-cgt-arm_20.2.1.LTS\lib\</path>
         <kind>archive</kind>
         <file>rtsv7M4_T_le_v4SPD16_eabi.lib</file>
         <name>strcpy.c.obj</name>
      </input_file>
      <input_file id="fl-e9">
         <path>C:\ti\ccs1010\ccs\tools\compiler\ti-cgt-arm_20.2.1.LTS\lib\</path>
         <kind>archive</kind>
         <file>rtsv7M4_T_le_v4SPD16_eabi.lib</file>
         <name>strlen.c.obj</name>
      </input_file>
      <input_file id="fl-ea">
         <path>C:\ti\ccs1010\ccs\tools\compiler\ti-cgt-arm_20.2.1.LTS\lib\</path>
         <kind>archive</kind>
         <file>rtsv7M4_T_le_v4SPD16_eabi.lib</file>
         <name>write.c.obj</name>
      </input_file>
      <input_file id="fl-eb">
         <path>C:\ti\ccs1010\ccs\tools\compiler\ti-cgt-arm_20.2.1.LTS\lib\</path>
         <kind>archive</kind>
         <file>rtsv7M4_T_le_v4SPD16_eabi.lib</file>
         <name>host_device.c.obj</name>
      </input_file>
      <input_file id="fl-ec">
         <path>C:\ti\ccs1010\ccs\tools\compiler\ti-cgt-arm_20.2.1.LTS\lib\</path>
         <kind>archive</kind>
         <file>rtsv7M4_T_le_v4SPD16_eabi.lib</file>
         <name>errno.c.obj</name>
      </input_file>
      <input_file id="fl-ed">
         <path>C:\ti\ccs1010\ccs\tools\compiler\ti-cgt-arm_20.2.1.LTS\lib\</path>
         <kind>archive</kind>
         <file>rtsv7M4_T_le_v4SPD16_eabi.lib</file>
         <name>boot_cortex_m.c.obj</name>
      </input_file>
      <input_file id="fl-ee">
         <path>C:\ti\ccs1010\ccs\tools\compiler\ti-cgt-arm_20.2.1.LTS\lib\</path>
         <kind>archive</kind>
         <file>rtsv7M4_T_le_v4SPD16_eabi.lib</file>
         <name>s_frexp.c.obj</name>
      </input_file>
      <input_file id="fl-ef">
         <path>C:\ti\ccs1010\ccs\tools\compiler\ti-cgt-arm_20.2.1.LTS\lib\</path>
         <kind>archive</kind>
         <file>rtsv7M4_T_le_v4SPD16_eabi.lib</file>
         <name>s_scalbn.c.obj</name>
      </input_file>
      <input_file id="fl-f0">
         <path>C:\ti\ccs1010\ccs\tools\compiler\ti-cgt-arm_20.2.1.LTS\lib\</path>
         <kind>archive</kind>
         <file>rtsv7M4_T_le_v4SPD16_eabi.lib</file>
         <name>wcslen.c.obj</name>
      </input_file>
      <input_file id="fl-f1">
         <path>C:\ti\ccs1010\ccs\tools\compiler\ti-cgt-arm_20.2.1.LTS\lib\</path>
         <kind>archive</kind>
         <file>rtsv7M4_T_le_v4SPD16_eabi.lib</file>
         <name>fflush.c.obj</name>
      </input_file>
      <input_file id="fl-f2">
         <path>C:\ti\ccs1010\ccs\tools\compiler\ti-cgt-arm_20.2.1.LTS\lib\</path>
         <kind>archive</kind>
         <file>rtsv7M4_T_le_v4SPD16_eabi.lib</file>
         <name>fopen.c.obj</name>
      </input_file>
      <input_file id="fl-f3">
         <path>C:\ti\ccs1010\ccs\tools\compiler\ti-cgt-arm_20.2.1.LTS\lib\</path>
         <kind>archive</kind>
         <file>rtsv7M4_T_le_v4SPD16_eabi.lib</file>
         <name>fseek.c.obj</name>
      </input_file>
      <input_file id="fl-f4">
         <path>C:\ti\ccs1010\ccs\tools\compiler\ti-cgt-arm_20.2.1.LTS\lib\</path>
         <kind>archive</kind>
         <file>rtsv7M4_T_le_v4SPD16_eabi.lib</file>
         <name>div0.asm.obj</name>
      </input_file>
      <input_file id="fl-f5">
         <path>C:\ti\ccs1010\ccs\tools\compiler\ti-cgt-arm_20.2.1.LTS\lib\</path>
         <kind>archive</kind>
         <file>rtsv7M4_T_le_v4SPD16_eabi.lib</file>
         <name>autoinit.c.obj</name>
      </input_file>
      <input_file id="fl-f6">
         <path>C:\ti\ccs1010\ccs\tools\compiler\ti-cgt-arm_20.2.1.LTS\lib\</path>
         <kind>archive</kind>
         <file>rtsv7M4_T_le_v4SPD16_eabi.lib</file>
         <name>pre_init.c.obj</name>
      </input_file>
      <input_file id="fl-f7">
         <path>C:\ti\ccs1010\ccs\tools\compiler\ti-cgt-arm_20.2.1.LTS\lib\</path>
         <kind>archive</kind>
         <file>rtsv7M4_T_le_v4SPD16_eabi.lib</file>
         <name>cpy_tbl.c.obj</name>
      </input_file>
      <input_file id="fl-f8">
         <path>C:\ti\ccs1010\ccs\tools\compiler\ti-cgt-arm_20.2.1.LTS\lib\</path>
         <kind>archive</kind>
         <file>rtsv7M4_T_le_v4SPD16_eabi.lib</file>
         <name>args_main.c.obj</name>
      </input_file>
      <input_file id="fl-f9">
         <path>C:\ti\ccs1010\ccs\tools\compiler\ti-cgt-arm_20.2.1.LTS\lib\</path>
         <kind>archive</kind>
         <file>rtsv7M4_T_le_v4SPD16_eabi.lib</file>
         <name>hostclose.c.obj</name>
      </input_file>
      <input_file id="fl-fa">
         <path>C:\ti\ccs1010\ccs\tools\compiler\ti-cgt-arm_20.2.1.LTS\lib\</path>
         <kind>archive</kind>
         <file>rtsv7M4_T_le_v4SPD16_eabi.lib</file>
         <name>hostlseek.c.obj</name>
      </input_file>
      <input_file id="fl-fb">
         <path>C:\ti\ccs1010\ccs\tools\compiler\ti-cgt-arm_20.2.1.LTS\lib\</path>
         <kind>archive</kind>
         <file>rtsv7M4_T_le_v4SPD16_eabi.lib</file>
         <name>hostopen.c.obj</name>
      </input_file>
      <input_file id="fl-fc">
         <path>C:\ti\ccs1010\ccs\tools\compiler\ti-cgt-arm_20.2.1.LTS\lib\</path>
         <kind>archive</kind>
         <file>rtsv7M4_T_le_v4SPD16_eabi.lib</file>
         <name>hostread.c.obj</name>
      </input_file>
      <input_file id="fl-fd">
         <path>C:\ti\ccs1010\ccs\tools\compiler\ti-cgt-arm_20.2.1.LTS\lib\</path>
         <kind>archive</kind>
         <file>rtsv7M4_T_le_v4SPD16_eabi.lib</file>
         <name>hostrename.c.obj</name>
      </input_file>
      <input_file id="fl-fe">
         <path>C:\ti\ccs1010\ccs\tools\compiler\ti-cgt-arm_20.2.1.LTS\lib\</path>
         <kind>archive</kind>
         <file>rtsv7M4_T_le_v4SPD16_eabi.lib</file>
         <name>hostunlink.c.obj</name>
      </input_file>
      <input_file id="fl-ff">
         <path>C:\ti\ccs1010\ccs\tools\compiler\ti-cgt-arm_20.2.1.LTS\lib\</path>
         <kind>archive</kind>
         <file>rtsv7M4_T_le_v4SPD16_eabi.lib</file>
         <name>hostwrite.c.obj</name>
      </input_file>
      <input_file id="fl-100">
         <path>C:\ti\ccs1010\ccs\tools\compiler\ti-cgt-arm_20.2.1.LTS\lib\</path>
         <kind>archive</kind>
         <file>rtsv7M4_T_le_v4SPD16_eabi.lib</file>
         <name>trgmsg.c.obj</name>
      </input_file>
      <input_file id="fl-101">
         <path>C:\ti\ccs1010\ccs\tools\compiler\ti-cgt-arm_20.2.1.LTS\lib\</path>
         <kind>archive</kind>
         <file>rtsv7M4_T_le_v4SPD16_eabi.lib</file>
         <name>open.c.obj</name>
      </input_file>
      <input_file id="fl-102">
         <path>C:\ti\ccs1010\ccs\tools\compiler\ti-cgt-arm_20.2.1.LTS\lib\</path>
         <kind>archive</kind>
         <file>rtsv7M4_T_le_v4SPD16_eabi.lib</file>
         <name>lseek.c.obj</name>
      </input_file>
      <input_file id="fl-103">
         <path>C:\ti\ccs1010\ccs\tools\compiler\ti-cgt-arm_20.2.1.LTS\lib\</path>
         <kind>archive</kind>
         <file>rtsv7M4_T_le_v4SPD16_eabi.lib</file>
         <name>s_copysign.c.obj</name>
      </input_file>
      <input_file id="fl-104">
         <path>C:\ti\ccs1010\ccs\tools\compiler\ti-cgt-arm_20.2.1.LTS\lib\</path>
         <kind>archive</kind>
         <file>rtsv7M4_T_le_v4SPD16_eabi.lib</file>
         <name>fclose.c.obj</name>
      </input_file>
      <input_file id="fl-105">
         <path>C:\ti\ccs1010\ccs\tools\compiler\ti-cgt-arm_20.2.1.LTS\lib\</path>
         <kind>archive</kind>
         <file>rtsv7M4_T_le_v4SPD16_eabi.lib</file>
         <name>getdevice.c.obj</name>
      </input_file>
      <input_file id="fl-106">
         <path>C:\ti\ccs1010\ccs\tools\compiler\ti-cgt-arm_20.2.1.LTS\lib\</path>
         <kind>archive</kind>
         <file>rtsv7M4_T_le_v4SPD16_eabi.lib</file>
         <name>strcmp.c.obj</name>
      </input_file>
      <input_file id="fl-107">
         <path>C:\ti\ccs1010\ccs\tools\compiler\ti-cgt-arm_20.2.1.LTS\lib\</path>
         <kind>archive</kind>
         <file>rtsv7M4_T_le_v4SPD16_eabi.lib</file>
         <name>strncpy.c.obj</name>
      </input_file>
      <input_file id="fl-108">
         <path>C:\ti\ccs1010\ccs\tools\compiler\ti-cgt-arm_20.2.1.LTS\lib\</path>
         <kind>archive</kind>
         <file>rtsv7M4_T_le_v4SPD16_eabi.lib</file>
         <name>remove.c.obj</name>
      </input_file>
      <input_file id="fl-109">
         <path>C:\ti\ccs1010\ccs\tools\compiler\ti-cgt-arm_20.2.1.LTS\lib\</path>
         <kind>archive</kind>
         <file>rtsv7M4_T_le_v4SPD16_eabi.lib</file>
         <name>close.c.obj</name>
      </input_file>
      <input_file id="fl-10a">
         <path>C:\ti\ccs1010\ccs\tools\compiler\ti-cgt-arm_20.2.1.LTS\lib\</path>
         <kind>archive</kind>
         <file>rtsv7M4_T_le_v4SPD16_eabi.lib</file>
         <name>unlink.c.obj</name>
      </input_file>
   </input_file_list>
   <object_component_list>
      <object_component id="oc-26">
         <name>.intvecs:retain</name>
         <load_address>0x0</load_address>
         <run_address>0x0</run_address>
         <size>0xe4</size>
         <input_file_ref idref="fl-5"/>
      </object_component>
      <object_component id="oc-d0">
         <name>.text</name>
         <load_address>0xe4</load_address>
         <run_address>0xe4</run_address>
         <size>0x20c4</size>
         <input_file_ref idref="fl-10"/>
      </object_component>
      <object_component id="oc-eb">
         <name>.text</name>
         <load_address>0x21a8</load_address>
         <run_address>0x21a8</run_address>
         <size>0x10f0</size>
         <input_file_ref idref="fl-e"/>
      </object_component>
      <object_component id="oc-222">
         <name>.text:__TI_printfi</name>
         <load_address>0x3298</load_address>
         <run_address>0x3298</run_address>
         <size>0xa4e</size>
         <input_file_ref idref="fl-ce"/>
      </object_component>
      <object_component id="oc-305">
         <name>.text:_nop</name>
         <load_address>0x3ce6</load_address>
         <run_address>0x3ce6</run_address>
         <size>0x2</size>
         <input_file_ref idref="fl-df"/>
      </object_component>
      <object_component id="oc-1b6">
         <name>.text</name>
         <load_address>0x3ce8</load_address>
         <run_address>0x3ce8</run_address>
         <size>0x7a4</size>
         <input_file_ref idref="fl-11"/>
      </object_component>
      <object_component id="oc-215">
         <name>.text</name>
         <load_address>0x448c</load_address>
         <run_address>0x448c</run_address>
         <size>0x518</size>
         <input_file_ref idref="fl-2"/>
      </object_component>
      <object_component id="oc-75">
         <name>.text</name>
         <load_address>0x49a4</load_address>
         <run_address>0x49a4</run_address>
         <size>0x438</size>
         <input_file_ref idref="fl-12"/>
      </object_component>
      <object_component id="oc-19e">
         <name>.text</name>
         <load_address>0x4ddc</load_address>
         <run_address>0x4ddc</run_address>
         <size>0x42c</size>
         <input_file_ref idref="fl-c"/>
      </object_component>
      <object_component id="oc-c3">
         <name>.text</name>
         <load_address>0x5208</load_address>
         <run_address>0x5208</run_address>
         <size>0x354</size>
         <input_file_ref idref="fl-6"/>
      </object_component>
      <object_component id="oc-7b">
         <name>.text</name>
         <load_address>0x555c</load_address>
         <run_address>0x555c</run_address>
         <size>0x2dc</size>
         <input_file_ref idref="fl-7"/>
      </object_component>
      <object_component id="oc-2e1">
         <name>.text:_pconv_a</name>
         <load_address>0x5838</load_address>
         <run_address>0x5838</run_address>
         <size>0x270</size>
         <input_file_ref idref="fl-ce"/>
      </object_component>
      <object_component id="oc-13d">
         <name>.text</name>
         <load_address>0x5aa8</load_address>
         <run_address>0x5aa8</run_address>
         <size>0x258</size>
         <input_file_ref idref="fl-9"/>
      </object_component>
      <object_component id="oc-81">
         <name>.text</name>
         <load_address>0x5d00</load_address>
         <run_address>0x5d00</run_address>
         <size>0x214</size>
         <input_file_ref idref="fl-8"/>
      </object_component>
      <object_component id="oc-2cf">
         <name>.text:_pconv_g</name>
         <load_address>0x5f14</load_address>
         <run_address>0x5f14</run_address>
         <size>0x1d0</size>
         <input_file_ref idref="fl-ce"/>
      </object_component>
      <object_component id="oc-396">
         <name>.text</name>
         <load_address>0x60e4</load_address>
         <run_address>0x60e4</run_address>
         <size>0x1b6</size>
         <input_file_ref idref="fl-d3"/>
      </object_component>
      <object_component id="oc-415">
         <name>.text</name>
         <load_address>0x629a</load_address>
         <run_address>0x629a</run_address>
         <size>0x2</size>
         <input_file_ref idref="fl-f4"/>
      </object_component>
      <object_component id="oc-b1">
         <name>.text</name>
         <load_address>0x629c</load_address>
         <run_address>0x629c</run_address>
         <size>0x160</size>
         <input_file_ref idref="fl-3"/>
      </object_component>
      <object_component id="oc-2db">
         <name>.text:_pconv_e</name>
         <load_address>0x63fc</load_address>
         <run_address>0x63fc</run_address>
         <size>0x13c</size>
         <input_file_ref idref="fl-ce"/>
      </object_component>
      <object_component id="oc-37c">
         <name>.text</name>
         <load_address>0x6538</load_address>
         <run_address>0x6538</run_address>
         <size>0x136</size>
         <input_file_ref idref="fl-d5"/>
      </object_component>
      <object_component id="oc-1a4">
         <name>.text</name>
         <load_address>0x666e</load_address>
         <run_address>0x666e</run_address>
         <size>0x12a</size>
         <input_file_ref idref="fl-d"/>
      </object_component>
      <object_component id="oc-3a8">
         <name>.text:fcvt</name>
         <load_address>0x6798</load_address>
         <run_address>0x6798</run_address>
         <size>0x124</size>
         <input_file_ref idref="fl-ce"/>
      </object_component>
      <object_component id="oc-313">
         <name>.text:fputs</name>
         <load_address>0x68bc</load_address>
         <run_address>0x68bc</run_address>
         <size>0x114</size>
         <input_file_ref idref="fl-cf"/>
      </object_component>
      <object_component id="oc-3bc">
         <name>.text:scalbn</name>
         <load_address>0x69d0</load_address>
         <run_address>0x69d0</run_address>
         <size>0x110</size>
         <input_file_ref idref="fl-ef"/>
      </object_component>
      <object_component id="oc-4bc">
         <name>.text:aligned_alloc</name>
         <load_address>0x6ae0</load_address>
         <run_address>0x6ae0</run_address>
         <size>0x108</size>
         <input_file_ref idref="fl-e6"/>
      </object_component>
      <object_component id="oc-377">
         <name>.text</name>
         <load_address>0x6be8</load_address>
         <run_address>0x6be8</run_address>
         <size>0xfc</size>
         <input_file_ref idref="fl-d6"/>
      </object_component>
      <object_component id="oc-47a">
         <name>.text:free</name>
         <load_address>0x6ce4</load_address>
         <run_address>0x6ce4</run_address>
         <size>0xe4</size>
         <input_file_ref idref="fl-e6"/>
      </object_component>
      <object_component id="oc-450">
         <name>.text:setvbuf</name>
         <load_address>0x6dc8</load_address>
         <run_address>0x6dc8</run_address>
         <size>0xdc</size>
         <input_file_ref idref="fl-d1"/>
      </object_component>
      <object_component id="oc-70">
         <name>.text</name>
         <load_address>0x6ea4</load_address>
         <run_address>0x6ea4</run_address>
         <size>0xda</size>
         <input_file_ref idref="fl-13"/>
      </object_component>
      <object_component id="oc-2c4">
         <name>.text:_ltostr</name>
         <load_address>0x6f80</load_address>
         <run_address>0x6f80</run_address>
         <size>0xb1</size>
         <input_file_ref idref="fl-ce"/>
      </object_component>
      <object_component id="oc-3a">
         <name>.text</name>
         <load_address>0x7032</load_address>
         <run_address>0x7032</run_address>
         <size>0x9c</size>
         <input_file_ref idref="fl-d9"/>
      </object_component>
      <object_component id="oc-370">
         <name>.text</name>
         <load_address>0x70ce</load_address>
         <run_address>0x70ce</run_address>
         <size>0x96</size>
         <input_file_ref idref="fl-da"/>
      </object_component>
      <object_component id="oc-2ca">
         <name>.text:__aeabi_cdcmple</name>
         <load_address>0x7164</load_address>
         <run_address>0x7164</run_address>
         <size>0x86</size>
         <input_file_ref idref="fl-d4"/>
      </object_component>
      <object_component id="oc-381">
         <name>.text:__aeabi_cdrcmple</name>
         <load_address>0x71ea</load_address>
         <run_address>0x71ea</run_address>
         <size>0x86</size>
         <input_file_ref idref="fl-d4"/>
      </object_component>
      <object_component id="oc-a5">
         <name>.text</name>
         <load_address>0x7270</load_address>
         <run_address>0x7270</run_address>
         <size>0x7a</size>
         <input_file_ref idref="fl-d2"/>
      </object_component>
      <object_component id="oc-4c3">
         <name>.text:__TI_closefile</name>
         <load_address>0x72ec</load_address>
         <run_address>0x72ec</run_address>
         <size>0x74</size>
         <input_file_ref idref="fl-104"/>
      </object_component>
      <object_component id="oc-504">
         <name>.text:split</name>
         <load_address>0x7360</load_address>
         <run_address>0x7360</run_address>
         <size>0x70</size>
         <input_file_ref idref="fl-e6"/>
      </object_component>
      <object_component id="oc-3a1">
         <name>.text:_mcpy</name>
         <load_address>0x73d0</load_address>
         <run_address>0x73d0</run_address>
         <size>0x6e</size>
         <input_file_ref idref="fl-ce"/>
      </object_component>
      <object_component id="oc-4f3">
         <name>.text:HOSTrename</name>
         <load_address>0x7440</load_address>
         <run_address>0x7440</run_address>
         <size>0x6c</size>
         <input_file_ref idref="fl-fd"/>
      </object_component>
      <object_component id="oc-4e7">
         <name>.text:HOSTlseek</name>
         <load_address>0x74ac</load_address>
         <run_address>0x74ac</run_address>
         <size>0x68</size>
         <input_file_ref idref="fl-fa"/>
      </object_component>
      <object_component id="oc-17">
         <name>.text:decompress:lzss:__TI_decompress_lzss</name>
         <load_address>0x7514</load_address>
         <run_address>0x7514</run_address>
         <size>0x68</size>
         <input_file_ref idref="fl-dd"/>
      </object_component>
      <object_component id="oc-143">
         <name>.text:printf</name>
         <load_address>0x757c</load_address>
         <run_address>0x757c</run_address>
         <size>0x68</size>
         <input_file_ref idref="fl-cd"/>
      </object_component>
      <object_component id="oc-3b6">
         <name>.text:frexp</name>
         <load_address>0x75e4</load_address>
         <run_address>0x75e4</run_address>
         <size>0x64</size>
         <input_file_ref idref="fl-ee"/>
      </object_component>
      <object_component id="oc-44a">
         <name>.text:fseek</name>
         <load_address>0x7648</load_address>
         <run_address>0x7648</run_address>
         <size>0x64</size>
         <input_file_ref idref="fl-f3"/>
      </object_component>
      <object_component id="oc-3ed">
         <name>.text:__TI_wrt_ok</name>
         <load_address>0x76ac</load_address>
         <run_address>0x76ac</run_address>
         <size>0x62</size>
         <input_file_ref idref="fl-d0"/>
      </object_component>
      <object_component id="oc-4cf">
         <name>.text:HOSTopen</name>
         <load_address>0x7710</load_address>
         <run_address>0x7710</run_address>
         <size>0x60</size>
         <input_file_ref idref="fl-fb"/>
      </object_component>
      <object_component id="oc-50b">
         <name>.text:close</name>
         <load_address>0x7770</load_address>
         <run_address>0x7770</run_address>
         <size>0x5c</size>
         <input_file_ref idref="fl-109"/>
      </object_component>
      <object_component id="oc-4db">
         <name>.text:HOSTread</name>
         <load_address>0x77cc</load_address>
         <run_address>0x77cc</run_address>
         <size>0x58</size>
         <input_file_ref idref="fl-fc"/>
      </object_component>
      <object_component id="oc-4e1">
         <name>.text:HOSTwrite</name>
         <load_address>0x7824</load_address>
         <run_address>0x7824</run_address>
         <size>0x58</size>
         <input_file_ref idref="fl-ff"/>
      </object_component>
      <object_component id="oc-2d5">
         <name>.text:_pconv_f</name>
         <load_address>0x787c</load_address>
         <run_address>0x787c</run_address>
         <size>0x56</size>
         <input_file_ref idref="fl-ce"/>
      </object_component>
      <object_component id="oc-38b">
         <name>.text:__TI_ltoa</name>
         <load_address>0x78d2</load_address>
         <run_address>0x78d2</run_address>
         <size>0x54</size>
         <input_file_ref idref="fl-e0"/>
      </object_component>
      <object_component id="oc-39b">
         <name>.text:_ecpy</name>
         <load_address>0x7926</load_address>
         <run_address>0x7926</run_address>
         <size>0x52</size>
         <input_file_ref idref="fl-ce"/>
      </object_component>
      <object_component id="oc-3f9">
         <name>.text:__TI_doflush</name>
         <load_address>0x7978</load_address>
         <run_address>0x7978</run_address>
         <size>0x4c</size>
         <input_file_ref idref="fl-f1"/>
      </object_component>
      <object_component id="oc-f7">
         <name>.text:atoi</name>
         <load_address>0x79c4</load_address>
         <run_address>0x79c4</run_address>
         <size>0x4c</size>
         <input_file_ref idref="fl-e1"/>
      </object_component>
      <object_component id="oc-158">
         <name>.text:exit</name>
         <load_address>0x7a10</load_address>
         <run_address>0x7a10</run_address>
         <size>0x48</size>
         <input_file_ref idref="fl-de"/>
      </object_component>
      <object_component id="oc-386">
         <name>.text</name>
         <load_address>0x7a58</load_address>
         <run_address>0x7a58</run_address>
         <size>0x48</size>
         <input_file_ref idref="fl-d7"/>
      </object_component>
      <object_component id="oc-4d5">
         <name>.text:HOSTclose</name>
         <load_address>0x7aa0</load_address>
         <run_address>0x7aa0</run_address>
         <size>0x44</size>
         <input_file_ref idref="fl-f9"/>
      </object_component>
      <object_component id="oc-4ed">
         <name>.text:HOSTunlink</name>
         <load_address>0x7ae4</load_address>
         <run_address>0x7ae4</run_address>
         <size>0x44</size>
         <input_file_ref idref="fl-fe"/>
      </object_component>
      <object_component id="oc-15e">
         <name>.text:__TI_auto_init_nobinit_nopinit:__TI_auto_init_nobinit_nopinit</name>
         <load_address>0x7b28</load_address>
         <run_address>0x7b28</run_address>
         <size>0x44</size>
         <input_file_ref idref="fl-f5"/>
      </object_component>
      <object_component id="oc-53d">
         <name>.text:getdevice</name>
         <load_address>0x7b6c</load_address>
         <run_address>0x7b6c</run_address>
         <size>0x44</size>
         <input_file_ref idref="fl-105"/>
      </object_component>
      <object_component id="oc-3ae">
         <name>.text:_fcpy</name>
         <load_address>0x7bb0</load_address>
         <run_address>0x7bb0</run_address>
         <size>0x3e</size>
         <input_file_ref idref="fl-ce"/>
      </object_component>
      <object_component id="oc-51c">
         <name>.text:__TI_writemsg</name>
         <load_address>0x7bf0</load_address>
         <run_address>0x7bf0</run_address>
         <size>0x38</size>
         <input_file_ref idref="fl-100"/>
      </object_component>
      <object_component id="oc-55d">
         <name>.text:strncpy</name>
         <load_address>0x7c28</load_address>
         <run_address>0x7c28</run_address>
         <size>0x36</size>
         <input_file_ref idref="fl-107"/>
      </object_component>
      <object_component id="oc-486">
         <name>.text:__TI_cleanup</name>
         <load_address>0x7c60</load_address>
         <run_address>0x7c60</run_address>
         <size>0x34</size>
         <input_file_ref idref="fl-f2"/>
      </object_component>
      <object_component id="oc-522">
         <name>.text:__TI_readmsg</name>
         <load_address>0x7c94</load_address>
         <run_address>0x7c94</run_address>
         <size>0x34</size>
         <input_file_ref idref="fl-100"/>
      </object_component>
      <object_component id="oc-58">
         <name>.text:_c_int00_noargs:_c_int00_noargs</name>
         <load_address>0x7cc8</load_address>
         <run_address>0x7cc8</run_address>
         <size>0x34</size>
         <input_file_ref idref="fl-ed"/>
      </object_component>
      <object_component id="oc-563">
         <name>.text:finddevice</name>
         <load_address>0x7cfc</load_address>
         <run_address>0x7cfc</run_address>
         <size>0x30</size>
         <input_file_ref idref="fl-105"/>
      </object_component>
      <object_component id="oc-391">
         <name>.text</name>
         <load_address>0x7d2c</load_address>
         <run_address>0x7d2c</run_address>
         <size>0x2e</size>
         <input_file_ref idref="fl-d8"/>
      </object_component>
      <object_component id="oc-511">
         <name>.text:unlink</name>
         <load_address>0x7d5c</load_address>
         <run_address>0x7d5c</run_address>
         <size>0x2c</size>
         <input_file_ref idref="fl-10a"/>
      </object_component>
      <object_component id="oc-4b5">
         <name>.text:free_list_insert</name>
         <load_address>0x7d88</load_address>
         <run_address>0x7d88</run_address>
         <size>0x28</size>
         <input_file_ref idref="fl-e6"/>
      </object_component>
      <object_component id="oc-472">
         <name>.text:lseek</name>
         <load_address>0x7db0</load_address>
         <run_address>0x7db0</run_address>
         <size>0x28</size>
         <input_file_ref idref="fl-102"/>
      </object_component>
      <object_component id="oc-3ff">
         <name>.text:write</name>
         <load_address>0x7dd8</load_address>
         <run_address>0x7dd8</run_address>
         <size>0x28</size>
         <input_file_ref idref="fl-ea"/>
      </object_component>
      <object_component id="oc-3f3">
         <name>.text:memchr</name>
         <load_address>0x7e00</load_address>
         <run_address>0x7e00</run_address>
         <size>0x20</size>
         <input_file_ref idref="fl-e5"/>
      </object_component>
      <object_component id="oc-4af">
         <name>.text:free_list_remove</name>
         <load_address>0x7e20</load_address>
         <run_address>0x7e20</run_address>
         <size>0x1c</size>
         <input_file_ref idref="fl-e6"/>
      </object_component>
      <object_component id="oc-2e7">
         <name>.text:memccpy</name>
         <load_address>0x7e3c</load_address>
         <run_address>0x7e3c</run_address>
         <size>0x1c</size>
         <input_file_ref idref="fl-e4"/>
      </object_component>
      <object_component id="oc-42e">
         <name>.text:copysign</name>
         <load_address>0x7e58</load_address>
         <run_address>0x7e58</run_address>
         <size>0x1a</size>
         <input_file_ref idref="fl-103"/>
      </object_component>
      <object_component id="oc-578">
         <name>.text:strcmp</name>
         <load_address>0x7e72</load_address>
         <run_address>0x7e72</run_address>
         <size>0x18</size>
         <input_file_ref idref="fl-106"/>
      </object_component>
      <object_component id="oc-3c2">
         <name>.text:strchr</name>
         <load_address>0x7e8a</load_address>
         <run_address>0x7e8a</run_address>
         <size>0x16</size>
         <input_file_ref idref="fl-e7"/>
      </object_component>
      <object_component id="oc-f1">
         <name>.text:strcpy</name>
         <load_address>0x7ea0</load_address>
         <run_address>0x7ea0</run_address>
         <size>0x14</size>
         <input_file_ref idref="fl-e8"/>
      </object_component>
      <object_component id="oc-2be">
         <name>.text:strlen</name>
         <load_address>0x7eb4</load_address>
         <run_address>0x7eb4</run_address>
         <size>0x14</size>
         <input_file_ref idref="fl-e9"/>
      </object_component>
      <object_component id="oc-2ed">
         <name>.text:wcslen</name>
         <load_address>0x7ec8</load_address>
         <run_address>0x7ec8</run_address>
         <size>0x12</size>
         <input_file_ref idref="fl-f0"/>
      </object_component>
      <object_component id="oc-1d">
         <name>.text:decompress:none:__TI_decompress_none</name>
         <load_address>0x7eda</load_address>
         <run_address>0x7eda</run_address>
         <size>0xe</size>
         <input_file_ref idref="fl-dc"/>
      </object_component>
      <object_component id="oc-6a">
         <name>.text</name>
         <load_address>0x7ee8</load_address>
         <run_address>0x7ee8</run_address>
         <size>0xe</size>
         <input_file_ref idref="fl-5"/>
      </object_component>
      <object_component id="oc-4c">
         <name>.text:decompress:ZI:__TI_zero_init</name>
         <load_address>0x7ef6</load_address>
         <run_address>0x7ef6</run_address>
         <size>0xc</size>
         <input_file_ref idref="fl-db"/>
      </object_component>
      <object_component id="oc-2f3">
         <name>.text:__aeabi_errno_addr</name>
         <load_address>0x7f04</load_address>
         <run_address>0x7f04</run_address>
         <size>0x8</size>
         <input_file_ref idref="fl-ec"/>
      </object_component>
      <object_component id="oc-480">
         <name>.text:malloc</name>
         <load_address>0x7f0c</load_address>
         <run_address>0x7f0c</run_address>
         <size>0x8</size>
         <input_file_ref idref="fl-e6"/>
      </object_component>
      <object_component id="oc-234">
         <name>.text:_outc</name>
         <load_address>0x7f14</load_address>
         <run_address>0x7f14</run_address>
         <size>0x4</size>
         <input_file_ref idref="fl-cd"/>
      </object_component>
      <object_component id="oc-22e">
         <name>.text:_outs</name>
         <load_address>0x7f18</load_address>
         <run_address>0x7f18</run_address>
         <size>0x4</size>
         <input_file_ref idref="fl-cd"/>
      </object_component>
      <object_component id="oc-ab">
         <name>.text:_system_pre_init</name>
         <load_address>0x7f1c</load_address>
         <run_address>0x7f1c</run_address>
         <size>0x4</size>
         <input_file_ref idref="fl-f6"/>
      </object_component>
      <object_component id="oc-152">
         <name>.text:abort:abort</name>
         <load_address>0x7f20</load_address>
         <run_address>0x7f20</run_address>
         <size>0x4</size>
         <input_file_ref idref="fl-de"/>
      </object_component>
      <object_component id="oc-1ec">
         <name>.const:.string:_ctypes_</name>
         <load_address>0x7f24</load_address>
         <run_address>0x7f24</run_address>
         <size>0x101</size>
         <input_file_ref idref="fl-e2"/>
      </object_component>
      <object_component id="oc-21e">
         <name>.const:.string:space_shipBitmaps</name>
         <load_address>0x8025</load_address>
         <run_address>0x8025</run_address>
         <size>0xfc</size>
         <input_file_ref idref="fl-4"/>
      </object_component>
      <object_component id="oc-21b">
         <name>.const</name>
         <load_address>0x8121</load_address>
         <run_address>0x8121</run_address>
         <size>0x2</size>
         <input_file_ref idref="fl-4"/>
      </object_component>
      <object_component id="oc-cd">
         <name>.const</name>
         <load_address>0x8124</load_address>
         <run_address>0x8124</run_address>
         <size>0x8</size>
         <input_file_ref idref="fl-12"/>
      </object_component>
      <object_component id="oc-5b8">
         <name>.cinit..data.load</name>
         <load_address>0x8130</load_address>
         <run_address>0x8130</run_address>
         <size>0x7b</size>
      </object_component>
      <object_component id="oc-5b6">
         <name>__TI_handler_table</name>
         <load_address>0x81ac</load_address>
         <run_address>0x81ac</run_address>
         <size>0xc</size>
      </object_component>
      <object_component id="oc-5b9">
         <name>.cinit..bss.load</name>
         <load_address>0x81b8</load_address>
         <run_address>0x81b8</run_address>
         <size>0x8</size>
      </object_component>
      <object_component id="oc-5b7">
         <name>__TI_cinit_table</name>
         <load_address>0x81c0</load_address>
         <run_address>0x81c0</run_address>
         <size>0x10</size>
      </object_component>
      <object_component id="oc-58a">
         <name>.binit</name>
         <load_address>0x0</load_address>
         <run_address>0x0</run_address>
         <size>0x0</size>
      </object_component>
      <object_component id="oc-190">
         <name>.data</name>
         <load_address>0x200089b8</load_address>
         <run_address>0x200089b8</run_address>
         <size>0x4</size>
         <input_file_ref idref="fl-6"/>
      </object_component>
      <object_component id="oc-101">
         <name>.data</name>
         <load_address>0x200089bc</load_address>
         <run_address>0x200089bc</run_address>
         <size>0x2</size>
         <input_file_ref idref="fl-7"/>
      </object_component>
      <object_component id="oc-113">
         <name>.data</name>
         <load_address>0x200089ac</load_address>
         <run_address>0x200089ac</run_address>
         <size>0x8</size>
         <input_file_ref idref="fl-8"/>
      </object_component>
      <object_component id="oc-273">
         <name>.data</name>
         <load_address>0x20008944</load_address>
         <run_address>0x20008944</run_address>
         <size>0x18</size>
         <input_file_ref idref="fl-c"/>
      </object_component>
      <object_component id="oc-ca">
         <name>.data</name>
         <load_address>0x20008910</load_address>
         <run_address>0x20008910</run_address>
         <size>0x34</size>
         <input_file_ref idref="fl-10"/>
      </object_component>
      <object_component id="oc-288">
         <name>.data</name>
         <load_address>0x20008990</load_address>
         <run_address>0x20008990</run_address>
         <size>0xc</size>
         <input_file_ref idref="fl-11"/>
      </object_component>
      <object_component id="oc-d7">
         <name>.data</name>
         <load_address>0x2000895c</load_address>
         <run_address>0x2000895c</run_address>
         <size>0x18</size>
         <input_file_ref idref="fl-12"/>
      </object_component>
      <object_component id="oc-244">
         <name>.data:$O1$$</name>
         <load_address>0x20008984</load_address>
         <run_address>0x20008984</run_address>
         <size>0xc</size>
         <input_file_ref idref="fl-de"/>
      </object_component>
      <object_component id="oc-228">
         <name>.data:$O1$$</name>
         <load_address>0x2000899c</load_address>
         <run_address>0x2000899c</run_address>
         <size>0x8</size>
         <input_file_ref idref="fl-df"/>
      </object_component>
      <object_component id="oc-22b">
         <name>.data:_ftable</name>
         <load_address>0x20008758</load_address>
         <run_address>0x20008758</run_address>
         <size>0xf0</size>
         <input_file_ref idref="fl-e3"/>
      </object_component>
      <object_component id="oc-4c9">
         <name>.data</name>
         <load_address>0x20008974</load_address>
         <run_address>0x20008974</run_address>
         <size>0x10</size>
         <input_file_ref idref="fl-e3"/>
      </object_component>
      <object_component id="oc-4ff">
         <name>.data:$O1$$</name>
         <load_address>0x200089a4</load_address>
         <run_address>0x200089a4</run_address>
         <size>0x8</size>
         <input_file_ref idref="fl-e6"/>
      </object_component>
      <object_component id="oc-499">
         <name>.data:_device</name>
         <load_address>0x20008848</load_address>
         <run_address>0x20008848</run_address>
         <size>0x78</size>
         <input_file_ref idref="fl-eb"/>
      </object_component>
      <object_component id="oc-45c">
         <name>.data:_stream</name>
         <load_address>0x200088c0</load_address>
         <run_address>0x200088c0</run_address>
         <size>0x50</size>
         <input_file_ref idref="fl-eb"/>
      </object_component>
      <object_component id="oc-3d2">
         <name>.data</name>
         <load_address>0x200089b4</load_address>
         <run_address>0x200089b4</run_address>
         <size>0x4</size>
         <input_file_ref idref="fl-ec"/>
      </object_component>
      <object_component id="oc-279">
         <name>.bss:ucHeap</name>
         <uninitialized>true</uninitialized>
         <run_address>0x20000000</run_address>
         <size>0x8000</size>
         <input_file_ref idref="fl-c"/>
      </object_component>
      <object_component id="oc-276">
         <name>.bss:xStart</name>
         <uninitialized>true</uninitialized>
         <run_address>0x20008330</run_address>
         <size>0x8</size>
         <input_file_ref idref="fl-c"/>
      </object_component>
      <object_component id="oc-1aa">
         <name>.bss:pxReadyTasksLists</name>
         <uninitialized>true</uninitialized>
         <run_address>0x20008120</run_address>
         <size>0xc8</size>
         <input_file_ref idref="fl-10"/>
      </object_component>
      <object_component id="oc-1bf">
         <name>.bss:xDelayedTaskList1</name>
         <uninitialized>true</uninitialized>
         <run_address>0x200082b0</run_address>
         <size>0x14</size>
         <input_file_ref idref="fl-10"/>
      </object_component>
      <object_component id="oc-1c2">
         <name>.bss:xDelayedTaskList2</name>
         <uninitialized>true</uninitialized>
         <run_address>0x200082c4</run_address>
         <size>0x14</size>
         <input_file_ref idref="fl-10"/>
      </object_component>
      <object_component id="oc-1b0">
         <name>.bss</name>
         <uninitialized>true</uninitialized>
         <run_address>0x20008320</run_address>
         <size>0x8</size>
         <input_file_ref idref="fl-10"/>
      </object_component>
      <object_component id="oc-1bc">
         <name>.bss:xPendingReadyList</name>
         <uninitialized>true</uninitialized>
         <run_address>0x200082d8</run_address>
         <size>0x14</size>
         <input_file_ref idref="fl-10"/>
      </object_component>
      <object_component id="oc-1ad">
         <name>.bss:xTasksWaitingTermination</name>
         <uninitialized>true</uninitialized>
         <run_address>0x20008300</run_address>
         <size>0x14</size>
         <input_file_ref idref="fl-10"/>
      </object_component>
      <object_component id="oc-1b3">
         <name>.bss:xSuspendedTaskList</name>
         <uninitialized>true</uninitialized>
         <run_address>0x200082ec</run_address>
         <size>0x14</size>
         <input_file_ref idref="fl-10"/>
      </object_component>
      <object_component id="oc-28e">
         <name>.bss:xActiveTimerList1</name>
         <uninitialized>true</uninitialized>
         <run_address>0x20008288</run_address>
         <size>0x14</size>
         <input_file_ref idref="fl-11"/>
      </object_component>
      <object_component id="oc-291">
         <name>.bss:xActiveTimerList2</name>
         <uninitialized>true</uninitialized>
         <run_address>0x2000829c</run_address>
         <size>0x14</size>
         <input_file_ref idref="fl-11"/>
      </object_component>
      <object_component id="oc-28b">
         <name>.bss</name>
         <uninitialized>true</uninitialized>
         <run_address>0x20008328</run_address>
         <size>0x8</size>
         <input_file_ref idref="fl-11"/>
      </object_component>
      <object_component id="oc-547">
         <name>.bss:_CIOBUF_</name>
         <uninitialized>true</uninitialized>
         <run_address>0x20008000</run_address>
         <size>0x120</size>
         <input_file_ref idref="fl-100"/>
      </object_component>
      <object_component id="oc-104">
         <name>.common:Task_Console_Handle</name>
         <uninitialized>true</uninitialized>
         <run_address>0x20008348</run_address>
         <size>0x4</size>
      </object_component>
      <object_component id="oc-100">
         <name>.common:Sem_Console</name>
         <uninitialized>true</uninitialized>
         <run_address>0x20008344</run_address>
         <size>0x4</size>
      </object_component>
      <object_component id="oc-fd">
         <name>.common:RX_ARRAY</name>
         <uninitialized>true</uninitialized>
         <run_address>0x20008314</run_address>
         <size>0xc</size>
      </object_component>
      <object_component id="oc-116">
         <name>.common:Task_Joystick_Handle</name>
         <uninitialized>true</uninitialized>
         <run_address>0x2000834c</run_address>
         <size>0x4</size>
      </object_component>
      <object_component id="oc-14a">
         <name>.common:Task_Joystick_Timer_Handle</name>
         <uninitialized>true</uninitialized>
         <run_address>0x20008350</run_address>
         <size>0x4</size>
      </object_component>
      <object_component id="oc-149">
         <name>.common:Task_Space_Ship_Handle</name>
         <uninitialized>true</uninitialized>
         <run_address>0x20008354</run_address>
         <size>0x4</size>
      </object_component>
      <object_component id="oc-105">
         <name>.common:Queue_Space_Ship</name>
         <uninitialized>true</uninitialized>
         <run_address>0x20008340</run_address>
         <size>0x4</size>
      </object_component>
      <object_component id="oc-517">
         <name>.common:__TI_tmpnams</name>
         <uninitialized>true</uninitialized>
         <run_address>0x200081e8</run_address>
         <size>0xa0</size>
      </object_component>
      <object_component id="oc-528">
         <name>.common:parmbuf</name>
         <uninitialized>true</uninitialized>
         <run_address>0x20008338</run_address>
         <size>0x8</size>
      </object_component>
      <object_component id="oc-29">
         <name>.sysmem</name>
         <uninitialized>true</uninitialized>
         <run_address>0x20008358</run_address>
         <size>0x10</size>
         <input_file_ref idref="fl-e6"/>
      </object_component>
      <object_component id="oc-5bc">
         <name>.sysmem</name>
         <uninitialized>true</uninitialized>
         <run_address>0x20008358</run_address>
         <size>0x0</size>
      </object_component>
      <object_component id="oc-2c">
         <name>.stack</name>
         <uninitialized>true</uninitialized>
         <run_address>0x2000fe00</run_address>
         <size>0x4</size>
         <input_file_ref idref="fl-ed"/>
      </object_component>
      <object_component id="oc-5bb">
         <name>.stack</name>
         <uninitialized>true</uninitialized>
         <run_address>0x2000fe00</run_address>
         <size>0x0</size>
      </object_component>
      <object_component id="oc-210">
         <name>.debug_info</name>
         <load_address>0x0</load_address>
         <run_address>0x0</run_address>
         <size>0x534</size>
         <input_file_ref idref="fl-2"/>
      </object_component>
      <object_component id="oc-218">
         <name>.debug_info</name>
         <load_address>0x534</load_address>
         <run_address>0x534</run_address>
         <size>0xbc5</size>
         <input_file_ref idref="fl-2"/>
      </object_component>
      <object_component id="oc-10e">
         <name>.debug_info</name>
         <load_address>0x10f9</load_address>
         <run_address>0x10f9</run_address>
         <size>0x37e2</size>
         <input_file_ref idref="fl-2"/>
      </object_component>
      <object_component id="oc-11c">
         <name>.debug_info</name>
         <load_address>0x48db</load_address>
         <run_address>0x48db</run_address>
         <size>0x26b</size>
         <input_file_ref idref="fl-2"/>
      </object_component>
      <object_component id="oc-1f3">
         <name>.debug_info</name>
         <load_address>0x4b46</load_address>
         <run_address>0x4b46</run_address>
         <size>0x1055</size>
         <input_file_ref idref="fl-2"/>
      </object_component>
      <object_component id="oc-35">
         <name>.debug_info</name>
         <load_address>0x5b9b</load_address>
         <run_address>0x5b9b</run_address>
         <size>0x84</size>
         <input_file_ref idref="fl-2"/>
      </object_component>
      <object_component id="oc-1d9">
         <name>.debug_info</name>
         <load_address>0x5c1f</load_address>
         <run_address>0x5c1f</run_address>
         <size>0x2a4</size>
         <input_file_ref idref="fl-2"/>
      </object_component>
      <object_component id="oc-e6">
         <name>.debug_info</name>
         <load_address>0x5ec3</load_address>
         <run_address>0x5ec3</run_address>
         <size>0xbb</size>
         <input_file_ref idref="fl-2"/>
      </object_component>
      <object_component id="oc-151">
         <name>.debug_info</name>
         <load_address>0x5f7e</load_address>
         <run_address>0x5f7e</run_address>
         <size>0x985</size>
         <input_file_ref idref="fl-3"/>
      </object_component>
      <object_component id="oc-b2">
         <name>.debug_info</name>
         <load_address>0x6903</load_address>
         <run_address>0x6903</run_address>
         <size>0x30f</size>
         <input_file_ref idref="fl-3"/>
      </object_component>
      <object_component id="oc-109">
         <name>.debug_info</name>
         <load_address>0x6c12</load_address>
         <run_address>0x6c12</run_address>
         <size>0xab</size>
         <input_file_ref idref="fl-3"/>
      </object_component>
      <object_component id="oc-14c">
         <name>.debug_info</name>
         <load_address>0x6cbd</load_address>
         <run_address>0x6cbd</run_address>
         <size>0x315</size>
         <input_file_ref idref="fl-3"/>
      </object_component>
      <object_component id="oc-202">
         <name>.debug_info</name>
         <load_address>0x6fd2</load_address>
         <run_address>0x6fd2</run_address>
         <size>0x48b</size>
         <input_file_ref idref="fl-3"/>
      </object_component>
      <object_component id="oc-1f8">
         <name>.debug_info</name>
         <load_address>0x745d</load_address>
         <run_address>0x745d</run_address>
         <size>0x4f</size>
         <input_file_ref idref="fl-3"/>
      </object_component>
      <object_component id="oc-207">
         <name>.debug_info</name>
         <load_address>0x74ac</load_address>
         <run_address>0x74ac</run_address>
         <size>0x2c</size>
         <input_file_ref idref="fl-3"/>
      </object_component>
      <object_component id="oc-dc">
         <name>.debug_info</name>
         <load_address>0x74d8</load_address>
         <run_address>0x74d8</run_address>
         <size>0x2c</size>
         <input_file_ref idref="fl-3"/>
      </object_component>
      <object_component id="oc-e1">
         <name>.debug_info</name>
         <load_address>0x7504</load_address>
         <run_address>0x7504</run_address>
         <size>0x53</size>
         <input_file_ref idref="fl-3"/>
      </object_component>
      <object_component id="oc-1fd">
         <name>.debug_info</name>
         <load_address>0x7557</load_address>
         <run_address>0x7557</run_address>
         <size>0xcc</size>
         <input_file_ref idref="fl-3"/>
      </object_component>
      <object_component id="oc-23c">
         <name>.debug_info</name>
         <load_address>0x7623</load_address>
         <run_address>0x7623</run_address>
         <size>0x2c</size>
         <input_file_ref idref="fl-3"/>
      </object_component>
      <object_component id="oc-1cf">
         <name>.debug_info</name>
         <load_address>0x764f</load_address>
         <run_address>0x764f</run_address>
         <size>0x14c</size>
         <input_file_ref idref="fl-3"/>
      </object_component>
      <object_component id="oc-2bb">
         <name>.debug_info</name>
         <load_address>0x779b</load_address>
         <run_address>0x779b</run_address>
         <size>0xdd</size>
         <input_file_ref idref="fl-4"/>
      </object_component>
      <object_component id="oc-21f">
         <name>.debug_info</name>
         <load_address>0x7878</load_address>
         <run_address>0x7878</run_address>
         <size>0xeb</size>
         <input_file_ref idref="fl-4"/>
      </object_component>
      <object_component id="oc-21c">
         <name>.debug_info</name>
         <load_address>0x7963</load_address>
         <run_address>0x7963</run_address>
         <size>0x130</size>
         <input_file_ref idref="fl-4"/>
      </object_component>
      <object_component id="oc-89">
         <name>.debug_info</name>
         <load_address>0x7a93</load_address>
         <run_address>0x7a93</run_address>
         <size>0x353</size>
         <input_file_ref idref="fl-5"/>
      </object_component>
      <object_component id="oc-27">
         <name>.debug_info</name>
         <load_address>0x7de6</load_address>
         <run_address>0x7de6</run_address>
         <size>0xff</size>
         <input_file_ref idref="fl-5"/>
      </object_component>
      <object_component id="oc-6b">
         <name>.debug_info</name>
         <load_address>0x7ee5</load_address>
         <run_address>0x7ee5</run_address>
         <size>0x1c6</size>
         <input_file_ref idref="fl-5"/>
      </object_component>
      <object_component id="oc-191">
         <name>.debug_info</name>
         <load_address>0x80ab</load_address>
         <run_address>0x80ab</run_address>
         <size>0xf8</size>
         <input_file_ref idref="fl-6"/>
      </object_component>
      <object_component id="oc-c4">
         <name>.debug_info</name>
         <load_address>0x81a3</load_address>
         <run_address>0x81a3</run_address>
         <size>0x26a</size>
         <input_file_ref idref="fl-6"/>
      </object_component>
      <object_component id="oc-fe">
         <name>.debug_info</name>
         <load_address>0x840d</load_address>
         <run_address>0x840d</run_address>
         <size>0x925</size>
         <input_file_ref idref="fl-7"/>
      </object_component>
      <object_component id="oc-102">
         <name>.debug_info</name>
         <load_address>0x8d32</load_address>
         <run_address>0x8d32</run_address>
         <size>0xdb</size>
         <input_file_ref idref="fl-7"/>
      </object_component>
      <object_component id="oc-7c">
         <name>.debug_info</name>
         <load_address>0x8e0d</load_address>
         <run_address>0x8e0d</run_address>
         <size>0x684</size>
         <input_file_ref idref="fl-7"/>
      </object_component>
      <object_component id="oc-117">
         <name>.debug_info</name>
         <load_address>0x9491</load_address>
         <run_address>0x9491</run_address>
         <size>0x858</size>
         <input_file_ref idref="fl-8"/>
      </object_component>
      <object_component id="oc-114">
         <name>.debug_info</name>
         <load_address>0x9ce9</load_address>
         <run_address>0x9ce9</run_address>
         <size>0x115</size>
         <input_file_ref idref="fl-8"/>
      </object_component>
      <object_component id="oc-84">
         <name>.debug_info</name>
         <load_address>0x9dfe</load_address>
         <run_address>0x9dfe</run_address>
         <size>0x5f9</size>
         <input_file_ref idref="fl-8"/>
      </object_component>
      <object_component id="oc-106">
         <name>.debug_info</name>
         <load_address>0xa3f7</load_address>
         <run_address>0xa3f7</run_address>
         <size>0x8e3</size>
         <input_file_ref idref="fl-9"/>
      </object_component>
      <object_component id="oc-140">
         <name>.debug_info</name>
         <load_address>0xacda</load_address>
         <run_address>0xacda</run_address>
         <size>0x31c</size>
         <input_file_ref idref="fl-9"/>
      </object_component>
      <object_component id="oc-2a6">
         <name>.debug_info</name>
         <load_address>0xaff6</load_address>
         <run_address>0xaff6</run_address>
         <size>0x281</size>
         <input_file_ref idref="fl-a"/>
      </object_component>
      <object_component id="oc-1d4">
         <name>.debug_info</name>
         <load_address>0xb277</load_address>
         <run_address>0xb277</run_address>
         <size>0x48b</size>
         <input_file_ref idref="fl-a"/>
      </object_component>
      <object_component id="oc-359">
         <name>.debug_info</name>
         <load_address>0xb702</load_address>
         <run_address>0xb702</run_address>
         <size>0xcc</size>
         <input_file_ref idref="fl-a"/>
      </object_component>
      <object_component id="oc-1ca">
         <name>.debug_info</name>
         <load_address>0xb7ce</load_address>
         <run_address>0xb7ce</run_address>
         <size>0x53</size>
         <input_file_ref idref="fl-a"/>
      </object_component>
      <object_component id="oc-2ae">
         <name>.debug_info</name>
         <load_address>0xb821</load_address>
         <run_address>0xb821</run_address>
         <size>0x6dc</size>
         <input_file_ref idref="fl-b"/>
      </object_component>
      <object_component id="oc-1e5">
         <name>.debug_info</name>
         <load_address>0xbefd</load_address>
         <run_address>0xbefd</run_address>
         <size>0x110</size>
         <input_file_ref idref="fl-b"/>
      </object_component>
      <object_component id="oc-26e">
         <name>.debug_info</name>
         <load_address>0xc00d</load_address>
         <run_address>0xc00d</run_address>
         <size>0x48b</size>
         <input_file_ref idref="fl-b"/>
      </object_component>
      <object_component id="oc-360">
         <name>.debug_info</name>
         <load_address>0xc498</load_address>
         <run_address>0xc498</run_address>
         <size>0x76</size>
         <input_file_ref idref="fl-b"/>
      </object_component>
      <object_component id="oc-365">
         <name>.debug_info</name>
         <load_address>0xc50e</load_address>
         <run_address>0xc50e</run_address>
         <size>0x39</size>
         <input_file_ref idref="fl-b"/>
      </object_component>
      <object_component id="oc-346">
         <name>.debug_info</name>
         <load_address>0xc547</load_address>
         <run_address>0xc547</run_address>
         <size>0x109</size>
         <input_file_ref idref="fl-b"/>
      </object_component>
      <object_component id="oc-264">
         <name>.debug_info</name>
         <load_address>0xc650</load_address>
         <run_address>0xc650</run_address>
         <size>0x4f</size>
         <input_file_ref idref="fl-b"/>
      </object_component>
      <object_component id="oc-27d">
         <name>.debug_info</name>
         <load_address>0xc69f</load_address>
         <run_address>0xc69f</run_address>
         <size>0x51b</size>
         <input_file_ref idref="fl-c"/>
      </object_component>
      <object_component id="oc-27a">
         <name>.debug_info</name>
         <load_address>0xcbba</load_address>
         <run_address>0xcbba</run_address>
         <size>0x130</size>
         <input_file_ref idref="fl-c"/>
      </object_component>
      <object_component id="oc-277">
         <name>.debug_info</name>
         <load_address>0xccea</load_address>
         <run_address>0xccea</run_address>
         <size>0x130</size>
         <input_file_ref idref="fl-c"/>
      </object_component>
      <object_component id="oc-274">
         <name>.debug_info</name>
         <load_address>0xce1a</load_address>
         <run_address>0xce1a</run_address>
         <size>0x270</size>
         <input_file_ref idref="fl-c"/>
      </object_component>
      <object_component id="oc-19f">
         <name>.debug_info</name>
         <load_address>0xd08a</load_address>
         <run_address>0xd08a</run_address>
         <size>0xd65</size>
         <input_file_ref idref="fl-c"/>
      </object_component>
      <object_component id="oc-33d">
         <name>.debug_info</name>
         <load_address>0xddef</load_address>
         <run_address>0xddef</run_address>
         <size>0x62</size>
         <input_file_ref idref="fl-c"/>
      </object_component>
      <object_component id="oc-27f">
         <name>.debug_info</name>
         <load_address>0xde51</load_address>
         <run_address>0xde51</run_address>
         <size>0x3d5</size>
         <input_file_ref idref="fl-d"/>
      </object_component>
      <object_component id="oc-1a6">
         <name>.debug_info</name>
         <load_address>0xe226</load_address>
         <run_address>0xe226</run_address>
         <size>0x753</size>
         <input_file_ref idref="fl-d"/>
      </object_component>
      <object_component id="oc-1e4">
         <name>.debug_info</name>
         <load_address>0xe979</load_address>
         <run_address>0xe979</run_address>
         <size>0x940</size>
         <input_file_ref idref="fl-e"/>
      </object_component>
      <object_component id="oc-ec">
         <name>.debug_info</name>
         <load_address>0xf2b9</load_address>
         <run_address>0xf2b9</run_address>
         <size>0x4499</size>
         <input_file_ref idref="fl-e"/>
      </object_component>
      <object_component id="oc-2a9">
         <name>.debug_info</name>
         <load_address>0x13752</load_address>
         <run_address>0x13752</run_address>
         <size>0x1ef</size>
         <input_file_ref idref="fl-e"/>
      </object_component>
      <object_component id="oc-1df">
         <name>.debug_info</name>
         <load_address>0x13941</load_address>
         <run_address>0x13941</run_address>
         <size>0x46</size>
         <input_file_ref idref="fl-e"/>
      </object_component>
      <object_component id="oc-134">
         <name>.debug_info</name>
         <load_address>0x13987</load_address>
         <run_address>0x13987</run_address>
         <size>0x2c</size>
         <input_file_ref idref="fl-f"/>
      </object_component>
      <object_component id="oc-196">
         <name>.debug_info</name>
         <load_address>0x139b3</load_address>
         <run_address>0x139b3</run_address>
         <size>0x8e0</size>
         <input_file_ref idref="fl-10"/>
      </object_component>
      <object_component id="oc-cb">
         <name>.debug_info</name>
         <load_address>0x14293</load_address>
         <run_address>0x14293</run_address>
         <size>0x38c</size>
         <input_file_ref idref="fl-10"/>
      </object_component>
      <object_component id="oc-1ab">
         <name>.debug_info</name>
         <load_address>0x1461f</load_address>
         <run_address>0x1461f</run_address>
         <size>0x135</size>
         <input_file_ref idref="fl-10"/>
      </object_component>
      <object_component id="oc-1c0">
         <name>.debug_info</name>
         <load_address>0x14754</load_address>
         <run_address>0x14754</run_address>
         <size>0x135</size>
         <input_file_ref idref="fl-10"/>
      </object_component>
      <object_component id="oc-1c3">
         <name>.debug_info</name>
         <load_address>0x14889</load_address>
         <run_address>0x14889</run_address>
         <size>0x135</size>
         <input_file_ref idref="fl-10"/>
      </object_component>
      <object_component id="oc-1b1">
         <name>.debug_info</name>
         <load_address>0x149be</load_address>
         <run_address>0x149be</run_address>
         <size>0x178</size>
         <input_file_ref idref="fl-10"/>
      </object_component>
      <object_component id="oc-1bd">
         <name>.debug_info</name>
         <load_address>0x14b36</load_address>
         <run_address>0x14b36</run_address>
         <size>0x135</size>
         <input_file_ref idref="fl-10"/>
      </object_component>
      <object_component id="oc-1ae">
         <name>.debug_info</name>
         <load_address>0x14c6b</load_address>
         <run_address>0x14c6b</run_address>
         <size>0x143</size>
         <input_file_ref idref="fl-10"/>
      </object_component>
      <object_component id="oc-1b4">
         <name>.debug_info</name>
         <load_address>0x14dae</load_address>
         <run_address>0x14dae</run_address>
         <size>0x137</size>
         <input_file_ref idref="fl-10"/>
      </object_component>
      <object_component id="oc-d2">
         <name>.debug_info</name>
         <load_address>0x14ee5</load_address>
         <run_address>0x14ee5</run_address>
         <size>0x78fa</size>
         <input_file_ref idref="fl-10"/>
      </object_component>
      <object_component id="oc-197">
         <name>.debug_info</name>
         <load_address>0x1c7df</load_address>
         <run_address>0x1c7df</run_address>
         <size>0x30c</size>
         <input_file_ref idref="fl-10"/>
      </object_component>
      <object_component id="oc-269">
         <name>.debug_info</name>
         <load_address>0x1caeb</load_address>
         <run_address>0x1caeb</run_address>
         <size>0x16e</size>
         <input_file_ref idref="fl-10"/>
      </object_component>
      <object_component id="oc-29a">
         <name>.debug_info</name>
         <load_address>0x1cc59</load_address>
         <run_address>0x1cc59</run_address>
         <size>0x876</size>
         <input_file_ref idref="fl-11"/>
      </object_component>
      <object_component id="oc-28f">
         <name>.debug_info</name>
         <load_address>0x1d4cf</load_address>
         <run_address>0x1d4cf</run_address>
         <size>0x135</size>
         <input_file_ref idref="fl-11"/>
      </object_component>
      <object_component id="oc-292">
         <name>.debug_info</name>
         <load_address>0x1d604</load_address>
         <run_address>0x1d604</run_address>
         <size>0x135</size>
         <input_file_ref idref="fl-11"/>
      </object_component>
      <object_component id="oc-28c">
         <name>.debug_info</name>
         <load_address>0x1d739</load_address>
         <run_address>0x1d739</run_address>
         <size>0x16d</size>
         <input_file_ref idref="fl-11"/>
      </object_component>
      <object_component id="oc-289">
         <name>.debug_info</name>
         <load_address>0x1d8a6</load_address>
         <run_address>0x1d8a6</run_address>
         <size>0x159</size>
         <input_file_ref idref="fl-11"/>
      </object_component>
      <object_component id="oc-1b7">
         <name>.debug_info</name>
         <load_address>0x1d9ff</load_address>
         <run_address>0x1d9ff</run_address>
         <size>0x2a21</size>
         <input_file_ref idref="fl-11"/>
      </object_component>
      <object_component id="oc-29b">
         <name>.debug_info</name>
         <load_address>0x20420</load_address>
         <run_address>0x20420</run_address>
         <size>0x1ce</size>
         <input_file_ref idref="fl-11"/>
      </object_component>
      <object_component id="oc-295">
         <name>.debug_info</name>
         <load_address>0x205ee</load_address>
         <run_address>0x205ee</run_address>
         <size>0x46</size>
         <input_file_ref idref="fl-11"/>
      </object_component>
      <object_component id="oc-db">
         <name>.debug_info</name>
         <load_address>0x20634</load_address>
         <run_address>0x20634</run_address>
         <size>0x564</size>
         <input_file_ref idref="fl-12"/>
      </object_component>
      <object_component id="oc-ce">
         <name>.debug_info</name>
         <load_address>0x20b98</load_address>
         <run_address>0x20b98</run_address>
         <size>0x1aa</size>
         <input_file_ref idref="fl-12"/>
      </object_component>
      <object_component id="oc-d8">
         <name>.debug_info</name>
         <load_address>0x20d42</load_address>
         <run_address>0x20d42</run_address>
         <size>0x285</size>
         <input_file_ref idref="fl-12"/>
      </object_component>
      <object_component id="oc-76">
         <name>.debug_info</name>
         <load_address>0x20fc7</load_address>
         <run_address>0x20fc7</run_address>
         <size>0xfd6</size>
         <input_file_ref idref="fl-12"/>
      </object_component>
      <object_component id="oc-71">
         <name>.debug_info</name>
         <load_address>0x21f9d</load_address>
         <run_address>0x21f9d</run_address>
         <size>0x297</size>
         <input_file_ref idref="fl-13"/>
      </object_component>
      <object_component id="oc-23b">
         <name>.debug_info</name>
         <load_address>0x22234</load_address>
         <run_address>0x22234</run_address>
         <size>0x3e5</size>
         <input_file_ref idref="fl-cd"/>
      </object_component>
      <object_component id="oc-235">
         <name>.debug_info</name>
         <load_address>0x22619</load_address>
         <run_address>0x22619</run_address>
         <size>0x157</size>
         <input_file_ref idref="fl-cd"/>
      </object_component>
      <object_component id="oc-230">
         <name>.debug_info</name>
         <load_address>0x22770</load_address>
         <run_address>0x22770</run_address>
         <size>0x166</size>
         <input_file_ref idref="fl-cd"/>
      </object_component>
      <object_component id="oc-147">
         <name>.debug_info</name>
         <load_address>0x228d6</load_address>
         <run_address>0x228d6</run_address>
         <size>0x1ac</size>
         <input_file_ref idref="fl-cd"/>
      </object_component>
      <object_component id="oc-31d">
         <name>.debug_info</name>
         <load_address>0x22a82</load_address>
         <run_address>0x22a82</run_address>
         <size>0xb2</size>
         <input_file_ref idref="fl-cd"/>
      </object_component>
      <object_component id="oc-2fa">
         <name>.debug_info</name>
         <load_address>0x22b34</load_address>
         <run_address>0x22b34</run_address>
         <size>0x590</size>
         <input_file_ref idref="fl-ce"/>
      </object_component>
      <object_component id="oc-2c5">
         <name>.debug_info</name>
         <load_address>0x230c4</load_address>
         <run_address>0x230c4</run_address>
         <size>0x21e</size>
         <input_file_ref idref="fl-ce"/>
      </object_component>
      <object_component id="oc-39c">
         <name>.debug_info</name>
         <load_address>0x232e2</load_address>
         <run_address>0x232e2</run_address>
         <size>0x1b3</size>
         <input_file_ref idref="fl-ce"/>
      </object_component>
      <object_component id="oc-3a2">
         <name>.debug_info</name>
         <load_address>0x23495</load_address>
         <run_address>0x23495</run_address>
         <size>0x21b</size>
         <input_file_ref idref="fl-ce"/>
      </object_component>
      <object_component id="oc-2d0">
         <name>.debug_info</name>
         <load_address>0x236b0</load_address>
         <run_address>0x236b0</run_address>
         <size>0x3c0</size>
         <input_file_ref idref="fl-ce"/>
      </object_component>
      <object_component id="oc-3a9">
         <name>.debug_info</name>
         <load_address>0x23a70</load_address>
         <run_address>0x23a70</run_address>
         <size>0x30a</size>
         <input_file_ref idref="fl-ce"/>
      </object_component>
      <object_component id="oc-3af">
         <name>.debug_info</name>
         <load_address>0x23d7a</load_address>
         <run_address>0x23d7a</run_address>
         <size>0x215</size>
         <input_file_ref idref="fl-ce"/>
      </object_component>
      <object_component id="oc-2d6">
         <name>.debug_info</name>
         <load_address>0x23f8f</load_address>
         <run_address>0x23f8f</run_address>
         <size>0x215</size>
         <input_file_ref idref="fl-ce"/>
      </object_component>
      <object_component id="oc-2dc">
         <name>.debug_info</name>
         <load_address>0x241a4</load_address>
         <run_address>0x241a4</run_address>
         <size>0x304</size>
         <input_file_ref idref="fl-ce"/>
      </object_component>
      <object_component id="oc-2e2">
[...]
      </symbol>
      <symbol id="sm-a4a">
         <name>__aeabi_memclr</name>
         <value>0x7271</value>
         <object_component_ref idref="oc-a5"/>
      </symbol>
      <symbol id="sm-a61">
         <name>__aeabi_dsub</name>
         <value>0x60e5</value>
         <object_component_ref idref="oc-396"/>
      </symbol>
      <symbol id="sm-a62">
         <name>__aeabi_dadd</name>
         <value>0x60ef</value>
         <object_component_ref idref="oc-396"/>
      </symbol>
      <symbol id="sm-a84">
         <name>__aeabi_cdcmpeq</name>
         <value>0x7165</value>
         <object_component_ref idref="oc-2ca"/>
      </symbol>
      <symbol id="sm-a85">
         <name>__aeabi_cdcmple</name>
         <value>0x7165</value>
         <object_component_ref idref="oc-2ca"/>
      </symbol>
      <symbol id="sm-a86">
         <name>__aeabi_cdrcmple</name>
         <value>0x71eb</value>
         <object_component_ref idref="oc-381"/>
      </symbol>
      <symbol id="sm-a9a">
         <name>__aeabi_ddiv</name>
         <value>0x6539</value>
         <object_component_ref idref="oc-37c"/>
      </symbol>
      <symbol id="sm-aa5">
         <name>__aeabi_dmul</name>
         <value>0x6be9</value>
         <object_component_ref idref="oc-377"/>
      </symbol>
      <symbol id="sm-aaf">
         <name>__aeabi_d2iz</name>
         <value>0x7a59</value>
         <object_component_ref idref="oc-386"/>
      </symbol>
      <symbol id="sm-ab9">
         <name>__aeabi_i2d</name>
         <value>0x7d2d</value>
         <object_component_ref idref="oc-391"/>
      </symbol>
      <symbol id="sm-ad4">
         <name>memcpy</name>
         <value>0x7033</value>
         <object_component_ref idref="oc-3a"/>
      </symbol>
      <symbol id="sm-ad5">
         <name>__aeabi_memcpy</name>
         <value>0x7033</value>
         <object_component_ref idref="oc-3a"/>
      </symbol>
      <symbol id="sm-ad6">
         <name>__aeabi_memcpy8</name>
         <value>0x7033</value>
         <object_component_ref idref="oc-3a"/>
      </symbol>
      <symbol id="sm-ad7">
         <name>__aeabi_memcpy4</name>
         <value>0x7033</value>
         <object_component_ref idref="oc-3a"/>
      </symbol>
      <symbol id="sm-ae4">
         <name>__aeabi_uldivmod</name>
         <value>0x70cf</value>
         <object_component_ref idref="oc-370"/>
      </symbol>
      <symbol id="sm-af6">
         <name>__TI_zero_init</name>
         <value>0x7ef7</value>
         <object_component_ref idref="oc-4c"/>
      </symbol>
      <symbol id="sm-b0d">
         <name>__TI_decompress_none</name>
         <value>0x7edb</value>
         <object_component_ref idref="oc-1d"/>
      </symbol>
      <symbol id="sm-b30">
         <name>__TI_decompress_lzss</name>
         <value>0x7515</value>
         <object_component_ref idref="oc-17"/>
      </symbol>
      <symbol id="sm-b56">
         <name>C$$EXIT</name>
         <value>0x7f21</value>
         <object_component_ref idref="oc-152"/>
      </symbol>
      <symbol id="sm-b57">
         <name>abort</name>
         <value>0x7f21</value>
         <object_component_ref idref="oc-152"/>
      </symbol>
      <symbol id="sm-b58">
         <name>__TI_dtors_ptr</name>
         <value>0x20008988</value>
         <object_component_ref idref="oc-244"/>
      </symbol>
      <symbol id="sm-b59">
         <name>__TI_cleanup_ptr</name>
         <value>0x20008984</value>
         <object_component_ref idref="oc-244"/>
      </symbol>
      <symbol id="sm-b5a">
         <name>__TI_enable_exit_profile_output</name>
         <value>0x2000898c</value>
         <object_component_ref idref="oc-244"/>
      </symbol>
      <symbol id="sm-b5b">
         <name>exit</name>
         <value>0x7a11</value>
         <object_component_ref idref="oc-158"/>
      </symbol>
      <symbol id="sm-b70">
         <name>_nop</name>
         <value>0x3ce7</value>
         <object_component_ref idref="oc-305"/>
      </symbol>
      <symbol id="sm-b71">
         <name>_lock</name>
         <value>0x2000899c</value>
         <object_component_ref idref="oc-228"/>
      </symbol>
      <symbol id="sm-b72">
         <name>_unlock</name>
         <value>0x200089a0</value>
         <object_component_ref idref="oc-228"/>
      </symbol>
      <symbol id="sm-b81">
         <name>__TI_ltoa</name>
         <value>0x78d3</value>
         <object_component_ref idref="oc-38b"/>
      </symbol>
      <symbol id="sm-b97">
         <name>atoi</name>
         <value>0x79c5</value>
         <object_component_ref idref="oc-f7"/>
      </symbol>
      <symbol id="sm-ba2">
         <name>_ctypes_</name>
         <value>0x7f24</value>
         <object_component_ref idref="oc-1ec"/>
      </symbol>
      <symbol id="sm-bb7">
         <name>__TI_tmpnams</name>
         <value>0x200081e8</value>
      </symbol>
      <symbol id="sm-bb8">
         <name>__aeabi_stdout</name>
         <value>0x2000897c</value>
         <object_component_ref idref="oc-4c9"/>
      </symbol>
      <symbol id="sm-bb9">
         <name>__aeabi_stderr</name>
         <value>0x20008980</value>
         <object_component_ref idref="oc-4c9"/>
      </symbol>
      <symbol id="sm-bba">
         <name>__aeabi_stdin</name>
         <value>0x20008978</value>
         <object_component_ref idref="oc-4c9"/>
      </symbol>
      <symbol id="sm-bbb">
         <name>_ftable</name>
         <value>0x20008758</value>
         <object_component_ref idref="oc-22b"/>
      </symbol>
      <symbol id="sm-bbc">
         <name>__TI_ft_end</name>
         <value>0x20008974</value>
         <object_component_ref idref="oc-4c9"/>
      </symbol>
      <symbol id="sm-bcc">
         <name>memccpy</name>
         <value>0x7e3d</value>
         <object_component_ref idref="oc-2e7"/>
      </symbol>
      <symbol id="sm-bdc">
         <name>memchr</name>
         <value>0x7e01</value>
         <object_component_ref idref="oc-3f3"/>
      </symbol>
      <symbol id="sm-c65">
         <name>_sys_memory</name>
         <value>0x20008358</value>
         <object_component_ref idref="oc-29"/>
      </symbol>
      <symbol id="sm-c66">
         <name>free</name>
         <value>0x6ce5</value>
         <object_component_ref idref="oc-47a"/>
      </symbol>
      <symbol id="sm-c67">
         <name>memalign</name>
         <value>0x6ae1</value>
         <object_component_ref idref="oc-4bc"/>
      </symbol>
      <symbol id="sm-c68">
         <name>malloc</name>
         <value>0x7f0d</value>
         <object_component_ref idref="oc-480"/>
      </symbol>
      <symbol id="sm-c69">
         <name>aligned_alloc</name>
         <value>0x6ae1</value>
         <object_component_ref idref="oc-4bc"/>
      </symbol>
      <symbol id="sm-c79">
         <name>strchr</name>
         <value>0x7e8b</value>
         <object_component_ref idref="oc-3c2"/>
      </symbol>
      <symbol id="sm-c87">
         <name>strcpy</name>
         <value>0x7ea1</value>
         <object_component_ref idref="oc-f1"/>
      </symbol>
      <symbol id="sm-c95">
         <name>strlen</name>
         <value>0x7eb5</value>
         <object_component_ref idref="oc-2be"/>
      </symbol>
      <symbol id="sm-caf">
         <name>write</name>
         <value>0x7dd9</value>
         <object_component_ref idref="oc-3ff"/>
      </symbol>
      <symbol id="sm-cc0">
         <name>_stream</name>
         <value>0x200088c0</value>
         <object_component_ref idref="oc-45c"/>
      </symbol>
      <symbol id="sm-cc1">
         <name>_device</name>
         <value>0x20008848</value>
         <object_component_ref idref="oc-499"/>
      </symbol>
      <symbol id="sm-cd7">
         <name>__aeabi_errno_addr</name>
         <value>0x7f05</value>
         <object_component_ref idref="oc-2f3"/>
      </symbol>
      <symbol id="sm-cd8">
         <name>errno</name>
         <value>0x200089b4</value>
         <object_component_ref idref="oc-3d2"/>
      </symbol>
      <symbol id="sm-ceb">
         <name>__stack</name>
         <value>0x2000fe00</value>
         <object_component_ref idref="oc-2c"/>
      </symbol>
      <symbol id="sm-cec">
         <name>_c_int00_noargs</name>
         <value>0x7cc9</value>
         <object_component_ref idref="oc-58"/>
      </symbol>
      <symbol id="sm-d0c">
         <name>frexpl</name>
         <value>0x75e5</value>
         <object_component_ref idref="oc-3b6"/>
      </symbol>
      <symbol id="sm-d0d">
         <name>frexp</name>
         <value>0x75e5</value>
         <object_component_ref idref="oc-3b6"/>
      </symbol>
      <symbol id="sm-d2a">
         <name>scalbn</name>
         <value>0x69d1</value>
         <object_component_ref idref="oc-3bc"/>
      </symbol>
      <symbol id="sm-d2b">
         <name>scalbnl</name>
         <value>0x69d1</value>
         <object_component_ref idref="oc-3bc"/>
      </symbol>
      <symbol id="sm-d2c">
         <name>ldexpl</name>
         <value>0x69d1</value>
         <object_component_ref idref="oc-3bc"/>
      </symbol>
      <symbol id="sm-d2d">
         <name>ldexp</name>
         <value>0x69d1</value>
         <object_component_ref idref="oc-3bc"/>
      </symbol>
      <symbol id="sm-d46">
         <name>wcslen</name>
         <value>0x7ec9</value>
         <object_component_ref idref="oc-2ed"/>
      </symbol>
      <symbol id="sm-d56">
         <name>__TI_doflush</name>
         <value>0x7979</value>
         <object_component_ref idref="oc-3f9"/>
      </symbol>
      <symbol id="sm-d66">
         <name>__TI_cleanup</name>
         <value>0x7c61</value>
         <object_component_ref idref="oc-486"/>
      </symbol>
      <symbol id="sm-d78">
         <name>fseek</name>
         <value>0x7649</value>
         <object_component_ref idref="oc-44a"/>
      </symbol>
      <symbol id="sm-d82">
         <name>__aeabi_idiv0</name>
         <value>0x629b</value>
         <object_component_ref idref="oc-415"/>
      </symbol>
      <symbol id="sm-d83">
         <name>__aeabi_ldiv0</name>
         <value>0x629b</value>
         <object_component_ref idref="oc-415"/>
      </symbol>
      <symbol id="sm-dab">
         <name>__TI_auto_init_nobinit_nopinit</name>
         <value>0x7b29</value>
         <object_component_ref idref="oc-15e"/>
      </symbol>
      <symbol id="sm-db5">
         <name>_system_pre_init</name>
         <value>0x7f1d</value>
         <object_component_ref idref="oc-ab"/>
      </symbol>
      <symbol id="sm-dc8">
         <name>HOSTclose</name>
         <value>0x7aa1</value>
         <object_component_ref idref="oc-4d5"/>
      </symbol>
      <symbol id="sm-dd9">
         <name>HOSTlseek</name>
         <value>0x74ad</value>
         <object_component_ref idref="oc-4e7"/>
      </symbol>
      <symbol id="sm-deb">
         <name>parmbuf</name>
         <value>0x20008338</value>
      </symbol>
      <symbol id="sm-dec">
         <name>HOSTopen</name>
         <value>0x7711</value>
         <object_component_ref idref="oc-4cf"/>
      </symbol>
      <symbol id="sm-dfd">
         <name>HOSTread</name>
         <value>0x77cd</value>
         <object_component_ref idref="oc-4db"/>
      </symbol>
      <symbol id="sm-e0e">
         <name>HOSTrename</name>
         <value>0x7441</value>
         <object_component_ref idref="oc-4f3"/>
      </symbol>
      <symbol id="sm-e1f">
         <name>HOSTunlink</name>
         <value>0x7ae5</value>
         <object_component_ref idref="oc-4ed"/>
      </symbol>
      <symbol id="sm-e30">
         <name>HOSTwrite</name>
         <value>0x7825</value>
         <object_component_ref idref="oc-4e1"/>
      </symbol>
      <symbol id="sm-e54">
         <name>__TI_readmsg</name>
         <value>0x7c95</value>
         <object_component_ref idref="oc-522"/>
      </symbol>
      <symbol id="sm-e55">
         <name>C$$IO$$</name>
         <value>0x7c1f</value>
         <object_component_ref idref="oc-51c"/>
      </symbol>
      <symbol id="sm-e56">
         <name>__CIOBUF_</name>
         <value>0x20008000</value>
         <object_component_ref idref="oc-547"/>
      </symbol>
      <symbol id="sm-e57">
         <name>__TI_writemsg</name>
         <value>0x7bf1</value>
         <object_component_ref idref="oc-51c"/>
      </symbol>
      <symbol id="sm-e68">
         <name>lseek</name>
         <value>0x7db1</value>
         <object_component_ref idref="oc-472"/>
      </symbol>
      <symbol id="sm-e72">
         <name>copysign</name>
         <value>0x7e59</value>
         <object_component_ref idref="oc-42e"/>
      </symbol>
      <symbol id="sm-e73">
         <name>copysignl</name>
         <value>0x7e59</value>
         <object_component_ref idref="oc-42e"/>
      </symbol>
      <symbol id="sm-e88">
         <name>__TI_closefile</name>
         <value>0x72ed</value>
         <object_component_ref idref="oc-4c3"/>
      </symbol>
      <symbol id="sm-eab">
         <name>finddevice</name>
         <value>0x7cfd</value>
         <object_component_ref idref="oc-563"/>
      </symbol>
      <symbol id="sm-eac">
         <name>getdevice</name>
         <value>0x7b6d</value>
         <object_component_ref idref="oc-53d"/>
      </symbol>
      <symbol id="sm-ebb">
         <name>strcmp</name>
         <value>0x7e73</value>
         <object_component_ref idref="oc-578"/>
      </symbol>
      <symbol id="sm-ecb">
         <name>strncpy</name>
         <value>0x7c29</value>
         <object_component_ref idref="oc-55d"/>
      </symbol>
      <symbol id="sm-ee0">
         <name>close</name>
         <value>0x7771</value>
         <object_component_ref idref="oc-50b"/>
      </symbol>
      <symbol id="sm-ef0">
         <name>unlink</name>
         <value>0x7d5d</value>
         <object_component_ref idref="oc-511"/>
      </symbol>
      <symbol id="sm-ef1">
         <name>__TI_static_base__</name>
         <value>0x0</value>
      </symbol>
      <symbol id="sm-ef4">
         <name>__mpu_init</name>
         <value>0x0</value>
      </symbol>
      <symbol id="sm-ef5">
         <name>_system_post_cinit</name>
         <value>0x0</value>
      </symbol>
      <symbol id="sm-ef6">
         <name>NMI_Handler</name>
         <value>0x7ef5</value>
      </symbol>
      <symbol id="sm-ef7">
         <name>HardFault_Handler</name>
         <value>0x7ef5</value>
      </symbol>
      <symbol id="sm-ef8">
         <name>MemManage_Handler</name>
         <value>0x7ef5</value>
      </symbol>
      <symbol id="sm-ef9">
         <name>BusFault_Handler</name>
         <value>0x7ef5</value>
      </symbol>
      <symbol id="sm-efa">
         <name>UsageFault_Handler</name>
         <value>0x7ef5</value>
      </symbol>
      <symbol id="sm-efb">
         <name>SVC_Handler</name>
         <value>0x7ef5</value>
      </symbol>
      <symbol id="sm-efc">
         <name>DebugMon_Handler</name>
         <value>0x7ef5</value>
      </symbol>
      <symbol id="sm-efd">
         <name>PendSV_Handler</name>
         <value>0x7ef5</value>
      </symbol>
      <symbol id="sm-efe">
         <name>SysTick_Handler</name>
         <value>0x7ef5</value>
      </symbol>
      <symbol id="sm-eff">
         <name>PSS_IRQHandler</name>
         <value>0x7ef5</value>
      </symbol>
      <symbol id="sm-f00">
         <name>CS_IRQHandler</name>
         <value>0x7ef5</value>
      </symbol>
      <symbol id="sm-f01">
         <name>PCM_IRQHandler</name>
         <value>0x7ef5</value>
      </symbol>
      <symbol id="sm-f02">
         <name>WDT_A_IRQHandler</name>
         <value>0x7ef5</value>
      </symbol>
      <symbol id="sm-f03">
         <name>FPU_IRQHandler</name>
         <value>0x7ef5</value>
      </symbol>
      <symbol id="sm-f04">
         <name>FLCTL_IRQHandler</name>
         <value>0x7ef5</value>
      </symbol>
      <symbol id="sm-f05">
         <name>COMP_E0_IRQHandler</name>
         <value>0x7ef5</value>
      </symbol>
      <symbol id="sm-f06">
         <name>COMP_E1_IRQHandler</name>
         <value>0x7ef5</value>
      </symbol>
      <symbol id="sm-f07">
         <name>TA0_0_IRQHandler</name>
         <value>0x7ef5</value>
      </symbol>
      <symbol id="sm-f08">
         <name>TA0_N_IRQHandler</name>
         <value>0x7ef5</value>
      </symbol>
      <symbol id="sm-f09">
         <name>TA1_0_IRQHandler</name>
         <value>0x7ef5</value>
      </symbol>
      <symbol id="sm-f0a">
         <name>TA1_N_IRQHandler</name>
         <value>0x7ef5</value>
      </symbol>
      <symbol id="sm-f0b">
         <name>TA2_0_IRQHandler</name>
         <value>0x7ef5</value>
      </symbol>
      <symbol id="sm-f0c">
         <name>TA2_N_IRQHandler</name>
         <value>0x7ef5</value>
      </symbol>
      <symbol id="sm-f0d">
         <name>TA3_0_IRQHandler</name>
         <value>0x7ef5</value>
      </symbol>
      <symbol id="sm-f0e">
         <name>TA3_N_IRQHandler</name>
         <value>0x7ef5</value>
      </symbol>
      <symbol id="sm-f0f">
         <name>EUSCIA0_IRQHandler</name>
         <value>0x5665</value>
      </symbol>
      <symbol id="sm-f10">
         <name>EUSCIA1_IRQHandler</name>
         <value>0x7ef5</value>
      </symbol>
      <symbol id="sm-f11">
         <name>EUSCIA2_IRQHandler</name>
         <value>0x7ef5</value>
      </symbol>
      <symbol id="sm-f12">
         <name>EUSCIA3_IRQHandler</name>
         <value>0x7ef5</value>
      </symbol>
      <symbol id="sm-f13">
         <name>EUSCIB0_IRQHandler</name>
         <value>0x7ef5</value>
      </symbol>
      <symbol id="sm-f14">
         <name>EUSCIB1_IRQHandler</name>
         <value>0x7ef5</value>
      </symbol>
      <symbol id="sm-f15">
         <name>EUSCIB2_IRQHandler</name>
         <value>0x7ef5</value>
      </symbol>
      <symbol id="sm-f16">
         <name>EUSCIB3_IRQHandler</name>
         <value>0x7ef5</value>
      </symbol>
      <symbol id="sm-f17">
         <name>ADC14_IRQHandler</name>
         <value>0x5e91</value>
      </symbol>
      <symbol id="sm-f18">
         <name>T32_INT1_IRQHandler</name>
         <value>0x7ef5</value>
      </symbol>
      <symbol id="sm-f19">
         <name>T32_INT2_IRQHandler</name>
         <value>0x7ef5</value>
      </symbol>
      <symbol id="sm-f1a">
         <name>T32_INTC_IRQHandler</name>
         <value>0x7ef5</value>
      </symbol>
      <symbol id="sm-f1b">
         <name>AES256_IRQHandler</name>
         <value>0x7ef5</value>
      </symbol>
      <symbol id="sm-f1c">
         <name>RTC_C_IRQHandler</name>
         <value>0x7ef5</value>
      </symbol>
      <symbol id="sm-f1d">
         <name>DMA_ERR_IRQHandler</name>
         <value>0x7ef5</value>
      </symbol>
      <symbol id="sm-f1e">
         <name>DMA_INT3_IRQHandler</name>
         <value>0x7ef5</value>
      </symbol>
      <symbol id="sm-f1f">
         <name>DMA_INT2_IRQHandler</name>
         <value>0x7ef5</value>
      </symbol>
      <symbol id="sm-f20">
         <name>DMA_INT1_IRQHandler</name>
         <value>0x7ef5</value>
      </symbol>
      <symbol id="sm-f21">
         <name>DMA_INT0_IRQHandler</name>
         <value>0x7ef5</value>
      </symbol>
      <symbol id="sm-f22">
         <name>PORT1_IRQHandler</name>
         <value>0x7ef5</value>
      </symbol>
      <symbol id="sm-f23">
         <name>PORT2_IRQHandler</name>
         <value>0x7ef5</value>
      </symbol>
      <symbol id="sm-f24">
         <name>PORT3_IRQHandler</name>
         <value>0x7ef5</value>
      </symbol>
      <symbol id="sm-f25">
         <name>PORT4_IRQHandler</name>
         <value>0x7ef5</value>
      </symbol>
      <symbol id="sm-f26">
         <name>PORT5_IRQHandler</name>
         <value>0x7ef5</value>
      </symbol>
      <symbol id="sm-f27">
         <name>PORT6_IRQHandler</name>
         <value>0x7ef5</value>
      </symbol>
      <symbol id="sm-f28">
         <name>remove</name>
         <value>0x7d5d</value>
      </symbol>
   </symbol_table>
   <title>Link successful</title>
</link_info>
