******************************************************************************
                  TI ARM Linker PC v20.2.1                     
******************************************************************************
>> Linked Sat Dec  5 21:05:49 2020

OUTPUT FILE NAME:   <Light Testing.out>
ENTRY POINT SYMBOL: "_c_int00_noargs"  address: 00001025


MEMORY CONFIGURATION

         name            origin    length      used     unused   attr    fill
----------------------  --------  ---------  --------  --------  ----  --------
  MAIN                  00000000   00040000  00001094  0003ef6c  R  X
  INFO                  00200000   00004000  00000000  00004000  R  X
  SRAM_CODE             01000000   00010000  00000604  0000f9fc  RW X
  SRAM_DATA             20000000   00010000  00000604  0000f9fc  RW  


SEGMENT ALLOCATION MAP

run origin  load origin   length   init length attrs members
----------  ----------- ---------- ----------- ----- -------
00000000    00000000    00001098   00001098    r-x
  00000000    00000000    000000e4   000000e4    r-- .intvecs
  000000e4    000000e4    00000f98   00000f98    r-x .text
  00001080    00001080    00000018   00000018    r-- .cinit
20000000    20000000    00000404   00000000    rw-
  20000000    20000000    00000400   00000000    rw- .sysmem
  20000400    20000400    00000004   00000000    rw- .data
2000fe00    2000fe00    00000200   00000000    rw-
  2000fe00    2000fe00    00000200   00000000    rw- .stack


SECTION ALLOCATION MAP

 output                                  attributes/
section   page    origin      length       input sections
--------  ----  ----------  ----------   ----------------
.intvecs   0    00000000    000000e4     
                  00000000    000000e4     startup_msp432p401r_ccs.obj (.intvecs:retain)

.text      0    000000e4    00000f98     
                  000000e4    00000700     ece353.obj (.text)
                  000007e4    00000354     system_msp432p401r.obj (.text)
                  00000b38    000001bc     i2c.obj (.text)
                  00000cf4    0000015c     tmp006.obj (.text)
                  00000e50    0000009c     rtsv7M4_T_le_v4SPD16_eabi.lib : memcpy_t2.asm.obj (.text)
                  00000eec    0000008c     main.obj (.text)
                  00000f78    00000068     rtsv7M4_T_le_v4SPD16_eabi.lib : copy_decompress_lzss.c.obj (.text:decompress:lzss:__TI_decompress_lzss)
                  00000fe0    00000044                                   : autoinit.c.obj (.text:__TI_auto_init_nobinit_nopinit:__TI_auto_init_nobinit_nopinit)
                  00001024    00000034                                   : boot_cortex_m.c.obj (.text:_c_int00_noargs:_c_int00_noargs)
                  00001058    0000000e                                   : copy_decompress_none.c.obj (.text:decompress:none:__TI_decompress_none)
                  00001066    0000000e     startup_msp432p401r_ccs.obj (.text)
                  00001074    00000004     rtsv7M4_T_le_v4SPD16_eabi.lib : pre_init.c.obj (.text:_system_pre_init)
                  00001078    00000004                                   : exit.c.obj (.text:abort:abort)

.cinit     0    00001080    00000018     
                  00001080    00000008     (.cinit..data.load) [load image, compression = lzss]
                  00001088    00000008     (__TI_handler_table)
                  00001090    00000008     (__TI_cinit_table)

.init_array 
*          0    00000000    00000000     UNINITIALIZED

.binit     0    00000000    00000000     

.data      0    20000400    00000004     UNINITIALIZED
                  20000400    00000004     system_msp432p401r.obj (.data)

.sysmem    0    20000000    00000400     UNINITIALIZED
                  20000000    00000010     rtsv7M4_T_le_v4SPD16_eabi.lib : memory.c.obj (.sysmem)
                  20000010    000003f0     --HOLE--

.stack     0    2000fe00    00000200     UNINITIALIZED
                  2000fe00    00000004     rtsv7M4_T_le_v4SPD16_eabi.lib : boot_cortex_m.c.obj (.stack)
                  2000fe04    000001fc     --HOLE--

__llvm_prf_cnts 
*          0    20000000    00000000     UNINITIALIZED

MODULE SUMMARY

       Module                        code   ro data   rw data
       ------                        ----   -------   -------
    .\
       ece353.obj                    1792   0         0      
       system_msp432p401r.obj        852    0         8      
       i2c.obj                       444    0         0      
       tmp006.obj                    348    0         0      
       startup_msp432p401r_ccs.obj   14     228       0      
       main.obj                      140    0         0      
    +--+-----------------------------+------+---------+---------+
       Total:                        3590   228       8      
                                                             
    C:\ti\ccs1010\ccs\tools\compiler\ti-cgt-arm_20.2.1.LTS\lib\rtsv7M4_T_le_v4SPD16_eabi.lib
       memcpy_t2.asm.obj             156    0         0      
       copy_decompress_lzss.c.obj    104    0         0      
       autoinit.c.obj                68     0         0      
       boot_cortex_m.c.obj           52     0         0      
       copy_decompress_none.c.obj    14     0         0      
       exit.c.obj                    4      0         0      
       pre_init.c.obj                4      0         0      
    +--+-----------------------------+------+---------+---------+
       Total:                        402    0         0      
                                                             
       Heap:                         0      0         2048   
       Stack:                        0      0         1024   
       Linker Generated:             0      24        0      
    +--+-----------------------------+------+---------+---------+
       Grand Total:                  3992   252       3080   


LINKER GENERATED COPY TABLES

__TI_cinit_table @ 00001090 records: 1, size/record: 8, table size: 8
	.data: load addr=00001080, load size=00000008 bytes, run addr=20000400, run size=00000004 bytes, compression=lzss


LINKER GENERATED HANDLER TABLE

__TI_handler_table @ 00001088 records: 2, size/record: 4, table size: 8
	index: 0, handler: __TI_decompress_lzss
	index: 1, handler: __TI_decompress_none


GLOBAL SYMBOLS: SORTED ALPHABETICALLY BY Name 

address   name                          
-------   ----                          
00001073  ADC14_IRQHandler              
00001073  AES256_IRQHandler             
00001073  BusFault_Handler              
00001079  C$$EXIT                       
00001073  COMP_E0_IRQHandler            
00001073  COMP_E1_IRQHandler            
00001073  CS_IRQHandler                 
00001073  DMA_ERR_IRQHandler            
00001073  DMA_INT0_IRQHandler           
00001073  DMA_INT1_IRQHandler           
00001073  DMA_INT2_IRQHandler           
00001073  DMA_INT3_IRQHandler           
00001073  DebugMon_Handler              
00001073  Default_Handler               
00001073  EUSCIA0_IRQHandler            
00001073  EUSCIA1_IRQHandler            
00001073  EUSCIA2_IRQHandler            
00001073  EUSCIA3_IRQHandler            
00001073  EUSCIB0_IRQHandler            
00001073  EUSCIB1_IRQHandler            
00001073  EUSCIB2_IRQHandler            
00001073  EUSCIB3_IRQHandler            
00001073  FLCTL_IRQHandler              
00001073  FPU_IRQHandler                
00001073  HardFault_Handler             
00001073  MemManage_Handler             
00001073  NMI_Handler                   
00001073  PCM_IRQHandler                
00001073  PORT1_IRQHandler              
00001073  PORT2_IRQHandler              
00001073  PORT3_IRQHandler              
00001073  PORT4_IRQHandler              
00001073  PORT5_IRQHandler              
00001073  PORT6_IRQHandler              
00001073  PSS_IRQHandler                
00001073  PendSV_Handler                
00001073  RTC_C_IRQHandler              
00001067  Reset_Handler                 
00001073  SVC_Handler                   
00001073  SysTick_Handler               
20000400  SystemCoreClock               
000007e5  SystemCoreClockUpdate         
00000a5d  SystemInit                    
00001073  T32_INT1_IRQHandler           
00001073  T32_INT2_IRQHandler           
00001073  T32_INTC_IRQHandler           
00001073  TA0_0_IRQHandler              
00001073  TA0_N_IRQHandler              
00001073  TA1_0_IRQHandler              
00001073  TA1_N_IRQHandler              
00001073  TA2_0_IRQHandler              
00001073  TA2_N_IRQHandler              
00001073  TA3_0_IRQHandler              
00001073  TA3_N_IRQHandler              
00001073  UsageFault_Handler            
4000480c  WDTCTL_SYM                    
00001073  WDT_A_IRQHandler              
20010000  __STACK_END                   
00000200  __STACK_SIZE                  
00000400  __SYSMEM_SIZE                 
00001090  __TI_CINIT_Base               
00001098  __TI_CINIT_Limit              
00001088  __TI_Handler_Table_Base       
00001090  __TI_Handler_Table_Limit      
00000fe1  __TI_auto_init_nobinit_nopinit
00000f79  __TI_decompress_lzss          
00001059  __TI_decompress_none          
ffffffff  __TI_pprof_out_hndl           
ffffffff  __TI_prof_data_size           
ffffffff  __TI_prof_data_start          
00000000  __TI_static_base__            
00000e51  __aeabi_memcpy                
00000e51  __aeabi_memcpy4               
00000e51  __aeabi_memcpy8               
ffffffff  __binit__                     
ffffffff  __c_args__                    
UNDEFED   __mpu_init                    
2000fe00  __stack                       
20000000  __start___llvm_prf_cnts       
20000000  __stop___llvm_prf_cnts        
00001025  _c_int00_noargs               
20000000  _sys_memory                   
UNDEFED   _system_post_cinit            
00001075  _system_pre_init              
00001079  abort                         
ffffffff  binit                         
00000eed  display_temp                  
000005a9  ece353_ADC14_PS2_X            
000005f9  ece353_ADC14_PS2_XY           
000006f9  ece353_ADC14_PS2_XY_COMP      
00000351  ece353_MKII_Buzzer_Init       
000003c7  ece353_MKII_Buzzer_Off        
000003ad  ece353_MKII_Buzzer_On         
000003d5  ece353_MKII_Buzzer_Run_Status 
000003e9  ece353_MKII_RGB_IO_Init       
00000671  ece353_MKII_RGB_LED           
00000499  ece353_MKII_RGB_PWM           
00000331  ece353_MKII_S1                
00000319  ece353_MKII_S1_Init           
00000341  ece353_MKII_S2                
00000325  ece353_MKII_S2_Init           
000001bd  ece353_RBG_LED_Init           
000001fb  ece353_RGB_LED                
00000569  ece353_T32_1_Interrupt_Ms     
00000293  ece353_T32_1_wait             
000002c1  ece353_T32_1_wait_100mS       
000001ad  ece353_button1                
00000165  ece353_button1_init           
000002f1  ece353_button1_wait_for_press 
00000283  ece353_button2                
00000263  ece353_button2_init           
00000185  ece353_led1                   
0000014f  ece353_led1_init              
00000bc7  i2c_init                      
00000c63  i2c_read_16                   
00000c07  i2c_write_16                  
00000000  interruptVectors              
00000f3d  main                          
00000e51  memcpy                        
00000cf5  tmp006_init                   
00000d81  tmp006_read_temp              


GLOBAL SYMBOLS: SORTED BY Symbol Address 

address   name                          
-------   ----                          
00000000  __TI_static_base__            
00000000  interruptVectors              
0000014f  ece353_led1_init              
00000165  ece353_button1_init           
00000185  ece353_led1                   
000001ad  ece353_button1                
000001bd  ece353_RBG_LED_Init           
000001fb  ece353_RGB_LED                
00000200  __STACK_SIZE                  
00000263  ece353_button2_init           
00000283  ece353_button2                
00000293  ece353_T32_1_wait             
000002c1  ece353_T32_1_wait_100mS       
000002f1  ece353_button1_wait_for_press 
00000319  ece353_MKII_S1_Init           
00000325  ece353_MKII_S2_Init           
00000331  ece353_MKII_S1                
00000341  ece353_MKII_S2                
00000351  ece353_MKII_Buzzer_Init       
000003ad  ece353_MKII_Buzzer_On         
000003c7  ece353_MKII_Buzzer_Off        
000003d5  ece353_MKII_Buzzer_Run_Status 
000003e9  ece353_MKII_RGB_IO_Init       
00000400  __SYSMEM_SIZE                 
00000499  ece353_MKII_RGB_PWM           
00000569  ece353_T32_1_Interrupt_Ms     
000005a9  ece353_ADC14_PS2_X            
000005f9  ece353_ADC14_PS2_XY           
00000671  ece353_MKII_RGB_LED           
000006f9  ece353_ADC14_PS2_XY_COMP      
000007e5  SystemCoreClockUpdate         
00000a5d  SystemInit                    
00000bc7  i2c_init                      
00000c07  i2c_write_16                  
00000c63  i2c_read_16                   
00000cf5  tmp006_init                   
00000d81  tmp006_read_temp              
00000e51  __aeabi_memcpy                
00000e51  __aeabi_memcpy4               
00000e51  __aeabi_memcpy8               
00000e51  memcpy                        
00000eed  display_temp                  
00000f3d  main                          
00000f79  __TI_decompress_lzss          
00000fe1  __TI_auto_init_nobinit_nopinit
00001025  _c_int00_noargs               
00001059  __TI_decompress_none          
00001067  Reset_Handler                 
00001073  ADC14_IRQHandler              
00001073  AES256_IRQHandler             
00001073  BusFault_Handler              
00001073  COMP_E0_IRQHandler            
00001073  COMP_E1_IRQHandler            
00001073  CS_IRQHandler                 
00001073  DMA_ERR_IRQHandler            
00001073  DMA_INT0_IRQHandler           
00001073  DMA_INT1_IRQHandler           
00001073  DMA_INT2_IRQHandler           
00001073  DMA_INT3_IRQHandler           
00001073  DebugMon_Handler              
00001073  Default_Handler               
00001073  EUSCIA0_IRQHandler            
00001073  EUSCIA1_IRQHandler            
00001073  EUSCIA2_IRQHandler            
00001073  EUSCIA3_IRQHandler            
00001073  EUSCIB0_IRQHandler            
00001073  EUSCIB1_IRQHandler            
00001073  EUSCIB2_IRQHandler            
00001073  EUSCIB3_IRQHandler            
00001073  FLCTL_IRQHandler              
00001073  FPU_IRQHandler                
00001073  HardFault_Handler             
00001073  MemManage_Handler             
00001073  NMI_Handler                   
00001073  PCM_IRQHandler                
00001073  PORT1_IRQHandler              
00001073  PORT2_IRQHandler              
00001073  PORT3_IRQHandler              
00001073  PORT4_IRQHandler              
00001073  PORT5_IRQHandler              
00001073  PORT6_IRQHandler              
00001073  PSS_IRQHandler                
00001073  PendSV_Handler                
00001073  RTC_C_IRQHandler              
00001073  SVC_Handler                   
00001073  SysTick_Handler               
00001073  T32_INT1_IRQHandler           
00001073  T32_INT2_IRQHandler           
00001073  T32_INTC_IRQHandler           
00001073  TA0_0_IRQHandler              
00001073  TA0_N_IRQHandler              
00001073  TA1_0_IRQHandler              
00001073  TA1_N_IRQHandler              
00001073  TA2_0_IRQHandler              
00001073  TA2_N_IRQHandler              
00001073  TA3_0_IRQHandler              
00001073  TA3_N_IRQHandler              
00001073  UsageFault_Handler            
00001073  WDT_A_IRQHandler              
00001075  _system_pre_init              
00001079  C$$EXIT                       
00001079  abort                         
00001088  __TI_Handler_Table_Base       
00001090  __TI_CINIT_Base               
00001090  __TI_Handler_Table_Limit      
00001098  __TI_CINIT_Limit              
20000000  __start___llvm_prf_cnts       
20000000  __stop___llvm_prf_cnts        
20000000  _sys_memory                   
20000400  SystemCoreClock               
2000fe00  __stack                       
20010000  __STACK_END                   
4000480c  WDTCTL_SYM                    
ffffffff  __TI_pprof_out_hndl           
ffffffff  __TI_prof_data_size           
ffffffff  __TI_prof_data_start          
ffffffff  __binit__                     
ffffffff  __c_args__                    
ffffffff  binit                         
UNDEFED   __mpu_init                    
UNDEFED   _system_post_cinit            

[121 symbols]
